Startpoint: b[1] (input port clocked by clk)
Endpoint: _332_ (rising edge-triggered flip-flop clocked by clk)
Path Group: clk
Path Type: max

  Delay    Time   Description
---------------------------------------------------------
   0.00    0.00   clock clk (rise edge)
   0.00    0.00   clock network delay (ideal)
   0.00    0.00 v input external delay
   0.00    0.00 v b[1] (in)
   0.04    0.04 v _198_/ZN (XNOR2_X1)
   0.03    0.07 ^ _201_/ZN (OAI21_X1)
   0.03    0.10 v _202_/ZN (AOI21_X1)
   0.05    0.15 ^ _203_/ZN (OAI21_X1)
   0.02    0.17 v _204_/ZN (AOI21_X1)
   0.08    0.25 v _238_/ZN (OR3_X1)
   0.04    0.29 v _239_/ZN (AND3_X1)
   0.07    0.36 ^ _247_/ZN (AOI211_X1)
   0.06    0.42 ^ _314_/ZN (AND4_X1)
   0.03    0.45 v _315_/ZN (NAND4_X1)
   0.03    0.49 ^ _316_/ZN (OAI21_X1)
   0.00    0.49 ^ _332_/D (DFF_X1)
           0.49   data arrival time

  10.00   10.00   clock clk (rise edge)
   0.00   10.00   clock network delay (ideal)
  -0.10    9.90   clock uncertainty
   0.00    9.90   clock reconvergence pessimism
           9.90 ^ _332_/CK (DFF_X1)
  -0.03    9.87   library setup time
           9.87   data required time
---------------------------------------------------------
           9.87   data required time
          -0.49   data arrival time
---------------------------------------------------------
           9.38   slack (MET)


