Startpoint: _09_ (rising edge-triggered flip-flop clocked by clk)
Endpoint: _09_ (rising edge-triggered flip-flop clocked by clk)
Path Group: clk
Path Type: max

  Delay    Time   Description
---------------------------------------------------------
   0.00    0.00   clock clk (rise edge)
   0.00    0.00   clock network delay (ideal)
   0.00    0.00 ^ _09_/CK (DFF_X1)
   0.09    0.09 v _09_/Q (DFF_X1)
   0.04    0.13 ^ _08_/ZN (NOR3_X1)
   0.00    0.13 ^ _09_/D (DFF_X1)
           0.13   data arrival time

  10.00   10.00   clock clk (rise edge)
   0.00   10.00   clock network delay (ideal)
  -0.10    9.90   clock uncertainty
   0.00    9.90   clock reconvergence pessimism
           9.90 ^ _09_/CK (DFF_X1)
  -0.04    9.86   library setup time
           9.86   data required time
---------------------------------------------------------
           9.86   data required time
          -0.13   data arrival time
---------------------------------------------------------
           9.74   slack (MET)


