
 /----------------------------------------------------------------------------\
 |  yosys -- Yosys Open SYnthesis Suite                                       |
 |  Copyright (C) 2012 - 2026  Claire Xenia Wolf <claire@yosyshq.com>         |
 |  Distributed under an ISC-like license, type "license" to see terms        |
 \----------------------------------------------------------------------------/
 Yosys 0.68+130 (git sha1 dd83bbad2-dirty, Release, Clang /usr/local/osxcross/target/bin/aarch64-apple-darwin25.5-clang++ 21.1.8)

-- Executing script file `../model/design.ys' --

1. Executing Verilog-2005 frontend: gold_gate.v
Parsing SystemVerilog input from `gold_gate.v' to AST representation.
Generating RTLIL representation for module `\gate'.
Generating RTLIL representation for module `\gold'.
Successfully finished Verilog frontend.

2. Executing Verilog-2005 frontend: eqcheck_wrapper.v
Parsing SystemVerilog input from `eqcheck_wrapper.v' to AST representation.
Generating RTLIL representation for module `\__eqcheck_top'.
Successfully finished Verilog frontend.

3. Executing PREP pass.

3.1. Executing HIERARCHY pass (managing design hierarchy).

3.1.1. Analyzing design hierarchy..
Top module:  \__eqcheck_top
Used module:     \gate
Used module:     \gold

3.1.2. Analyzing design hierarchy..
Top module:  \__eqcheck_top
Used module:     \gate
Used module:     \gold
Removed 0 unused modules.
Module __eqcheck_top directly or indirectly contains formal properties -> setting "keep" attribute.

3.2. Executing PROC pass (convert processes to netlists).

3.2.1. Executing PROC_CLEAN pass (remove empty switches from decision trees).
Cleaned up 0 empty switches.

3.2.2. Executing PROC_RMDEAD pass (remove dead branches from decision trees).
Marked 1 switch rules as full_case in process $proc$eqcheck_wrapper.v:26$10 in module __eqcheck_top.
Removed a total of 0 dead cases.

3.2.3. Executing PROC_PRUNE pass (remove redundant assignments in processes).
Removed 0 redundant assignments.
Promoted 3 assignments to connections.

3.2.4. Executing PROC_INIT pass (extract init attributes).

3.2.5. Executing PROC_ARST pass (detect async resets in processes).

3.2.6. Executing PROC_ROM pass (convert switches to ROMs).
Converted 0 switches.
<suppressed ~1 debug messages>

3.2.7. Executing PROC_MUX pass (convert decision trees to multiplexers).
Creating decoders for process `\__eqcheck_top.$proc$eqcheck_wrapper.v:26$10'.
     1/2: $assert$eqcheck_wrapper.v:30$12_EN
     2/2: $assume$eqcheck_wrapper.v:28$11_EN
Creating decoders for process `\gold.$proc$gold_gate.v:47$7'.
Creating decoders for process `\gate.$proc$gold_gate.v:23$3'.
Creating decoders for process `\gate.$proc$gold_gate.v:21$2'.

3.2.8. Executing PROC_DLATCH pass (convert process syncs to latches).

3.2.9. Executing PROC_DFF pass (convert process syncs to FFs).
Creating register for signal `\gold.\dout' using process `\gold.$proc$gold_gate.v:47$7'.
  created $dff cell `$procdff$20' with positive edge clock.
Creating register for signal `\gate.\stage1' using process `\gate.$proc$gold_gate.v:23$3'.
  created $dff cell `$procdff$21' with positive edge clock.
Creating register for signal `\gate.\dout' using process `\gate.$proc$gold_gate.v:21$2'.
  created $dff cell `$procdff$22' with positive edge clock.

3.2.10. Executing PROC_MEMWR pass (convert process memory writes to cells).

3.2.11. Executing PROC_CLEAN pass (remove empty switches from decision trees).
Found and cleaned up 1 empty switch in `\__eqcheck_top.$proc$eqcheck_wrapper.v:26$10'.
Removing empty process `__eqcheck_top.$proc$eqcheck_wrapper.v:26$10'.
Removing empty process `gold.$proc$gold_gate.v:47$7'.
Removing empty process `gate.$proc$gold_gate.v:23$3'.
Removing empty process `gate.$proc$gold_gate.v:21$2'.
Cleaned up 1 empty switch.

3.2.12. Executing OPT_EXPR pass (perform const folding).
Optimizing module __eqcheck_top.
Optimizing module gold.
Optimizing module gate.

3.3. Executing FUTURE pass.

3.4. Executing OPT_EXPR pass (perform const folding).
Optimizing module __eqcheck_top.
Optimizing module gold.
Optimizing module gate.

3.5. Executing OPT_CLEAN pass (remove unused cells and wires).
Finding unused cells or wires in module \__eqcheck_top..
Finding unused cells or wires in module \gold..
Finding unused cells or wires in module \gate..
Removed 0 unused cells and 18 unused wires.
<suppressed ~3 debug messages>

3.6. Executing CHECK pass (checking for obvious problems).
Checking module __eqcheck_top...
Checking module gold...
Checking module gate...
Found and reported 0 problems.

3.7. Executing OPT pass (performing simple optimizations).

3.7.1. Executing OPT_EXPR pass (perform const folding).
Optimizing module __eqcheck_top.
Optimizing module gold.
Optimizing module gate.

3.7.2. Executing OPT_MERGE pass (detect identical cells).
Finding identical cells in module `\__eqcheck_top'.
Computing hashes of 8 cells of `\__eqcheck_top'.
Finding duplicate cells in `\__eqcheck_top'.
Finding identical cells in module `\gold'.
Computing hashes of 3 cells of `\gold'.
Finding duplicate cells in `\gold'.
Finding identical cells in module `\gate'.
Computing hashes of 5 cells of `\gate'.
Finding duplicate cells in `\gate'.
Removed a total of 0 cells.

3.7.3. Executing OPT_MUXTREE pass (detect dead branches in mux trees).
Running muxtree optimizer on module \__eqcheck_top..
  Creating internal representation of mux trees.
  Evaluating internal representation of mux trees.
  Analyzing evaluation results.
Running muxtree optimizer on module \gold..
  Creating internal representation of mux trees.
  Evaluating internal representation of mux trees.
  Analyzing evaluation results.
Running muxtree optimizer on module \gate..
  Creating internal representation of mux trees.
  Evaluating internal representation of mux trees.
  Analyzing evaluation results.
Removed 0 multiplexer ports.
<suppressed ~10 debug messages>

3.7.4. Executing OPT_REDUCE pass (consolidate $*mux and $reduce_* inputs).
  Optimizing cells in module \__eqcheck_top.
  Optimizing cells in module \gold.
  Optimizing cells in module \gate.
Performed a total of 0 changes.

3.7.5. Executing OPT_MERGE pass (detect identical cells).
Finding identical cells in module `\__eqcheck_top'.
Computing hashes of 8 cells of `\__eqcheck_top'.
Finding duplicate cells in `\__eqcheck_top'.
Finding identical cells in module `\gold'.
Computing hashes of 3 cells of `\gold'.
Finding duplicate cells in `\gold'.
Finding identical cells in module `\gate'.
Computing hashes of 5 cells of `\gate'.
Finding duplicate cells in `\gate'.
Removed a total of 0 cells.

3.7.6. Executing OPT_CLEAN pass (remove unused cells and wires).
Finding unused cells or wires in module \__eqcheck_top..
Finding unused cells or wires in module \gold..
Finding unused cells or wires in module \gate..

3.7.7. Executing OPT_EXPR pass (perform const folding).
Optimizing module __eqcheck_top.
Optimizing module gold.
Optimizing module gate.

3.7.8. Finished fast OPT passes. (There is nothing left to do.)

3.8. Executing WREDUCE pass (reducing word size of cells).
Removed top 7 bits (of 8) from port B of cell gold.$add$gold_gate.v:46$6 ($add).
Removed top 7 bits (of 8) from port B of cell gate.$add$gold_gate.v:20$1 ($add).

3.9. Executing OPT_CLEAN pass (remove unused cells and wires).
Finding unused cells or wires in module \__eqcheck_top..
Finding unused cells or wires in module \gold..
Finding unused cells or wires in module \gate..

3.10. Executing MEMORY_COLLECT pass (generating $mem cells).

3.11. Executing OPT pass (performing simple optimizations).

3.11.1. Executing OPT_EXPR pass (perform const folding).
Optimizing module __eqcheck_top.
Optimizing module gold.
Optimizing module gate.

3.11.2. Executing OPT_MERGE pass (detect identical cells).
Finding identical cells in module `\__eqcheck_top'.
Computing hashes of 8 cells of `\__eqcheck_top'.
Finding duplicate cells in `\__eqcheck_top'.
Finding identical cells in module `\gold'.
Computing hashes of 3 cells of `\gold'.
Finding duplicate cells in `\gold'.
Finding identical cells in module `\gate'.
Computing hashes of 5 cells of `\gate'.
Finding duplicate cells in `\gate'.
Removed a total of 0 cells.

3.11.3. Executing OPT_CLEAN pass (remove unused cells and wires).
Finding unused cells or wires in module \__eqcheck_top..
Finding unused cells or wires in module \gold..
Finding unused cells or wires in module \gate..

3.11.4. Finished fast OPT passes.

3.12. Executing SORT pass.

3.13. Printing statistics.

=== __eqcheck_top ===

        +----------Local Count, excluding submodules.
        | 
        9 wires
       30 wire bits
        5 public wires
       26 public wire bits
        3 ports
       10 port bits
        6 cells
        2   $check
        1   $eq
        1   $initstate
        2   $mux
        2 submodules
        1   gate
        1   gold

=== gate ===

        +----------Local Count, excluding submodules.
        | 
        8 wires
       50 wire bits
        8 public wires
       50 public wire bits
        4 ports
       18 port bits
        5 cells
        1   $add
        2   $dff
        2   $mux

=== gold ===

        +----------Local Count, excluding submodules.
        | 
        6 wires
       34 wire bits
        6 public wires
       34 public wire bits
        4 ports
       18 port bits
        3 cells
        1   $add
        1   $dff
        1   $mux

=== design hierarchy ===

        +----------Count including submodules.
        | 
       14 __eqcheck_top
        5 gate
        3 gold

        +----------Count including submodules.
        | 
       23 wires
      114 wire bits
       19 public wires
      110 public wire bits
       11 ports
       46 port bits
        - memories
        - memory bits
        - processes
       14 cells
        2   $add
        2   $check
        3   $dff
        1   $eq
        1   $initstate
        5   $mux
        2 submodules
        1   gate
        1   gold

3.14. Executing CHECK pass (checking for obvious problems).
Checking module __eqcheck_top...
Checking module gate...
Checking module gold...
Found and reported 0 problems.

4. Executing HIERARCHY pass (managing design hierarchy).
Attribute `top' found on module `__eqcheck_top'. Setting top module to __eqcheck_top.

4.1. Analyzing design hierarchy..
Top module:  \__eqcheck_top
Used module:     \gate
Used module:     \gold

4.2. Analyzing design hierarchy..
Top module:  \__eqcheck_top
Used module:     \gate
Used module:     \gold
Removed 0 unused modules.
Module __eqcheck_top directly or indirectly contains formal properties -> setting "keep" attribute.

5. Executing jny backend.

6. Executing RTLIL backend.
Output filename: ../model/design.il

End of script. Logfile hash: 90bb8fbae4, time: 0.01s, user: 0.01s, system: 0.00s, MEM: 13.39 MB peak
Yosys 0.68+130 (git sha1 dd83bbad2-dirty, Release, Clang /usr/local/osxcross/target/bin/aarch64-apple-darwin25.5-clang++ 21.1.8)
Time spent: 21% 4x read_verilog (0 sec), 14% 4x opt_clean (0 sec), ...
