
 /----------------------------------------------------------------------------\
 |  yosys -- Yosys Open SYnthesis Suite                                       |
 |  Copyright (C) 2012 - 2026  Claire Xenia Wolf <claire@yosyshq.com>         |
 |  Distributed under an ISC-like license, type "license" to see terms        |
 \----------------------------------------------------------------------------/
 Yosys 0.68+195 (git sha1 435977e97-dirty, Release, Clang /usr/bin/clang++ 21.1.8)

-- Executing script file `design_smt2.ys' --

1. Executing RTLIL frontend.
Input filename: design_prep.il

2. Executing HIERARCHY pass (managing design hierarchy).
Attribute `top' found on module `__eqcheck_top'. Setting top module to __eqcheck_top.

2.1. Analyzing design hierarchy..
Top module:  \__eqcheck_top
Used module:     \gate
Used module:     \gold

2.2. Analyzing design hierarchy..
Top module:  \__eqcheck_top
Used module:     \gate
Used module:     \gold
Removed 0 unused modules.
Module __eqcheck_top directly or indirectly contains formal properties -> setting "keep" attribute.

3. Executing FORMALFF pass.

4. Executing DFFUNMAP pass (unmap clock enable and synchronous reset from FFs).

5. Printing statistics.

=== __eqcheck_top ===

        +----------Local Count, excluding submodules.
        | 
       18 wires
     1066 wire bits
        9 public wires
     1057 public wire bits
        5 ports
     1027 port bits
       12 cells
        1   $assert
        2   $assume
        2   $eq
        2   $ff
        1   $initstate
        1   $logic_and
        2   $mux
        1   $not
        2 submodules
        1   gate
        1   gold

=== gate ===

        +----------Local Count, excluding submodules.
        | 
      457 wires
     4306 wire bits
      456 public wires
     4305 public wire bits
        7 ports
     1042 port bits
      325 cells
       63   $add
        2   $anyinit
        1   $assume
       64   $ge
       66   $mux
        1   $not
      128   $sub

=== gold ===

        +----------Local Count, excluding submodules.
        | 
      458 wires
     4586 wire bits
      457 public wires
     4585 public wire bits
        7 ports
     1042 port bits
      325 cells
       63   $add
        2   $anyinit
        1   $assume
       64   $ge
       66   $mux
        1   $not
      128   $sub

=== design hierarchy ===

        +----------Count including submodules.
        | 
      662 __eqcheck_top
      325 gate
      325 gold

        +----------Count including submodules.
        | 
      933 wires
     9958 wire bits
      922 public wires
     9947 public wire bits
       19 ports
     3111 port bits
        - memories
        - memory bits
        - processes
      662 cells
      126   $add
        4   $anyinit
        1   $assert
        4   $assume
        2   $eq
        2   $ff
      128   $ge
        1   $initstate
        1   $logic_and
      134   $mux
        3   $not
      256   $sub
        2 submodules
        1   gate
        1   gold

6. Executing SMT2 backend.

6.1. Executing BMUXMAP pass.

6.2. Executing DEMUXMAP pass.
Creating SMT-LIBv2 representation of module gold.
Creating SMT-LIBv2 representation of module gate.
Creating SMT-LIBv2 representation of module __eqcheck_top.

End of script. Logfile hash: a414cd9b30, time: 0.07s, user: 0.03s, system: 0.00s, MEM: 18.25 MB peak
Yosys 0.68+195 (git sha1 435977e97-dirty, Release, Clang /usr/bin/clang++ 21.1.8)
Time spent: 77% 2x write_smt2 (0 sec), 15% 2x read_rtlil (0 sec), ...
