Startpoint: _98347_ (rising edge-triggered flip-flop clocked by clk_a)
Endpoint: _97558_ (rising edge-triggered flip-flop clocked by clk_a)
Path Group: clk_a
Path Type: max

  Delay    Time   Description
---------------------------------------------------------
   0.00    0.00   clock clk_a (rise edge)
   0.00    0.00   clock network delay (ideal)
   0.00    0.00 ^ _98347_/CK (DFF_X1)
   1.08    1.08 ^ _98347_/Q (DFF_X1)
   1.03    2.10 v _49096_/ZN (INV_X1)
   0.62    2.72 ^ _51667_/ZN (NOR2_X1)
   0.03    2.75 v _51668_/ZN (NAND2_X1)
   0.06    2.81 v _60744_/ZN (XNOR2_X1)
   0.05    2.86 v _60767_/ZN (XNOR2_X1)
   0.06    2.92 v _60774_/Z (XOR2_X1)
   0.05    2.96 v _60800_/ZN (XNOR2_X1)
   0.06    3.03 v _60803_/Z (XOR2_X1)
   0.06    3.09 v _60824_/Z (XOR2_X1)
   0.06    3.15 v _60827_/Z (XOR2_X1)
   0.03    3.17 ^ _60866_/ZN (OAI21_X1)
   0.02    3.19 v _60867_/ZN (NAND2_X1)
   0.04    3.23 v _61168_/ZN (XNOR2_X1)
   0.04    3.27 v _61171_/ZN (AND2_X1)
   0.09    3.37 ^ _61203_/ZN (AOI211_X1)
   0.02    3.39 v _61208_/ZN (OAI21_X1)
   0.07    3.46 ^ _61209_/ZN (AOI211_X1)
   0.02    3.48 v _61699_/ZN (NOR2_X1)
   0.04    3.52 v _61702_/ZN (XNOR2_X1)
   0.05    3.57 ^ _61747_/ZN (AOI21_X1)
   0.02    3.59 v _61748_/ZN (AOI21_X1)
   0.05    3.64 v _61749_/ZN (OR2_X1)
   0.04    3.68 ^ _61750_/ZN (AOI21_X1)
   0.03    3.71 v _61751_/ZN (OAI21_X1)
   0.04    3.75 v _61767_/ZN (AND3_X1)
   0.05    3.80 v _61768_/ZN (OR2_X1)
   0.04    3.84 v _61770_/ZN (XNOR2_X1)
   0.05    3.90 ^ _61827_/ZN (AOI21_X1)
   0.03    3.93 v _61828_/ZN (OAI21_X1)
   0.04    3.96 ^ _61830_/ZN (AOI21_X1)
   0.02    3.99 v _61831_/ZN (OAI21_X1)
   0.04    4.03 ^ _61832_/ZN (AOI21_X1)
   0.05    4.08 ^ _61833_/ZN (AND2_X1)
   0.05    4.13 ^ _61834_/ZN (AND2_X1)
   0.03    4.16 v _61836_/ZN (NAND3_X1)
   0.05    4.21 ^ _61837_/ZN (NOR2_X1)
   0.04    4.25 ^ _96593_/ZN (XNOR2_X1)
   0.01    4.26 v _96594_/ZN (NOR2_X1)
   0.00    4.26 v _97558_/D (DFF_X1)
           4.26   data arrival time

   2.20    2.20   clock clk_a (rise edge)
   0.00    2.20   clock network delay (ideal)
  -0.05    2.15   clock uncertainty
   0.00    2.15   clock reconvergence pessimism
           2.15 ^ _97558_/CK (DFF_X1)
  -0.06    2.09   library setup time
           2.09   data required time
---------------------------------------------------------
           2.09   data required time
          -4.26   data arrival time
---------------------------------------------------------
          -2.17   slack (VIOLATED)


Startpoint: _97095_ (rising edge-triggered flip-flop clocked by clk_b)
Endpoint: _97327_ (rising edge-triggered flip-flop clocked by clk_b)
Path Group: clk_b
Path Type: max

  Delay    Time   Description
---------------------------------------------------------
   0.00    0.00   clock clk_b (rise edge)
   0.00    0.00   clock network delay (ideal)
   0.00    0.00 ^ _97095_/CK (DFF_X1)
   0.53    0.53 ^ _97095_/Q (DFF_X1)
   0.08    0.61 ^ _68898_/ZN (XNOR2_X1)
   0.07    0.68 ^ _68903_/Z (XOR2_X1)
   0.03    0.71 v _68907_/ZN (XNOR2_X1)
   0.05    0.76 ^ _68908_/ZN (NOR3_X1)
   0.02    0.78 v _68909_/ZN (AOI21_X1)
   0.03    0.81 ^ _68911_/ZN (NOR2_X1)
   0.02    0.83 v _68912_/ZN (AOI21_X1)
   0.05    0.88 ^ _68913_/ZN (OAI21_X1)
   0.01    0.88 v _68914_/ZN (INV_X1)
   0.04    0.93 ^ _68915_/ZN (OAI21_X1)
   0.02    0.95 v _68916_/ZN (NAND2_X1)
   0.03    0.98 v _68924_/ZN (AND3_X1)
   0.06    1.04 v _68925_/ZN (OR2_X1)
   0.04    1.08 ^ _68928_/ZN (XNOR2_X1)
   0.06    1.15 ^ _69172_/Z (XOR2_X1)
   0.05    1.19 ^ _69176_/ZN (XNOR2_X1)
   0.02    1.21 v _69239_/ZN (AOI21_X1)
   0.06    1.27 v _69240_/ZN (OR2_X1)
   0.06    1.32 v _69318_/Z (XOR2_X1)
   0.08    1.40 v _69391_/ZN (OR3_X1)
   0.03    1.44 v _69392_/ZN (AND2_X1)
   0.08    1.52 v _69416_/ZN (OR3_X1)
   0.02    1.54 ^ _69417_/ZN (NAND2_X1)
   0.02    1.55 v _69488_/Z (XOR2_X1)
   0.08    1.64 v _69500_/ZN (OR3_X1)
   0.02    1.66 ^ _69501_/ZN (NAND2_X1)
   0.04    1.70 ^ _69503_/ZN (XNOR2_X1)
   0.01    1.72 v _69663_/ZN (NOR2_X1)
   0.06    1.77 v _69664_/ZN (OR2_X1)
   0.02    1.79 ^ _69665_/ZN (NAND2_X1)
   0.03    1.82 v _69666_/ZN (OAI21_X1)
   0.10    1.91 v _69667_/ZN (OR3_X1)
   0.07    1.98 v _69670_/Z (MUX2_X1)
   0.04    2.02 ^ _69671_/ZN (OAI21_X1)
   0.02    2.04 v _69672_/ZN (AOI21_X1)
   0.00    2.04 v _97327_/D (DFF_X1)
           2.04   data arrival time

   1.70    1.70   clock clk_b (rise edge)
   0.00    1.70   clock network delay (ideal)
  -0.05    1.65   clock uncertainty
   0.00    1.65   clock reconvergence pessimism
           1.65 ^ _97327_/CK (DFF_X1)
  -0.05    1.60   library setup time
           1.60   data required time
---------------------------------------------------------
           1.60   data required time
          -2.04   data arrival time
---------------------------------------------------------
          -0.44   slack (VIOLATED)


Startpoint: _98285_ (rising edge-triggered flip-flop clocked by clk_c)
Endpoint: _96996_ (rising edge-triggered flip-flop clocked by clk_c)
Path Group: clk_c
Path Type: max

  Delay    Time   Description
---------------------------------------------------------
   0.00    0.00   clock clk_c (rise edge)
   0.00    0.00   clock network delay (ideal)
   0.00    0.00 ^ _98285_/CK (DFF_X1)
   1.05    1.05 ^ _98285_/Q (DFF_X1)
   0.18    1.23 v _84935_/ZN (NAND2_X1)
   0.15    1.38 ^ _84939_/ZN (OAI22_X1)
   0.04    1.42 v _84971_/ZN (AOI21_X1)
   0.13    1.55 v _84973_/ZN (OR4_X1)
   0.04    1.60 v _84981_/ZN (AND3_X1)
   0.05    1.65 ^ _85003_/ZN (OAI21_X1)
   0.02    1.67 v _85004_/ZN (NAND2_X1)
   0.09    1.76 v _85008_/ZN (OR3_X1)
   0.05    1.81 ^ _85024_/ZN (AOI21_X1)
   0.02    1.83 v _85036_/ZN (AOI211_X1)
   0.08    1.91 v _85872_/ZN (OR3_X1)
   0.02    1.93 ^ _85873_/ZN (NAND2_X1)
   0.07    2.00 ^ _85909_/Z (XOR2_X1)
   0.03    2.04 v _85911_/ZN (AOI221_X1)
   0.10    2.14 ^ _85913_/ZN (NOR4_X1)
   0.03    2.17 v _85917_/ZN (OAI211_X1)
   0.06    2.23 ^ _85919_/ZN (AOI211_X1)
   0.03    2.27 v _85923_/ZN (OAI211_X1)
   0.05    2.32 ^ _85927_/ZN (AOI211_X1)
   0.03    2.36 v _85931_/ZN (OAI211_X1)
   0.05    2.41 ^ _85935_/ZN (AOI211_X1)
   0.03    2.44 v _85939_/ZN (OAI211_X1)
   0.05    2.50 ^ _85943_/ZN (AOI211_X1)
   0.03    2.53 v _85947_/ZN (OAI211_X1)
   0.06    2.59 ^ _85949_/ZN (AOI211_X1)
   0.03    2.62 v _85951_/ZN (OAI211_X1)
   0.04    2.66 v _85952_/ZN (AND2_X1)
   0.06    2.72 v _87833_/Z (XOR2_X1)
   0.04    2.77 v _87837_/ZN (XNOR2_X1)
   0.05    2.82 ^ _87986_/ZN (OAI21_X1)
   0.06    2.88 ^ _87997_/Z (XOR2_X1)
   0.03    2.91 v _88099_/ZN (XNOR2_X1)
   0.05    2.96 ^ _88100_/ZN (OAI21_X1)
   0.03    2.99 v _88103_/ZN (AOI21_X1)
   0.12    3.10 v _96598_/ZN (OR4_X1)
   0.04    3.14 ^ _96600_/ZN (AOI21_X1)
   0.02    3.16 v _96601_/ZN (OAI21_X1)
   0.06    3.22 ^ _96602_/ZN (AOI21_X1)
   0.00    3.22 ^ _96996_/D (DFF_X1)
           3.22   data arrival time

   1.90    1.90   clock clk_c (rise edge)
   0.00    1.90   clock network delay (ideal)
  -0.05    1.85   clock uncertainty
   0.00    1.85   clock reconvergence pessimism
           1.85 ^ _96996_/CK (DFF_X1)
  -0.04    1.81   library setup time
           1.81   data required time
---------------------------------------------------------
           1.81   data required time
          -3.22   data arrival time
---------------------------------------------------------
          -1.41   slack (VIOLATED)


Startpoint: _97404_ (rising edge-triggered flip-flop clocked by clk_d)
Endpoint: _96828_ (rising edge-triggered flip-flop clocked by clk_d)
Path Group: clk_d
Path Type: max

  Delay    Time   Description
---------------------------------------------------------
   0.00    0.00   clock clk_d (rise edge)
   0.00    0.00   clock network delay (ideal)
   0.00    0.00 ^ _97404_/CK (DFF_X1)
   0.22    0.22 ^ _97404_/Q (DFF_X1)
   0.08    0.30 v _73034_/ZN (NAND2_X1)
   0.06    0.36 ^ _95884_/ZN (OAI22_X1)
   0.05    0.41 ^ _95886_/ZN (XNOR2_X1)
   0.05    0.46 ^ _95887_/ZN (XNOR2_X1)
   0.05    0.51 ^ _95909_/ZN (XNOR2_X1)
   0.06    0.57 ^ _95912_/Z (XOR2_X1)
   0.07    0.64 ^ _95924_/Z (XOR2_X1)
   0.02    0.66 v _95929_/ZN (AOI21_X1)
   0.10    0.76 v _95931_/ZN (OR3_X1)
   0.06    0.82 ^ _95933_/ZN (AOI211_X1)
   0.02    0.83 v _95934_/ZN (NOR2_X1)
   0.04    0.88 v _95977_/ZN (XNOR2_X1)
   0.06    0.94 v _96012_/Z (XOR2_X1)
   0.05    0.98 ^ _96051_/ZN (XNOR2_X1)
   0.05    1.03 ^ _96108_/ZN (XNOR2_X1)
   0.07    1.11 ^ _96141_/Z (XOR2_X1)
   0.07    1.17 ^ _96190_/Z (XOR2_X1)
   0.05    1.22 ^ _96225_/ZN (XNOR2_X1)
   0.05    1.27 ^ _96259_/ZN (XNOR2_X1)
   0.06    1.34 ^ _96282_/Z (XOR2_X1)
   0.05    1.39 ^ _96310_/ZN (XNOR2_X1)
   0.03    1.41 v _96311_/ZN (OAI21_X1)
   0.05    1.46 ^ _96312_/ZN (AOI21_X1)
   0.05    1.51 ^ _96330_/ZN (XNOR2_X1)
   0.06    1.57 ^ _96332_/Z (XOR2_X1)
   0.06    1.63 ^ _96425_/Z (XOR2_X1)
   0.07    1.70 ^ _96427_/Z (XOR2_X1)
   0.02    1.72 v _96468_/ZN (AOI21_X1)
   0.05    1.77 v _96470_/ZN (OR2_X1)
   0.02    1.79 ^ _96471_/ZN (NAND2_X1)
   0.02    1.82 v _96473_/ZN (AOI21_X1)
   0.05    1.87 ^ _96474_/ZN (OAI21_X1)
   0.02    1.89 v _96476_/ZN (AOI21_X1)
   0.05    1.94 v _96477_/ZN (OR2_X1)
   0.03    1.97 v _96478_/ZN (AND2_X1)
   0.05    2.02 v _96494_/ZN (OR2_X1)
   0.05    2.07 v _96500_/ZN (OR2_X1)
   0.03    2.10 v _96505_/ZN (AND2_X1)
   0.00    2.10 v _96828_/D (DFF_X1)
           2.10   data arrival time

   1.85    1.85   clock clk_d (rise edge)
   0.00    1.85   clock network delay (ideal)
  -0.05    1.80   clock uncertainty
   0.00    1.80   clock reconvergence pessimism
           1.80 ^ _96828_/CK (DFF_X1)
  -0.04    1.76   library setup time
           1.76   data required time
---------------------------------------------------------
           1.76   data required time
          -2.10   data arrival time
---------------------------------------------------------
          -0.34   slack (VIOLATED)


Startpoint: _97664_ (rising edge-triggered flip-flop clocked by clk_e)
Endpoint: _97364_ (rising edge-triggered flip-flop clocked by clk_e)
Path Group: clk_e
Path Type: max

  Delay    Time   Description
---------------------------------------------------------
   0.00    0.00   clock clk_e (rise edge)
   0.00    0.00   clock network delay (ideal)
   0.00    0.00 ^ _97664_/CK (DFF_X1)
   1.14    1.14 ^ _97664_/Q (DFF_X1)
   0.67    1.81 v _49097_/ZN (INV_X1)
   0.16    1.98 ^ _68158_/ZN (NOR2_X1)
   0.03    2.01 v _68160_/ZN (AOI21_X1)
   0.05    2.06 v _68164_/ZN (XNOR2_X1)
   0.05    2.11 v _68167_/ZN (XNOR2_X1)
   0.06    2.16 v _68204_/Z (XOR2_X1)
   0.06    2.22 v _68210_/Z (XOR2_X1)
   0.06    2.29 v _68242_/Z (XOR2_X1)
   0.05    2.33 v _68244_/ZN (XNOR2_X1)
   0.06    2.39 v _68274_/Z (XOR2_X1)
   0.04    2.44 v _68276_/ZN (XNOR2_X1)
   0.05    2.49 ^ _68325_/ZN (AOI21_X1)
   0.02    2.51 v _68327_/ZN (OAI21_X1)
   0.05    2.56 ^ _68328_/ZN (AOI21_X1)
   0.03    2.60 v _68329_/ZN (OAI21_X1)
   0.06    2.65 ^ _68330_/ZN (AOI21_X1)
   0.03    2.69 v _68331_/ZN (OAI21_X1)
   0.06    2.74 ^ _68332_/ZN (AOI21_X1)
   0.03    2.78 v _68333_/ZN (OAI21_X1)
   0.04    2.82 v _68372_/ZN (AND3_X1)
   0.05    2.87 v _68373_/ZN (OR2_X1)
   0.06    2.93 v _68375_/Z (XOR2_X1)
   0.03    2.96 ^ _68484_/ZN (OAI21_X1)
   0.02    2.98 v _68486_/ZN (AOI21_X1)
   0.08    3.06 v _68507_/ZN (OR3_X1)
   0.04    3.09 v _68508_/ZN (AND2_X1)
   0.04    3.13 v _68605_/ZN (XNOR2_X1)
   0.05    3.19 ^ _68606_/ZN (AOI21_X1)
   0.02    3.21 v _68607_/ZN (OAI21_X1)
   0.03    3.24 ^ _68608_/ZN (OAI21_X1)
   0.02    3.26 v _68609_/ZN (NAND2_X1)
   0.02    3.28 ^ _68610_/ZN (NAND2_X1)
   0.02    3.30 v _68612_/ZN (AOI21_X1)
   0.02    3.33 ^ _68613_/ZN (NAND2_X1)
   0.02    3.35 v _68615_/ZN (NAND3_X1)
   0.05    3.40 ^ _96577_/ZN (AOI211_X1)
   0.02    3.42 v _96578_/ZN (OAI21_X1)
   0.06    3.48 ^ _96579_/ZN (AOI21_X1)
   0.00    3.48 ^ _97364_/D (DFF_X1)
           3.48   data arrival time

   1.90    1.90   clock clk_e (rise edge)
   0.00    1.90   clock network delay (ideal)
  -0.05    1.85   clock uncertainty
   0.00    1.85   clock reconvergence pessimism
           1.85 ^ _97364_/CK (DFF_X1)
  -0.04    1.81   library setup time
           1.81   data required time
---------------------------------------------------------
           1.81   data required time
          -3.48   data arrival time
---------------------------------------------------------
          -1.67   slack (VIOLATED)


