Startpoint: _98497_ (rising edge-triggered flip-flop clocked by clk_a)
Endpoint: _98367_ (rising edge-triggered flip-flop clocked by clk_a)
Path Group: clk_a
Path Type: max

  Delay    Time   Description
---------------------------------------------------------
   0.00    0.00   clock clk_a (rise edge)
   0.00    0.00   clock network delay (ideal)
   0.00    0.00 ^ _98497_/CK (DFF_X1)
   0.99    0.99 ^ _98497_/Q (DFF_X1)
   0.32    1.31 v _56705_/ZN (NAND4_X1)
   0.12    1.43 ^ _56707_/Z (XOR2_X1)
   0.05    1.49 ^ _56709_/ZN (XNOR2_X1)
   0.07    1.55 ^ _56728_/Z (XOR2_X1)
   0.05    1.60 ^ _56729_/ZN (XNOR2_X1)
   0.05    1.65 ^ _56736_/ZN (XNOR2_X1)
   0.01    1.66 v _56737_/ZN (INV_X1)
   0.03    1.69 ^ _56748_/ZN (NOR2_X1)
   0.02    1.71 v _56749_/ZN (AOI21_X1)
   0.09    1.80 v _56750_/ZN (OR3_X1)
   0.05    1.85 ^ _56751_/ZN (AOI21_X1)
   0.02    1.87 v _56753_/ZN (OAI21_X1)
   0.05    1.92 ^ _56754_/ZN (AOI21_X1)
   0.03    1.95 v _56755_/ZN (OAI21_X1)
   0.05    1.99 ^ _56756_/ZN (AOI21_X1)
   0.02    2.02 v _56758_/ZN (OAI21_X1)
   0.03    2.05 ^ _56759_/ZN (OAI21_X1)
   0.02    2.06 v _57051_/ZN (AOI21_X1)
   0.05    2.11 ^ _57052_/ZN (AOI21_X1)
   0.05    2.16 ^ _57140_/ZN (XNOR2_X1)
   0.02    2.18 v _57141_/ZN (AOI21_X1)
   0.08    2.26 v _57601_/ZN (OR3_X1)
   0.04    2.30 v _57602_/ZN (AND2_X1)
   0.04    2.34 v _57606_/ZN (XNOR2_X1)
   0.03    2.37 v _57695_/ZN (AND3_X1)
   0.05    2.42 v _57696_/ZN (OR2_X1)
   0.04    2.46 v _57698_/ZN (XNOR2_X1)
   0.05    2.51 ^ _57757_/ZN (AOI21_X1)
   0.03    2.54 v _57758_/ZN (OAI21_X1)
   0.04    2.58 ^ _57760_/ZN (AOI21_X1)
   0.02    2.60 v _57761_/ZN (OAI21_X1)
   0.04    2.64 ^ _57762_/ZN (AOI21_X1)
   0.05    2.70 ^ _57763_/ZN (AND2_X1)
   0.04    2.74 ^ _57764_/ZN (AND2_X1)
   0.06    2.80 ^ _57767_/ZN (AND3_X1)
   0.02    2.82 v _57768_/ZN (NAND2_X1)
   0.06    2.87 v _97230_/Z (XOR2_X1)
   0.03    2.90 ^ _97231_/ZN (NOR2_X1)
   0.00    2.90 ^ _98367_/D (DFF_X1)
           2.90   data arrival time

   1.50    1.50   clock clk_a (rise edge)
   0.00    1.50   clock network delay (ideal)
  -0.05    1.45   clock uncertainty
   0.00    1.45   clock reconvergence pessimism
           1.45 ^ _98367_/CK (DFF_X1)
  -0.04    1.41   library setup time
           1.41   data required time
---------------------------------------------------------
           1.41   data required time
          -2.90   data arrival time
---------------------------------------------------------
          -1.49   slack (VIOLATED)


Startpoint: _98098_ (rising edge-triggered flip-flop clocked by clk_b)
Endpoint: _98027_ (rising edge-triggered flip-flop clocked by clk_b)
Path Group: clk_b
Path Type: max

  Delay    Time   Description
---------------------------------------------------------
   0.00    0.00   clock clk_b (rise edge)
   0.00    0.00   clock network delay (ideal)
   0.00    0.00 ^ _98098_/CK (DFF_X1)
   0.53    0.53 ^ _98098_/Q (DFF_X1)
   0.08    0.61 ^ _69569_/ZN (XNOR2_X1)
   0.07    0.68 ^ _69573_/Z (XOR2_X1)
   0.05    0.73 ^ _69575_/ZN (XNOR2_X1)
   0.01    0.75 v _69576_/ZN (NOR3_X1)
   0.05    0.80 ^ _69577_/ZN (AOI21_X1)
   0.01    0.81 v _69579_/ZN (NOR2_X1)
   0.05    0.86 ^ _69580_/ZN (AOI21_X1)
   0.01    0.88 v _69581_/ZN (NOR2_X1)
   0.05    0.93 ^ _69582_/ZN (AOI21_X1)
   0.01    0.94 v _69583_/ZN (NOR2_X1)
   0.05    0.99 ^ _69584_/ZN (AOI21_X1)
   0.03    1.02 v _69585_/ZN (OAI21_X1)
   0.05    1.07 v _69593_/ZN (XNOR2_X1)
   0.04    1.11 v _69595_/ZN (XNOR2_X1)
   0.08    1.20 v _69813_/ZN (OR3_X1)
   0.02    1.22 ^ _69814_/ZN (NAND2_X1)
   0.06    1.28 ^ _69818_/Z (XOR2_X1)
   0.03    1.30 v _69875_/ZN (OAI21_X1)
   0.03    1.34 v _69943_/ZN (AND3_X1)
   0.05    1.39 v _69944_/ZN (OR2_X1)
   0.04    1.43 v _70005_/ZN (XNOR2_X1)
   0.03    1.47 v _70031_/ZN (AND3_X1)
   0.05    1.52 v _70032_/ZN (OR2_X1)
   0.05    1.57 v _70101_/Z (XOR2_X1)
   0.03    1.61 v _70102_/ZN (AND2_X1)
   0.08    1.68 v _70112_/ZN (OR3_X1)
   0.04    1.72 v _70113_/ZN (AND2_X1)
   0.04    1.76 v _70115_/ZN (XNOR2_X1)
   0.08    1.84 v _70259_/ZN (OR2_X1)
   0.03    1.87 ^ _70260_/ZN (NAND2_X1)
   0.03    1.90 v _70263_/ZN (NAND3_X1)
   0.07    1.97 v _70264_/Z (MUX2_X1)
   0.03    2.00 v _70265_/ZN (AND2_X1)
   0.04    2.04 ^ _70267_/ZN (NOR3_X1)
   0.00    2.04 ^ _98027_/D (DFF_X1)
           2.04   data arrival time

   1.45    1.45   clock clk_b (rise edge)
   0.00    1.45   clock network delay (ideal)
  -0.05    1.40   clock uncertainty
   0.00    1.40   clock reconvergence pessimism
           1.40 ^ _98027_/CK (DFF_X1)
  -0.04    1.36   library setup time
           1.36   data required time
---------------------------------------------------------
           1.36   data required time
          -2.04   data arrival time
---------------------------------------------------------
          -0.68   slack (VIOLATED)


Startpoint: _97905_ (rising edge-triggered flip-flop clocked by clk_c)
Endpoint: _97902_ (rising edge-triggered flip-flop clocked by clk_c)
Path Group: clk_c
Path Type: max

  Delay    Time   Description
---------------------------------------------------------
   0.00    0.00   clock clk_c (rise edge)
   0.00    0.00   clock network delay (ideal)
   0.00    0.00 ^ _97905_/CK (DFF_X1)
   0.99    0.99 ^ _97905_/Q (DFF_X1)
   0.23    1.22 v _73775_/ZN (NAND2_X1)
   0.11    1.32 ^ _74311_/ZN (OAI21_X1)
   0.12    1.45 ^ _74349_/Z (XOR2_X1)
   0.07    1.52 ^ _74351_/Z (XOR2_X1)
   0.06    1.58 ^ _74353_/Z (XOR2_X1)
   0.05    1.63 ^ _74393_/ZN (XNOR2_X1)
   0.06    1.69 ^ _74396_/Z (XOR2_X1)
   0.05    1.74 ^ _74428_/ZN (XNOR2_X1)
   0.05    1.79 ^ _74468_/Z (XOR2_X1)
   0.03    1.82 v _74469_/ZN (OAI21_X1)
   0.05    1.87 ^ _74470_/ZN (AOI21_X1)
   0.03    1.91 v _74472_/ZN (OAI211_X1)
   0.06    1.97 ^ _74474_/ZN (AOI211_X1)
   0.04    2.00 v _74476_/ZN (OAI211_X1)
   0.05    2.06 ^ _74477_/ZN (AOI21_X1)
   0.03    2.09 v _74479_/ZN (OAI211_X1)
   0.05    2.14 ^ _74480_/ZN (AOI21_X1)
   0.03    2.17 v _74482_/ZN (OAI21_X1)
   0.05    2.22 ^ _74484_/ZN (AOI211_X1)
   0.03    2.25 v _74485_/ZN (OAI21_X1)
   0.04    2.29 v _75287_/ZN (AND3_X1)
   0.12    2.41 v _75289_/ZN (OR4_X1)
   0.03    2.43 ^ _75389_/ZN (NAND2_X1)
   0.02    2.46 v _75390_/ZN (OAI21_X1)
   0.05    2.50 ^ _75391_/ZN (AOI21_X1)
   0.03    2.53 v _75392_/ZN (OAI21_X1)
   0.04    2.57 ^ _75393_/ZN (AOI21_X1)
   0.06    2.63 ^ _77257_/Z (XOR2_X1)
   0.05    2.68 ^ _77262_/ZN (XNOR2_X1)
   0.06    2.74 ^ _77411_/Z (XOR2_X1)
   0.03    2.77 v _77525_/ZN (XNOR2_X1)
   0.05    2.82 ^ _77526_/ZN (OAI21_X1)
   0.03    2.85 v _77529_/ZN (AOI21_X1)
   0.12    2.97 v _97187_/ZN (OR4_X1)
   0.04    3.00 ^ _97189_/ZN (AOI21_X1)
   0.02    3.02 v _97190_/ZN (OAI21_X1)
   0.05    3.08 ^ _97191_/ZN (AOI21_X1)
   0.00    3.08 ^ _97902_/D (DFF_X1)
           3.08   data arrival time

   1.75    1.75   clock clk_c (rise edge)
   0.00    1.75   clock network delay (ideal)
  -0.05    1.70   clock uncertainty
   0.00    1.70   clock reconvergence pessimism
           1.70 ^ _97902_/CK (DFF_X1)
  -0.04    1.66   library setup time
           1.66   data required time
---------------------------------------------------------
           1.66   data required time
          -3.08   data arrival time
---------------------------------------------------------
          -1.41   slack (VIOLATED)


Startpoint: _97748_ (rising edge-triggered flip-flop clocked by clk_d)
Endpoint: _97656_ (rising edge-triggered flip-flop clocked by clk_d)
Path Group: clk_d
Path Type: max

  Delay    Time   Description
---------------------------------------------------------
   0.00    0.00   clock clk_d (rise edge)
   0.00    0.00   clock network delay (ideal)
   0.00    0.00 ^ _97748_/CK (DFF_X1)
   0.23    0.23 ^ _97748_/Q (DFF_X1)
   0.05    0.29 v _86713_/ZN (NAND2_X1)
   0.07    0.36 v _88064_/Z (XOR2_X1)
   0.04    0.40 v _88090_/ZN (XNOR2_X1)
   0.08    0.48 v _88096_/ZN (OR3_X1)
   0.04    0.52 v _88097_/ZN (AND2_X1)
   0.04    0.56 v _88118_/ZN (XNOR2_X1)
   0.06    0.62 v _88123_/Z (XOR2_X1)
   0.05    0.67 v _88149_/ZN (XNOR2_X1)
   0.06    0.73 v _88152_/Z (XOR2_X1)
   0.05    0.77 v _88174_/ZN (XNOR2_X1)
   0.05    0.82 v _88242_/ZN (XNOR2_X1)
   0.05    0.87 v _88285_/ZN (XNOR2_X1)
   0.06    0.93 v _88322_/Z (XOR2_X1)
   0.04    0.97 ^ _88323_/ZN (AOI21_X1)
   0.07    1.05 ^ _88351_/Z (XOR2_X1)
   0.06    1.10 ^ _88428_/Z (XOR2_X1)
   0.05    1.15 ^ _88429_/ZN (XNOR2_X1)
   0.06    1.21 ^ _88431_/Z (XOR2_X1)
   0.05    1.26 ^ _88509_/ZN (XNOR2_X1)
   0.05    1.31 ^ _88543_/ZN (XNOR2_X1)
   0.03    1.34 v _88544_/ZN (OAI21_X1)
   0.06    1.40 v _88559_/Z (XOR2_X1)
   0.06    1.46 v _88561_/Z (XOR2_X1)
   0.05    1.51 v _88621_/ZN (XNOR2_X1)
   0.06    1.57 v _88678_/Z (XOR2_X1)
   0.05    1.62 ^ _88679_/ZN (AOI21_X1)
   0.03    1.65 v _88680_/ZN (OAI21_X1)
   0.06    1.71 v _88727_/Z (XOR2_X1)
   0.06    1.77 v _88729_/Z (XOR2_X1)
   0.05    1.82 ^ _88778_/ZN (AOI21_X1)
   0.03    1.85 v _88780_/ZN (OAI21_X1)
   0.03    1.88 ^ _88782_/ZN (AOI21_X1)
   0.03    1.92 ^ _88783_/ZN (OR2_X1)
   0.03    1.95 ^ _88784_/ZN (AND2_X1)
   0.01    1.96 v _88801_/ZN (NOR2_X1)
   0.03    1.99 v _88807_/ZN (AND2_X1)
   0.07    2.06 ^ _88809_/ZN (AOI211_X1)
   0.01    2.07 v _88810_/ZN (NOR2_X1)
   0.00    2.07 v _97656_/D (DFF_X1)
           2.07   data arrival time

   1.75    1.75   clock clk_d (rise edge)
   0.00    1.75   clock network delay (ideal)
  -0.05    1.70   clock uncertainty
   0.00    1.70   clock reconvergence pessimism
           1.70 ^ _97656_/CK (DFF_X1)
  -0.05    1.65   library setup time
           1.65   data required time
---------------------------------------------------------
           1.65   data required time
          -2.07   data arrival time
---------------------------------------------------------
          -0.42   slack (VIOLATED)


Startpoint: _97633_ (rising edge-triggered flip-flop clocked by clk_e)
Endpoint: _97529_ (rising edge-triggered flip-flop clocked by clk_e)
Path Group: clk_e
Path Type: max

  Delay    Time   Description
---------------------------------------------------------
   0.00    0.00   clock clk_e (rise edge)
   0.00    0.00   clock network delay (ideal)
   0.00    0.00 ^ _97633_/CK (DFF_X1)
   1.12    1.12 ^ _97633_/Q (DFF_X1)
   0.70    1.82 v _49438_/ZN (INV_X1)
   0.17    1.98 ^ _94053_/ZN (NOR2_X1)
   0.03    2.01 v _94055_/ZN (AOI21_X1)
   0.05    2.06 v _94059_/ZN (XNOR2_X1)
   0.05    2.11 v _94062_/ZN (XNOR2_X1)
   0.06    2.17 v _94099_/Z (XOR2_X1)
   0.06    2.23 v _94105_/Z (XOR2_X1)
   0.06    2.29 v _94135_/Z (XOR2_X1)
   0.05    2.34 v _94137_/ZN (XNOR2_X1)
   0.06    2.40 v _94167_/Z (XOR2_X1)
   0.04    2.44 v _94169_/ZN (XNOR2_X1)
   0.05    2.50 ^ _94218_/ZN (AOI21_X1)
   0.02    2.52 v _94221_/ZN (OAI21_X1)
   0.04    2.55 v _94299_/ZN (AND3_X1)
   0.05    2.60 v _94300_/ZN (OR2_X1)
   0.06    2.66 v _94302_/Z (XOR2_X1)
   0.04    2.70 ^ _94352_/ZN (AOI21_X1)
   0.03    2.73 v _94353_/ZN (OAI21_X1)
   0.05    2.78 ^ _94354_/ZN (AOI21_X1)
   0.03    2.81 v _94355_/ZN (OAI21_X1)
   0.05    2.85 ^ _94356_/ZN (AOI21_X1)
   0.03    2.88 v _94357_/ZN (OAI21_X1)
   0.05    2.92 ^ _94358_/ZN (AOI21_X1)
   0.03    2.95 v _94360_/ZN (OAI21_X1)
   0.02    2.97 ^ _94361_/ZN (NAND2_X1)
   0.02    2.99 v _94362_/ZN (AOI21_X1)
   0.05    3.04 v _94363_/ZN (OR2_X1)
   0.08    3.13 ^ _94366_/ZN (OAI21_X1)
   0.06    3.18 ^ _94461_/Z (XOR2_X1)
   0.01    3.19 v _94462_/ZN (INV_X1)
   0.04    3.23 ^ _94463_/ZN (AOI21_X1)
   0.02    3.26 v _94464_/ZN (AOI21_X1)
   0.05    3.31 ^ _94465_/ZN (OAI21_X1)
   0.06    3.37 v _97373_/Z (MUX2_X1)
   0.03    3.40 ^ _97374_/ZN (NOR2_X1)
   0.03    3.43 v _97375_/ZN (OAI21_X1)
   0.06    3.49 v _97376_/Z (XOR2_X1)
   0.03    3.51 ^ _97377_/ZN (NOR2_X1)
   0.00    3.51 ^ _97529_/D (DFF_X1)
           3.51   data arrival time

   1.65    1.65   clock clk_e (rise edge)
   0.00    1.65   clock network delay (ideal)
  -0.05    1.60   clock uncertainty
   0.00    1.60   clock reconvergence pessimism
           1.60 ^ _97529_/CK (DFF_X1)
  -0.03    1.57   library setup time
           1.57   data required time
---------------------------------------------------------
           1.57   data required time
          -3.51   data arrival time
---------------------------------------------------------
          -1.95   slack (VIOLATED)


