
 /----------------------------------------------------------------------------\
 |  yosys -- Yosys Open SYnthesis Suite                                       |
 |  Copyright (C) 2012 - 2026  Claire Xenia Wolf <claire@yosyshq.com>         |
 |  Distributed under an ISC-like license, type "license" to see terms        |
 \----------------------------------------------------------------------------/
 Yosys 0.68+195 (git sha1 435977e97-dirty, Release, Clang /usr/bin/clang++ 21.1.8)

-- Executing script file `../model/design.ys' --

1. Executing Verilog-2005 frontend: gold_gate.v
Parsing SystemVerilog input from `gold_gate.v' to AST representation.
Generating RTLIL representation for module `\gate'.
Generating RTLIL representation for module `\gold'.
Successfully finished Verilog frontend.

2. Executing Verilog-2005 frontend: eqcheck_wrapper.v
Parsing SystemVerilog input from `eqcheck_wrapper.v' to AST representation.
Generating RTLIL representation for module `\__eqcheck_top'.
Successfully finished Verilog frontend.

3. Executing PREP pass.

3.1. Executing HIERARCHY pass (managing design hierarchy).

3.1.1. Analyzing design hierarchy..
Top module:  \__eqcheck_top
Used module:     \gate
Used module:     \gold

3.1.2. Analyzing design hierarchy..
Top module:  \__eqcheck_top
Used module:     \gate
Used module:     \gold
Removed 0 unused modules.
Module __eqcheck_top directly or indirectly contains formal properties -> setting "keep" attribute.

3.2. Executing PROC pass (convert processes to netlists).

3.2.1. Executing PROC_CLEAN pass (remove empty switches from decision trees).
Cleaned up 0 empty switches.

3.2.2. Executing PROC_RMDEAD pass (remove dead branches from decision trees).
Marked 1 switch rules as full_case in process $proc$eqcheck_wrapper.v:54$48 in module __eqcheck_top.
Marked 1 switch rules as full_case in process $proc$eqcheck_wrapper.v:47$45 in module __eqcheck_top.
Removed a total of 0 dead cases.

3.2.3. Executing PROC_PRUNE pass (remove redundant assignments in processes).
Removed 0 redundant assignments.
Promoted 15 assignments to connections.

3.2.4. Executing PROC_INIT pass (extract init attributes).
Found init rule in `\__eqcheck_top.$proc$eqcheck_wrapper.v:46$55'.
  Set init value: \warmup = 8'00000000

3.2.5. Executing PROC_ARST pass (detect async resets in processes).

3.2.6. Executing PROC_ROM pass (convert switches to ROMs).
Converted 0 switches.
<suppressed ~4 debug messages>

3.2.7. Executing PROC_MUX pass (convert decision trees to multiplexers).
Creating decoders for process `\__eqcheck_top.$proc$eqcheck_wrapper.v:46$55'.
Creating decoders for process `\__eqcheck_top.$proc$eqcheck_wrapper.v:54$48'.
     1/2: $assert$eqcheck_wrapper.v:58$51_EN
     2/2: $assume$eqcheck_wrapper.v:56$49_EN
Creating decoders for process `\__eqcheck_top.$proc$eqcheck_wrapper.v:47$45'.
     1/1: $0\warmup[7:0]
Creating decoders for process `\__eqcheck_top.$proc$eqcheck_wrapper.v:40$44'.
Creating decoders for process `\gold.$proc$gold_gate.v:143$36'.
Creating decoders for process `\gold.$proc$gold_gate.v:141$35'.
Creating decoders for process `\gold.$proc$gold_gate.v:139$34'.
Creating decoders for process `\gold.$proc$gold_gate.v:137$33'.
Creating decoders for process `\gold.$proc$gold_gate.v:135$32'.
Creating decoders for process `\gate.$proc$gold_gate.v:67$15'.
Creating decoders for process `\gate.$proc$gold_gate.v:65$14'.
Creating decoders for process `\gate.$proc$gold_gate.v:63$13'.
Creating decoders for process `\gate.$proc$gold_gate.v:61$12'.
Creating decoders for process `\gate.$proc$gold_gate.v:59$11'.
Creating decoders for process `\gate.$proc$gold_gate.v:57$10'.
Creating decoders for process `\gate.$proc$gold_gate.v:55$9'.

3.2.8. Executing PROC_DLATCH pass (convert process syncs to latches).

3.2.9. Executing PROC_DFF pass (convert process syncs to FFs).
Creating register for signal `\__eqcheck_top.\warmup' using process `\__eqcheck_top.$proc$eqcheck_wrapper.v:47$45'.
  created $dff cell `$procdff$69' with positive edge clock.
Creating register for signal `\__eqcheck_top.\gold_out_valid_d1' using process `\__eqcheck_top.$proc$eqcheck_wrapper.v:40$44'.
  created $dff cell `$procdff$70' with positive edge clock.
Creating register for signal `\__eqcheck_top.\gold_acc_d1' using process `\__eqcheck_top.$proc$eqcheck_wrapper.v:40$44'.
  created $dff cell `$procdff$71' with positive edge clock.
Creating register for signal `\gold.\vld' using process `\gold.$proc$gold_gate.v:143$36'.
  created $dff cell `$procdff$72' with positive edge clock.
Creating register for signal `\gold.\b_reg' using process `\gold.$proc$gold_gate.v:141$35'.
  created $dff cell `$procdff$73' with positive edge clock.
Creating register for signal `\gold.\a_reg' using process `\gold.$proc$gold_gate.v:139$34'.
  created $dff cell `$procdff$74' with positive edge clock.
Creating register for signal `\gold.\out_valid' using process `\gold.$proc$gold_gate.v:137$33'.
  created $dff cell `$procdff$75' with positive edge clock.
Creating register for signal `\gold.\acc' using process `\gold.$proc$gold_gate.v:135$32'.
  created $dff cell `$procdff$76' with positive edge clock.
Creating register for signal `\gate.\vld' using process `\gate.$proc$gold_gate.v:67$15'.
  created $dff cell `$procdff$77' with positive edge clock.
Creating register for signal `\gate.\b_reg' using process `\gate.$proc$gold_gate.v:65$14'.
  created $dff cell `$procdff$78' with positive edge clock.
Creating register for signal `\gate.\a_reg' using process `\gate.$proc$gold_gate.v:63$13'.
  created $dff cell `$procdff$79' with positive edge clock.
Creating register for signal `\gate.\sum_reg' using process `\gate.$proc$gold_gate.v:61$12'.
  created $dff cell `$procdff$80' with positive edge clock.
Creating register for signal `\gate.\vld2' using process `\gate.$proc$gold_gate.v:59$11'.
  created $dff cell `$procdff$81' with positive edge clock.
Creating register for signal `\gate.\out_valid' using process `\gate.$proc$gold_gate.v:57$10'.
  created $dff cell `$procdff$82' with positive edge clock.
Creating register for signal `\gate.\acc' using process `\gate.$proc$gold_gate.v:55$9'.
  created $dff cell `$procdff$83' with positive edge clock.

3.2.10. Executing PROC_MEMWR pass (convert process memory writes to cells).

3.2.11. Executing PROC_CLEAN pass (remove empty switches from decision trees).
Removing empty process `__eqcheck_top.$proc$eqcheck_wrapper.v:46$55'.
Found and cleaned up 2 empty switches in `\__eqcheck_top.$proc$eqcheck_wrapper.v:54$48'.
Removing empty process `__eqcheck_top.$proc$eqcheck_wrapper.v:54$48'.
Found and cleaned up 2 empty switches in `\__eqcheck_top.$proc$eqcheck_wrapper.v:47$45'.
Removing empty process `__eqcheck_top.$proc$eqcheck_wrapper.v:47$45'.
Removing empty process `__eqcheck_top.$proc$eqcheck_wrapper.v:40$44'.
Removing empty process `gold.$proc$gold_gate.v:143$36'.
Removing empty process `gold.$proc$gold_gate.v:141$35'.
Removing empty process `gold.$proc$gold_gate.v:139$34'.
Removing empty process `gold.$proc$gold_gate.v:137$33'.
Removing empty process `gold.$proc$gold_gate.v:135$32'.
Removing empty process `gate.$proc$gold_gate.v:67$15'.
Removing empty process `gate.$proc$gold_gate.v:65$14'.
Removing empty process `gate.$proc$gold_gate.v:63$13'.
Removing empty process `gate.$proc$gold_gate.v:61$12'.
Removing empty process `gate.$proc$gold_gate.v:59$11'.
Removing empty process `gate.$proc$gold_gate.v:57$10'.
Removing empty process `gate.$proc$gold_gate.v:55$9'.
Cleaned up 4 empty switches.

3.2.12. Executing OPT_EXPR pass (perform const folding).
Optimizing module __eqcheck_top.
Optimizing module gold.
Optimizing module gate.

3.3. Executing FUTURE pass.

3.4. Executing OPT_EXPR pass (perform const folding).
Optimizing module __eqcheck_top.
Optimizing module gold.
Optimizing module gate.

3.5. Executing OPT_CLEAN pass (remove unused cells and wires).
Finding unused cells or wires in module \__eqcheck_top..
Finding unused cells or wires in module \gold..
Finding unused cells or wires in module \gate..
Removed 0 unused cells and 53 unused wires.
<suppressed ~3 debug messages>

3.6. Executing CHECK pass (checking for obvious problems).
Checking module __eqcheck_top...
Checking module gold...
Checking module gate...
Found and reported 0 problems.

3.7. Executing OPT pass (performing simple optimizations).

3.7.1. Executing OPT_EXPR pass (perform const folding).
Optimizing module __eqcheck_top.
Optimizing module gold.
Optimizing module gate.

3.7.2. Executing OPT_MERGE pass (detect identical cells).
Finding identical cells in module `\__eqcheck_top'.
Computing hashes of 19 cells of `\__eqcheck_top'.
Finding duplicate cells in `\__eqcheck_top'.
Finding identical cells in module `\gold'.
Computing hashes of 19 cells of `\gold'.
Finding duplicate cells in `\gold'.
Finding identical cells in module `\gate'.
Computing hashes of 23 cells of `\gate'.
Finding duplicate cells in `\gate'.
Removed a total of 0 cells.

3.7.3. Executing OPT_MUXTREE pass (detect dead branches in mux trees).
Running muxtree optimizer on module \__eqcheck_top..
  Creating internal representation of mux trees.
  Evaluating internal representation of mux trees.
  Analyzing evaluation results.
Running muxtree optimizer on module \gold..
  Creating internal representation of mux trees.
  Evaluating internal representation of mux trees.
  Analyzing evaluation results.
Running muxtree optimizer on module \gate..
  Creating internal representation of mux trees.
  Evaluating internal representation of mux trees.
  Analyzing evaluation results.
Removed 0 multiplexer ports.
<suppressed ~34 debug messages>

3.7.4. Executing OPT_REDUCE pass (consolidate $*mux and $reduce_* inputs).
  Optimizing cells in module \__eqcheck_top.
  Optimizing cells in module \gold.
  Optimizing cells in module \gate.
Performed a total of 0 changes.

3.7.5. Executing OPT_MERGE pass (detect identical cells).
Finding identical cells in module `\__eqcheck_top'.
Computing hashes of 19 cells of `\__eqcheck_top'.
Finding duplicate cells in `\__eqcheck_top'.
Finding identical cells in module `\gold'.
Computing hashes of 19 cells of `\gold'.
Finding duplicate cells in `\gold'.
Finding identical cells in module `\gate'.
Computing hashes of 23 cells of `\gate'.
Finding duplicate cells in `\gate'.
Removed a total of 0 cells.

3.7.6. Executing OPT_CLEAN pass (remove unused cells and wires).
Finding unused cells or wires in module \__eqcheck_top..
Finding unused cells or wires in module \gold..
Finding unused cells or wires in module \gate..

3.7.7. Executing OPT_EXPR pass (perform const folding).
Optimizing module __eqcheck_top.
Optimizing module gold.
Optimizing module gate.

3.7.8. Finished fast OPT passes. (There is nothing left to do.)

3.8. Executing WREDUCE pass (reducing word size of cells).
Removed top 7 bits (of 8) from port B of cell __eqcheck_top.$lt$eqcheck_wrapper.v:49$46 ($lt).
Removed top 7 bits (of 8) from port B of cell __eqcheck_top.$add$eqcheck_wrapper.v:49$47 ($add).
Removed top 7 bits (of 8) from port B of cell __eqcheck_top.$ge$eqcheck_wrapper.v:58$50 ($ge).
Converting cell gold.$add$gold_gate.v:127$24 ($add) from unsigned to signed.
Removed top 1 bits (of 17) from port A of cell gold.$add$gold_gate.v:127$24 ($add).
Removed top 1 bits (of 17) from port B of cell gold.$add$gold_gate.v:127$24 ($add).
Converting cell gold.$add$gold_gate.v:128$25 ($add) from unsigned to signed.
Removed top 1 bits (of 17) from port A of cell gold.$add$gold_gate.v:128$25 ($add).
Removed top 1 bits (of 17) from port B of cell gold.$add$gold_gate.v:128$25 ($add).
Converting cell gold.$add$gold_gate.v:129$26 ($add) from unsigned to signed.
Removed top 1 bits (of 18) from port A of cell gold.$add$gold_gate.v:129$26 ($add).
Removed top 1 bits (of 18) from port B of cell gold.$add$gold_gate.v:129$26 ($add).
Converting cell gold.$mul$gold_gate.v:131$28 ($mul) from unsigned to signed.
Removed top 8 bits (of 16) from port A of cell gold.$mul$gold_gate.v:131$28 ($mul).
Removed top 8 bits (of 16) from port B of cell gold.$mul$gold_gate.v:131$28 ($mul).
Converting cell gold.$mul$gold_gate.v:132$29 ($mul) from unsigned to signed.
Removed top 8 bits (of 16) from port A of cell gold.$mul$gold_gate.v:132$29 ($mul).
Removed top 8 bits (of 16) from port B of cell gold.$mul$gold_gate.v:132$29 ($mul).
Converting cell gold.$mul$gold_gate.v:133$30 ($mul) from unsigned to signed.
Removed top 8 bits (of 16) from port A of cell gold.$mul$gold_gate.v:133$30 ($mul).
Removed top 8 bits (of 16) from port B of cell gold.$mul$gold_gate.v:133$30 ($mul).
Converting cell gold.$mul$gold_gate.v:134$31 ($mul) from unsigned to signed.
Removed top 8 bits (of 16) from port A of cell gold.$mul$gold_gate.v:134$31 ($mul).
Removed top 8 bits (of 16) from port B of cell gold.$mul$gold_gate.v:134$31 ($mul).
Converting cell gate.$add$gold_gate.v:47$1 ($add) from unsigned to signed.
Removed top 1 bits (of 17) from port A of cell gate.$add$gold_gate.v:47$1 ($add).
Removed top 1 bits (of 17) from port B of cell gate.$add$gold_gate.v:47$1 ($add).
Converting cell gate.$add$gold_gate.v:48$2 ($add) from unsigned to signed.
Removed top 1 bits (of 17) from port A of cell gate.$add$gold_gate.v:48$2 ($add).
Removed top 1 bits (of 17) from port B of cell gate.$add$gold_gate.v:48$2 ($add).
Converting cell gate.$add$gold_gate.v:49$3 ($add) from unsigned to signed.
Removed top 1 bits (of 18) from port A of cell gate.$add$gold_gate.v:49$3 ($add).
Removed top 1 bits (of 18) from port B of cell gate.$add$gold_gate.v:49$3 ($add).
Converting cell gate.$mul$gold_gate.v:51$5 ($mul) from unsigned to signed.
Removed top 8 bits (of 16) from port A of cell gate.$mul$gold_gate.v:51$5 ($mul).
Removed top 8 bits (of 16) from port B of cell gate.$mul$gold_gate.v:51$5 ($mul).
Converting cell gate.$mul$gold_gate.v:52$6 ($mul) from unsigned to signed.
Removed top 8 bits (of 16) from port A of cell gate.$mul$gold_gate.v:52$6 ($mul).
Removed top 8 bits (of 16) from port B of cell gate.$mul$gold_gate.v:52$6 ($mul).
Converting cell gate.$mul$gold_gate.v:53$7 ($mul) from unsigned to signed.
Removed top 8 bits (of 16) from port A of cell gate.$mul$gold_gate.v:53$7 ($mul).
Removed top 8 bits (of 16) from port B of cell gate.$mul$gold_gate.v:53$7 ($mul).
Converting cell gate.$mul$gold_gate.v:54$8 ($mul) from unsigned to signed.
Removed top 8 bits (of 16) from port A of cell gate.$mul$gold_gate.v:54$8 ($mul).
Removed top 8 bits (of 16) from port B of cell gate.$mul$gold_gate.v:54$8 ($mul).

3.9. Executing OPT_CLEAN pass (remove unused cells and wires).
Finding unused cells or wires in module \__eqcheck_top..
Finding unused cells or wires in module \gold..
Finding unused cells or wires in module \gate..

3.10. Executing MEMORY_COLLECT pass (generating $mem cells).

3.11. Executing OPT pass (performing simple optimizations).

3.11.1. Executing OPT_EXPR pass (perform const folding).
Optimizing module __eqcheck_top.
Optimizing module gold.
Optimizing module gate.

3.11.2. Executing OPT_MERGE pass (detect identical cells).
Finding identical cells in module `\__eqcheck_top'.
Computing hashes of 19 cells of `\__eqcheck_top'.
Finding duplicate cells in `\__eqcheck_top'.
Finding identical cells in module `\gold'.
Computing hashes of 19 cells of `\gold'.
Finding duplicate cells in `\gold'.
Finding identical cells in module `\gate'.
Computing hashes of 23 cells of `\gate'.
Finding duplicate cells in `\gate'.
Removed a total of 0 cells.

3.11.3. Executing OPT_CLEAN pass (remove unused cells and wires).
Finding unused cells or wires in module \__eqcheck_top..
Finding unused cells or wires in module \gold..
Finding unused cells or wires in module \gate..

3.11.4. Finished fast OPT passes.

3.12. Executing SORT pass.

3.13. Printing statistics.

=== __eqcheck_top ===

        +----------Local Count, excluding submodules.
        | 
       24 wires
      171 wire bits
       12 public wires
      138 public wire bits
        5 ports
       67 port bits
       17 cells
        1   $add
        2   $check
        3   $dff
        2   $eq
        1   $ge
        1   $initstate
        1   $logic_and
        1   $lt
        5   $mux
        2 submodules
        1   gate
        1   gold

=== gate ===

        +----------Local Count, excluding submodules.
        | 
       36 wires
      497 wire bits
       36 public wires
      497 public wire bits
        7 ports
       88 port bits
       23 cells
        4   $add
        7   $dff
        4   $mul
        8   $mux

=== gold ===

        +----------Local Count, excluding submodules.
        | 
       32 wires
      459 wire bits
       32 public wires
      459 public wire bits
        7 ports
       88 port bits
       19 cells
        4   $add
        5   $dff
        4   $mul
        6   $mux

=== design hierarchy ===

        +----------Count including submodules.
        | 
       59 __eqcheck_top
       23 gate
       19 gold

        +----------Count including submodules.
        | 
       92 wires
     1127 wire bits
       80 public wires
     1094 public wire bits
       19 ports
      243 port bits
        - memories
        - memory bits
        - processes
       59 cells
        9   $add
        2   $check
       15   $dff
        2   $eq
        1   $ge
        1   $initstate
        1   $logic_and
        1   $lt
        8   $mul
       19   $mux
        2 submodules
        1   gate
        1   gold

3.14. Executing CHECK pass (checking for obvious problems).
Checking module __eqcheck_top...
Checking module gate...
Checking module gold...
Found and reported 0 problems.

4. Executing HIERARCHY pass (managing design hierarchy).
Attribute `top' found on module `__eqcheck_top'. Setting top module to __eqcheck_top.

4.1. Analyzing design hierarchy..
Top module:  \__eqcheck_top
Used module:     \gate
Used module:     \gold

4.2. Analyzing design hierarchy..
Top module:  \__eqcheck_top
Used module:     \gate
Used module:     \gold
Removed 0 unused modules.
Module __eqcheck_top directly or indirectly contains formal properties -> setting "keep" attribute.

5. Executing jny backend.

6. Executing RTLIL backend.
Output filename: ../model/design.il

End of script. Logfile hash: a94e53af8d, time: 0.03s, user: 0.02s, system: 0.01s, MEM: 18.88 MB peak
Yosys 0.68+195 (git sha1 435977e97-dirty, Release, Clang /usr/bin/clang++ 21.1.8)
Time spent: 21% 4x read_verilog (0 sec), 21% 2x check (0 sec), ...
