
 /----------------------------------------------------------------------------\
 |  yosys -- Yosys Open SYnthesis Suite                                       |
 |  Copyright (C) 2012 - 2026  Claire Xenia Wolf <claire@yosyshq.com>         |
 |  Distributed under an ISC-like license, type "license" to see terms        |
 \----------------------------------------------------------------------------/
 Yosys 0.68+195 (git sha1 435977e97-dirty, Release, Clang /usr/bin/clang++ 21.1.8)

-- Executing script file `/mnt/d/tushar/Downloads/RTL.ai/runs/alu8_20260909T202054Z/formal/prepare.ys' --

1. Executing Verilog-2005 frontend: /mnt/d/tushar/Downloads/RTL.ai/designs/alu8_baseline.v
Parsing SystemVerilog input from `/mnt/d/tushar/Downloads/RTL.ai/designs/alu8_baseline.v' to AST representation.
Generating RTLIL representation for module `\alu8'.
Successfully finished Verilog frontend.
Renaming module \alu8 to \gold.

2. Executing Verilog-2005 frontend: /mnt/d/tushar/Downloads/RTL.ai/designs/alu8_ripple_candidate.v
Parsing SystemVerilog input from `/mnt/d/tushar/Downloads/RTL.ai/designs/alu8_ripple_candidate.v' to AST representation.
Generating RTLIL representation for module `\full_adder'.
Generating RTLIL representation for module `\alu8'.
Successfully finished Verilog frontend.
Renaming module \alu8 to \gate.

3. Executing HIERARCHY pass (managing design hierarchy).

4. Executing PROC pass (convert processes to netlists).

4.1. Executing PROC_CLEAN pass (remove empty switches from decision trees).
Cleaned up 0 empty switches.

4.2. Executing PROC_RMDEAD pass (remove dead branches from decision trees).
Marked 1 switch rules as full_case in process $proc$/mnt/d/tushar/Downloads/RTL.ai/designs/alu8_ripple_candidate.v:74$26 in module gate.
Removed 1 dead cases from process $proc$/mnt/d/tushar/Downloads/RTL.ai/designs/alu8_ripple_candidate.v:60$20 in module gate.
Marked 1 switch rules as full_case in process $proc$/mnt/d/tushar/Downloads/RTL.ai/designs/alu8_ripple_candidate.v:60$20 in module gate.
Marked 1 switch rules as full_case in process $proc$/mnt/d/tushar/Downloads/RTL.ai/designs/alu8_baseline.v:38$9 in module gold.
Removed 1 dead cases from process $proc$/mnt/d/tushar/Downloads/RTL.ai/designs/alu8_baseline.v:24$1 in module gold.
Marked 1 switch rules as full_case in process $proc$/mnt/d/tushar/Downloads/RTL.ai/designs/alu8_baseline.v:24$1 in module gold.
Removed a total of 2 dead cases.

4.3. Executing PROC_PRUNE pass (remove redundant assignments in processes).
Removed 6 redundant assignments.
Promoted 4 assignments to connections.

4.4. Executing PROC_INIT pass (extract init attributes).

4.5. Executing PROC_ARST pass (detect async resets in processes).

4.6. Executing PROC_ROM pass (convert switches to ROMs).
Converted 0 switches.
<suppressed ~4 debug messages>

4.7. Executing PROC_MUX pass (convert decision trees to multiplexers).
Creating decoders for process `\gate.$proc$/mnt/d/tushar/Downloads/RTL.ai/designs/alu8_ripple_candidate.v:74$26'.
     1/3: $0\zero[0:0]
     2/3: $0\carry[0:0]
     3/3: $0\result[7:0]
Creating decoders for process `\gate.$proc$/mnt/d/tushar/Downloads/RTL.ai/designs/alu8_ripple_candidate.v:60$20'.
     1/2: $1\carry_next[0:0]
     2/2: $1\result_next[7:0]
Creating decoders for process `\gold.$proc$/mnt/d/tushar/Downloads/RTL.ai/designs/alu8_baseline.v:38$9'.
     1/3: $0\zero[0:0]
     2/3: $0\carry[0:0]
     3/3: $0\result[7:0]
Creating decoders for process `\gold.$proc$/mnt/d/tushar/Downloads/RTL.ai/designs/alu8_baseline.v:24$1'.
     1/2: $1\carry_next[0:0]
     2/2: $1\result_next[7:0]

4.8. Executing PROC_DLATCH pass (convert process syncs to latches).
No latch inferred for signal `\gate.\result_next' from process `\gate.$proc$/mnt/d/tushar/Downloads/RTL.ai/designs/alu8_ripple_candidate.v:60$20'.
No latch inferred for signal `\gate.\carry_next' from process `\gate.$proc$/mnt/d/tushar/Downloads/RTL.ai/designs/alu8_ripple_candidate.v:60$20'.
No latch inferred for signal `\gold.\result_next' from process `\gold.$proc$/mnt/d/tushar/Downloads/RTL.ai/designs/alu8_baseline.v:24$1'.
No latch inferred for signal `\gold.\carry_next' from process `\gold.$proc$/mnt/d/tushar/Downloads/RTL.ai/designs/alu8_baseline.v:24$1'.

4.9. Executing PROC_DFF pass (convert process syncs to FFs).
Creating register for signal `\gate.\result' using process `\gate.$proc$/mnt/d/tushar/Downloads/RTL.ai/designs/alu8_ripple_candidate.v:74$26'.
  created $dff cell `$procdff$82' with positive edge clock.
Creating register for signal `\gate.\zero' using process `\gate.$proc$/mnt/d/tushar/Downloads/RTL.ai/designs/alu8_ripple_candidate.v:74$26'.
  created $dff cell `$procdff$83' with positive edge clock.
Creating register for signal `\gate.\carry' using process `\gate.$proc$/mnt/d/tushar/Downloads/RTL.ai/designs/alu8_ripple_candidate.v:74$26'.
  created $dff cell `$procdff$84' with positive edge clock.
Creating register for signal `\gold.\result' using process `\gold.$proc$/mnt/d/tushar/Downloads/RTL.ai/designs/alu8_baseline.v:38$9'.
  created $dff cell `$procdff$85' with positive edge clock.
Creating register for signal `\gold.\zero' using process `\gold.$proc$/mnt/d/tushar/Downloads/RTL.ai/designs/alu8_baseline.v:38$9'.
  created $dff cell `$procdff$86' with positive edge clock.
Creating register for signal `\gold.\carry' using process `\gold.$proc$/mnt/d/tushar/Downloads/RTL.ai/designs/alu8_baseline.v:38$9'.
  created $dff cell `$procdff$87' with positive edge clock.

4.10. Executing PROC_MEMWR pass (convert process memory writes to cells).

4.11. Executing PROC_CLEAN pass (remove empty switches from decision trees).
Found and cleaned up 1 empty switch in `\gate.$proc$/mnt/d/tushar/Downloads/RTL.ai/designs/alu8_ripple_candidate.v:74$26'.
Removing empty process `gate.$proc$/mnt/d/tushar/Downloads/RTL.ai/designs/alu8_ripple_candidate.v:74$26'.
Found and cleaned up 1 empty switch in `\gate.$proc$/mnt/d/tushar/Downloads/RTL.ai/designs/alu8_ripple_candidate.v:60$20'.
Removing empty process `gate.$proc$/mnt/d/tushar/Downloads/RTL.ai/designs/alu8_ripple_candidate.v:60$20'.
Found and cleaned up 1 empty switch in `\gold.$proc$/mnt/d/tushar/Downloads/RTL.ai/designs/alu8_baseline.v:38$9'.
Removing empty process `gold.$proc$/mnt/d/tushar/Downloads/RTL.ai/designs/alu8_baseline.v:38$9'.
Found and cleaned up 1 empty switch in `\gold.$proc$/mnt/d/tushar/Downloads/RTL.ai/designs/alu8_baseline.v:24$1'.
Removing empty process `gold.$proc$/mnt/d/tushar/Downloads/RTL.ai/designs/alu8_baseline.v:24$1'.
Cleaned up 4 empty switches.

4.12. Executing OPT_EXPR pass (perform const folding).
Optimizing module gate.
<suppressed ~5 debug messages>
Optimizing module full_adder.
Optimizing module gold.
<suppressed ~5 debug messages>

5. Executing Verilog backend.

5.1. Executing BMUXMAP pass.

5.2. Executing DEMUXMAP pass.
Dumping module `\full_adder'.
Dumping module `\gate'.
Dumping module `\gold'.

6. Executing JSON backend.

End of script. Logfile hash: 6996ddace3, time: 0.04s, user: 0.01s, system: 0.00s, MEM: 17.12 MB peak
Yosys 0.68+195 (git sha1 435977e97-dirty, Release, Clang /usr/bin/clang++ 21.1.8)
Time spent: 55% 4x read_verilog (0 sec), 15% 2x write_json (0 sec), ...
