Startpoint: _2510_ (rising edge-triggered flip-flop clocked by clk)
Endpoint: _2533_ (rising edge-triggered flip-flop clocked by clk)
Path Group: clk
Path Type: max

  Delay    Time   Description
---------------------------------------------------------
   0.00    0.00   clock clk (rise edge)
   0.00    0.00   clock network delay (ideal)
   0.00    0.00 ^ _2510_/CK (DFF_X1)
   0.13    0.13 ^ _2510_/Q (DFF_X1)
   0.07    0.19 ^ _1608_/Z (XOR2_X1)
   0.06    0.25 ^ _1615_/Z (XOR2_X1)
   0.05    0.30 ^ _1627_/ZN (XNOR2_X1)
   0.06    0.36 ^ _1630_/Z (XOR2_X1)
   0.05    0.41 ^ _1680_/ZN (XNOR2_X1)
   0.06    0.47 ^ _1698_/Z (XOR2_X1)
   0.05    0.52 ^ _1851_/ZN (XNOR2_X1)
   0.06    0.59 ^ _1869_/Z (XOR2_X1)
   0.03    0.61 v _1870_/ZN (AOI21_X1)
   0.04    0.65 ^ _1871_/ZN (AOI21_X1)
   0.03    0.68 v _1873_/ZN (AOI21_X1)
   0.05    0.72 ^ _1874_/ZN (OAI21_X1)
   0.06    0.78 ^ _1984_/Z (XOR2_X1)
   0.06    0.85 ^ _2029_/Z (XOR2_X1)
   0.06    0.90 ^ _2082_/Z (XOR2_X1)
   0.06    0.97 ^ _2124_/Z (XOR2_X1)
   0.06    1.02 ^ _2260_/Z (XOR2_X1)
   0.06    1.09 ^ _2312_/Z (XOR2_X1)
   0.03    1.11 v _2314_/ZN (AOI21_X1)
   0.05    1.16 ^ _2316_/ZN (OAI21_X1)
   0.03    1.19 v _2317_/ZN (AOI21_X1)
   0.05    1.23 ^ _2318_/ZN (OAI21_X1)
   0.03    1.26 v _2320_/ZN (AOI21_X1)
   0.03    1.29 ^ _2321_/ZN (NOR2_X1)
   0.02    1.31 v _2322_/ZN (AOI21_X1)
   0.12    1.43 v _2329_/ZN (OR4_X1)
   0.07    1.50 v _2330_/Z (MUX2_X1)
   0.04    1.54 ^ _2331_/ZN (OAI21_X1)
   0.02    1.56 v _2332_/ZN (AOI21_X1)
   0.00    1.56 v _2533_/D (DFF_X1)
           1.56   data arrival time

   1.48    1.48   clock clk (rise edge)
   0.00    1.48   clock network delay (ideal)
   0.00    1.48   clock reconvergence pessimism
           1.48 ^ _2533_/CK (DFF_X1)
  -0.04    1.44   library setup time
           1.44   data required time
---------------------------------------------------------
           1.44   data required time
          -1.56   data arrival time
---------------------------------------------------------
          -0.12   slack (VIOLATED)


