
 /----------------------------------------------------------------------------\
 |  yosys -- Yosys Open SYnthesis Suite                                       |
 |  Copyright (C) 2012 - 2026  Claire Xenia Wolf <claire@yosyshq.com>         |
 |  Distributed under an ISC-like license, type "license" to see terms        |
 \----------------------------------------------------------------------------/
 Yosys 0.68+130 (git sha1 dd83bbad2-dirty, Release, Clang /usr/local/osxcross/target/bin/aarch64-apple-darwin25.5-clang++ 21.1.8)

-- Executing script file `design_smt2.ys' --

1. Executing RTLIL frontend.
Input filename: design_prep.il

2. Executing HIERARCHY pass (managing design hierarchy).
Attribute `top' found on module `__eqcheck_top'. Setting top module to __eqcheck_top.

2.1. Analyzing design hierarchy..
Top module:  \__eqcheck_top
Used module:     \gate
Used module:     \gold

2.2. Analyzing design hierarchy..
Top module:  \__eqcheck_top
Used module:     \gate
Used module:     \gold
Removed 0 unused modules.
Module __eqcheck_top directly or indirectly contains formal properties -> setting "keep" attribute.

3. Executing FORMALFF pass.

4. Executing DFFUNMAP pass (unmap clock enable and synchronous reset from FFs).

5. Printing statistics.

=== __eqcheck_top ===

        +----------Local Count, excluding submodules.
        | 
       26 wires
       54 wire bits
       11 public wires
       39 public wire bits
        4 ports
        4 port bits
       20 cells
        1   $assert
        1   $assume
        2   $eq
        2   $eqx
        6   $ff
        2   $logic_and
        6   $mux
        2 submodules
        1   gate
        1   gold

=== gate ===

        +----------Local Count, excluding submodules.
        | 
       18 wires
       88 wire bits
       10 public wires
       52 public wire bits
        6 ports
       20 port bits
       14 cells
        1   $add
        2   $anyinit
        2   $eqx
        4   $ff
        5   $mux

=== gold ===

        +----------Local Count, excluding submodules.
        | 
       22 wires
      120 wire bits
       12 public wires
       68 public wire bits
        6 ports
       20 port bits
       18 cells
        1   $add
        3   $anyinit
        2   $eqx
        5   $ff
        7   $mux

=== design hierarchy ===

        +----------Count including submodules.
        | 
       52 __eqcheck_top
       14 gate
       18 gold

        +----------Count including submodules.
        | 
       66 wires
      262 wire bits
       33 public wires
      159 public wire bits
       16 ports
       44 port bits
        - memories
        - memory bits
        - processes
       52 cells
        2   $add
        5   $anyinit
        1   $assert
        1   $assume
        2   $eq
        6   $eqx
       15   $ff
        2   $logic_and
       18   $mux
        2 submodules
        1   gate
        1   gold

6. Executing SMT2 backend.

6.1. Executing BMUXMAP pass.

6.2. Executing DEMUXMAP pass.
Creating SMT-LIBv2 representation of module gold.
Creating SMT-LIBv2 representation of module gate.
Creating SMT-LIBv2 representation of module __eqcheck_top.

End of script. Logfile hash: e63d1f842f, time: 0.00s, user: 0.00s, system: 0.00s, MEM: 11.88 MB peak
Yosys 0.68+130 (git sha1 dd83bbad2-dirty, Release, Clang /usr/local/osxcross/target/bin/aarch64-apple-darwin25.5-clang++ 21.1.8)
Time spent: 64% 2x write_smt2 (0 sec), 15% 2x read_rtlil (0 sec), ...
