
 /----------------------------------------------------------------------------\
 |  yosys -- Yosys Open SYnthesis Suite                                       |
 |  Copyright (C) 2012 - 2026  Claire Xenia Wolf <claire@yosyshq.com>         |
 |  Distributed under an ISC-like license, type "license" to see terms        |
 \----------------------------------------------------------------------------/
 Yosys 0.68+195 (git sha1 435977e97-dirty, Release, Clang /usr/bin/clang++ 21.1.8)

-- Executing script file `run.ys' --

1. Executing Verilog-2005 frontend: ../../../partitions/bm_mac8.acc.sv
Parsing SystemVerilog input from `../../../partitions/bm_mac8.acc.sv' to AST representation.
Generating RTLIL representation for module `\miter'.
Generating RTLIL representation for module `\miter_cmp_prop'.
Generating RTLIL representation for module `\miter_def_prop'.
Generating RTLIL representation for module `\gold.bm_mac8.acc'.
Generating RTLIL representation for module `\gate.bm_mac8.acc'.
Successfully finished Verilog frontend.

2. Executing RTLIL frontend.
Input filename: ../../../partitions/bm_mac8.acc.il
Replacing existing blackbox module \gold.bm_mac8.acc.
Replacing existing blackbox module \gate.bm_mac8.acc.

3. Executing HIERARCHY pass (managing design hierarchy).

3.1. Analyzing design hierarchy..
Top module:  \miter
Used module:     \miter_cmp_prop
Used module:     \gate.bm_mac8.acc
Used module:     \gold.bm_mac8.acc
Parameter 1 (\WIDTH) = 19
Parameter 2 (\TYPE) = 48'011000010111001101110011011001010111001001110100

3.2. Executing AST frontend in derive mode using pre-parsed AST for module `\miter_cmp_prop'.
Parameter 1 (\WIDTH) = 19
Parameter 2 (\TYPE) = 48'011000010111001101110011011001010111001001110100
Generating RTLIL representation for module `$paramod$63b57eee06c3a2bf1cc89e7b289433a700626545\miter_cmp_prop'.
Parameter 1 (\WIDTH) = 21
Parameter 2 (\TYPE) = 48'011000010111001101110011011001010111001001110100

3.3. Executing AST frontend in derive mode using pre-parsed AST for module `\miter_cmp_prop'.
Parameter 1 (\WIDTH) = 21
Parameter 2 (\TYPE) = 48'011000010111001101110011011001010111001001110100
Generating RTLIL representation for module `$paramod$153adbadc8c39e43166093f155d0e9a2c5147857\miter_cmp_prop'.

3.4. Analyzing design hierarchy..
Top module:  \miter
Used module:     $paramod$63b57eee06c3a2bf1cc89e7b289433a700626545\miter_cmp_prop
Used module:     $paramod$153adbadc8c39e43166093f155d0e9a2c5147857\miter_cmp_prop
Used module:     \gate.bm_mac8.acc
Used module:     \gold.bm_mac8.acc

3.5. Analyzing design hierarchy..
Top module:  \miter
Used module:     $paramod$63b57eee06c3a2bf1cc89e7b289433a700626545\miter_cmp_prop
Used module:     $paramod$153adbadc8c39e43166093f155d0e9a2c5147857\miter_cmp_prop
Used module:     \gate.bm_mac8.acc
Used module:     \gold.bm_mac8.acc
Removing unused module `\miter_def_prop'.
Removing unused module `\miter_cmp_prop'.
Removed 2 unused modules.
Module $paramod$153adbadc8c39e43166093f155d0e9a2c5147857\miter_cmp_prop directly or indirectly contains formal properties -> setting "keep" attribute.
Module $paramod$63b57eee06c3a2bf1cc89e7b289433a700626545\miter_cmp_prop directly or indirectly contains formal properties -> setting "keep" attribute.
Module miter directly or indirectly contains formal properties -> setting "keep" attribute.
Mapping positional arguments of cell miter.__po_c7__18_0__assert ($paramod$63b57eee06c3a2bf1cc89e7b289433a700626545\miter_cmp_prop).
Mapping positional arguments of cell miter.__po_acc__assert ($paramod$153adbadc8c39e43166093f155d0e9a2c5147857\miter_cmp_prop).

4. Executing PROC pass (convert processes to netlists).

4.1. Executing PROC_CLEAN pass (remove empty switches from decision trees).
Cleaned up 0 empty switches.

4.2. Executing PROC_RMDEAD pass (remove dead branches from decision trees).
Removed a total of 0 dead cases.

4.3. Executing PROC_PRUNE pass (remove redundant assignments in processes).
Removed 2 redundant assignments.
Promoted 6 assignments to connections.

4.4. Executing PROC_INIT pass (extract init attributes).

4.5. Executing PROC_ARST pass (detect async resets in processes).

4.6. Executing PROC_ROM pass (convert switches to ROMs).
Converted 0 switches.

4.7. Executing PROC_MUX pass (convert decision trees to multiplexers).
Creating decoders for process `$paramod$153adbadc8c39e43166093f155d0e9a2c5147857\miter_cmp_prop.$proc$../../../partitions/bm_mac8.acc.sv:101$271'.
Creating decoders for process `$paramod$153adbadc8c39e43166093f155d0e9a2c5147857\miter_cmp_prop.$proc$../../../partitions/bm_mac8.acc.sv:95$186'.
Creating decoders for process `$paramod$63b57eee06c3a2bf1cc89e7b289433a700626545\miter_cmp_prop.$proc$../../../partitions/bm_mac8.acc.sv:101$184'.
Creating decoders for process `$paramod$63b57eee06c3a2bf1cc89e7b289433a700626545\miter_cmp_prop.$proc$../../../partitions/bm_mac8.acc.sv:95$107'.

4.8. Executing PROC_DLATCH pass (convert process syncs to latches).
No latch inferred for signal `$paramod$153adbadc8c39e43166093f155d0e9a2c5147857\miter_cmp_prop.\i' from process `$paramod$153adbadc8c39e43166093f155d0e9a2c5147857\miter_cmp_prop.$proc$../../../partitions/bm_mac8.acc.sv:95$186'.
No latch inferred for signal `$paramod$153adbadc8c39e43166093f155d0e9a2c5147857\miter_cmp_prop.\okay' from process `$paramod$153adbadc8c39e43166093f155d0e9a2c5147857\miter_cmp_prop.$proc$../../../partitions/bm_mac8.acc.sv:95$186'.
No latch inferred for signal `$paramod$63b57eee06c3a2bf1cc89e7b289433a700626545\miter_cmp_prop.\i' from process `$paramod$63b57eee06c3a2bf1cc89e7b289433a700626545\miter_cmp_prop.$proc$../../../partitions/bm_mac8.acc.sv:95$107'.
No latch inferred for signal `$paramod$63b57eee06c3a2bf1cc89e7b289433a700626545\miter_cmp_prop.\okay' from process `$paramod$63b57eee06c3a2bf1cc89e7b289433a700626545\miter_cmp_prop.$proc$../../../partitions/bm_mac8.acc.sv:95$107'.

4.9. Executing PROC_DFF pass (convert process syncs to FFs).

4.10. Executing PROC_MEMWR pass (convert process memory writes to cells).

4.11. Executing PROC_CLEAN pass (remove empty switches from decision trees).
Removing empty process `$paramod$153adbadc8c39e43166093f155d0e9a2c5147857\miter_cmp_prop.$proc$../../../partitions/bm_mac8.acc.sv:101$271'.
Removing empty process `$paramod$153adbadc8c39e43166093f155d0e9a2c5147857\miter_cmp_prop.$proc$../../../partitions/bm_mac8.acc.sv:95$186'.
Removing empty process `$paramod$63b57eee06c3a2bf1cc89e7b289433a700626545\miter_cmp_prop.$proc$../../../partitions/bm_mac8.acc.sv:101$184'.
Removing empty process `$paramod$63b57eee06c3a2bf1cc89e7b289433a700626545\miter_cmp_prop.$proc$../../../partitions/bm_mac8.acc.sv:95$107'.
Cleaned up 0 empty switches.

4.12. Executing OPT_EXPR pass (perform const folding).
Optimizing module gate.bm_mac8.acc.
Optimizing module gold.bm_mac8.acc.
Optimizing module $paramod$153adbadc8c39e43166093f155d0e9a2c5147857\miter_cmp_prop.
<suppressed ~1 debug messages>
Optimizing module $paramod$63b57eee06c3a2bf1cc89e7b289433a700626545\miter_cmp_prop.
<suppressed ~1 debug messages>
Optimizing module miter.

5. Executing ASYNC2SYNC pass.

6. Executing FORMALFF pass.

7. Executing SETUNDEF pass (replace undef values with defined constants).

8. Executing FLATTEN pass (flatten design).
Deleting now unused module gate.bm_mac8.acc.
Deleting now unused module gold.bm_mac8.acc.
Deleting now unused module $paramod$153adbadc8c39e43166093f155d0e9a2c5147857\miter_cmp_prop.
Deleting now unused module $paramod$63b57eee06c3a2bf1cc89e7b289433a700626545\miter_cmp_prop.
<suppressed ~4 debug messages>

9. Executing DFFUNMAP pass (unmap clock enable and synchronous reset from FFs).

10. Executing OPT_EXPR pass (perform const folding).
Optimizing module miter.
<suppressed ~2 debug messages>

11. Executing OPT_CLEAN pass (remove unused cells and wires).
Finding unused cells or wires in module \miter..
Removed 2 unused cells and 14 unused wires.
<suppressed ~19 debug messages>

12. Executing SAT pass (solving SAT problems in the circuit).
Using SAT solver `minisat`.

Setting up time step 1:
Final constraint equation: { } = { }
Import def constraint for this timestep: \__pi_clk
Import def constraint for this timestep: \__pi_rst
Import def constraint for this timestep: \__pi_m0
Import def constraint for this timestep: \__pi_m1
Import def constraint for this timestep: \__pi_m2
Import def constraint for this timestep: \__pi_m3
Import def constraint for this timestep: \__pi_m4
Import def constraint for this timestep: \__pi_m5
Import def constraint for this timestep: \__pi_m6
Import def constraint for this timestep: \__pi_m7
Imported 182 cells to SAT database.
Import proof for assert: \__po_c7__18_0__assert.okay when 1'1.
Import proof for assert: \__po_acc__assert.okay when 1'1.

** Trying induction with length 1 **

Setting up time step 1:
Final constraint equation: { } = { }
Import def constraint for this timestep: \__pi_clk
Import def constraint for this timestep: \__pi_rst
Import def constraint for this timestep: \__pi_m0
Import def constraint for this timestep: \__pi_m1
Import def constraint for this timestep: \__pi_m2
Import def constraint for this timestep: \__pi_m3
Import def constraint for this timestep: \__pi_m4
Import def constraint for this timestep: \__pi_m5
Import def constraint for this timestep: \__pi_m6
Import def constraint for this timestep: \__pi_m7
Imported 182 cells to SAT database.
Final init constraint equation: \gold.acc = 21'x
Import proof for assert: \__po_c7__18_0__assert.okay when 1'1.
Import proof for assert: \__po_acc__assert.okay when 1'1.
Import show expression: \__po_acc__assert.in_gold
Import show expression: \__po_acc__assert.in_gate
Import show expression: \__po_acc__assert.okay
Import show expression: \__po_acc__assert.i
Import show expression: \__po_c7__18_0__assert.i
Import show expression: \__po_c7__18_0__assert.okay
Import show expression: \__po_c7__18_0__assert.in_gate
Import show expression: \__po_c7__18_0__assert.in_gold
Import show expression: \gate.acc
Import show expression: \gate.t0
Import show expression: \gate.s0
Import show expression: \gate.s1
Import show expression: \gate.t1
Import show expression: \gate.s2
Import show expression: \gate.s3
Import show expression: \gate.m7
Import show expression: \gate.m6
Import show expression: \gate.m5
Import show expression: \gate.m4
Import show expression: \gate.m3
Import show expression: \gate.m2
Import show expression: \gate.m1
Import show expression: \gate.m0
Import show expression: \gate.rst
Import show expression: \gate.c7
Import show expression: \gate.clk
Import show expression: \gate.__pi_clk
Import show expression: \gate.__pi_m0
Import show expression: \gate.__pi_m1
Import show expression: \gate.__pi_m2
Import show expression: \gate.__pi_m3
Import show expression: \gate.__pi_m4
Import show expression: \gate.__pi_m5
Import show expression: \gate.__pi_m6
Import show expression: \gate.__pi_m7
Import show expression: \gate.__pi_rst
Import show expression: \gate.__po_acc
Import show expression: \gate.__po_c7__18_0
Import show expression: \gold.acc
Import show expression: \gold.c7
Import show expression: \gold.m7
Import show expression: \gold.c6
Import show expression: \gold.m6
Import show expression: \gold.c5
Import show expression: \gold.m5
Import show expression: \gold.c4
Import show expression: \gold.m4
Import show expression: \gold.c3
Import show expression: \gold.m3
Import show expression: \gold.c2
Import show expression: \gold.m2
Import show expression: \gold.c1
Import show expression: \gold.m1
Import show expression: \gold.m0
Import show expression: \gold.c0
Import show expression: \gold.rst
Import show expression: \gold.clk
Import show expression: \gold.__pi_clk
Import show expression: \gold.__pi_m0
Import show expression: \gold.__pi_m1
Import show expression: \gold.__pi_m2
Import show expression: \gold.__pi_m3
Import show expression: \gold.__pi_m4
Import show expression: \gold.__pi_m5
Import show expression: \gold.__pi_m6
Import show expression: \gold.__pi_m7
Import show expression: \gold.__pi_rst
Import show expression: \gold.__po_acc
Import show expression: \gold.__po_c7__18_0
Import show expression: \__po_c7__18_0__gate
Import show expression: \__po_acc__gate
Import show expression: \__po_c7__18_0__gold
Import show expression: \__po_acc__gold
Import show expression: \__pi_rst
Import show expression: \__pi_m7
Import show expression: \__pi_m6
Import show expression: \__pi_m5
Import show expression: \__pi_m4
Import show expression: \__pi_m3
Import show expression: \__pi_m2
Import show expression: \__pi_m1
Import show expression: \__pi_m0
Import show expression: \__pi_clk

[base case 1] Solving problem with 9848 variables and 26177 clauses..
Base case for induction length 1 proven.

Setting up time step 2:
Final constraint equation: { } = { }
Import def constraint for this timestep: \__pi_clk
Import def constraint for this timestep: \__pi_rst
Import def constraint for this timestep: \__pi_m0
Import def constraint for this timestep: \__pi_m1
Import def constraint for this timestep: \__pi_m2
Import def constraint for this timestep: \__pi_m3
Import def constraint for this timestep: \__pi_m4
Import def constraint for this timestep: \__pi_m5
Import def constraint for this timestep: \__pi_m6
Import def constraint for this timestep: \__pi_m7
Imported 182 cells to SAT database.
Import proof for assert: \__po_c7__18_0__assert.okay when 1'1.
Import proof for assert: \__po_acc__assert.okay when 1'1.
Import show expression: \__po_acc__assert.in_gold
Import show expression: \__po_acc__assert.in_gate
Import show expression: \__po_acc__assert.okay
Import show expression: \__po_acc__assert.i
Import show expression: \__po_c7__18_0__assert.i
Import show expression: \__po_c7__18_0__assert.okay
Import show expression: \__po_c7__18_0__assert.in_gate
Import show expression: \__po_c7__18_0__assert.in_gold
Import show expression: \gate.acc
Import show expression: \gate.t0
Import show expression: \gate.s0
Import show expression: \gate.s1
Import show expression: \gate.t1
Import show expression: \gate.s2
Import show expression: \gate.s3
Import show expression: \gate.m7
Import show expression: \gate.m6
Import show expression: \gate.m5
Import show expression: \gate.m4
Import show expression: \gate.m3
Import show expression: \gate.m2
Import show expression: \gate.m1
Import show expression: \gate.m0
Import show expression: \gate.rst
Import show expression: \gate.c7
Import show expression: \gate.clk
Import show expression: \gate.__pi_clk
Import show expression: \gate.__pi_m0
Import show expression: \gate.__pi_m1
Import show expression: \gate.__pi_m2
Import show expression: \gate.__pi_m3
Import show expression: \gate.__pi_m4
Import show expression: \gate.__pi_m5
Import show expression: \gate.__pi_m6
Import show expression: \gate.__pi_m7
Import show expression: \gate.__pi_rst
Import show expression: \gate.__po_acc
Import show expression: \gate.__po_c7__18_0
Import show expression: \gold.acc
Import show expression: \gold.c7
Import show expression: \gold.m7
Import show expression: \gold.c6
Import show expression: \gold.m6
Import show expression: \gold.c5
Import show expression: \gold.m5
Import show expression: \gold.c4
Import show expression: \gold.m4
Import show expression: \gold.c3
Import show expression: \gold.m3
Import show expression: \gold.c2
Import show expression: \gold.m2
Import show expression: \gold.c1
Import show expression: \gold.m1
Import show expression: \gold.m0
Import show expression: \gold.c0
Import show expression: \gold.rst
Import show expression: \gold.clk
Import show expression: \gold.__pi_clk
Import show expression: \gold.__pi_m0
Import show expression: \gold.__pi_m1
Import show expression: \gold.__pi_m2
Import show expression: \gold.__pi_m3
Import show expression: \gold.__pi_m4
Import show expression: \gold.__pi_m5
Import show expression: \gold.__pi_m6
Import show expression: \gold.__pi_m7
Import show expression: \gold.__pi_rst
Import show expression: \gold.__po_acc
Import show expression: \gold.__po_c7__18_0
Import show expression: \__po_c7__18_0__gate
Import show expression: \__po_acc__gate
Import show expression: \__po_c7__18_0__gold
Import show expression: \__po_acc__gold
Import show expression: \__pi_rst
Import show expression: \__pi_m7
Import show expression: \__pi_m6
Import show expression: \__pi_m5
Import show expression: \__pi_m4
Import show expression: \__pi_m3
Import show expression: \__pi_m2
Import show expression: \__pi_m1
Import show expression: \__pi_m0
Import show expression: \__pi_clk

[induction step 1] Solving problem with 20026 variables and 53268 clauses..
Induction step proven: SUCCESS!

                  /$$$$$$      /$$$$$$$$     /$$$$$$$    
                 /$$__  $$    | $$_____/    | $$__  $$   
                | $$  \ $$    | $$          | $$  \ $$   
                | $$  | $$    | $$$$$       | $$  | $$   
                | $$  | $$    | $$__/       | $$  | $$   
                | $$/$$ $$    | $$          | $$  | $$   
                |  $$$$$$/ /$$| $$$$$$$$ /$$| $$$$$$$//$$
                 \____ $$$|__/|________/|__/|_______/|__/
                       \__/                              

End of script. Logfile hash: d11832b702, time: 3.04s, user: 3.05s, system: 0.02s, MEM: 42.48 MB peak
Yosys 0.68+195 (git sha1 435977e97-dirty, Release, Clang /usr/bin/clang++ 21.1.8)
Time spent: 99% 1x sat (3 sec), 0% 1x hierarchy (0 sec), ...
