
 /----------------------------------------------------------------------------\
 |  yosys -- Yosys Open SYnthesis Suite                                       |
 |  Copyright (C) 2012 - 2026  Claire Xenia Wolf <claire@yosyshq.com>         |
 |  Distributed under an ISC-like license, type "license" to see terms        |
 \----------------------------------------------------------------------------/
 Yosys 0.68+130 (git sha1 dd83bbad2-dirty, Release, Clang /usr/local/osxcross/target/bin/aarch64-apple-darwin25.5-clang++ 21.1.8)

-- Executing script file `../model/design.ys' --

1. Executing Verilog-2005 frontend: gold_gate.v
Parsing SystemVerilog input from `gold_gate.v' to AST representation.
Warning: Encountered `parallel_case' comment! Such legacy hot comments are supported by Yosys, but are not part of any formal language specification. Using the Verilog `parallel_case' attribute or the SystemVerilog `unique' or `priority' keywords is recommended!
Generating RTLIL representation for module `\gate'.
Generating RTLIL representation for module `\gold'.
Successfully finished Verilog frontend.

2. Executing Verilog-2005 frontend: eqcheck_wrapper.v
Parsing SystemVerilog input from `eqcheck_wrapper.v' to AST representation.
Generating RTLIL representation for module `\__eqcheck_top'.
Successfully finished Verilog frontend.

3. Executing PREP pass.

3.1. Executing HIERARCHY pass (managing design hierarchy).

3.1.1. Analyzing design hierarchy..
Top module:  \__eqcheck_top
Used module:     \gate
Used module:     \gold

3.1.2. Analyzing design hierarchy..
Top module:  \__eqcheck_top
Used module:     \gate
Used module:     \gold
Removed 0 unused modules.
Module __eqcheck_top directly or indirectly contains formal properties -> setting "keep" attribute.

3.2. Executing PROC pass (convert processes to netlists).

3.2.1. Executing PROC_CLEAN pass (remove empty switches from decision trees).
Cleaned up 0 empty switches.

3.2.2. Executing PROC_RMDEAD pass (remove dead branches from decision trees).
Marked 1 switch rules as full_case in process $proc$eqcheck_wrapper.v:46$536 in module __eqcheck_top.
Marked 1 switch rules as full_case in process $proc$gold_gate.v:1441$529 in module gold.
Marked 1 switch rules as full_case in process $proc$gold_gate.v:1414$523 in module gold.
Marked 1 switch rules as full_case in process $proc$gold_gate.v:1365$517 in module gold.
Marked 1 switch rules as full_case in process $proc$gold_gate.v:1331$511 in module gold.
Marked 1 switch rules as full_case in process $proc$gold_gate.v:1297$505 in module gold.
Marked 1 switch rules as full_case in process $proc$gold_gate.v:1263$499 in module gold.
Marked 1 switch rules as full_case in process $proc$gold_gate.v:1229$493 in module gold.
Marked 1 switch rules as full_case in process $proc$gold_gate.v:1195$487 in module gold.
Marked 1 switch rules as full_case in process $proc$gold_gate.v:1161$481 in module gold.
Marked 1 switch rules as full_case in process $proc$gold_gate.v:1127$475 in module gold.
Marked 1 switch rules as full_case in process $proc$gold_gate.v:675$271 in module gate.
Marked 1 switch rules as full_case in process $proc$gold_gate.v:651$265 in module gate.
Marked 1 switch rules as full_case in process $proc$gold_gate.v:614$258 in module gate.
Marked 1 switch rules as full_case in process $proc$gold_gate.v:587$252 in module gate.
Marked 1 switch rules as full_case in process $proc$gold_gate.v:553$246 in module gate.
Marked 1 switch rules as full_case in process $proc$gold_gate.v:519$240 in module gate.
Marked 1 switch rules as full_case in process $proc$gold_gate.v:485$234 in module gate.
Marked 1 switch rules as full_case in process $proc$gold_gate.v:451$228 in module gate.
Marked 1 switch rules as full_case in process $proc$gold_gate.v:417$222 in module gate.
Marked 1 switch rules as full_case in process $proc$gold_gate.v:383$216 in module gate.
Marked 1 switch rules as full_case in process $proc$gold_gate.v:349$210 in module gate.
Removed a total of 0 dead cases.

3.2.3. Executing PROC_PRUNE pass (remove redundant assignments in processes).
Removed 0 redundant assignments.
Promoted 99 assignments to connections.

3.2.4. Executing PROC_INIT pass (extract init attributes).
Found init rule in `\__eqcheck_top.$proc$eqcheck_wrapper.v:41$543'.
  Set init value: \seen_rst_clk = 1'0

3.2.5. Executing PROC_ARST pass (detect async resets in processes).

3.2.6. Executing PROC_ROM pass (convert switches to ROMs).
Converted 0 switches.
<suppressed ~23 debug messages>

3.2.7. Executing PROC_MUX pass (convert decision trees to multiplexers).
Creating decoders for process `\__eqcheck_top.$proc$eqcheck_wrapper.v:41$543'.
Creating decoders for process `\__eqcheck_top.$proc$eqcheck_wrapper.v:46$536'.
     1/2: $assert$eqcheck_wrapper.v:48$539_EN
     2/2: $assume$eqcheck_wrapper.v:47$538_EN
Creating decoders for process `\__eqcheck_top.$proc$eqcheck_wrapper.v:42$535'.
     1/1: $0\seen_rst_clk[0:0]
Creating decoders for process `\gold.$proc$gold_gate.v:1441$529'.
     1/1: $1\_344_$func$gold_gate.v:1441$296.$result[0:0]$534
Creating decoders for process `\gold.$proc$gold_gate.v:1414$523'.
     1/1: $1\_330_$func$gold_gate.v:1414$295.$result[11:0]$528
Creating decoders for process `\gold.$proc$gold_gate.v:1365$517'.
     1/1: $1\_312_$func$gold_gate.v:1365$294.$result[15:0]$522
Creating decoders for process `\gold.$proc$gold_gate.v:1331$511'.
     1/1: $1\_303_$func$gold_gate.v:1331$293.$result[15:0]$516
Creating decoders for process `\gold.$proc$gold_gate.v:1297$505'.
     1/1: $1\_294_$func$gold_gate.v:1297$292.$result[15:0]$510
Creating decoders for process `\gold.$proc$gold_gate.v:1263$499'.
     1/1: $1\_285_$func$gold_gate.v:1263$291.$result[15:0]$504
Creating decoders for process `\gold.$proc$gold_gate.v:1229$493'.
     1/1: $1\_276_$func$gold_gate.v:1229$290.$result[15:0]$498
Creating decoders for process `\gold.$proc$gold_gate.v:1195$487'.
     1/1: $1\_267_$func$gold_gate.v:1195$289.$result[15:0]$492
Creating decoders for process `\gold.$proc$gold_gate.v:1161$481'.
     1/1: $1\_258_$func$gold_gate.v:1161$288.$result[15:0]$486
Creating decoders for process `\gold.$proc$gold_gate.v:1127$475'.
     1/1: $1\_249_$func$gold_gate.v:1127$287.$result[15:0]$480
Creating decoders for process `\gold.$proc$gold_gate.v:1100$334'.
Creating decoders for process `\gold.$proc$gold_gate.v:1098$333'.
Creating decoders for process `\gold.$proc$gold_gate.v:1096$332'.
Creating decoders for process `\gold.$proc$gold_gate.v:1094$331'.
Creating decoders for process `\gold.$proc$gold_gate.v:1092$330'.
Creating decoders for process `\gold.$proc$gold_gate.v:1090$329'.
Creating decoders for process `\gate.$proc$gold_gate.v:675$271'.
     1/1: $1\_367_$func$gold_gate.v:675$22.$result[0:0]$276
Creating decoders for process `\gate.$proc$gold_gate.v:651$265'.
     1/1: $1\_356_$func$gold_gate.v:651$21.$result[2:0]$270
Creating decoders for process `\gate.$proc$gold_gate.v:614$258'.
     1/1: $1\_340_$func$gold_gate.v:614$20.$result[2:0]$264
Creating decoders for process `\gate.$proc$gold_gate.v:587$252'.
     1/1: $1\_330_$func$gold_gate.v:587$19.$result[15:0]$257
Creating decoders for process `\gate.$proc$gold_gate.v:553$246'.
     1/1: $1\_321_$func$gold_gate.v:553$18.$result[15:0]$251
Creating decoders for process `\gate.$proc$gold_gate.v:519$240'.
     1/1: $1\_312_$func$gold_gate.v:519$17.$result[15:0]$245
Creating decoders for process `\gate.$proc$gold_gate.v:485$234'.
     1/1: $1\_303_$func$gold_gate.v:485$16.$result[15:0]$239
Creating decoders for process `\gate.$proc$gold_gate.v:451$228'.
     1/1: $1\_294_$func$gold_gate.v:451$15.$result[15:0]$233
Creating decoders for process `\gate.$proc$gold_gate.v:417$222'.
     1/1: $1\_285_$func$gold_gate.v:417$14.$result[15:0]$227
Creating decoders for process `\gate.$proc$gold_gate.v:383$216'.
     1/1: $1\_276_$func$gold_gate.v:383$13.$result[15:0]$221
Creating decoders for process `\gate.$proc$gold_gate.v:349$210'.
     1/1: $1\_267_$func$gold_gate.v:349$12.$result[15:0]$215
Creating decoders for process `\gate.$proc$gold_gate.v:322$63'.
Creating decoders for process `\gate.$proc$gold_gate.v:320$62'.
Creating decoders for process `\gate.$proc$gold_gate.v:318$61'.
Creating decoders for process `\gate.$proc$gold_gate.v:316$60'.
Creating decoders for process `\gate.$proc$gold_gate.v:314$59'.
Creating decoders for process `\gate.$proc$gold_gate.v:312$58'.
Creating decoders for process `\gate.$proc$gold_gate.v:310$57'.

3.2.8. Executing PROC_DLATCH pass (convert process syncs to latches).
No latch inferred for signal `\gold.\_344_$func$gold_gate.v:1441$286.$result' from process `\gold.$proc$gold_gate.v:1441$529'.
No latch inferred for signal `\gold.\_330_$func$gold_gate.v:1414$285.$result' from process `\gold.$proc$gold_gate.v:1414$523'.
No latch inferred for signal `\gold.\_312_$func$gold_gate.v:1365$284.$result' from process `\gold.$proc$gold_gate.v:1365$517'.
No latch inferred for signal `\gold.\_303_$func$gold_gate.v:1331$283.$result' from process `\gold.$proc$gold_gate.v:1331$511'.
No latch inferred for signal `\gold.\_294_$func$gold_gate.v:1297$282.$result' from process `\gold.$proc$gold_gate.v:1297$505'.
No latch inferred for signal `\gold.\_285_$func$gold_gate.v:1263$281.$result' from process `\gold.$proc$gold_gate.v:1263$499'.
No latch inferred for signal `\gold.\_276_$func$gold_gate.v:1229$280.$result' from process `\gold.$proc$gold_gate.v:1229$493'.
No latch inferred for signal `\gold.\_267_$func$gold_gate.v:1195$279.$result' from process `\gold.$proc$gold_gate.v:1195$487'.
No latch inferred for signal `\gold.\_258_$func$gold_gate.v:1161$278.$result' from process `\gold.$proc$gold_gate.v:1161$481'.
No latch inferred for signal `\gold.\_249_$func$gold_gate.v:1127$277.$result' from process `\gold.$proc$gold_gate.v:1127$475'.
No latch inferred for signal `\gate.\_367_$func$gold_gate.v:675$11.$result' from process `\gate.$proc$gold_gate.v:675$271'.
No latch inferred for signal `\gate.\_356_$func$gold_gate.v:651$10.$result' from process `\gate.$proc$gold_gate.v:651$265'.
No latch inferred for signal `\gate.\_340_$func$gold_gate.v:614$9.$result' from process `\gate.$proc$gold_gate.v:614$258'.
No latch inferred for signal `\gate.\_330_$func$gold_gate.v:587$8.$result' from process `\gate.$proc$gold_gate.v:587$252'.
No latch inferred for signal `\gate.\_321_$func$gold_gate.v:553$7.$result' from process `\gate.$proc$gold_gate.v:553$246'.
No latch inferred for signal `\gate.\_312_$func$gold_gate.v:519$6.$result' from process `\gate.$proc$gold_gate.v:519$240'.
No latch inferred for signal `\gate.\_303_$func$gold_gate.v:485$5.$result' from process `\gate.$proc$gold_gate.v:485$234'.
No latch inferred for signal `\gate.\_294_$func$gold_gate.v:451$4.$result' from process `\gate.$proc$gold_gate.v:451$228'.
No latch inferred for signal `\gate.\_285_$func$gold_gate.v:417$3.$result' from process `\gate.$proc$gold_gate.v:417$222'.
No latch inferred for signal `\gate.\_276_$func$gold_gate.v:383$2.$result' from process `\gate.$proc$gold_gate.v:383$216'.
No latch inferred for signal `\gate.\_267_$func$gold_gate.v:349$1.$result' from process `\gate.$proc$gold_gate.v:349$210'.

3.2.9. Executing PROC_DFF pass (convert process syncs to FFs).
Creating register for signal `\__eqcheck_top.\seen_rst_clk' using process `\__eqcheck_top.$proc$eqcheck_wrapper.v:42$535'.
  created $dff cell `$procdff$747' with positive edge clock.
Creating register for signal `\gold.\op_reg' using process `\gold.$proc$gold_gate.v:1100$334'.
  created $dff cell `$procdff$748' with positive edge clock.
Creating register for signal `\gold.\b_reg' using process `\gold.$proc$gold_gate.v:1098$333'.
  created $dff cell `$procdff$749' with positive edge clock.
Creating register for signal `\gold.\a_reg' using process `\gold.$proc$gold_gate.v:1096$332'.
  created $dff cell `$procdff$750' with positive edge clock.
Creating register for signal `\gold.\state' using process `\gold.$proc$gold_gate.v:1094$331'.
  created $dff cell `$procdff$751' with positive edge clock.
Creating register for signal `\gold.\done' using process `\gold.$proc$gold_gate.v:1092$330'.
  created $dff cell `$procdff$752' with positive edge clock.
Creating register for signal `\gold.\result_vec' using process `\gold.$proc$gold_gate.v:1090$329'.
  created $dff cell `$procdff$753' with positive edge clock.
Creating register for signal `\gate.\delay_cnt' using process `\gate.$proc$gold_gate.v:322$63'.
  created $dff cell `$procdff$754' with positive edge clock.
Creating register for signal `\gate.\op_reg' using process `\gate.$proc$gold_gate.v:320$62'.
  created $dff cell `$procdff$755' with positive edge clock.
Creating register for signal `\gate.\b_reg' using process `\gate.$proc$gold_gate.v:318$61'.
  created $dff cell `$procdff$756' with positive edge clock.
Creating register for signal `\gate.\a_reg' using process `\gate.$proc$gold_gate.v:316$60'.
  created $dff cell `$procdff$757' with positive edge clock.
Creating register for signal `\gate.\state' using process `\gate.$proc$gold_gate.v:314$59'.
  created $dff cell `$procdff$758' with positive edge clock.
Creating register for signal `\gate.\done' using process `\gate.$proc$gold_gate.v:312$58'.
  created $dff cell `$procdff$759' with positive edge clock.
Creating register for signal `\gate.\result_vec' using process `\gate.$proc$gold_gate.v:310$57'.
  created $dff cell `$procdff$760' with positive edge clock.

3.2.10. Executing PROC_MEMWR pass (convert process memory writes to cells).

3.2.11. Executing PROC_CLEAN pass (remove empty switches from decision trees).
Removing empty process `__eqcheck_top.$proc$eqcheck_wrapper.v:41$543'.
Found and cleaned up 1 empty switch in `\__eqcheck_top.$proc$eqcheck_wrapper.v:46$536'.
Removing empty process `__eqcheck_top.$proc$eqcheck_wrapper.v:46$536'.
Found and cleaned up 1 empty switch in `\__eqcheck_top.$proc$eqcheck_wrapper.v:42$535'.
Removing empty process `__eqcheck_top.$proc$eqcheck_wrapper.v:42$535'.
Found and cleaned up 1 empty switch in `\gold.$proc$gold_gate.v:1441$529'.
Removing empty process `gold.$proc$gold_gate.v:1441$529'.
Found and cleaned up 1 empty switch in `\gold.$proc$gold_gate.v:1414$523'.
Removing empty process `gold.$proc$gold_gate.v:1414$523'.
Found and cleaned up 1 empty switch in `\gold.$proc$gold_gate.v:1365$517'.
Removing empty process `gold.$proc$gold_gate.v:1365$517'.
Found and cleaned up 1 empty switch in `\gold.$proc$gold_gate.v:1331$511'.
Removing empty process `gold.$proc$gold_gate.v:1331$511'.
Found and cleaned up 1 empty switch in `\gold.$proc$gold_gate.v:1297$505'.
Removing empty process `gold.$proc$gold_gate.v:1297$505'.
Found and cleaned up 1 empty switch in `\gold.$proc$gold_gate.v:1263$499'.
Removing empty process `gold.$proc$gold_gate.v:1263$499'.
Found and cleaned up 1 empty switch in `\gold.$proc$gold_gate.v:1229$493'.
Removing empty process `gold.$proc$gold_gate.v:1229$493'.
Found and cleaned up 1 empty switch in `\gold.$proc$gold_gate.v:1195$487'.
Removing empty process `gold.$proc$gold_gate.v:1195$487'.
Found and cleaned up 1 empty switch in `\gold.$proc$gold_gate.v:1161$481'.
Removing empty process `gold.$proc$gold_gate.v:1161$481'.
Found and cleaned up 1 empty switch in `\gold.$proc$gold_gate.v:1127$475'.
Removing empty process `gold.$proc$gold_gate.v:1127$475'.
Removing empty process `gold.$proc$gold_gate.v:1100$334'.
Removing empty process `gold.$proc$gold_gate.v:1098$333'.
Removing empty process `gold.$proc$gold_gate.v:1096$332'.
Removing empty process `gold.$proc$gold_gate.v:1094$331'.
Removing empty process `gold.$proc$gold_gate.v:1092$330'.
Removing empty process `gold.$proc$gold_gate.v:1090$329'.
Found and cleaned up 1 empty switch in `\gate.$proc$gold_gate.v:675$271'.
Removing empty process `gate.$proc$gold_gate.v:675$271'.
Found and cleaned up 1 empty switch in `\gate.$proc$gold_gate.v:651$265'.
Removing empty process `gate.$proc$gold_gate.v:651$265'.
Found and cleaned up 1 empty switch in `\gate.$proc$gold_gate.v:614$258'.
Removing empty process `gate.$proc$gold_gate.v:614$258'.
Found and cleaned up 1 empty switch in `\gate.$proc$gold_gate.v:587$252'.
Removing empty process `gate.$proc$gold_gate.v:587$252'.
Found and cleaned up 1 empty switch in `\gate.$proc$gold_gate.v:553$246'.
Removing empty process `gate.$proc$gold_gate.v:553$246'.
Found and cleaned up 1 empty switch in `\gate.$proc$gold_gate.v:519$240'.
Removing empty process `gate.$proc$gold_gate.v:519$240'.
Found and cleaned up 1 empty switch in `\gate.$proc$gold_gate.v:485$234'.
Removing empty process `gate.$proc$gold_gate.v:485$234'.
Found and cleaned up 1 empty switch in `\gate.$proc$gold_gate.v:451$228'.
Removing empty process `gate.$proc$gold_gate.v:451$228'.
Found and cleaned up 1 empty switch in `\gate.$proc$gold_gate.v:417$222'.
Removing empty process `gate.$proc$gold_gate.v:417$222'.
Found and cleaned up 1 empty switch in `\gate.$proc$gold_gate.v:383$216'.
Removing empty process `gate.$proc$gold_gate.v:383$216'.
Found and cleaned up 1 empty switch in `\gate.$proc$gold_gate.v:349$210'.
Removing empty process `gate.$proc$gold_gate.v:349$210'.
Removing empty process `gate.$proc$gold_gate.v:322$63'.
Removing empty process `gate.$proc$gold_gate.v:320$62'.
Removing empty process `gate.$proc$gold_gate.v:318$61'.
Removing empty process `gate.$proc$gold_gate.v:316$60'.
Removing empty process `gate.$proc$gold_gate.v:314$59'.
Removing empty process `gate.$proc$gold_gate.v:312$58'.
Removing empty process `gate.$proc$gold_gate.v:310$57'.
Cleaned up 23 empty switches.

3.2.12. Executing OPT_EXPR pass (perform const folding).
Optimizing module __eqcheck_top.
<suppressed ~2 debug messages>
Optimizing module gold.
Optimizing module gate.

3.3. Executing FUTURE pass.

3.4. Executing OPT_EXPR pass (perform const folding).
Optimizing module __eqcheck_top.
Optimizing module gold.
Optimizing module gate.

3.5. Executing OPT_CLEAN pass (remove unused cells and wires).
Finding unused cells or wires in module \__eqcheck_top..
Finding unused cells or wires in module \gold..
Finding unused cells or wires in module \gate..
Removed 1 unused cells and 775 unused wires.
<suppressed ~4 debug messages>

3.6. Executing CHECK pass (checking for obvious problems).
Checking module __eqcheck_top...
Checking module gold...
Checking module gate...
Found and reported 0 problems.

3.7. Executing OPT pass (performing simple optimizations).

3.7.1. Executing OPT_EXPR pass (perform const folding).
Optimizing module __eqcheck_top.
Optimizing module gold.
Optimizing module gate.

3.7.2. Executing OPT_MERGE pass (detect identical cells).
Finding identical cells in module `\__eqcheck_top'.
Computing hashes of 11 cells of `\__eqcheck_top'.
Finding duplicate cells in `\__eqcheck_top'.
Finding identical cells in module `\gold'.
Computing hashes of 188 cells of `\gold'.
Finding duplicate cells in `\gold'.
Computing hashes of 127 cells of `\gold'.
Finding duplicate cells in `\gold'.
<suppressed ~183 debug messages>
Finding identical cells in module `\gate'.
Computing hashes of 198 cells of `\gate'.
Finding duplicate cells in `\gate'.
Computing hashes of 131 cells of `\gate'.
Finding duplicate cells in `\gate'.
<suppressed ~201 debug messages>
Removed a total of 128 cells.

3.7.3. Executing OPT_MUXTREE pass (detect dead branches in mux trees).
Running muxtree optimizer on module \__eqcheck_top..
  Creating internal representation of mux trees.
  Evaluating internal representation of mux trees.
  Analyzing evaluation results.
Running muxtree optimizer on module \gold..
  Creating internal representation of mux trees.
  Evaluating internal representation of mux trees.
  Analyzing evaluation results.
Running muxtree optimizer on module \gate..
  Creating internal representation of mux trees.
  Evaluating internal representation of mux trees.
  Analyzing evaluation results.
Removed 0 multiplexer ports.
<suppressed ~99 debug messages>

3.7.4. Executing OPT_REDUCE pass (consolidate $*mux and $reduce_* inputs).
  Optimizing cells in module \__eqcheck_top.
  Optimizing cells in module \gold.
  Optimizing cells in module \gate.
    New ctrl vector for $pmux cell $procmux$662: { $auto$opt_reduce.cc:137:opt_pmux$762 \_160_ \_156_ }
  Optimizing cells in module \gate.
Performed a total of 1 changes.

3.7.5. Executing OPT_MERGE pass (detect identical cells).
Finding identical cells in module `\__eqcheck_top'.
Computing hashes of 11 cells of `\__eqcheck_top'.
Finding duplicate cells in `\__eqcheck_top'.
Finding identical cells in module `\gold'.
Computing hashes of 127 cells of `\gold'.
Finding duplicate cells in `\gold'.
Finding identical cells in module `\gate'.
Computing hashes of 132 cells of `\gate'.
Finding duplicate cells in `\gate'.
Computing hashes of 131 cells of `\gate'.
Finding duplicate cells in `\gate'.
<suppressed ~3 debug messages>
Removed a total of 1 cells.

3.7.6. Executing OPT_CLEAN pass (remove unused cells and wires).
Finding unused cells or wires in module \__eqcheck_top..
Finding unused cells or wires in module \gold..
Finding unused cells or wires in module \gate..
Removed 0 unused cells and 129 unused wires.
<suppressed ~2 debug messages>

3.7.7. Executing OPT_EXPR pass (perform const folding).
Optimizing module __eqcheck_top.
Optimizing module gold.
Optimizing module gate.

3.7.8. Rerunning OPT passes. (Maybe there is more to do..)

3.7.9. Executing OPT_MUXTREE pass (detect dead branches in mux trees).
Running muxtree optimizer on module \__eqcheck_top..
  Creating internal representation of mux trees.
  Evaluating internal representation of mux trees.
  Analyzing evaluation results.
Running muxtree optimizer on module \gold..
  Creating internal representation of mux trees.
  Evaluating internal representation of mux trees.
  Analyzing evaluation results.
Running muxtree optimizer on module \gate..
  Creating internal representation of mux trees.
  Evaluating internal representation of mux trees.
  Analyzing evaluation results.
Removed 0 multiplexer ports.
<suppressed ~101 debug messages>

3.7.10. Executing OPT_REDUCE pass (consolidate $*mux and $reduce_* inputs).
  Optimizing cells in module \__eqcheck_top.
  Optimizing cells in module \gold.
  Optimizing cells in module \gate.
    New ctrl vector for $pmux cell $procmux$662: { $auto$opt_reduce.cc:137:opt_pmux$764 $auto$opt_reduce.cc:137:opt_pmux$762 }
  Optimizing cells in module \gate.
Performed a total of 1 changes.

3.7.11. Executing OPT_MERGE pass (detect identical cells).
Finding identical cells in module `\__eqcheck_top'.
Computing hashes of 11 cells of `\__eqcheck_top'.
Finding duplicate cells in `\__eqcheck_top'.
Finding identical cells in module `\gold'.
Computing hashes of 127 cells of `\gold'.
Finding duplicate cells in `\gold'.
Finding identical cells in module `\gate'.
Computing hashes of 132 cells of `\gate'.
Finding duplicate cells in `\gate'.
Removed a total of 0 cells.

3.7.12. Executing OPT_CLEAN pass (remove unused cells and wires).
Finding unused cells or wires in module \__eqcheck_top..
Finding unused cells or wires in module \gold..
Finding unused cells or wires in module \gate..

3.7.13. Executing OPT_EXPR pass (perform const folding).
Optimizing module __eqcheck_top.
Optimizing module gold.
Optimizing module gate.

3.7.14. Rerunning OPT passes. (Maybe there is more to do..)

3.7.15. Executing OPT_MUXTREE pass (detect dead branches in mux trees).
Running muxtree optimizer on module \__eqcheck_top..
  Creating internal representation of mux trees.
  Evaluating internal representation of mux trees.
  Analyzing evaluation results.
Running muxtree optimizer on module \gold..
  Creating internal representation of mux trees.
  Evaluating internal representation of mux trees.
  Analyzing evaluation results.
Running muxtree optimizer on module \gate..
  Creating internal representation of mux trees.
  Evaluating internal representation of mux trees.
  Analyzing evaluation results.
Removed 0 multiplexer ports.
<suppressed ~98 debug messages>

3.7.16. Executing OPT_REDUCE pass (consolidate $*mux and $reduce_* inputs).
  Optimizing cells in module \__eqcheck_top.
  Optimizing cells in module \gold.
  Optimizing cells in module \gate.
Performed a total of 0 changes.

3.7.17. Executing OPT_MERGE pass (detect identical cells).
Finding identical cells in module `\__eqcheck_top'.
Computing hashes of 11 cells of `\__eqcheck_top'.
Finding duplicate cells in `\__eqcheck_top'.
Finding identical cells in module `\gold'.
Computing hashes of 127 cells of `\gold'.
Finding duplicate cells in `\gold'.
Finding identical cells in module `\gate'.
Computing hashes of 132 cells of `\gate'.
Finding duplicate cells in `\gate'.
Removed a total of 0 cells.

3.7.18. Executing OPT_CLEAN pass (remove unused cells and wires).
Finding unused cells or wires in module \__eqcheck_top..
Finding unused cells or wires in module \gold..
Finding unused cells or wires in module \gate..

3.7.19. Executing OPT_EXPR pass (perform const folding).
Optimizing module __eqcheck_top.
Optimizing module gold.
Optimizing module gate.

3.7.20. Finished fast OPT passes. (There is nothing left to do.)

3.8. Executing WREDUCE pass (reducing word size of cells).
Removed top 1 bits (of 3) from port B of cell gold.$eq$gold_gate.v:1370$395 ($eq).
Removed top 1 bits (of 3) from port B of cell gold.$eq$gold_gate.v:1371$396 ($eq).
Removed top 2 bits (of 3) from port B of cell gold.$eq$gold_gate.v:1372$397 ($eq).
Removed top 1 bits (of 12) from port B of cell gold.$eq$gold_gate.v:1415$408 ($eq).
Removed top 3 bits (of 12) from port B of cell gold.$eq$gold_gate.v:1417$410 ($eq).
Removed top 4 bits (of 12) from port B of cell gold.$eq$gold_gate.v:1418$411 ($eq).
Removed top 5 bits (of 12) from port B of cell gold.$eq$gold_gate.v:1419$412 ($eq).
Removed top 6 bits (of 12) from port B of cell gold.$eq$gold_gate.v:1420$413 ($eq).
Removed top 7 bits (of 12) from port B of cell gold.$eq$gold_gate.v:1421$414 ($eq).
Removed top 8 bits (of 12) from port B of cell gold.$eq$gold_gate.v:1422$415 ($eq).
Removed top 9 bits (of 12) from port B of cell gold.$eq$gold_gate.v:1423$416 ($eq).
Removed top 10 bits (of 12) from port B of cell gold.$eq$gold_gate.v:1424$417 ($eq).
Removed top 11 bits (of 12) from port B of cell gold.$eq$gold_gate.v:1443$422 ($eq).
Removed top 2 bits (of 12) from port B of cell gold.$eq$gold_gate.v:1446$425 ($eq).
Removed top 1 bits (of 3) from port B of cell gate.$eq$gold_gate.v:592$124 ($eq).
Removed top 1 bits (of 3) from port B of cell gate.$eq$gold_gate.v:593$125 ($eq).
Removed top 2 bits (of 3) from port B of cell gate.$eq$gold_gate.v:594$126 ($eq).
Removed top 1 bits (of 3) from port B of cell gate.$eq$gold_gate.v:655$147 ($eq).
Removed top 1 bits (of 3) from port B of cell gate.$eq$gold_gate.v:657$149 ($eq).
Removed top 2 bits (of 3) from port B of cell gate.$eq$gold_gate.v:658$150 ($eq).

3.9. Executing OPT_CLEAN pass (remove unused cells and wires).
Finding unused cells or wires in module \__eqcheck_top..
Finding unused cells or wires in module \gold..
Finding unused cells or wires in module \gate..

3.10. Executing MEMORY_COLLECT pass (generating $mem cells).

3.11. Executing OPT pass (performing simple optimizations).

3.11.1. Executing OPT_EXPR pass (perform const folding).
Optimizing module __eqcheck_top.
Optimizing module gold.
Optimizing module gate.

3.11.2. Executing OPT_MERGE pass (detect identical cells).
Finding identical cells in module `\__eqcheck_top'.
Computing hashes of 11 cells of `\__eqcheck_top'.
Finding duplicate cells in `\__eqcheck_top'.
Finding identical cells in module `\gold'.
Computing hashes of 127 cells of `\gold'.
Finding duplicate cells in `\gold'.
Finding identical cells in module `\gate'.
Computing hashes of 132 cells of `\gate'.
Finding duplicate cells in `\gate'.
Removed a total of 0 cells.

3.11.3. Executing OPT_CLEAN pass (remove unused cells and wires).
Finding unused cells or wires in module \__eqcheck_top..
Finding unused cells or wires in module \gold..
Finding unused cells or wires in module \gate..

3.11.4. Finished fast OPT passes.

3.12. Executing SORT pass.

3.13. Printing statistics.

=== __eqcheck_top ===

        +----------Local Count, excluding submodules.
        | 
       18 wires
      528 wire bits
       12 public wires
      522 public wire bits
        6 ports
      262 port bits
        9 cells
        2   $check
        1   $dff
        2   $eq
        1   $logic_and
        3   $mux
        2 submodules
        1   gate
        1   gold

=== gate ===

        +----------Local Count, excluding submodules.
        | 
      178 wires
     4163 wire bits
      176 public wires
     4161 public wire bits
        8 ports
      391 port bits
      132 cells
        8   $add
        8   $and
        7   $dff
       13   $eq
        8   $gt
        3   $logic_not
        8   $lt
       31   $mux
       11   $pmux
        2   $reduce_or
        8   $shl
        8   $shr
        9   $sub
        8   $xor

=== gold ===

        +----------Local Count, excluding submodules.
        | 
      170 wires
     4280 wire bits
      170 public wires
     4280 public wire bits
        8 ports
      391 port bits
      127 cells
        8   $add
        8   $and
        6   $dff
       19   $eq
        8   $gt
        1   $logic_not
        8   $lt
       27   $mux
       10   $pmux
        8   $shl
        8   $shr
        8   $sub
        8   $xor

=== design hierarchy ===

        +----------Count including submodules.
        | 
      268 __eqcheck_top
      132 gate
      127 gold

        +----------Count including submodules.
        | 
      366 wires
     8971 wire bits
      358 public wires
     8963 public wire bits
       22 ports
     1044 port bits
        - memories
        - memory bits
        - processes
      268 cells
       16   $add
       16   $and
        2   $check
       14   $dff
       34   $eq
       16   $gt
        1   $logic_and
        4   $logic_not
       16   $lt
       61   $mux
       21   $pmux
        2   $reduce_or
       16   $shl
       16   $shr
       17   $sub
       16   $xor
        2 submodules
        1   gate
        1   gold

3.14. Executing CHECK pass (checking for obvious problems).
Checking module __eqcheck_top...
Checking module gate...
Checking module gold...
Found and reported 0 problems.

4. Executing HIERARCHY pass (managing design hierarchy).
Attribute `top' found on module `__eqcheck_top'. Setting top module to __eqcheck_top.

4.1. Analyzing design hierarchy..
Top module:  \__eqcheck_top
Used module:     \gate
Used module:     \gold

4.2. Analyzing design hierarchy..
Top module:  \__eqcheck_top
Used module:     \gate
Used module:     \gold
Removed 0 unused modules.
Module __eqcheck_top directly or indirectly contains formal properties -> setting "keep" attribute.

5. Executing jny backend.

6. Executing RTLIL backend.
Output filename: ../model/design.il

Warnings: 1 unique messages, 1 total
End of script. Logfile hash: ef45155595, time: 0.08s, user: 0.08s, system: 0.00s, MEM: 26.03 MB peak
Yosys 0.68+130 (git sha1 dd83bbad2-dirty, Release, Clang /usr/local/osxcross/target/bin/aarch64-apple-darwin25.5-clang++ 21.1.8)
Time spent: 29% 4x read_verilog (0 sec), 20% 6x opt_clean (0 sec), ...
