
 /----------------------------------------------------------------------------\
 |  yosys -- Yosys Open SYnthesis Suite                                       |
 |  Copyright (C) 2012 - 2026  Claire Xenia Wolf <claire@yosyshq.com>         |
 |  Distributed under an ISC-like license, type "license" to see terms        |
 \----------------------------------------------------------------------------/
 Yosys 0.68+195 (git sha1 435977e97-dirty, Release, Clang /usr/bin/clang++ 21.1.8)

-- Executing script file `/mnt/d/tushar/Downloads/RTL.ai/runs/traffic_light_20260909T193739Z/formal/prepare.ys' --

1. Executing Verilog-2005 frontend: /mnt/d/tushar/Downloads/RTL.ai/designs/traffic_light_binary.v
Parsing SystemVerilog input from `/mnt/d/tushar/Downloads/RTL.ai/designs/traffic_light_binary.v' to AST representation.
Generating RTLIL representation for module `\traffic_light'.
Successfully finished Verilog frontend.
Renaming module \traffic_light to \gold.

2. Executing Verilog-2005 frontend: /mnt/d/tushar/Downloads/RTL.ai/designs/traffic_light_onehot.v
Parsing SystemVerilog input from `/mnt/d/tushar/Downloads/RTL.ai/designs/traffic_light_onehot.v' to AST representation.
Generating RTLIL representation for module `\traffic_light'.
Successfully finished Verilog frontend.
Renaming module \traffic_light to \gate.

3. Executing HIERARCHY pass (managing design hierarchy).

4. Executing PROC pass (convert processes to netlists).

4.1. Executing PROC_CLEAN pass (remove empty switches from decision trees).
Cleaned up 0 empty switches.

4.2. Executing PROC_RMDEAD pass (remove dead branches from decision trees).
Marked 2 switch rules as full_case in process $proc$/mnt/d/tushar/Downloads/RTL.ai/designs/traffic_light_onehot.v:16$6 in module gate.
Marked 2 switch rules as full_case in process $proc$/mnt/d/tushar/Downloads/RTL.ai/designs/traffic_light_binary.v:16$1 in module gold.
Removed a total of 0 dead cases.

4.3. Executing PROC_PRUNE pass (remove redundant assignments in processes).
Removed 2 redundant assignments.
Promoted 3 assignments to connections.

4.4. Executing PROC_INIT pass (extract init attributes).

4.5. Executing PROC_ARST pass (detect async resets in processes).

4.6. Executing PROC_ROM pass (convert switches to ROMs).
Converted 0 switches.
<suppressed ~4 debug messages>

4.7. Executing PROC_MUX pass (convert decision trees to multiplexers).
Creating decoders for process `\gate.$proc$/mnt/d/tushar/Downloads/RTL.ai/designs/traffic_light_onehot.v:16$6'.
     1/1: $0\state[2:0]
Creating decoders for process `\gold.$proc$/mnt/d/tushar/Downloads/RTL.ai/designs/traffic_light_binary.v:29$2'.
Creating decoders for process `\gold.$proc$/mnt/d/tushar/Downloads/RTL.ai/designs/traffic_light_binary.v:16$1'.
     1/1: $0\state[1:0]

4.8. Executing PROC_DLATCH pass (convert process syncs to latches).
No latch inferred for signal `\gold.\red' from process `\gold.$proc$/mnt/d/tushar/Downloads/RTL.ai/designs/traffic_light_binary.v:29$2'.
No latch inferred for signal `\gold.\green' from process `\gold.$proc$/mnt/d/tushar/Downloads/RTL.ai/designs/traffic_light_binary.v:29$2'.
No latch inferred for signal `\gold.\yellow' from process `\gold.$proc$/mnt/d/tushar/Downloads/RTL.ai/designs/traffic_light_binary.v:29$2'.

4.9. Executing PROC_DFF pass (convert process syncs to FFs).
Creating register for signal `\gate.\state' using process `\gate.$proc$/mnt/d/tushar/Downloads/RTL.ai/designs/traffic_light_onehot.v:16$6'.
  created $dff cell `$procdff$23' with positive edge clock.
Creating register for signal `\gold.\state' using process `\gold.$proc$/mnt/d/tushar/Downloads/RTL.ai/designs/traffic_light_binary.v:16$1'.
  created $dff cell `$procdff$24' with positive edge clock.

4.10. Executing PROC_MEMWR pass (convert process memory writes to cells).

4.11. Executing PROC_CLEAN pass (remove empty switches from decision trees).
Found and cleaned up 2 empty switches in `\gate.$proc$/mnt/d/tushar/Downloads/RTL.ai/designs/traffic_light_onehot.v:16$6'.
Removing empty process `gate.$proc$/mnt/d/tushar/Downloads/RTL.ai/designs/traffic_light_onehot.v:16$6'.
Removing empty process `gold.$proc$/mnt/d/tushar/Downloads/RTL.ai/designs/traffic_light_binary.v:29$2'.
Found and cleaned up 2 empty switches in `\gold.$proc$/mnt/d/tushar/Downloads/RTL.ai/designs/traffic_light_binary.v:16$1'.
Removing empty process `gold.$proc$/mnt/d/tushar/Downloads/RTL.ai/designs/traffic_light_binary.v:16$1'.
Cleaned up 4 empty switches.

4.12. Executing OPT_EXPR pass (perform const folding).
Optimizing module gate.
Optimizing module gold.
<suppressed ~2 debug messages>

5. Executing Verilog backend.

5.1. Executing BMUXMAP pass.

5.2. Executing DEMUXMAP pass.
Dumping module `\gate'.
Dumping module `\gold'.

6. Executing JSON backend.

End of script. Logfile hash: d48667460a, time: 0.02s, user: 0.00s, system: 0.00s, MEM: 16.62 MB peak
Yosys 0.68+195 (git sha1 435977e97-dirty, Release, Clang /usr/bin/clang++ 21.1.8)
Time spent: 53% 4x read_verilog (0 sec), 12% 2x write_json (0 sec), ...
