
 /----------------------------------------------------------------------------\
 |  yosys -- Yosys Open SYnthesis Suite                                       |
 |  Copyright (C) 2012 - 2026  Claire Xenia Wolf <claire@yosyshq.com>         |
 |  Distributed under an ISC-like license, type "license" to see terms        |
 \----------------------------------------------------------------------------/
 Yosys 0.68+130 (git sha1 dd83bbad2-dirty, Release, Clang /usr/local/osxcross/target/bin/aarch64-apple-darwin25.5-clang++ 21.1.8)

-- Executing script file `../model/design.ys' --

1. Executing Verilog-2005 frontend: gold_gate.v
Parsing SystemVerilog input from `gold_gate.v' to AST representation.
Generating RTLIL representation for module `\gate'.
Generating RTLIL representation for module `\gold'.
Successfully finished Verilog frontend.

2. Executing Verilog-2005 frontend: eqcheck_wrapper.v
Parsing SystemVerilog input from `eqcheck_wrapper.v' to AST representation.
Generating RTLIL representation for module `\__eqcheck_top'.
Successfully finished Verilog frontend.

3. Executing PREP pass.

3.1. Executing HIERARCHY pass (managing design hierarchy).

3.1.1. Analyzing design hierarchy..
Top module:  \__eqcheck_top
Used module:     \gate
Used module:     \gold

3.1.2. Analyzing design hierarchy..
Top module:  \__eqcheck_top
Used module:     \gate
Used module:     \gold
Removed 0 unused modules.
Module __eqcheck_top directly or indirectly contains formal properties -> setting "keep" attribute.

3.2. Executing PROC pass (convert processes to netlists).

3.2.1. Executing PROC_CLEAN pass (remove empty switches from decision trees).
Cleaned up 0 empty switches.

3.2.2. Executing PROC_RMDEAD pass (remove dead branches from decision trees).
Marked 1 switch rules as full_case in process $proc$eqcheck_wrapper.v:36$52 in module __eqcheck_top.
Removed a total of 0 dead cases.

3.2.3. Executing PROC_PRUNE pass (remove redundant assignments in processes).
Removed 0 redundant assignments.
Promoted 10 assignments to connections.

3.2.4. Executing PROC_INIT pass (extract init attributes).

3.2.5. Executing PROC_ARST pass (detect async resets in processes).

3.2.6. Executing PROC_ROM pass (convert switches to ROMs).
Converted 0 switches.
<suppressed ~1 debug messages>

3.2.7. Executing PROC_MUX pass (convert decision trees to multiplexers).
Creating decoders for process `\__eqcheck_top.$proc$eqcheck_wrapper.v:36$52'.
     1/2: $assert$eqcheck_wrapper.v:40$54_EN
     2/2: $assume$eqcheck_wrapper.v:38$53_EN
Creating decoders for process `\gold.$proc$gold_gate.v:135$45'.
Creating decoders for process `\gold.$proc$gold_gate.v:133$44'.
Creating decoders for process `\gold.$proc$gold_gate.v:131$43'.
Creating decoders for process `\gold.$proc$gold_gate.v:129$42'.
Creating decoders for process `\gold.$proc$gold_gate.v:127$41'.
Creating decoders for process `\gate.$proc$gold_gate.v:64$20'.
Creating decoders for process `\gate.$proc$gold_gate.v:62$19'.
Creating decoders for process `\gate.$proc$gold_gate.v:60$18'.
Creating decoders for process `\gate.$proc$gold_gate.v:58$17'.
Creating decoders for process `\gate.$proc$gold_gate.v:56$16'.

3.2.8. Executing PROC_DLATCH pass (convert process syncs to latches).

3.2.9. Executing PROC_DFF pass (convert process syncs to FFs).
Creating register for signal `\gold.\vld' using process `\gold.$proc$gold_gate.v:135$45'.
  created $dff cell `$procdff$64' with positive edge clock.
Creating register for signal `\gold.\b_reg' using process `\gold.$proc$gold_gate.v:133$44'.
  created $dff cell `$procdff$65' with positive edge clock.
Creating register for signal `\gold.\a_reg' using process `\gold.$proc$gold_gate.v:131$43'.
  created $dff cell `$procdff$66' with positive edge clock.
Creating register for signal `\gold.\acc' using process `\gold.$proc$gold_gate.v:129$42'.
  created $dff cell `$procdff$67' with positive edge clock.
Creating register for signal `\gold.\out_valid' using process `\gold.$proc$gold_gate.v:127$41'.
  created $dff cell `$procdff$68' with positive edge clock.
Creating register for signal `\gate.\vld' using process `\gate.$proc$gold_gate.v:64$20'.
  created $dff cell `$procdff$69' with positive edge clock.
Creating register for signal `\gate.\b_reg' using process `\gate.$proc$gold_gate.v:62$19'.
  created $dff cell `$procdff$70' with positive edge clock.
Creating register for signal `\gate.\a_reg' using process `\gate.$proc$gold_gate.v:60$18'.
  created $dff cell `$procdff$71' with positive edge clock.
Creating register for signal `\gate.\acc' using process `\gate.$proc$gold_gate.v:58$17'.
  created $dff cell `$procdff$72' with positive edge clock.
Creating register for signal `\gate.\out_valid' using process `\gate.$proc$gold_gate.v:56$16'.
  created $dff cell `$procdff$73' with positive edge clock.

3.2.10. Executing PROC_MEMWR pass (convert process memory writes to cells).

3.2.11. Executing PROC_CLEAN pass (remove empty switches from decision trees).
Found and cleaned up 1 empty switch in `\__eqcheck_top.$proc$eqcheck_wrapper.v:36$52'.
Removing empty process `__eqcheck_top.$proc$eqcheck_wrapper.v:36$52'.
Removing empty process `gold.$proc$gold_gate.v:135$45'.
Removing empty process `gold.$proc$gold_gate.v:133$44'.
Removing empty process `gold.$proc$gold_gate.v:131$43'.
Removing empty process `gold.$proc$gold_gate.v:129$42'.
Removing empty process `gold.$proc$gold_gate.v:127$41'.
Removing empty process `gate.$proc$gold_gate.v:64$20'.
Removing empty process `gate.$proc$gold_gate.v:62$19'.
Removing empty process `gate.$proc$gold_gate.v:60$18'.
Removing empty process `gate.$proc$gold_gate.v:58$17'.
Removing empty process `gate.$proc$gold_gate.v:56$16'.
Cleaned up 1 empty switch.

3.2.12. Executing OPT_EXPR pass (perform const folding).
Optimizing module __eqcheck_top.
Optimizing module gold.
Optimizing module gate.

3.3. Executing FUTURE pass.

3.4. Executing OPT_EXPR pass (perform const folding).
Optimizing module __eqcheck_top.
Optimizing module gold.
Optimizing module gate.

3.5. Executing OPT_CLEAN pass (remove unused cells and wires).
Finding unused cells or wires in module \__eqcheck_top..
Finding unused cells or wires in module \gold..
Finding unused cells or wires in module \gate..
Removed 0 unused cells and 54 unused wires.
<suppressed ~3 debug messages>

3.6. Executing CHECK pass (checking for obvious problems).
Checking module __eqcheck_top...
Checking module gold...
Checking module gate...
Found and reported 0 problems.

3.7. Executing OPT pass (performing simple optimizations).

3.7.1. Executing OPT_EXPR pass (perform const folding).
Optimizing module __eqcheck_top.
Optimizing module gold.
Optimizing module gate.

3.7.2. Executing OPT_MERGE pass (detect identical cells).
Finding identical cells in module `\__eqcheck_top'.
Computing hashes of 10 cells of `\__eqcheck_top'.
Finding duplicate cells in `\__eqcheck_top'.
Finding identical cells in module `\gold'.
Computing hashes of 25 cells of `\gold'.
Finding duplicate cells in `\gold'.
Finding identical cells in module `\gate'.
Computing hashes of 25 cells of `\gate'.
Finding duplicate cells in `\gate'.
Removed a total of 0 cells.

3.7.3. Executing OPT_MUXTREE pass (detect dead branches in mux trees).
Running muxtree optimizer on module \__eqcheck_top..
  Creating internal representation of mux trees.
  Evaluating internal representation of mux trees.
  Analyzing evaluation results.
Running muxtree optimizer on module \gold..
  Creating internal representation of mux trees.
  Evaluating internal representation of mux trees.
  Analyzing evaluation results.
Running muxtree optimizer on module \gate..
  Creating internal representation of mux trees.
  Evaluating internal representation of mux trees.
  Analyzing evaluation results.
Removed 0 multiplexer ports.
<suppressed ~24 debug messages>

3.7.4. Executing OPT_REDUCE pass (consolidate $*mux and $reduce_* inputs).
  Optimizing cells in module \__eqcheck_top.
  Optimizing cells in module \gold.
  Optimizing cells in module \gate.
Performed a total of 0 changes.

3.7.5. Executing OPT_MERGE pass (detect identical cells).
Finding identical cells in module `\__eqcheck_top'.
Computing hashes of 10 cells of `\__eqcheck_top'.
Finding duplicate cells in `\__eqcheck_top'.
Finding identical cells in module `\gold'.
Computing hashes of 25 cells of `\gold'.
Finding duplicate cells in `\gold'.
Finding identical cells in module `\gate'.
Computing hashes of 25 cells of `\gate'.
Finding duplicate cells in `\gate'.
Removed a total of 0 cells.

3.7.6. Executing OPT_CLEAN pass (remove unused cells and wires).
Finding unused cells or wires in module \__eqcheck_top..
Finding unused cells or wires in module \gold..
Finding unused cells or wires in module \gate..

3.7.7. Executing OPT_EXPR pass (perform const folding).
Optimizing module __eqcheck_top.
Optimizing module gold.
Optimizing module gate.

3.7.8. Finished fast OPT passes. (There is nothing left to do.)

3.8. Executing WREDUCE pass (reducing word size of cells).
Removed top 5 bits (of 21) from port A of cell gold.$add$gold_gate.v:112$26 ($add).
Removed top 4 bits (of 21) from port Y of cell gold.$add$gold_gate.v:112$26 ($add).
Removed top 4 bits (of 21) from port A of cell gold.$add$gold_gate.v:113$27 ($add).
Removed top 3 bits (of 21) from port Y of cell gold.$add$gold_gate.v:113$27 ($add).
Removed top 3 bits (of 21) from port A of cell gold.$add$gold_gate.v:114$28 ($add).
Removed top 2 bits (of 21) from port Y of cell gold.$add$gold_gate.v:114$28 ($add).
Removed top 2 bits (of 21) from port A of cell gold.$add$gold_gate.v:115$29 ($add).
Removed top 1 bits (of 21) from port Y of cell gold.$add$gold_gate.v:115$29 ($add).
Removed top 1 bits (of 21) from port A of cell gold.$add$gold_gate.v:116$30 ($add).
Removed top 1 bits (of 21) from wire gold.c4.
Removed top 2 bits (of 21) from wire gold.c3.
Removed top 3 bits (of 21) from wire gold.c2.
Removed top 4 bits (of 21) from wire gold.c1.
Removed top 4 bits (of 21) from port Y of cell gate.$add$gold_gate.v:41$1 ($add).
Removed top 4 bits (of 21) from port Y of cell gate.$add$gold_gate.v:42$2 ($add).
Removed top 4 bits (of 21) from port Y of cell gate.$add$gold_gate.v:43$3 ($add).
Removed top 4 bits (of 21) from port Y of cell gate.$add$gold_gate.v:44$4 ($add).
Removed top 4 bits (of 21) from port A of cell gate.$add$gold_gate.v:45$5 ($add).
Removed top 4 bits (of 21) from port B of cell gate.$add$gold_gate.v:45$5 ($add).
Removed top 3 bits (of 21) from port Y of cell gate.$add$gold_gate.v:45$5 ($add).
Removed top 4 bits (of 21) from port A of cell gate.$add$gold_gate.v:46$6 ($add).
Removed top 4 bits (of 21) from port B of cell gate.$add$gold_gate.v:46$6 ($add).
Removed top 3 bits (of 21) from port Y of cell gate.$add$gold_gate.v:46$6 ($add).
Removed top 3 bits (of 21) from port A of cell gate.$add$gold_gate.v:47$7 ($add).
Removed top 3 bits (of 21) from port B of cell gate.$add$gold_gate.v:47$7 ($add).
Removed top 2 bits (of 21) from port Y of cell gate.$add$gold_gate.v:47$7 ($add).
Removed top 2 bits (of 21) from mux cell gate.$ternary$gold_gate.v:67$22 ($mux).
Removed top 3 bits (of 21) from wire gate.t1.
Removed top 3 bits (of 21) from wire gate.t0.
Removed top 4 bits (of 21) from wire gate.s3.
Removed top 4 bits (of 21) from wire gate.s2.
Removed top 4 bits (of 21) from wire gate.s1.
Removed top 4 bits (of 21) from wire gate.s0.
Removed top 2 bits (of 21) from wire gate.acc_comb.
Removed top 2 bits (of 21) from wire gate._01_.

3.9. Executing OPT_CLEAN pass (remove unused cells and wires).
Finding unused cells or wires in module \__eqcheck_top..
Finding unused cells or wires in module \gold..
Finding unused cells or wires in module \gate..
Removed 0 unused cells and 12 unused wires.
<suppressed ~2 debug messages>

3.10. Executing MEMORY_COLLECT pass (generating $mem cells).

3.11. Executing OPT pass (performing simple optimizations).

3.11.1. Executing OPT_EXPR pass (perform const folding).
Optimizing module __eqcheck_top.
Optimizing module gold.
Optimizing module gate.

3.11.2. Executing OPT_MERGE pass (detect identical cells).
Finding identical cells in module `\__eqcheck_top'.
Computing hashes of 10 cells of `\__eqcheck_top'.
Finding duplicate cells in `\__eqcheck_top'.
Finding identical cells in module `\gold'.
Computing hashes of 25 cells of `\gold'.
Finding duplicate cells in `\gold'.
Finding identical cells in module `\gate'.
Computing hashes of 25 cells of `\gate'.
Finding duplicate cells in `\gate'.
Removed a total of 0 cells.

3.11.3. Executing OPT_CLEAN pass (remove unused cells and wires).
Finding unused cells or wires in module \__eqcheck_top..
Finding unused cells or wires in module \gold..
Finding unused cells or wires in module \gate..

3.11.4. Finished fast OPT passes.

3.12. Executing SORT pass.

3.13. Printing statistics.

=== __eqcheck_top ===

        +----------Local Count, excluding submodules.
        | 
       15 wires
      181 wire bits
        9 public wires
      175 public wire bits
        5 ports
      131 port bits
        8 cells
        2   $check
        2   $eq
        1   $initstate
        1   $logic_and
        2   $mux
        2 submodules
        1   gate
        1   gold

=== gate ===

        +----------Local Count, excluding submodules.
        | 
       30 wires
      682 wire bits
       30 public wires
      682 public wire bits
        7 ports
      153 port bits
       25 cells
        7   $add
        5   $dff
        8   $mul
        5   $mux

=== gold ===

        +----------Local Count, excluding submodules.
        | 
       31 wires
      719 wire bits
       31 public wires
      719 public wire bits
        7 ports
      153 port bits
       25 cells
        7   $add
        5   $dff
        8   $mul
        5   $mux

=== design hierarchy ===

        +----------Count including submodules.
        | 
       58 __eqcheck_top
       25 gate
       25 gold

        +----------Count including submodules.
        | 
       76 wires
     1582 wire bits
       70 public wires
     1576 public wire bits
       19 ports
      437 port bits
        - memories
        - memory bits
        - processes
       58 cells
       14   $add
        2   $check
       10   $dff
        2   $eq
        1   $initstate
        1   $logic_and
       16   $mul
       12   $mux
        2 submodules
        1   gate
        1   gold

3.14. Executing CHECK pass (checking for obvious problems).
Checking module __eqcheck_top...
Checking module gate...
Checking module gold...
Found and reported 0 problems.

4. Executing HIERARCHY pass (managing design hierarchy).
Attribute `top' found on module `__eqcheck_top'. Setting top module to __eqcheck_top.

4.1. Analyzing design hierarchy..
Top module:  \__eqcheck_top
Used module:     \gate
Used module:     \gold

4.2. Analyzing design hierarchy..
Top module:  \__eqcheck_top
Used module:     \gate
Used module:     \gold
Removed 0 unused modules.
Module __eqcheck_top directly or indirectly contains formal properties -> setting "keep" attribute.

5. Executing jny backend.

6. Executing RTLIL backend.
Output filename: ../model/design.il

End of script. Logfile hash: 79a8b0451f, time: 0.01s, user: 0.02s, system: 0.00s, MEM: 15.34 MB peak
Yosys 0.68+130 (git sha1 dd83bbad2-dirty, Release, Clang /usr/local/osxcross/target/bin/aarch64-apple-darwin25.5-clang++ 21.1.8)
Time spent: 33% 2x check (0 sec), 17% 4x opt_clean (0 sec), ...
