SBY  0:50:28 [/mnt/d/tushar/Downloads/RTL.ai/runs/web_48e595bdeba8_optimize_20260914T003745Z/round_2/attempt_2/candidate_1/formal/equiv_prove] Removing directory '/mnt/d/tushar/Downloads/RTL.ai/runs/web_48e595bdeba8_optimize_20260914T003745Z/round_2/attempt_2/candidate_1/formal/equiv_prove'.
SBY  0:50:28 [/mnt/d/tushar/Downloads/RTL.ai/runs/web_48e595bdeba8_optimize_20260914T003745Z/round_2/attempt_2/candidate_1/formal/equiv_prove] Copy '/mnt/d/tushar/Downloads/RTL.ai/runs/web_48e595bdeba8_optimize_20260914T003745Z/round_2/attempt_2/candidate_1/formal/gold_gate.v' to '/mnt/d/tushar/Downloads/RTL.ai/runs/web_48e595bdeba8_optimize_20260914T003745Z/round_2/attempt_2/candidate_1/formal/equiv_prove/src/gold_gate.v'.
SBY  0:50:28 [/mnt/d/tushar/Downloads/RTL.ai/runs/web_48e595bdeba8_optimize_20260914T003745Z/round_2/attempt_2/candidate_1/formal/equiv_prove] Copy '/mnt/d/tushar/Downloads/RTL.ai/runs/web_48e595bdeba8_optimize_20260914T003745Z/round_2/attempt_2/candidate_1/formal/eqcheck_wrapper.v' to '/mnt/d/tushar/Downloads/RTL.ai/runs/web_48e595bdeba8_optimize_20260914T003745Z/round_2/attempt_2/candidate_1/formal/equiv_prove/src/eqcheck_wrapper.v'.
SBY  0:50:28 [/mnt/d/tushar/Downloads/RTL.ai/runs/web_48e595bdeba8_optimize_20260914T003745Z/round_2/attempt_2/candidate_1/formal/equiv_prove] engine_0: smtbmc
SBY  0:50:28 [/mnt/d/tushar/Downloads/RTL.ai/runs/web_48e595bdeba8_optimize_20260914T003745Z/round_2/attempt_2/candidate_1/formal/equiv_prove] base: starting process "cd /mnt/d/tushar/Downloads/RTL.ai/runs/web_48e595bdeba8_optimize_20260914T003745Z/round_2/attempt_2/candidate_1/formal/equiv_prove/src; yosys -ql ../model/design.log ../model/design.ys"
SBY  0:50:28 [/mnt/d/tushar/Downloads/RTL.ai/runs/web_48e595bdeba8_optimize_20260914T003745Z/round_2/attempt_2/candidate_1/formal/equiv_prove] base: finished (returncode=0)
SBY  0:50:28 [/mnt/d/tushar/Downloads/RTL.ai/runs/web_48e595bdeba8_optimize_20260914T003745Z/round_2/attempt_2/candidate_1/formal/equiv_prove] prep: starting process "cd /mnt/d/tushar/Downloads/RTL.ai/runs/web_48e595bdeba8_optimize_20260914T003745Z/round_2/attempt_2/candidate_1/formal/equiv_prove/model; yosys -ql design_prep.log design_prep.ys"
SBY  0:50:28 [/mnt/d/tushar/Downloads/RTL.ai/runs/web_48e595bdeba8_optimize_20260914T003745Z/round_2/attempt_2/candidate_1/formal/equiv_prove] prep: finished (returncode=0)
SBY  0:50:28 [/mnt/d/tushar/Downloads/RTL.ai/runs/web_48e595bdeba8_optimize_20260914T003745Z/round_2/attempt_2/candidate_1/formal/equiv_prove] smt2: starting process "cd /mnt/d/tushar/Downloads/RTL.ai/runs/web_48e595bdeba8_optimize_20260914T003745Z/round_2/attempt_2/candidate_1/formal/equiv_prove/model; yosys -ql design_smt2.log design_smt2.ys"
SBY  0:50:28 [/mnt/d/tushar/Downloads/RTL.ai/runs/web_48e595bdeba8_optimize_20260914T003745Z/round_2/attempt_2/candidate_1/formal/equiv_prove] smt2: finished (returncode=0)
SBY  0:50:28 [/mnt/d/tushar/Downloads/RTL.ai/runs/web_48e595bdeba8_optimize_20260914T003745Z/round_2/attempt_2/candidate_1/formal/equiv_prove] engine_0.basecase: starting process "cd /mnt/d/tushar/Downloads/RTL.ai/runs/web_48e595bdeba8_optimize_20260914T003745Z/round_2/attempt_2/candidate_1/formal/equiv_prove; yosys-smtbmc --presat --unroll --noprogress -t 20  --append 0 --dump-vcd engine_0/trace.vcd --dump-yw engine_0/trace.yw --dump-vlogtb engine_0/trace_tb.v --dump-smtc engine_0/trace.smtc model/design_smt2.smt2"
SBY  0:50:28 [/mnt/d/tushar/Downloads/RTL.ai/runs/web_48e595bdeba8_optimize_20260914T003745Z/round_2/attempt_2/candidate_1/formal/equiv_prove] engine_0.induction: starting process "cd /mnt/d/tushar/Downloads/RTL.ai/runs/web_48e595bdeba8_optimize_20260914T003745Z/round_2/attempt_2/candidate_1/formal/equiv_prove; yosys-smtbmc --presat --unroll -i --noprogress -t 20  --append 0 --dump-vcd engine_0/trace_induct.vcd --dump-yw engine_0/trace_induct.yw --dump-vlogtb engine_0/trace_induct_tb.v --dump-smtc engine_0/trace_induct.smtc model/design_smt2.smt2"
SBY  0:50:29 [/mnt/d/tushar/Downloads/RTL.ai/runs/web_48e595bdeba8_optimize_20260914T003745Z/round_2/attempt_2/candidate_1/formal/equiv_prove] engine_0.induction: ##   0:00:00  Solver: yices
SBY  0:50:29 [/mnt/d/tushar/Downloads/RTL.ai/runs/web_48e595bdeba8_optimize_20260914T003745Z/round_2/attempt_2/candidate_1/formal/equiv_prove] engine_0.basecase: ##   0:00:00  Solver: yices
SBY  0:50:29 [/mnt/d/tushar/Downloads/RTL.ai/runs/web_48e595bdeba8_optimize_20260914T003745Z/round_2/attempt_2/candidate_1/formal/equiv_prove] engine_0.induction: ##   0:00:00  Trying induction in step 20..
SBY  0:50:29 [/mnt/d/tushar/Downloads/RTL.ai/runs/web_48e595bdeba8_optimize_20260914T003745Z/round_2/attempt_2/candidate_1/formal/equiv_prove] engine_0.basecase: ##   0:00:00  Checking assumptions in step 0..
SBY  0:50:29 [/mnt/d/tushar/Downloads/RTL.ai/runs/web_48e595bdeba8_optimize_20260914T003745Z/round_2/attempt_2/candidate_1/formal/equiv_prove] engine_0.basecase: ##   0:00:00  Checking assertions in step 0..
SBY  0:50:29 [/mnt/d/tushar/Downloads/RTL.ai/runs/web_48e595bdeba8_optimize_20260914T003745Z/round_2/attempt_2/candidate_1/formal/equiv_prove] engine_0.induction: ##   0:00:00  Trying induction in step 19..
SBY  0:50:29 [/mnt/d/tushar/Downloads/RTL.ai/runs/web_48e595bdeba8_optimize_20260914T003745Z/round_2/attempt_2/candidate_1/formal/equiv_prove] engine_0.basecase: ##   0:00:00  Checking assumptions in step 1..
SBY  0:50:29 [/mnt/d/tushar/Downloads/RTL.ai/runs/web_48e595bdeba8_optimize_20260914T003745Z/round_2/attempt_2/candidate_1/formal/equiv_prove] engine_0.basecase: ##   0:00:00  Checking assertions in step 1..
SBY  0:50:29 [/mnt/d/tushar/Downloads/RTL.ai/runs/web_48e595bdeba8_optimize_20260914T003745Z/round_2/attempt_2/candidate_1/formal/equiv_prove] engine_0.basecase: ##   0:00:00  Checking assumptions in step 2..
SBY  0:50:29 [/mnt/d/tushar/Downloads/RTL.ai/runs/web_48e595bdeba8_optimize_20260914T003745Z/round_2/attempt_2/candidate_1/formal/equiv_prove] engine_0.basecase: ##   0:00:00  Checking assertions in step 2..
SBY  0:50:29 [/mnt/d/tushar/Downloads/RTL.ai/runs/web_48e595bdeba8_optimize_20260914T003745Z/round_2/attempt_2/candidate_1/formal/equiv_prove] engine_0.induction: ##   0:00:00  Trying induction in step 18..
SBY  0:50:29 [/mnt/d/tushar/Downloads/RTL.ai/runs/web_48e595bdeba8_optimize_20260914T003745Z/round_2/attempt_2/candidate_1/formal/equiv_prove] engine_0.induction: ##   0:00:00  Trying induction in step 17..
SBY  0:50:29 [/mnt/d/tushar/Downloads/RTL.ai/runs/web_48e595bdeba8_optimize_20260914T003745Z/round_2/attempt_2/candidate_1/formal/equiv_prove] engine_0.basecase: ##   0:00:00  Checking assumptions in step 3..
SBY  0:50:29 [/mnt/d/tushar/Downloads/RTL.ai/runs/web_48e595bdeba8_optimize_20260914T003745Z/round_2/attempt_2/candidate_1/formal/equiv_prove] engine_0.basecase: ##   0:00:00  Checking assertions in step 3..
SBY  0:50:29 [/mnt/d/tushar/Downloads/RTL.ai/runs/web_48e595bdeba8_optimize_20260914T003745Z/round_2/attempt_2/candidate_1/formal/equiv_prove] engine_0.basecase: ##   0:00:00  Checking assumptions in step 4..
SBY  0:50:29 [/mnt/d/tushar/Downloads/RTL.ai/runs/web_48e595bdeba8_optimize_20260914T003745Z/round_2/attempt_2/candidate_1/formal/equiv_prove] engine_0.basecase: ##   0:00:00  Checking assertions in step 4..
SBY  0:50:29 [/mnt/d/tushar/Downloads/RTL.ai/runs/web_48e595bdeba8_optimize_20260914T003745Z/round_2/attempt_2/candidate_1/formal/equiv_prove] engine_0.induction: ##   0:00:00  Trying induction in step 16..
SBY  0:50:29 [/mnt/d/tushar/Downloads/RTL.ai/runs/web_48e595bdeba8_optimize_20260914T003745Z/round_2/attempt_2/candidate_1/formal/equiv_prove] engine_0.basecase: ##   0:00:00  Checking assumptions in step 5..
SBY  0:50:29 [/mnt/d/tushar/Downloads/RTL.ai/runs/web_48e595bdeba8_optimize_20260914T003745Z/round_2/attempt_2/candidate_1/formal/equiv_prove] engine_0.basecase: ##   0:00:00  Checking assertions in step 5..
SBY  0:50:29 [/mnt/d/tushar/Downloads/RTL.ai/runs/web_48e595bdeba8_optimize_20260914T003745Z/round_2/attempt_2/candidate_1/formal/equiv_prove] engine_0.basecase: ##   0:00:00  Checking assumptions in step 6..
SBY  0:50:29 [/mnt/d/tushar/Downloads/RTL.ai/runs/web_48e595bdeba8_optimize_20260914T003745Z/round_2/attempt_2/candidate_1/formal/equiv_prove] engine_0.basecase: ##   0:00:00  Checking assertions in step 6..
SBY  0:50:29 [/mnt/d/tushar/Downloads/RTL.ai/runs/web_48e595bdeba8_optimize_20260914T003745Z/round_2/attempt_2/candidate_1/formal/equiv_prove] engine_0.basecase: ##   0:00:00  Checking assumptions in step 7..
SBY  0:50:29 [/mnt/d/tushar/Downloads/RTL.ai/runs/web_48e595bdeba8_optimize_20260914T003745Z/round_2/attempt_2/candidate_1/formal/equiv_prove] engine_0.basecase: ##   0:00:00  Checking assertions in step 7..
SBY  0:50:29 [/mnt/d/tushar/Downloads/RTL.ai/runs/web_48e595bdeba8_optimize_20260914T003745Z/round_2/attempt_2/candidate_1/formal/equiv_prove] engine_0.basecase: ##   0:00:00  Checking assumptions in step 8..
SBY  0:50:29 [/mnt/d/tushar/Downloads/RTL.ai/runs/web_48e595bdeba8_optimize_20260914T003745Z/round_2/attempt_2/candidate_1/formal/equiv_prove] engine_0.basecase: ##   0:00:00  Checking assertions in step 8..
SBY  0:50:29 [/mnt/d/tushar/Downloads/RTL.ai/runs/web_48e595bdeba8_optimize_20260914T003745Z/round_2/attempt_2/candidate_1/formal/equiv_prove] engine_0.basecase: ##   0:00:00  Checking assumptions in step 9..
SBY  0:50:29 [/mnt/d/tushar/Downloads/RTL.ai/runs/web_48e595bdeba8_optimize_20260914T003745Z/round_2/attempt_2/candidate_1/formal/equiv_prove] engine_0.basecase: ##   0:00:00  Checking assertions in step 9..
SBY  0:50:29 [/mnt/d/tushar/Downloads/RTL.ai/runs/web_48e595bdeba8_optimize_20260914T003745Z/round_2/attempt_2/candidate_1/formal/equiv_prove] engine_0.basecase: ##   0:00:00  Checking assumptions in step 10..
SBY  0:50:29 [/mnt/d/tushar/Downloads/RTL.ai/runs/web_48e595bdeba8_optimize_20260914T003745Z/round_2/attempt_2/candidate_1/formal/equiv_prove] engine_0.basecase: ##   0:00:00  Checking assertions in step 10..
SBY  0:50:29 [/mnt/d/tushar/Downloads/RTL.ai/runs/web_48e595bdeba8_optimize_20260914T003745Z/round_2/attempt_2/candidate_1/formal/equiv_prove] engine_0.basecase: ##   0:00:00  Checking assumptions in step 11..
SBY  0:50:29 [/mnt/d/tushar/Downloads/RTL.ai/runs/web_48e595bdeba8_optimize_20260914T003745Z/round_2/attempt_2/candidate_1/formal/equiv_prove] engine_0.basecase: ##   0:00:00  Checking assertions in step 11..
SBY  0:50:29 [/mnt/d/tushar/Downloads/RTL.ai/runs/web_48e595bdeba8_optimize_20260914T003745Z/round_2/attempt_2/candidate_1/formal/equiv_prove] engine_0.basecase: ##   0:00:00  Checking assumptions in step 12..
SBY  0:50:29 [/mnt/d/tushar/Downloads/RTL.ai/runs/web_48e595bdeba8_optimize_20260914T003745Z/round_2/attempt_2/candidate_1/formal/equiv_prove] engine_0.basecase: ##   0:00:00  Checking assertions in step 12..
SBY  0:50:30 [/mnt/d/tushar/Downloads/RTL.ai/runs/web_48e595bdeba8_optimize_20260914T003745Z/round_2/attempt_2/candidate_1/formal/equiv_prove] engine_0.basecase: ##   0:00:01  Checking assumptions in step 13..
SBY  0:50:30 [/mnt/d/tushar/Downloads/RTL.ai/runs/web_48e595bdeba8_optimize_20260914T003745Z/round_2/attempt_2/candidate_1/formal/equiv_prove] engine_0.basecase: ##   0:00:01  Checking assertions in step 13..
SBY  0:50:30 [/mnt/d/tushar/Downloads/RTL.ai/runs/web_48e595bdeba8_optimize_20260914T003745Z/round_2/attempt_2/candidate_1/formal/equiv_prove] engine_0.basecase: ##   0:00:01  Checking assumptions in step 14..
SBY  0:50:30 [/mnt/d/tushar/Downloads/RTL.ai/runs/web_48e595bdeba8_optimize_20260914T003745Z/round_2/attempt_2/candidate_1/formal/equiv_prove] engine_0.basecase: ##   0:00:01  Checking assertions in step 14..
SBY  0:50:30 [/mnt/d/tushar/Downloads/RTL.ai/runs/web_48e595bdeba8_optimize_20260914T003745Z/round_2/attempt_2/candidate_1/formal/equiv_prove] engine_0.basecase: ##   0:00:01  Checking assumptions in step 15..
SBY  0:50:30 [/mnt/d/tushar/Downloads/RTL.ai/runs/web_48e595bdeba8_optimize_20260914T003745Z/round_2/attempt_2/candidate_1/formal/equiv_prove] engine_0.basecase: ##   0:00:01  Checking assertions in step 15..
SBY  0:50:30 [/mnt/d/tushar/Downloads/RTL.ai/runs/web_48e595bdeba8_optimize_20260914T003745Z/round_2/attempt_2/candidate_1/formal/equiv_prove] engine_0.basecase: ##   0:00:01  Checking assumptions in step 16..
SBY  0:50:30 [/mnt/d/tushar/Downloads/RTL.ai/runs/web_48e595bdeba8_optimize_20260914T003745Z/round_2/attempt_2/candidate_1/formal/equiv_prove] engine_0.basecase: ##   0:00:01  Checking assertions in step 16..
SBY  0:50:31 [/mnt/d/tushar/Downloads/RTL.ai/runs/web_48e595bdeba8_optimize_20260914T003745Z/round_2/attempt_2/candidate_1/formal/equiv_prove] engine_0.basecase: ##   0:00:02  Checking assumptions in step 17..
SBY  0:50:31 [/mnt/d/tushar/Downloads/RTL.ai/runs/web_48e595bdeba8_optimize_20260914T003745Z/round_2/attempt_2/candidate_1/formal/equiv_prove] engine_0.basecase: ##   0:00:02  Checking assertions in step 17..
SBY  0:50:31 [/mnt/d/tushar/Downloads/RTL.ai/runs/web_48e595bdeba8_optimize_20260914T003745Z/round_2/attempt_2/candidate_1/formal/equiv_prove] engine_0.basecase: ##   0:00:02  Checking assumptions in step 18..
SBY  0:50:31 [/mnt/d/tushar/Downloads/RTL.ai/runs/web_48e595bdeba8_optimize_20260914T003745Z/round_2/attempt_2/candidate_1/formal/equiv_prove] engine_0.basecase: ##   0:00:02  Checking assertions in step 18..
SBY  0:50:31 [/mnt/d/tushar/Downloads/RTL.ai/runs/web_48e595bdeba8_optimize_20260914T003745Z/round_2/attempt_2/candidate_1/formal/equiv_prove] engine_0.basecase: ##   0:00:02  Checking assumptions in step 19..
SBY  0:50:31 [/mnt/d/tushar/Downloads/RTL.ai/runs/web_48e595bdeba8_optimize_20260914T003745Z/round_2/attempt_2/candidate_1/formal/equiv_prove] engine_0.basecase: ##   0:00:02  Checking assertions in step 19..
SBY  0:50:32 [/mnt/d/tushar/Downloads/RTL.ai/runs/web_48e595bdeba8_optimize_20260914T003745Z/round_2/attempt_2/candidate_1/formal/equiv_prove] engine_0.basecase: ##   0:00:03  Status: passed
SBY  0:50:32 [/mnt/d/tushar/Downloads/RTL.ai/runs/web_48e595bdeba8_optimize_20260914T003745Z/round_2/attempt_2/candidate_1/formal/equiv_prove] engine_0.basecase: finished (returncode=0)
SBY  0:50:32 [/mnt/d/tushar/Downloads/RTL.ai/runs/web_48e595bdeba8_optimize_20260914T003745Z/round_2/attempt_2/candidate_1/formal/equiv_prove] engine_0.basecase: Status returned by engine for basecase: pass
SBY  0:51:30 [/mnt/d/tushar/Downloads/RTL.ai/runs/web_48e595bdeba8_optimize_20260914T003745Z/round_2/attempt_2/candidate_1/formal/equiv_prove] engine_0.induction: ##   0:01:01  waiting for solver (1 minute)
SBY  0:52:32 [/mnt/d/tushar/Downloads/RTL.ai/runs/web_48e595bdeba8_optimize_20260914T003745Z/round_2/attempt_2/candidate_1/formal/equiv_prove] engine_0.induction: ##   0:02:03  Temporal induction successful.
SBY  0:52:32 [/mnt/d/tushar/Downloads/RTL.ai/runs/web_48e595bdeba8_optimize_20260914T003745Z/round_2/attempt_2/candidate_1/formal/equiv_prove] engine_0.induction: ##   0:02:03  Status: passed
SBY  0:52:32 [/mnt/d/tushar/Downloads/RTL.ai/runs/web_48e595bdeba8_optimize_20260914T003745Z/round_2/attempt_2/candidate_1/formal/equiv_prove] engine_0.induction: finished (returncode=0)
SBY  0:52:32 [/mnt/d/tushar/Downloads/RTL.ai/runs/web_48e595bdeba8_optimize_20260914T003745Z/round_2/attempt_2/candidate_1/formal/equiv_prove] engine_0.induction: Status returned by engine for induction: pass
SBY  0:52:32 [/mnt/d/tushar/Downloads/RTL.ai/runs/web_48e595bdeba8_optimize_20260914T003745Z/round_2/attempt_2/candidate_1/formal/equiv_prove] summary: Elapsed clock time [H:MM:SS (secs)]: 0:02:00 (120)
SBY  0:52:32 [/mnt/d/tushar/Downloads/RTL.ai/runs/web_48e595bdeba8_optimize_20260914T003745Z/round_2/attempt_2/candidate_1/formal/equiv_prove] summary: Elapsed process time [H:MM:SS (secs)]: 0:02:07 (127)
SBY  0:52:32 [/mnt/d/tushar/Downloads/RTL.ai/runs/web_48e595bdeba8_optimize_20260914T003745Z/round_2/attempt_2/candidate_1/formal/equiv_prove] summary: engine_0 (smtbmc) returned pass for basecase
SBY  0:52:32 [/mnt/d/tushar/Downloads/RTL.ai/runs/web_48e595bdeba8_optimize_20260914T003745Z/round_2/attempt_2/candidate_1/formal/equiv_prove] summary: engine_0 (smtbmc) returned pass for induction
SBY  0:52:32 [/mnt/d/tushar/Downloads/RTL.ai/runs/web_48e595bdeba8_optimize_20260914T003745Z/round_2/attempt_2/candidate_1/formal/equiv_prove] summary: engine_0 did not produce any traces
SBY  0:52:32 [/mnt/d/tushar/Downloads/RTL.ai/runs/web_48e595bdeba8_optimize_20260914T003745Z/round_2/attempt_2/candidate_1/formal/equiv_prove] summary: successful proof by k-induction.
SBY  0:52:32 [/mnt/d/tushar/Downloads/RTL.ai/runs/web_48e595bdeba8_optimize_20260914T003745Z/round_2/attempt_2/candidate_1/formal/equiv_prove] DONE (PASS, rc=0)
