
 /----------------------------------------------------------------------------\
 |  yosys -- Yosys Open SYnthesis Suite                                       |
 |  Copyright (C) 2012 - 2026  Claire Xenia Wolf <claire@yosyshq.com>         |
 |  Distributed under an ISC-like license, type "license" to see terms        |
 \----------------------------------------------------------------------------/
 Yosys 0.68+130 (git sha1 dd83bbad2-dirty, Release, Clang /usr/local/osxcross/target/bin/aarch64-apple-darwin25.5-clang++ 21.1.8)

-- Executing script file `../model/design.ys' --

1. Executing Verilog-2005 frontend: gold_gate.v
Parsing SystemVerilog input from `gold_gate.v' to AST representation.
Generating RTLIL representation for module `\gate'.
Generating RTLIL representation for module `\gold'.
Successfully finished Verilog frontend.

2. Executing Verilog-2005 frontend: eqcheck_wrapper.v
Parsing SystemVerilog input from `eqcheck_wrapper.v' to AST representation.
Generating RTLIL representation for module `\__eqcheck_top'.
Successfully finished Verilog frontend.

3. Executing PREP pass.

3.1. Executing HIERARCHY pass (managing design hierarchy).

3.1.1. Analyzing design hierarchy..
Top module:  \__eqcheck_top
Used module:     \gate
Used module:     \gold

3.1.2. Analyzing design hierarchy..
Top module:  \__eqcheck_top
Used module:     \gate
Used module:     \gold
Removed 0 unused modules.
Module __eqcheck_top directly or indirectly contains formal properties -> setting "keep" attribute.

3.2. Executing PROC pass (convert processes to netlists).

3.2.1. Executing PROC_CLEAN pass (remove empty switches from decision trees).
Cleaned up 0 empty switches.

3.2.2. Executing PROC_RMDEAD pass (remove dead branches from decision trees).
Marked 1 switch rules as full_case in process $proc$eqcheck_wrapper.v:66$64 in module __eqcheck_top.
Marked 1 switch rules as full_case in process $proc$eqcheck_wrapper.v:59$61 in module __eqcheck_top.
Removed a total of 0 dead cases.

3.2.3. Executing PROC_PRUNE pass (remove redundant assignments in processes).
Removed 0 redundant assignments.
Promoted 23 assignments to connections.

3.2.4. Executing PROC_INIT pass (extract init attributes).
Found init rule in `\__eqcheck_top.$proc$eqcheck_wrapper.v:58$73'.
  Set init value: \warmup = 8'00000000

3.2.5. Executing PROC_ARST pass (detect async resets in processes).

3.2.6. Executing PROC_ROM pass (convert switches to ROMs).
Converted 0 switches.
<suppressed ~4 debug messages>

3.2.7. Executing PROC_MUX pass (convert decision trees to multiplexers).
Creating decoders for process `\__eqcheck_top.$proc$eqcheck_wrapper.v:58$73'.
Creating decoders for process `\__eqcheck_top.$proc$eqcheck_wrapper.v:66$64'.
     1/2: $assert$eqcheck_wrapper.v:70$67_EN
     2/2: $assume$eqcheck_wrapper.v:68$65_EN
Creating decoders for process `\__eqcheck_top.$proc$eqcheck_wrapper.v:59$61'.
     1/1: $0\warmup[7:0]
Creating decoders for process `\__eqcheck_top.$proc$eqcheck_wrapper.v:51$60'.
Creating decoders for process `\gold.$proc$gold_gate.v:163$47'.
Creating decoders for process `\gold.$proc$gold_gate.v:161$46'.
Creating decoders for process `\gold.$proc$gold_gate.v:159$45'.
Creating decoders for process `\gold.$proc$gold_gate.v:157$44'.
Creating decoders for process `\gold.$proc$gold_gate.v:155$43'.
Creating decoders for process `\gold.$proc$gold_gate.v:153$42'.
Creating decoders for process `\gold.$proc$gold_gate.v:151$41'.
Creating decoders for process `\gold.$proc$gold_gate.v:149$40'.
Creating decoders for process `\gate.$proc$gold_gate.v:80$18'.
Creating decoders for process `\gate.$proc$gold_gate.v:78$17'.
Creating decoders for process `\gate.$proc$gold_gate.v:76$16'.
Creating decoders for process `\gate.$proc$gold_gate.v:74$15'.
Creating decoders for process `\gate.$proc$gold_gate.v:72$14'.
Creating decoders for process `\gate.$proc$gold_gate.v:70$13'.
Creating decoders for process `\gate.$proc$gold_gate.v:68$12'.
Creating decoders for process `\gate.$proc$gold_gate.v:66$11'.
Creating decoders for process `\gate.$proc$gold_gate.v:64$10'.
Creating decoders for process `\gate.$proc$gold_gate.v:62$9'.
Creating decoders for process `\gate.$proc$gold_gate.v:60$8'.

3.2.8. Executing PROC_DLATCH pass (convert process syncs to latches).

3.2.9. Executing PROC_DFF pass (convert process syncs to FFs).
Creating register for signal `\__eqcheck_top.\warmup' using process `\__eqcheck_top.$proc$eqcheck_wrapper.v:59$61'.
  created $dff cell `$procdff$87' with positive edge clock.
Creating register for signal `\__eqcheck_top.\gold_out_valid_d1' using process `\__eqcheck_top.$proc$eqcheck_wrapper.v:51$60'.
  created $dff cell `$procdff$88' with positive edge clock.
Creating register for signal `\__eqcheck_top.\gold_cr_d1' using process `\__eqcheck_top.$proc$eqcheck_wrapper.v:51$60'.
  created $dff cell `$procdff$89' with positive edge clock.
Creating register for signal `\__eqcheck_top.\gold_ci_d1' using process `\__eqcheck_top.$proc$eqcheck_wrapper.v:51$60'.
  created $dff cell `$procdff$90' with positive edge clock.
Creating register for signal `\gold.\vld' using process `\gold.$proc$gold_gate.v:163$47'.
  created $dff cell `$procdff$91' with positive edge clock.
Creating register for signal `\gold.\bi_r' using process `\gold.$proc$gold_gate.v:161$46'.
  created $dff cell `$procdff$92' with positive edge clock.
Creating register for signal `\gold.\br_r' using process `\gold.$proc$gold_gate.v:159$45'.
  created $dff cell `$procdff$93' with positive edge clock.
Creating register for signal `\gold.\ai_r' using process `\gold.$proc$gold_gate.v:157$44'.
  created $dff cell `$procdff$94' with positive edge clock.
Creating register for signal `\gold.\ar_r' using process `\gold.$proc$gold_gate.v:155$43'.
  created $dff cell `$procdff$95' with positive edge clock.
Creating register for signal `\gold.\ci' using process `\gold.$proc$gold_gate.v:153$42'.
  created $dff cell `$procdff$96' with positive edge clock.
Creating register for signal `\gold.\cr' using process `\gold.$proc$gold_gate.v:151$41'.
  created $dff cell `$procdff$97' with positive edge clock.
Creating register for signal `\gold.\out_valid' using process `\gold.$proc$gold_gate.v:149$40'.
  created $dff cell `$procdff$98' with positive edge clock.
Creating register for signal `\gate.\imag_part_r' using process `\gate.$proc$gold_gate.v:80$18'.
  created $dff cell `$procdff$99' with positive edge clock.
Creating register for signal `\gate.\vld2' using process `\gate.$proc$gold_gate.v:78$17'.
  created $dff cell `$procdff$100' with positive edge clock.
Creating register for signal `\gate.\ci' using process `\gate.$proc$gold_gate.v:76$16'.
  created $dff cell `$procdff$101' with positive edge clock.
Creating register for signal `\gate.\cr' using process `\gate.$proc$gold_gate.v:74$15'.
  created $dff cell `$procdff$102' with positive edge clock.
Creating register for signal `\gate.\out_valid' using process `\gate.$proc$gold_gate.v:72$14'.
  created $dff cell `$procdff$103' with positive edge clock.
Creating register for signal `\gate.\vld' using process `\gate.$proc$gold_gate.v:70$13'.
  created $dff cell `$procdff$104' with positive edge clock.
Creating register for signal `\gate.\bi_r' using process `\gate.$proc$gold_gate.v:68$12'.
  created $dff cell `$procdff$105' with positive edge clock.
Creating register for signal `\gate.\br_r' using process `\gate.$proc$gold_gate.v:66$11'.
  created $dff cell `$procdff$106' with positive edge clock.
Creating register for signal `\gate.\ai_r' using process `\gate.$proc$gold_gate.v:64$10'.
  created $dff cell `$procdff$107' with positive edge clock.
Creating register for signal `\gate.\ar_r' using process `\gate.$proc$gold_gate.v:62$9'.
  created $dff cell `$procdff$108' with positive edge clock.
Creating register for signal `\gate.\real_part_r' using process `\gate.$proc$gold_gate.v:60$8'.
  created $dff cell `$procdff$109' with positive edge clock.

3.2.10. Executing PROC_MEMWR pass (convert process memory writes to cells).

3.2.11. Executing PROC_CLEAN pass (remove empty switches from decision trees).
Removing empty process `__eqcheck_top.$proc$eqcheck_wrapper.v:58$73'.
Found and cleaned up 2 empty switches in `\__eqcheck_top.$proc$eqcheck_wrapper.v:66$64'.
Removing empty process `__eqcheck_top.$proc$eqcheck_wrapper.v:66$64'.
Found and cleaned up 2 empty switches in `\__eqcheck_top.$proc$eqcheck_wrapper.v:59$61'.
Removing empty process `__eqcheck_top.$proc$eqcheck_wrapper.v:59$61'.
Removing empty process `__eqcheck_top.$proc$eqcheck_wrapper.v:51$60'.
Removing empty process `gold.$proc$gold_gate.v:163$47'.
Removing empty process `gold.$proc$gold_gate.v:161$46'.
Removing empty process `gold.$proc$gold_gate.v:159$45'.
Removing empty process `gold.$proc$gold_gate.v:157$44'.
Removing empty process `gold.$proc$gold_gate.v:155$43'.
Removing empty process `gold.$proc$gold_gate.v:153$42'.
Removing empty process `gold.$proc$gold_gate.v:151$41'.
Removing empty process `gold.$proc$gold_gate.v:149$40'.
Removing empty process `gate.$proc$gold_gate.v:80$18'.
Removing empty process `gate.$proc$gold_gate.v:78$17'.
Removing empty process `gate.$proc$gold_gate.v:76$16'.
Removing empty process `gate.$proc$gold_gate.v:74$15'.
Removing empty process `gate.$proc$gold_gate.v:72$14'.
Removing empty process `gate.$proc$gold_gate.v:70$13'.
Removing empty process `gate.$proc$gold_gate.v:68$12'.
Removing empty process `gate.$proc$gold_gate.v:66$11'.
Removing empty process `gate.$proc$gold_gate.v:64$10'.
Removing empty process `gate.$proc$gold_gate.v:62$9'.
Removing empty process `gate.$proc$gold_gate.v:60$8'.
Cleaned up 4 empty switches.

3.2.12. Executing OPT_EXPR pass (perform const folding).
Optimizing module __eqcheck_top.
Optimizing module gold.
Optimizing module gate.

3.3. Executing FUTURE pass.

3.4. Executing OPT_EXPR pass (perform const folding).
Optimizing module __eqcheck_top.
Optimizing module gold.
Optimizing module gate.

3.5. Executing OPT_CLEAN pass (remove unused cells and wires).
Finding unused cells or wires in module \__eqcheck_top..
Finding unused cells or wires in module \gold..
Finding unused cells or wires in module \gate..
Removed 0 unused cells and 70 unused wires.
<suppressed ~3 debug messages>

3.6. Executing CHECK pass (checking for obvious problems).
Checking module __eqcheck_top...
Checking module gold...
Checking module gate...
Found and reported 0 problems.

3.7. Executing OPT pass (performing simple optimizations).

3.7.1. Executing OPT_EXPR pass (perform const folding).
Optimizing module __eqcheck_top.
Optimizing module gold.
Optimizing module gate.

3.7.2. Executing OPT_MERGE pass (detect identical cells).
Finding identical cells in module `\__eqcheck_top'.
Computing hashes of 22 cells of `\__eqcheck_top'.
Finding duplicate cells in `\__eqcheck_top'.
Finding identical cells in module `\gold'.
Computing hashes of 26 cells of `\gold'.
Finding duplicate cells in `\gold'.
Finding identical cells in module `\gate'.
Computing hashes of 32 cells of `\gate'.
Finding duplicate cells in `\gate'.
Removed a total of 0 cells.

3.7.3. Executing OPT_MUXTREE pass (detect dead branches in mux trees).
Running muxtree optimizer on module \__eqcheck_top..
  Creating internal representation of mux trees.
  Evaluating internal representation of mux trees.
  Analyzing evaluation results.
Running muxtree optimizer on module \gold..
  Creating internal representation of mux trees.
  Evaluating internal representation of mux trees.
  Analyzing evaluation results.
Running muxtree optimizer on module \gate..
  Creating internal representation of mux trees.
  Evaluating internal representation of mux trees.
  Analyzing evaluation results.
Removed 0 multiplexer ports.
<suppressed ~50 debug messages>

3.7.4. Executing OPT_REDUCE pass (consolidate $*mux and $reduce_* inputs).
  Optimizing cells in module \__eqcheck_top.
  Optimizing cells in module \gold.
  Optimizing cells in module \gate.
Performed a total of 0 changes.

3.7.5. Executing OPT_MERGE pass (detect identical cells).
Finding identical cells in module `\__eqcheck_top'.
Computing hashes of 22 cells of `\__eqcheck_top'.
Finding duplicate cells in `\__eqcheck_top'.
Finding identical cells in module `\gold'.
Computing hashes of 26 cells of `\gold'.
Finding duplicate cells in `\gold'.
Finding identical cells in module `\gate'.
Computing hashes of 32 cells of `\gate'.
Finding duplicate cells in `\gate'.
Removed a total of 0 cells.

3.7.6. Executing OPT_CLEAN pass (remove unused cells and wires).
Finding unused cells or wires in module \__eqcheck_top..
Finding unused cells or wires in module \gold..
Finding unused cells or wires in module \gate..

3.7.7. Executing OPT_EXPR pass (perform const folding).
Optimizing module __eqcheck_top.
Optimizing module gold.
Optimizing module gate.

3.7.8. Finished fast OPT passes. (There is nothing left to do.)

3.8. Executing WREDUCE pass (reducing word size of cells).
Removed top 7 bits (of 8) from port B of cell __eqcheck_top.$lt$eqcheck_wrapper.v:61$62 ($lt).
Removed top 7 bits (of 8) from port B of cell __eqcheck_top.$add$eqcheck_wrapper.v:61$63 ($add).
Removed top 7 bits (of 8) from port B of cell __eqcheck_top.$ge$eqcheck_wrapper.v:70$66 ($ge).
Converting cell gold.$add$gold_gate.v:142$33 ($add) from unsigned to signed.
Removed top 1 bits (of 21) from port A of cell gold.$add$gold_gate.v:142$33 ($add).
Removed top 1 bits (of 21) from port B of cell gold.$add$gold_gate.v:142$33 ($add).
Converting cell gold.$mul$gold_gate.v:145$36 ($mul) from unsigned to signed.
Removed top 10 bits (of 20) from port A of cell gold.$mul$gold_gate.v:145$36 ($mul).
Removed top 10 bits (of 20) from port B of cell gold.$mul$gold_gate.v:145$36 ($mul).
Converting cell gold.$mul$gold_gate.v:146$37 ($mul) from unsigned to signed.
Removed top 10 bits (of 20) from port A of cell gold.$mul$gold_gate.v:146$37 ($mul).
Removed top 10 bits (of 20) from port B of cell gold.$mul$gold_gate.v:146$37 ($mul).
Converting cell gold.$mul$gold_gate.v:147$38 ($mul) from unsigned to signed.
Removed top 10 bits (of 20) from port A of cell gold.$mul$gold_gate.v:147$38 ($mul).
Removed top 10 bits (of 20) from port B of cell gold.$mul$gold_gate.v:147$38 ($mul).
Converting cell gold.$mul$gold_gate.v:148$39 ($mul) from unsigned to signed.
Removed top 10 bits (of 20) from port A of cell gold.$mul$gold_gate.v:148$39 ($mul).
Removed top 10 bits (of 20) from port B of cell gold.$mul$gold_gate.v:148$39 ($mul).
Converting cell gold.$sub$gold_gate.v:175$58 ($sub) from unsigned to signed.
Removed top 1 bits (of 21) from port A of cell gold.$sub$gold_gate.v:175$58 ($sub).
Removed top 1 bits (of 21) from port B of cell gold.$sub$gold_gate.v:175$58 ($sub).
Converting cell gate.$add$gold_gate.v:53$1 ($add) from unsigned to signed.
Removed top 1 bits (of 21) from port A of cell gate.$add$gold_gate.v:53$1 ($add).
Removed top 1 bits (of 21) from port B of cell gate.$add$gold_gate.v:53$1 ($add).
Converting cell gate.$mul$gold_gate.v:56$4 ($mul) from unsigned to signed.
Removed top 10 bits (of 20) from port A of cell gate.$mul$gold_gate.v:56$4 ($mul).
Removed top 10 bits (of 20) from port B of cell gate.$mul$gold_gate.v:56$4 ($mul).
Converting cell gate.$mul$gold_gate.v:57$5 ($mul) from unsigned to signed.
Removed top 10 bits (of 20) from port A of cell gate.$mul$gold_gate.v:57$5 ($mul).
Removed top 10 bits (of 20) from port B of cell gate.$mul$gold_gate.v:57$5 ($mul).
Converting cell gate.$mul$gold_gate.v:58$6 ($mul) from unsigned to signed.
Removed top 10 bits (of 20) from port A of cell gate.$mul$gold_gate.v:58$6 ($mul).
Removed top 10 bits (of 20) from port B of cell gate.$mul$gold_gate.v:58$6 ($mul).
Converting cell gate.$mul$gold_gate.v:59$7 ($mul) from unsigned to signed.
Removed top 10 bits (of 20) from port A of cell gate.$mul$gold_gate.v:59$7 ($mul).
Removed top 10 bits (of 20) from port B of cell gate.$mul$gold_gate.v:59$7 ($mul).
Converting cell gate.$sub$gold_gate.v:95$32 ($sub) from unsigned to signed.
Removed top 1 bits (of 21) from port A of cell gate.$sub$gold_gate.v:95$32 ($sub).
Removed top 1 bits (of 21) from port B of cell gate.$sub$gold_gate.v:95$32 ($sub).

3.9. Executing OPT_CLEAN pass (remove unused cells and wires).
Finding unused cells or wires in module \__eqcheck_top..
Finding unused cells or wires in module \gold..
Finding unused cells or wires in module \gate..

3.10. Executing MEMORY_COLLECT pass (generating $mem cells).

3.11. Executing OPT pass (performing simple optimizations).

3.11.1. Executing OPT_EXPR pass (perform const folding).
Optimizing module __eqcheck_top.
Optimizing module gold.
Optimizing module gate.

3.11.2. Executing OPT_MERGE pass (detect identical cells).
Finding identical cells in module `\__eqcheck_top'.
Computing hashes of 22 cells of `\__eqcheck_top'.
Finding duplicate cells in `\__eqcheck_top'.
Finding identical cells in module `\gold'.
Computing hashes of 26 cells of `\gold'.
Finding duplicate cells in `\gold'.
Finding identical cells in module `\gate'.
Computing hashes of 32 cells of `\gate'.
Finding duplicate cells in `\gate'.
Removed a total of 0 cells.

3.11.3. Executing OPT_CLEAN pass (remove unused cells and wires).
Finding unused cells or wires in module \__eqcheck_top..
Finding unused cells or wires in module \gold..
Finding unused cells or wires in module \gate..

3.11.4. Finished fast OPT passes.

3.12. Executing SORT pass.

3.13. Printing statistics.

=== __eqcheck_top ===

        +----------Local Count, excluding submodules.
        | 
       31 wires
      233 wire bits
       17 public wires
      198 public wire bits
        7 ports
       43 port bits
       20 cells
        1   $add
        2   $check
        4   $dff
        3   $eq
        1   $ge
        1   $initstate
        2   $logic_and
        1   $lt
        5   $mux
        2 submodules
        1   gate
        1   gold

=== gate ===

        +----------Local Count, excluding submodules.
        | 
       39 wires
      527 wire bits
       39 public wires
      527 public wire bits
       10 ports
       92 port bits
       32 cells
        3   $add
       11   $dff
        4   $mul
       13   $mux
        1   $sub

=== gold ===

        +----------Local Count, excluding submodules.
        | 
       33 wires
      441 wire bits
       33 public wires
      441 public wire bits
       10 ports
       92 port bits
       26 cells
        3   $add
        8   $dff
        4   $mul
       10   $mux
        1   $sub

=== design hierarchy ===

        +----------Count including submodules.
        | 
       78 __eqcheck_top
       32 gate
       26 gold

        +----------Count including submodules.
        | 
      103 wires
     1201 wire bits
       89 public wires
     1166 public wire bits
       27 ports
      227 port bits
        - memories
        - memory bits
        - processes
       78 cells
        7   $add
        2   $check
       23   $dff
        3   $eq
        1   $ge
        1   $initstate
        2   $logic_and
        1   $lt
        8   $mul
       28   $mux
        2   $sub
        2 submodules
        1   gate
        1   gold

3.14. Executing CHECK pass (checking for obvious problems).
Checking module __eqcheck_top...
Checking module gate...
Checking module gold...
Found and reported 0 problems.

4. Executing HIERARCHY pass (managing design hierarchy).
Attribute `top' found on module `__eqcheck_top'. Setting top module to __eqcheck_top.

4.1. Analyzing design hierarchy..
Top module:  \__eqcheck_top
Used module:     \gate
Used module:     \gold

4.2. Analyzing design hierarchy..
Top module:  \__eqcheck_top
Used module:     \gate
Used module:     \gold
Removed 0 unused modules.
Module __eqcheck_top directly or indirectly contains formal properties -> setting "keep" attribute.

5. Executing jny backend.

6. Executing RTLIL backend.
Output filename: ../model/design.il

End of script. Logfile hash: a33b0657c7, time: 0.02s, user: 0.01s, system: 0.01s, MEM: 15.20 MB peak
Yosys 0.68+130 (git sha1 dd83bbad2-dirty, Release, Clang /usr/local/osxcross/target/bin/aarch64-apple-darwin25.5-clang++ 21.1.8)
Time spent: 25% 2x check (0 sec), 21% 4x read_verilog (0 sec), ...
