Startpoint: _9283_ (rising edge-triggered flip-flop clocked by clk)
Endpoint: _9313_ (rising edge-triggered flip-flop clocked by clk)
Path Group: clk
Path Type: max

  Delay    Time   Description
---------------------------------------------------------
   0.00    0.00   clock clk (rise edge)
   0.00    0.00   clock network delay (ideal)
   0.00    0.00 ^ _9283_/CK (DFF_X1)
   0.08    0.08 v _9283_/Q (DFF_X1)
   0.05    0.13 v _4932_/ZN (OR2_X1)
   0.04    0.17 ^ _4933_/ZN (NOR2_X1)
   0.03    0.20 v _5098_/ZN (NAND3_X1)
   3.82    4.02 ^ _5099_/ZN (NOR4_X1)
   0.29    4.32 v _7888_/ZN (OAI221_X1)
   0.21    4.53 ^ _7889_/ZN (AOI221_X1)
   0.01    4.54 v _7890_/ZN (INV_X1)
   0.07    4.61 ^ _7891_/ZN (AOI221_X1)
   0.03    4.63 v _7892_/ZN (OAI21_X1)
   0.08    4.72 ^ _7893_/ZN (AOI221_X1)
   0.01    4.73 v _7895_/ZN (NOR2_X1)
   0.00    4.73 v _9313_/D (DFF_X1)
           4.73   data arrival time

  10.00   10.00   clock clk (rise edge)
   0.00   10.00   clock network delay (ideal)
  -0.10    9.90   clock uncertainty
   0.00    9.90   clock reconvergence pessimism
           9.90 ^ _9313_/CK (DFF_X1)
  -0.05    9.85   library setup time
           9.85   data required time
---------------------------------------------------------
           9.85   data required time
          -4.73   data arrival time
---------------------------------------------------------
           5.13   slack (MET)


