
14. Printing statistics.

=== counter ===

        +----------Local Count, excluding submodules.
        |        +-Local Area, excluding submodules.
        |        | 
       31        - wires
       45        - wire bits
        3        - public wires
       10        - public wire bits
        3        - ports
       10        - port bits
       28   57.988 cells
        1    1.064   AND2_X1
        3     3.99   AND3_X1
        1    1.596   AND4_X1
        6    6.384   AOI21_X1
        8   36.176   DFF_X1
        1    0.532   INV_X1
        1    0.798   NOR2_X1
        3    3.192   NOR3_X1
        4    4.256   OAI21_X1

   Chip area for module '\counter': 57.988000
     of which used for sequential elements: 36.176000 (62.39%)

