Warning 168: sta_counter.tcl line 1, unknown field nets.
Startpoint: _48_ (rising edge-triggered flip-flop clocked by clk)
Endpoint: _55_ (rising edge-triggered flip-flop clocked by clk)
Path Group: clk
Path Type: max

Fanout     Cap    Slew   Delay    Time   Description
-----------------------------------------------------------------------------
                  0.00    0.00    0.00   clock clk (rise edge)
                          0.00    0.00   clock network delay (ideal)
                  0.00    0.00    0.00 ^ _48_/CK (DFF_X1)
     6    6.90    0.02    0.10    0.10 ^ _48_/Q (DFF_X1)
                  0.02    0.00    0.10 ^ _30_/A4 (AND4_X1)
     5    7.67    0.03    0.08    0.17 ^ _30_/ZN (AND4_X1)
                  0.03    0.00    0.17 ^ _31_/A3 (AND3_X1)
     5    7.61    0.02    0.06    0.24 ^ _31_/ZN (AND3_X1)
                  0.02    0.00    0.24 ^ _46_/B2 (AOI21_X1)
     1    1.55    0.01    0.02    0.26 v _46_/ZN (AOI21_X1)
                  0.01    0.00    0.26 v _47_/A3 (NOR3_X1)
     1    1.14    0.02    0.04    0.30 ^ _47_/ZN (NOR3_X1)
                  0.02    0.00    0.30 ^ _55_/D (DFF_X1)
                                  0.30   data arrival time

                  0.00   10.00   10.00   clock clk (rise edge)
                          0.00   10.00   clock network delay (ideal)
                         -0.10    9.90   clock uncertainty
                          0.00    9.90   clock reconvergence pessimism
                                  9.90 ^ _55_/CK (DFF_X1)
                         -0.04    9.86   library setup time
                                  9.86   data required time
-----------------------------------------------------------------------------
                                  9.86   data required time
                                 -0.30   data arrival time
-----------------------------------------------------------------------------
                                  9.57   slack (MET)


