
 /----------------------------------------------------------------------------\
 |  yosys -- Yosys Open SYnthesis Suite                                       |
 |  Copyright (C) 2012 - 2026  Claire Xenia Wolf <claire@yosyshq.com>         |
 |  Distributed under an ISC-like license, type "license" to see terms        |
 \----------------------------------------------------------------------------/
 Yosys 0.68+130 (git sha1 dd83bbad2-dirty, Release, Clang /usr/local/osxcross/target/bin/aarch64-apple-darwin25.5-clang++ 21.1.8)

-- Executing script file `/Users/ritikjindal/rtl-ai-project/runs/bm_mac8_optimize_20260912T201943Z/attempt_1/candidate_3/formal/prepare.ys' --

1. Executing Verilog-2005 frontend: /Users/ritikjindal/rtl-ai-project/designs/bm_mac8.v
Parsing SystemVerilog input from `/Users/ritikjindal/rtl-ai-project/designs/bm_mac8.v' to AST representation.
Generating RTLIL representation for module `\bm_mac8'.
Successfully finished Verilog frontend.

2. Executing HIERARCHY pass (managing design hierarchy).

2.1. Analyzing design hierarchy..
Top module:  \bm_mac8

2.2. Analyzing design hierarchy..
Top module:  \bm_mac8
Removed 0 unused modules.

3. Executing PROC pass (convert processes to netlists).

3.1. Executing PROC_CLEAN pass (remove empty switches from decision trees).
Cleaned up 0 empty switches.

3.2. Executing PROC_RMDEAD pass (remove dead branches from decision trees).
Marked 1 switch rules as full_case in process $proc$/Users/ritikjindal/rtl-ai-project/designs/bm_mac8.v:52$17 in module bm_mac8.
Marked 1 switch rules as full_case in process $proc$/Users/ritikjindal/rtl-ai-project/designs/bm_mac8.v:21$1 in module bm_mac8.
Removed a total of 0 dead cases.

3.3. Executing PROC_PRUNE pass (remove redundant assignments in processes).
Removed 5 redundant assignments.
Promoted 0 assignments to connections.

3.4. Executing PROC_INIT pass (extract init attributes).

3.5. Executing PROC_ARST pass (detect async resets in processes).

3.6. Executing PROC_ROM pass (convert switches to ROMs).
Converted 0 switches.
<suppressed ~2 debug messages>

3.7. Executing PROC_MUX pass (convert decision trees to multiplexers).
Creating decoders for process `\bm_mac8.$proc$/Users/ritikjindal/rtl-ai-project/designs/bm_mac8.v:52$17'.
     1/2: $0\out_valid[0:0]
     2/2: $0\acc[20:0]
Creating decoders for process `\bm_mac8.$proc$/Users/ritikjindal/rtl-ai-project/designs/bm_mac8.v:21$1'.
     1/3: $0\vld[0:0]
     2/3: $0\b_reg[63:0]
     3/3: $0\a_reg[63:0]

3.8. Executing PROC_DLATCH pass (convert process syncs to latches).

3.9. Executing PROC_DFF pass (convert process syncs to FFs).
Creating register for signal `\bm_mac8.\out_valid' using process `\bm_mac8.$proc$/Users/ritikjindal/rtl-ai-project/designs/bm_mac8.v:52$17'.
  created $dff cell `$procdff$33' with positive edge clock.
Creating register for signal `\bm_mac8.\acc' using process `\bm_mac8.$proc$/Users/ritikjindal/rtl-ai-project/designs/bm_mac8.v:52$17'.
  created $dff cell `$procdff$34' with positive edge clock.
Creating register for signal `\bm_mac8.\a_reg' using process `\bm_mac8.$proc$/Users/ritikjindal/rtl-ai-project/designs/bm_mac8.v:21$1'.
  created $dff cell `$procdff$35' with positive edge clock.
Creating register for signal `\bm_mac8.\b_reg' using process `\bm_mac8.$proc$/Users/ritikjindal/rtl-ai-project/designs/bm_mac8.v:21$1'.
  created $dff cell `$procdff$36' with positive edge clock.
Creating register for signal `\bm_mac8.\vld' using process `\bm_mac8.$proc$/Users/ritikjindal/rtl-ai-project/designs/bm_mac8.v:21$1'.
  created $dff cell `$procdff$37' with positive edge clock.

3.10. Executing PROC_MEMWR pass (convert process memory writes to cells).

3.11. Executing PROC_CLEAN pass (remove empty switches from decision trees).
Found and cleaned up 1 empty switch in `\bm_mac8.$proc$/Users/ritikjindal/rtl-ai-project/designs/bm_mac8.v:52$17'.
Removing empty process `bm_mac8.$proc$/Users/ritikjindal/rtl-ai-project/designs/bm_mac8.v:52$17'.
Found and cleaned up 1 empty switch in `\bm_mac8.$proc$/Users/ritikjindal/rtl-ai-project/designs/bm_mac8.v:21$1'.
Removing empty process `bm_mac8.$proc$/Users/ritikjindal/rtl-ai-project/designs/bm_mac8.v:21$1'.
Cleaned up 2 empty switches.

3.12. Executing OPT_EXPR pass (perform const folding).
Optimizing module bm_mac8.

4. Executing FLATTEN pass (flatten design).

5. Executing OPT_CLEAN pass (remove unused cells and wires).
Finding unused cells or wires in module \bm_mac8..
Removed 0 unused cells and 25 unused wires.
<suppressed ~1 debug messages>
Renaming module \bm_mac8 to \gold.

6. Executing Verilog-2005 frontend: /Users/ritikjindal/rtl-ai-project/runs/bm_mac8_optimize_20260912T201943Z/attempt_1/candidate_3/bm_mac8_candidate.v
Parsing SystemVerilog input from `/Users/ritikjindal/rtl-ai-project/runs/bm_mac8_optimize_20260912T201943Z/attempt_1/candidate_3/bm_mac8_candidate.v' to AST representation.
Generating RTLIL representation for module `\bm_mac8'.
Successfully finished Verilog frontend.

7. Executing HIERARCHY pass (managing design hierarchy).

7.1. Analyzing design hierarchy..
Top module:  \bm_mac8

7.2. Analyzing design hierarchy..
Top module:  \bm_mac8
Removed 0 unused modules.

8. Executing PROC pass (convert processes to netlists).

8.1. Executing PROC_CLEAN pass (remove empty switches from decision trees).
Cleaned up 0 empty switches.

8.2. Executing PROC_RMDEAD pass (remove dead branches from decision trees).
Marked 1 switch rules as full_case in process $proc$/Users/ritikjindal/rtl-ai-project/runs/bm_mac8_optimize_20260912T201943Z/attempt_1/candidate_3/bm_mac8_candidate.v:56$54 in module bm_mac8.
Marked 1 switch rules as full_case in process $proc$/Users/ritikjindal/rtl-ai-project/runs/bm_mac8_optimize_20260912T201943Z/attempt_1/candidate_3/bm_mac8_candidate.v:21$38 in module bm_mac8.
Removed a total of 0 dead cases.

8.3. Executing PROC_PRUNE pass (remove redundant assignments in processes).
Removed 5 redundant assignments.
Promoted 0 assignments to connections.

8.4. Executing PROC_INIT pass (extract init attributes).

8.5. Executing PROC_ARST pass (detect async resets in processes).

8.6. Executing PROC_ROM pass (convert switches to ROMs).
Converted 0 switches.
<suppressed ~2 debug messages>

8.7. Executing PROC_MUX pass (convert decision trees to multiplexers).
Creating decoders for process `\bm_mac8.$proc$/Users/ritikjindal/rtl-ai-project/runs/bm_mac8_optimize_20260912T201943Z/attempt_1/candidate_3/bm_mac8_candidate.v:56$54'.
     1/2: $0\out_valid[0:0]
     2/2: $0\acc[20:0]
Creating decoders for process `\bm_mac8.$proc$/Users/ritikjindal/rtl-ai-project/runs/bm_mac8_optimize_20260912T201943Z/attempt_1/candidate_3/bm_mac8_candidate.v:21$38'.
     1/3: $0\vld[0:0]
     2/3: $0\b_reg[63:0]
     3/3: $0\a_reg[63:0]

8.8. Executing PROC_DLATCH pass (convert process syncs to latches).

8.9. Executing PROC_DFF pass (convert process syncs to FFs).
Creating register for signal `\bm_mac8.\out_valid' using process `\bm_mac8.$proc$/Users/ritikjindal/rtl-ai-project/runs/bm_mac8_optimize_20260912T201943Z/attempt_1/candidate_3/bm_mac8_candidate.v:56$54'.
  created $dff cell `$procdff$70' with positive edge clock.
Creating register for signal `\bm_mac8.\acc' using process `\bm_mac8.$proc$/Users/ritikjindal/rtl-ai-project/runs/bm_mac8_optimize_20260912T201943Z/attempt_1/candidate_3/bm_mac8_candidate.v:56$54'.
  created $dff cell `$procdff$71' with positive edge clock.
Creating register for signal `\bm_mac8.\a_reg' using process `\bm_mac8.$proc$/Users/ritikjindal/rtl-ai-project/runs/bm_mac8_optimize_20260912T201943Z/attempt_1/candidate_3/bm_mac8_candidate.v:21$38'.
  created $dff cell `$procdff$72' with positive edge clock.
Creating register for signal `\bm_mac8.\b_reg' using process `\bm_mac8.$proc$/Users/ritikjindal/rtl-ai-project/runs/bm_mac8_optimize_20260912T201943Z/attempt_1/candidate_3/bm_mac8_candidate.v:21$38'.
  created $dff cell `$procdff$73' with positive edge clock.
Creating register for signal `\bm_mac8.\vld' using process `\bm_mac8.$proc$/Users/ritikjindal/rtl-ai-project/runs/bm_mac8_optimize_20260912T201943Z/attempt_1/candidate_3/bm_mac8_candidate.v:21$38'.
  created $dff cell `$procdff$74' with positive edge clock.

8.10. Executing PROC_MEMWR pass (convert process memory writes to cells).

8.11. Executing PROC_CLEAN pass (remove empty switches from decision trees).
Found and cleaned up 1 empty switch in `\bm_mac8.$proc$/Users/ritikjindal/rtl-ai-project/runs/bm_mac8_optimize_20260912T201943Z/attempt_1/candidate_3/bm_mac8_candidate.v:56$54'.
Removing empty process `bm_mac8.$proc$/Users/ritikjindal/rtl-ai-project/runs/bm_mac8_optimize_20260912T201943Z/attempt_1/candidate_3/bm_mac8_candidate.v:56$54'.
Found and cleaned up 1 empty switch in `\bm_mac8.$proc$/Users/ritikjindal/rtl-ai-project/runs/bm_mac8_optimize_20260912T201943Z/attempt_1/candidate_3/bm_mac8_candidate.v:21$38'.
Removing empty process `bm_mac8.$proc$/Users/ritikjindal/rtl-ai-project/runs/bm_mac8_optimize_20260912T201943Z/attempt_1/candidate_3/bm_mac8_candidate.v:21$38'.
Cleaned up 2 empty switches.

8.12. Executing OPT_EXPR pass (perform const folding).
Optimizing module bm_mac8.

9. Executing FLATTEN pass (flatten design).

10. Executing OPT_CLEAN pass (remove unused cells and wires).
Finding unused cells or wires in module \bm_mac8..
Removed 0 unused cells and 25 unused wires.
<suppressed ~1 debug messages>
Renaming module \bm_mac8 to \gate.

11. Executing Verilog backend.

11.1. Executing BMUXMAP pass.

11.2. Executing DEMUXMAP pass.
Dumping module `\gate'.
Dumping module `\gold'.

12. Executing JSON backend.

End of script. Logfile hash: ecb4343f53, time: 0.01s, user: 0.01s, system: 0.01s, MEM: 14.70 MB peak
Yosys 0.68+130 (git sha1 dd83bbad2-dirty, Release, Clang /usr/local/osxcross/target/bin/aarch64-apple-darwin25.5-clang++ 21.1.8)
Time spent: 41% 4x read_verilog (0 sec), 15% 2x opt_clean (0 sec), ...
