
 /----------------------------------------------------------------------------\
 |  yosys -- Yosys Open SYnthesis Suite                                       |
 |  Copyright (C) 2012 - 2026  Claire Xenia Wolf <claire@yosyshq.com>         |
 |  Distributed under an ISC-like license, type "license" to see terms        |
 \----------------------------------------------------------------------------/
 Yosys 0.68+195 (git sha1 435977e97-dirty, Release, Clang /usr/bin/clang++ 21.1.8)

-- Executing script file `../model/design.ys' --

1. Executing Verilog-2005 frontend: gold_gate.v
Parsing SystemVerilog input from `gold_gate.v' to AST representation.
Generating RTLIL representation for module `\gate'.
Generating RTLIL representation for module `\gold'.
Successfully finished Verilog frontend.

2. Executing Verilog-2005 frontend: eqcheck_wrapper.v
Parsing SystemVerilog input from `eqcheck_wrapper.v' to AST representation.
Generating RTLIL representation for module `\__eqcheck_top'.
Successfully finished Verilog frontend.

3. Executing PREP pass.

3.1. Executing HIERARCHY pass (managing design hierarchy).

3.1.1. Analyzing design hierarchy..
Top module:  \__eqcheck_top
Used module:     \gate
Used module:     \gold

3.1.2. Analyzing design hierarchy..
Top module:  \__eqcheck_top
Used module:     \gate
Used module:     \gold
Removed 0 unused modules.
Module __eqcheck_top directly or indirectly contains formal properties -> setting "keep" attribute.

3.2. Executing PROC pass (convert processes to netlists).

3.2.1. Executing PROC_CLEAN pass (remove empty switches from decision trees).
Cleaned up 0 empty switches.

3.2.2. Executing PROC_RMDEAD pass (remove dead branches from decision trees).
Marked 1 switch rules as full_case in process $proc$eqcheck_wrapper.v:33$72 in module __eqcheck_top.
Removed a total of 0 dead cases.

3.2.3. Executing PROC_PRUNE pass (remove redundant assignments in processes).
Removed 0 redundant assignments.
Promoted 18 assignments to connections.

3.2.4. Executing PROC_INIT pass (extract init attributes).

3.2.5. Executing PROC_ARST pass (detect async resets in processes).

3.2.6. Executing PROC_ROM pass (convert switches to ROMs).
Converted 0 switches.
<suppressed ~1 debug messages>

3.2.7. Executing PROC_MUX pass (convert decision trees to multiplexers).
Creating decoders for process `\__eqcheck_top.$proc$eqcheck_wrapper.v:33$72'.
     1/2: $assert$eqcheck_wrapper.v:37$74_EN
     2/2: $assume$eqcheck_wrapper.v:35$73_EN
Creating decoders for process `\gold.$proc$gold_gate.v:168$55'.
Creating decoders for process `\gold.$proc$gold_gate.v:166$54'.
Creating decoders for process `\gold.$proc$gold_gate.v:164$53'.
Creating decoders for process `\gold.$proc$gold_gate.v:162$52'.
Creating decoders for process `\gold.$proc$gold_gate.v:160$51'.
Creating decoders for process `\gold.$proc$gold_gate.v:158$50'.
Creating decoders for process `\gold.$proc$gold_gate.v:156$49'.
Creating decoders for process `\gold.$proc$gold_gate.v:154$48'.
Creating decoders for process `\gold.$proc$gold_gate.v:152$47'.
Creating decoders for process `\gate.$proc$gold_gate.v:76$20'.
Creating decoders for process `\gate.$proc$gold_gate.v:74$19'.
Creating decoders for process `\gate.$proc$gold_gate.v:72$18'.
Creating decoders for process `\gate.$proc$gold_gate.v:70$17'.
Creating decoders for process `\gate.$proc$gold_gate.v:68$16'.
Creating decoders for process `\gate.$proc$gold_gate.v:66$15'.
Creating decoders for process `\gate.$proc$gold_gate.v:64$14'.
Creating decoders for process `\gate.$proc$gold_gate.v:62$13'.
Creating decoders for process `\gate.$proc$gold_gate.v:60$12'.

3.2.8. Executing PROC_DLATCH pass (convert process syncs to latches).

3.2.9. Executing PROC_DFF pass (convert process syncs to FFs).
Creating register for signal `\gold.\t5' using process `\gold.$proc$gold_gate.v:168$55'.
  created $dff cell `$procdff$84' with positive edge clock.
Creating register for signal `\gold.\t4' using process `\gold.$proc$gold_gate.v:166$54'.
  created $dff cell `$procdff$85' with positive edge clock.
Creating register for signal `\gold.\t3' using process `\gold.$proc$gold_gate.v:164$53'.
  created $dff cell `$procdff$86' with positive edge clock.
Creating register for signal `\gold.\t2' using process `\gold.$proc$gold_gate.v:162$52'.
  created $dff cell `$procdff$87' with positive edge clock.
Creating register for signal `\gold.\t1' using process `\gold.$proc$gold_gate.v:160$51'.
  created $dff cell `$procdff$88' with positive edge clock.
Creating register for signal `\gold.\t0' using process `\gold.$proc$gold_gate.v:158$50'.
  created $dff cell `$procdff$89' with positive edge clock.
Creating register for signal `\gold.\vld' using process `\gold.$proc$gold_gate.v:156$49'.
  created $dff cell `$procdff$90' with positive edge clock.
Creating register for signal `\gold.\out_data' using process `\gold.$proc$gold_gate.v:154$48'.
  created $dff cell `$procdff$91' with positive edge clock.
Creating register for signal `\gold.\out_valid' using process `\gold.$proc$gold_gate.v:152$47'.
  created $dff cell `$procdff$92' with positive edge clock.
Creating register for signal `\gate.\t5' using process `\gate.$proc$gold_gate.v:76$20'.
  created $dff cell `$procdff$93' with positive edge clock.
Creating register for signal `\gate.\t4' using process `\gate.$proc$gold_gate.v:74$19'.
  created $dff cell `$procdff$94' with positive edge clock.
Creating register for signal `\gate.\t3' using process `\gate.$proc$gold_gate.v:72$18'.
  created $dff cell `$procdff$95' with positive edge clock.
Creating register for signal `\gate.\t2' using process `\gate.$proc$gold_gate.v:70$17'.
  created $dff cell `$procdff$96' with positive edge clock.
Creating register for signal `\gate.\t1' using process `\gate.$proc$gold_gate.v:68$16'.
  created $dff cell `$procdff$97' with positive edge clock.
Creating register for signal `\gate.\t0' using process `\gate.$proc$gold_gate.v:66$15'.
  created $dff cell `$procdff$98' with positive edge clock.
Creating register for signal `\gate.\vld' using process `\gate.$proc$gold_gate.v:64$14'.
  created $dff cell `$procdff$99' with positive edge clock.
Creating register for signal `\gate.\out_data' using process `\gate.$proc$gold_gate.v:62$13'.
  created $dff cell `$procdff$100' with positive edge clock.
Creating register for signal `\gate.\out_valid' using process `\gate.$proc$gold_gate.v:60$12'.
  created $dff cell `$procdff$101' with positive edge clock.

3.2.10. Executing PROC_MEMWR pass (convert process memory writes to cells).

3.2.11. Executing PROC_CLEAN pass (remove empty switches from decision trees).
Found and cleaned up 1 empty switch in `\__eqcheck_top.$proc$eqcheck_wrapper.v:33$72'.
Removing empty process `__eqcheck_top.$proc$eqcheck_wrapper.v:33$72'.
Removing empty process `gold.$proc$gold_gate.v:168$55'.
Removing empty process `gold.$proc$gold_gate.v:166$54'.
Removing empty process `gold.$proc$gold_gate.v:164$53'.
Removing empty process `gold.$proc$gold_gate.v:162$52'.
Removing empty process `gold.$proc$gold_gate.v:160$51'.
Removing empty process `gold.$proc$gold_gate.v:158$50'.
Removing empty process `gold.$proc$gold_gate.v:156$49'.
Removing empty process `gold.$proc$gold_gate.v:154$48'.
Removing empty process `gold.$proc$gold_gate.v:152$47'.
Removing empty process `gate.$proc$gold_gate.v:76$20'.
Removing empty process `gate.$proc$gold_gate.v:74$19'.
Removing empty process `gate.$proc$gold_gate.v:72$18'.
Removing empty process `gate.$proc$gold_gate.v:70$17'.
Removing empty process `gate.$proc$gold_gate.v:68$16'.
Removing empty process `gate.$proc$gold_gate.v:66$15'.
Removing empty process `gate.$proc$gold_gate.v:64$14'.
Removing empty process `gate.$proc$gold_gate.v:62$13'.
Removing empty process `gate.$proc$gold_gate.v:60$12'.
Cleaned up 1 empty switch.

3.2.12. Executing OPT_EXPR pass (perform const folding).
Optimizing module __eqcheck_top.
Optimizing module gold.
Optimizing module gate.

3.3. Executing FUTURE pass.

3.4. Executing OPT_EXPR pass (perform const folding).
Optimizing module __eqcheck_top.
Optimizing module gold.
Optimizing module gate.

3.5. Executing OPT_CLEAN pass (remove unused cells and wires).
Finding unused cells or wires in module \__eqcheck_top..
Finding unused cells or wires in module \gold..
Finding unused cells or wires in module \gate..
Removed 0 unused cells and 74 unused wires.
<suppressed ~3 debug messages>

3.6. Executing CHECK pass (checking for obvious problems).
Checking module __eqcheck_top...
Checking module gold...
Checking module gate...
Found and reported 0 problems.

3.7. Executing OPT pass (performing simple optimizations).

3.7.1. Executing OPT_EXPR pass (perform const folding).
Optimizing module __eqcheck_top.
Optimizing module gold.
Optimizing module gate.

3.7.2. Executing OPT_MERGE pass (detect identical cells).
Finding identical cells in module `\__eqcheck_top'.
Computing hashes of 10 cells of `\__eqcheck_top'.
Finding duplicate cells in `\__eqcheck_top'.
Finding identical cells in module `\gold'.
Computing hashes of 35 cells of `\gold'.
Finding duplicate cells in `\gold'.
Finding identical cells in module `\gate'.
Computing hashes of 35 cells of `\gate'.
Finding duplicate cells in `\gate'.
Removed a total of 0 cells.

3.7.3. Executing OPT_MUXTREE pass (detect dead branches in mux trees).
Running muxtree optimizer on module \__eqcheck_top..
  Creating internal representation of mux trees.
  Evaluating internal representation of mux trees.
  Analyzing evaluation results.
Running muxtree optimizer on module \gold..
  Creating internal representation of mux trees.
  Evaluating internal representation of mux trees.
  Analyzing evaluation results.
Running muxtree optimizer on module \gate..
  Creating internal representation of mux trees.
  Evaluating internal representation of mux trees.
  Analyzing evaluation results.
Removed 0 multiplexer ports.
<suppressed ~52 debug messages>

3.7.4. Executing OPT_REDUCE pass (consolidate $*mux and $reduce_* inputs).
  Optimizing cells in module \__eqcheck_top.
  Optimizing cells in module \gold.
  Optimizing cells in module \gate.
Performed a total of 0 changes.

3.7.5. Executing OPT_MERGE pass (detect identical cells).
Finding identical cells in module `\__eqcheck_top'.
Computing hashes of 10 cells of `\__eqcheck_top'.
Finding duplicate cells in `\__eqcheck_top'.
Finding identical cells in module `\gold'.
Computing hashes of 35 cells of `\gold'.
Finding duplicate cells in `\gold'.
Finding identical cells in module `\gate'.
Computing hashes of 35 cells of `\gate'.
Finding duplicate cells in `\gate'.
Removed a total of 0 cells.

3.7.6. Executing OPT_CLEAN pass (remove unused cells and wires).
Finding unused cells or wires in module \__eqcheck_top..
Finding unused cells or wires in module \gold..
Finding unused cells or wires in module \gate..

3.7.7. Executing OPT_EXPR pass (perform const folding).
Optimizing module __eqcheck_top.
Optimizing module gold.
Optimizing module gate.

3.7.8. Finished fast OPT passes. (There is nothing left to do.)

3.8. Executing WREDUCE pass (reducing word size of cells).
Converting cell gold.$mul$gold_gate.v:146$41 ($mul) from unsigned to signed.
Removed top 11 bits (of 19) from port A of cell gold.$mul$gold_gate.v:146$41 ($mul).
Removed top 13 bits (of 19) from port B of cell gold.$mul$gold_gate.v:146$41 ($mul).
Removed top 5 bits (of 19) from port Y of cell gold.$mul$gold_gate.v:146$41 ($mul).
Converting cell gold.$mul$gold_gate.v:147$42 ($mul) from unsigned to signed.
Removed top 11 bits (of 19) from port A of cell gold.$mul$gold_gate.v:147$42 ($mul).
Removed top 12 bits (of 19) from port B of cell gold.$mul$gold_gate.v:147$42 ($mul).
Removed top 4 bits (of 19) from port Y of cell gold.$mul$gold_gate.v:147$42 ($mul).
Converting cell gold.$mul$gold_gate.v:148$43 ($mul) from unsigned to signed.
Removed top 11 bits (of 19) from port A of cell gold.$mul$gold_gate.v:148$43 ($mul).
Removed top 11 bits (of 19) from port B of cell gold.$mul$gold_gate.v:148$43 ($mul).
Removed top 3 bits (of 19) from port Y of cell gold.$mul$gold_gate.v:148$43 ($mul).
Converting cell gold.$mul$gold_gate.v:149$44 ($mul) from unsigned to signed.
Removed top 11 bits (of 19) from port A of cell gold.$mul$gold_gate.v:149$44 ($mul).
Removed top 11 bits (of 19) from port B of cell gold.$mul$gold_gate.v:149$44 ($mul).
Removed top 3 bits (of 19) from port Y of cell gold.$mul$gold_gate.v:149$44 ($mul).
Converting cell gold.$mul$gold_gate.v:150$45 ($mul) from unsigned to signed.
Removed top 11 bits (of 19) from port A of cell gold.$mul$gold_gate.v:150$45 ($mul).
Removed top 12 bits (of 19) from port B of cell gold.$mul$gold_gate.v:150$45 ($mul).
Removed top 4 bits (of 19) from port Y of cell gold.$mul$gold_gate.v:150$45 ($mul).
Converting cell gold.$mul$gold_gate.v:151$46 ($mul) from unsigned to signed.
Removed top 11 bits (of 19) from port A of cell gold.$mul$gold_gate.v:151$46 ($mul).
Removed top 13 bits (of 19) from port B of cell gold.$mul$gold_gate.v:151$46 ($mul).
Removed top 5 bits (of 19) from port Y of cell gold.$mul$gold_gate.v:151$46 ($mul).
Converting cell gate.$mul$gold_gate.v:54$6 ($mul) from unsigned to signed.
Removed top 11 bits (of 19) from port A of cell gate.$mul$gold_gate.v:54$6 ($mul).
Removed top 13 bits (of 19) from port B of cell gate.$mul$gold_gate.v:54$6 ($mul).
Removed top 5 bits (of 19) from port Y of cell gate.$mul$gold_gate.v:54$6 ($mul).
Converting cell gate.$mul$gold_gate.v:55$7 ($mul) from unsigned to signed.
Removed top 11 bits (of 19) from port A of cell gate.$mul$gold_gate.v:55$7 ($mul).
Removed top 12 bits (of 19) from port B of cell gate.$mul$gold_gate.v:55$7 ($mul).
Removed top 4 bits (of 19) from port Y of cell gate.$mul$gold_gate.v:55$7 ($mul).
Converting cell gate.$mul$gold_gate.v:56$8 ($mul) from unsigned to signed.
Removed top 11 bits (of 19) from port A of cell gate.$mul$gold_gate.v:56$8 ($mul).
Removed top 11 bits (of 19) from port B of cell gate.$mul$gold_gate.v:56$8 ($mul).
Removed top 3 bits (of 19) from port Y of cell gate.$mul$gold_gate.v:56$8 ($mul).
Converting cell gate.$mul$gold_gate.v:57$9 ($mul) from unsigned to signed.
Removed top 11 bits (of 19) from port A of cell gate.$mul$gold_gate.v:57$9 ($mul).
Removed top 11 bits (of 19) from port B of cell gate.$mul$gold_gate.v:57$9 ($mul).
Removed top 3 bits (of 19) from port Y of cell gate.$mul$gold_gate.v:57$9 ($mul).
Converting cell gate.$mul$gold_gate.v:58$10 ($mul) from unsigned to signed.
Removed top 11 bits (of 19) from port A of cell gate.$mul$gold_gate.v:58$10 ($mul).
Removed top 12 bits (of 19) from port B of cell gate.$mul$gold_gate.v:58$10 ($mul).
Removed top 4 bits (of 19) from port Y of cell gate.$mul$gold_gate.v:58$10 ($mul).
Converting cell gate.$mul$gold_gate.v:59$11 ($mul) from unsigned to signed.
Removed top 11 bits (of 19) from port A of cell gate.$mul$gold_gate.v:59$11 ($mul).
Removed top 13 bits (of 19) from port B of cell gate.$mul$gold_gate.v:59$11 ($mul).
Removed top 5 bits (of 19) from port Y of cell gate.$mul$gold_gate.v:59$11 ($mul).

3.9. Executing OPT_CLEAN pass (remove unused cells and wires).
Finding unused cells or wires in module \__eqcheck_top..
Finding unused cells or wires in module \gold..
Finding unused cells or wires in module \gate..

3.10. Executing MEMORY_COLLECT pass (generating $mem cells).

3.11. Executing OPT pass (performing simple optimizations).

3.11.1. Executing OPT_EXPR pass (perform const folding).
Optimizing module __eqcheck_top.
Optimizing module gold.
Optimizing module gate.

3.11.2. Executing OPT_MERGE pass (detect identical cells).
Finding identical cells in module `\__eqcheck_top'.
Computing hashes of 10 cells of `\__eqcheck_top'.
Finding duplicate cells in `\__eqcheck_top'.
Finding identical cells in module `\gold'.
Computing hashes of 35 cells of `\gold'.
Finding duplicate cells in `\gold'.
Finding identical cells in module `\gate'.
Computing hashes of 35 cells of `\gate'.
Finding duplicate cells in `\gate'.
Removed a total of 0 cells.

3.11.3. Executing OPT_CLEAN pass (remove unused cells and wires).
Finding unused cells or wires in module \__eqcheck_top..
Finding unused cells or wires in module \gold..
Finding unused cells or wires in module \gate..

3.11.4. Finished fast OPT passes.

3.12. Executing SORT pass.

3.13. Printing statistics.

=== __eqcheck_top ===

        +----------Local Count, excluding submodules.
        | 
       14 wires
       57 wire bits
        8 public wires
       51 public wire bits
        4 ports
       11 port bits
        8 cells
        2   $check
        2   $eq
        1   $initstate
        1   $logic_and
        2   $mux
        2 submodules
        1   gate
        1   gold

=== gate ===

        +----------Local Count, excluding submodules.
        | 
       39 wires
      406 wire bits
       39 public wires
      406 public wire bits
        6 ports
       31 port bits
       35 cells
        5   $add
        9   $dff
        6   $mul
       15   $mux

=== gold ===

        +----------Local Count, excluding submodules.
        | 
       39 wires
      406 wire bits
       39 public wires
      406 public wire bits
        6 ports
       31 port bits
       35 cells
        5   $add
        9   $dff
        6   $mul
       15   $mux

=== design hierarchy ===

        +----------Count including submodules.
        | 
       78 __eqcheck_top
       35 gate
       35 gold

        +----------Count including submodules.
        | 
       92 wires
      869 wire bits
       86 public wires
      863 public wire bits
       16 ports
       73 port bits
        - memories
        - memory bits
        - processes
       78 cells
       10   $add
        2   $check
       18   $dff
        2   $eq
        1   $initstate
        1   $logic_and
       12   $mul
       32   $mux
        2 submodules
        1   gate
        1   gold

3.14. Executing CHECK pass (checking for obvious problems).
Checking module __eqcheck_top...
Checking module gate...
Checking module gold...
Found and reported 0 problems.

4. Executing HIERARCHY pass (managing design hierarchy).
Attribute `top' found on module `__eqcheck_top'. Setting top module to __eqcheck_top.

4.1. Analyzing design hierarchy..
Top module:  \__eqcheck_top
Used module:     \gate
Used module:     \gold

4.2. Analyzing design hierarchy..
Top module:  \__eqcheck_top
Used module:     \gate
Used module:     \gold
Removed 0 unused modules.
Module __eqcheck_top directly or indirectly contains formal properties -> setting "keep" attribute.

5. Executing jny backend.

6. Executing RTLIL backend.
Output filename: ../model/design.il

End of script. Logfile hash: a006403ae7, time: 0.05s, user: 0.02s, system: 0.01s, MEM: 18.88 MB peak
Yosys 0.68+195 (git sha1 435977e97-dirty, Release, Clang /usr/bin/clang++ 21.1.8)
Time spent: 20% 2x check (0 sec), 18% 4x read_verilog (0 sec), ...
