Startpoint: _2251_ (rising edge-triggered flip-flop clocked by clk)
Endpoint: _2204_ (rising edge-triggered flip-flop clocked by clk)
Path Group: clk
Path Type: max

  Delay    Time   Description
---------------------------------------------------------
   0.00    0.00   clock clk (rise edge)
   0.00    0.00   clock network delay (ideal)
   0.00    0.00 ^ _2251_/CK (DFF_X1)
   0.09    0.09 v _2251_/Q (DFF_X1)
   0.13    0.22 ^ _1126_/ZN (INV_X1)
   0.02    0.23 v _1154_/ZN (NOR2_X1)
   0.12    0.35 ^ _1155_/ZN (XNOR2_X1)
   0.05    0.40 v _1166_/ZN (XNOR2_X1)
   0.07    0.48 v _1167_/Z (XOR2_X1)
   0.07    0.55 v _1168_/Z (XOR2_X1)
   0.06    0.61 v _1169_/Z (XOR2_X1)
   0.13    0.74 ^ _1170_/ZN (XNOR2_X1)
   0.07    0.80 ^ _1186_/ZN (XNOR2_X1)
   0.05    0.86 ^ _1191_/ZN (XNOR2_X1)
   0.07    0.93 ^ _1192_/ZN (XNOR2_X1)
   0.09    1.02 ^ _1290_/Z (XOR2_X1)
   0.07    1.09 ^ _1323_/Z (XOR2_X1)
   0.07    1.16 ^ _1324_/ZN (XNOR2_X1)
   0.08    1.24 ^ _1522_/Z (XOR2_X1)
   0.05    1.29 ^ _1523_/ZN (XNOR2_X1)
   0.06    1.36 ^ _1524_/ZN (XNOR2_X1)
   0.11    1.47 ^ _1525_/Z (XOR2_X1)
   0.10    1.57 ^ _1526_/Z (XOR2_X1)
   0.06    1.63 ^ _1553_/ZN (XNOR2_X1)
   0.03    1.66 v _1554_/ZN (XNOR2_X1)
   0.12    1.78 ^ _1555_/ZN (XNOR2_X1)
   0.06    1.83 ^ _1556_/ZN (XNOR2_X1)
   0.06    1.90 ^ _1557_/ZN (XNOR2_X1)
   0.05    1.95 ^ _1656_/ZN (XNOR2_X1)
   0.05    1.99 ^ _1658_/ZN (XNOR2_X1)
   0.14    2.13 ^ _1659_/Z (XOR2_X1)
   0.07    2.20 ^ _1660_/ZN (XNOR2_X1)
   0.08    2.28 ^ _1695_/Z (XOR2_X1)
   0.06    2.34 ^ _1888_/Z (XOR2_X1)
   0.03    2.37 v _2136_/ZN (AOI221_X1)
   0.06    2.43 v _2137_/ZN (OR2_X1)
   0.00    2.43 v _2204_/D (DFF_X1)
           2.43   data arrival time

   2.40    2.40   clock clk (rise edge)
   0.00    2.40   clock network delay (ideal)
  -0.05    2.35   clock uncertainty
   0.00    2.35   clock reconvergence pessimism
           2.35 ^ _2204_/CK (DFF_X1)
  -0.04    2.31   library setup time
           2.31   data required time
---------------------------------------------------------
           2.31   data required time
          -2.43   data arrival time
---------------------------------------------------------
          -0.12   slack (VIOLATED)


