SBY  3:03:55 [/mnt/d/tushar/Downloads/RTL.ai/runs/web_40e51e95cbf6_optimize_20260914T024856Z/round_3/attempt_1/candidate_1/formal/equiv_prove] Removing directory '/mnt/d/tushar/Downloads/RTL.ai/runs/web_40e51e95cbf6_optimize_20260914T024856Z/round_3/attempt_1/candidate_1/formal/equiv_prove'.
SBY  3:03:55 [/mnt/d/tushar/Downloads/RTL.ai/runs/web_40e51e95cbf6_optimize_20260914T024856Z/round_3/attempt_1/candidate_1/formal/equiv_prove] Copy '/mnt/d/tushar/Downloads/RTL.ai/runs/web_40e51e95cbf6_optimize_20260914T024856Z/round_3/attempt_1/candidate_1/formal/gold_gate.v' to '/mnt/d/tushar/Downloads/RTL.ai/runs/web_40e51e95cbf6_optimize_20260914T024856Z/round_3/attempt_1/candidate_1/formal/equiv_prove/src/gold_gate.v'.
SBY  3:03:55 [/mnt/d/tushar/Downloads/RTL.ai/runs/web_40e51e95cbf6_optimize_20260914T024856Z/round_3/attempt_1/candidate_1/formal/equiv_prove] Copy '/mnt/d/tushar/Downloads/RTL.ai/runs/web_40e51e95cbf6_optimize_20260914T024856Z/round_3/attempt_1/candidate_1/formal/eqcheck_wrapper.v' to '/mnt/d/tushar/Downloads/RTL.ai/runs/web_40e51e95cbf6_optimize_20260914T024856Z/round_3/attempt_1/candidate_1/formal/equiv_prove/src/eqcheck_wrapper.v'.
SBY  3:03:55 [/mnt/d/tushar/Downloads/RTL.ai/runs/web_40e51e95cbf6_optimize_20260914T024856Z/round_3/attempt_1/candidate_1/formal/equiv_prove] engine_0: smtbmc
SBY  3:03:55 [/mnt/d/tushar/Downloads/RTL.ai/runs/web_40e51e95cbf6_optimize_20260914T024856Z/round_3/attempt_1/candidate_1/formal/equiv_prove] base: starting process "cd /mnt/d/tushar/Downloads/RTL.ai/runs/web_40e51e95cbf6_optimize_20260914T024856Z/round_3/attempt_1/candidate_1/formal/equiv_prove/src; yosys -ql ../model/design.log ../model/design.ys"
SBY  3:03:55 [/mnt/d/tushar/Downloads/RTL.ai/runs/web_40e51e95cbf6_optimize_20260914T024856Z/round_3/attempt_1/candidate_1/formal/equiv_prove] base: finished (returncode=0)
SBY  3:03:55 [/mnt/d/tushar/Downloads/RTL.ai/runs/web_40e51e95cbf6_optimize_20260914T024856Z/round_3/attempt_1/candidate_1/formal/equiv_prove] prep: starting process "cd /mnt/d/tushar/Downloads/RTL.ai/runs/web_40e51e95cbf6_optimize_20260914T024856Z/round_3/attempt_1/candidate_1/formal/equiv_prove/model; yosys -ql design_prep.log design_prep.ys"
SBY  3:03:55 [/mnt/d/tushar/Downloads/RTL.ai/runs/web_40e51e95cbf6_optimize_20260914T024856Z/round_3/attempt_1/candidate_1/formal/equiv_prove] prep: finished (returncode=0)
SBY  3:03:55 [/mnt/d/tushar/Downloads/RTL.ai/runs/web_40e51e95cbf6_optimize_20260914T024856Z/round_3/attempt_1/candidate_1/formal/equiv_prove] smt2: starting process "cd /mnt/d/tushar/Downloads/RTL.ai/runs/web_40e51e95cbf6_optimize_20260914T024856Z/round_3/attempt_1/candidate_1/formal/equiv_prove/model; yosys -ql design_smt2.log design_smt2.ys"
SBY  3:03:55 [/mnt/d/tushar/Downloads/RTL.ai/runs/web_40e51e95cbf6_optimize_20260914T024856Z/round_3/attempt_1/candidate_1/formal/equiv_prove] smt2: finished (returncode=0)
SBY  3:03:55 [/mnt/d/tushar/Downloads/RTL.ai/runs/web_40e51e95cbf6_optimize_20260914T024856Z/round_3/attempt_1/candidate_1/formal/equiv_prove] engine_0.basecase: starting process "cd /mnt/d/tushar/Downloads/RTL.ai/runs/web_40e51e95cbf6_optimize_20260914T024856Z/round_3/attempt_1/candidate_1/formal/equiv_prove; yosys-smtbmc --presat --unroll --noprogress -t 20  --append 0 --dump-vcd engine_0/trace.vcd --dump-yw engine_0/trace.yw --dump-vlogtb engine_0/trace_tb.v --dump-smtc engine_0/trace.smtc model/design_smt2.smt2"
SBY  3:03:55 [/mnt/d/tushar/Downloads/RTL.ai/runs/web_40e51e95cbf6_optimize_20260914T024856Z/round_3/attempt_1/candidate_1/formal/equiv_prove] engine_0.induction: starting process "cd /mnt/d/tushar/Downloads/RTL.ai/runs/web_40e51e95cbf6_optimize_20260914T024856Z/round_3/attempt_1/candidate_1/formal/equiv_prove; yosys-smtbmc --presat --unroll -i --noprogress -t 20  --append 0 --dump-vcd engine_0/trace_induct.vcd --dump-yw engine_0/trace_induct.yw --dump-vlogtb engine_0/trace_induct_tb.v --dump-smtc engine_0/trace_induct.smtc model/design_smt2.smt2"
SBY  3:03:56 [/mnt/d/tushar/Downloads/RTL.ai/runs/web_40e51e95cbf6_optimize_20260914T024856Z/round_3/attempt_1/candidate_1/formal/equiv_prove] engine_0.basecase: ##   0:00:00  Solver: yices
SBY  3:03:56 [/mnt/d/tushar/Downloads/RTL.ai/runs/web_40e51e95cbf6_optimize_20260914T024856Z/round_3/attempt_1/candidate_1/formal/equiv_prove] engine_0.induction: ##   0:00:00  Solver: yices
SBY  3:03:56 [/mnt/d/tushar/Downloads/RTL.ai/runs/web_40e51e95cbf6_optimize_20260914T024856Z/round_3/attempt_1/candidate_1/formal/equiv_prove] engine_0.basecase: ##   0:00:00  Checking assumptions in step 0..
SBY  3:03:56 [/mnt/d/tushar/Downloads/RTL.ai/runs/web_40e51e95cbf6_optimize_20260914T024856Z/round_3/attempt_1/candidate_1/formal/equiv_prove] engine_0.basecase: ##   0:00:00  Checking assertions in step 0..
SBY  3:03:56 [/mnt/d/tushar/Downloads/RTL.ai/runs/web_40e51e95cbf6_optimize_20260914T024856Z/round_3/attempt_1/candidate_1/formal/equiv_prove] engine_0.basecase: ##   0:00:00  Checking assumptions in step 1..
SBY  3:03:56 [/mnt/d/tushar/Downloads/RTL.ai/runs/web_40e51e95cbf6_optimize_20260914T024856Z/round_3/attempt_1/candidate_1/formal/equiv_prove] engine_0.basecase: ##   0:00:00  Checking assertions in step 1..
SBY  3:03:56 [/mnt/d/tushar/Downloads/RTL.ai/runs/web_40e51e95cbf6_optimize_20260914T024856Z/round_3/attempt_1/candidate_1/formal/equiv_prove] engine_0.induction: ##   0:00:00  Trying induction in step 20..
SBY  3:03:56 [/mnt/d/tushar/Downloads/RTL.ai/runs/web_40e51e95cbf6_optimize_20260914T024856Z/round_3/attempt_1/candidate_1/formal/equiv_prove] engine_0.basecase: ##   0:00:00  Checking assumptions in step 2..
SBY  3:03:56 [/mnt/d/tushar/Downloads/RTL.ai/runs/web_40e51e95cbf6_optimize_20260914T024856Z/round_3/attempt_1/candidate_1/formal/equiv_prove] engine_0.basecase: ##   0:00:00  Checking assertions in step 2..
SBY  3:03:56 [/mnt/d/tushar/Downloads/RTL.ai/runs/web_40e51e95cbf6_optimize_20260914T024856Z/round_3/attempt_1/candidate_1/formal/equiv_prove] engine_0.induction: ##   0:00:00  Trying induction in step 19..
SBY  3:03:56 [/mnt/d/tushar/Downloads/RTL.ai/runs/web_40e51e95cbf6_optimize_20260914T024856Z/round_3/attempt_1/candidate_1/formal/equiv_prove] engine_0.basecase: ##   0:00:00  Checking assumptions in step 3..
SBY  3:03:56 [/mnt/d/tushar/Downloads/RTL.ai/runs/web_40e51e95cbf6_optimize_20260914T024856Z/round_3/attempt_1/candidate_1/formal/equiv_prove] engine_0.basecase: ##   0:00:00  Checking assertions in step 3..
SBY  3:03:56 [/mnt/d/tushar/Downloads/RTL.ai/runs/web_40e51e95cbf6_optimize_20260914T024856Z/round_3/attempt_1/candidate_1/formal/equiv_prove] engine_0.induction: ##   0:00:00  Trying induction in step 18..
SBY  3:03:56 [/mnt/d/tushar/Downloads/RTL.ai/runs/web_40e51e95cbf6_optimize_20260914T024856Z/round_3/attempt_1/candidate_1/formal/equiv_prove] engine_0.basecase: ##   0:00:00  Checking assumptions in step 4..
SBY  3:03:56 [/mnt/d/tushar/Downloads/RTL.ai/runs/web_40e51e95cbf6_optimize_20260914T024856Z/round_3/attempt_1/candidate_1/formal/equiv_prove] engine_0.basecase: ##   0:00:00  Checking assertions in step 4..
SBY  3:03:56 [/mnt/d/tushar/Downloads/RTL.ai/runs/web_40e51e95cbf6_optimize_20260914T024856Z/round_3/attempt_1/candidate_1/formal/equiv_prove] engine_0.basecase: ##   0:00:00  Checking assumptions in step 5..
SBY  3:03:56 [/mnt/d/tushar/Downloads/RTL.ai/runs/web_40e51e95cbf6_optimize_20260914T024856Z/round_3/attempt_1/candidate_1/formal/equiv_prove] engine_0.basecase: ##   0:00:00  Checking assertions in step 5..
SBY  3:03:56 [/mnt/d/tushar/Downloads/RTL.ai/runs/web_40e51e95cbf6_optimize_20260914T024856Z/round_3/attempt_1/candidate_1/formal/equiv_prove] engine_0.induction: ##   0:00:00  Trying induction in step 17..
SBY  3:03:56 [/mnt/d/tushar/Downloads/RTL.ai/runs/web_40e51e95cbf6_optimize_20260914T024856Z/round_3/attempt_1/candidate_1/formal/equiv_prove] engine_0.induction: ##   0:00:00  Trying induction in step 16..
SBY  3:03:56 [/mnt/d/tushar/Downloads/RTL.ai/runs/web_40e51e95cbf6_optimize_20260914T024856Z/round_3/attempt_1/candidate_1/formal/equiv_prove] engine_0.basecase: ##   0:00:00  Checking assumptions in step 6..
SBY  3:03:56 [/mnt/d/tushar/Downloads/RTL.ai/runs/web_40e51e95cbf6_optimize_20260914T024856Z/round_3/attempt_1/candidate_1/formal/equiv_prove] engine_0.basecase: ##   0:00:00  Checking assertions in step 6..
SBY  3:03:56 [/mnt/d/tushar/Downloads/RTL.ai/runs/web_40e51e95cbf6_optimize_20260914T024856Z/round_3/attempt_1/candidate_1/formal/equiv_prove] engine_0.induction: ##   0:00:00  Trying induction in step 15..
SBY  3:03:56 [/mnt/d/tushar/Downloads/RTL.ai/runs/web_40e51e95cbf6_optimize_20260914T024856Z/round_3/attempt_1/candidate_1/formal/equiv_prove] engine_0.basecase: ##   0:00:00  Checking assumptions in step 7..
SBY  3:03:56 [/mnt/d/tushar/Downloads/RTL.ai/runs/web_40e51e95cbf6_optimize_20260914T024856Z/round_3/attempt_1/candidate_1/formal/equiv_prove] engine_0.basecase: ##   0:00:00  Checking assertions in step 7..
SBY  3:03:56 [/mnt/d/tushar/Downloads/RTL.ai/runs/web_40e51e95cbf6_optimize_20260914T024856Z/round_3/attempt_1/candidate_1/formal/equiv_prove] engine_0.induction: ##   0:00:00  Trying induction in step 14..
SBY  3:03:56 [/mnt/d/tushar/Downloads/RTL.ai/runs/web_40e51e95cbf6_optimize_20260914T024856Z/round_3/attempt_1/candidate_1/formal/equiv_prove] engine_0.basecase: ##   0:00:00  Checking assumptions in step 8..
SBY  3:03:56 [/mnt/d/tushar/Downloads/RTL.ai/runs/web_40e51e95cbf6_optimize_20260914T024856Z/round_3/attempt_1/candidate_1/formal/equiv_prove] engine_0.basecase: ##   0:00:00  Checking assertions in step 8..
SBY  3:03:56 [/mnt/d/tushar/Downloads/RTL.ai/runs/web_40e51e95cbf6_optimize_20260914T024856Z/round_3/attempt_1/candidate_1/formal/equiv_prove] engine_0.induction: ##   0:00:00  Trying induction in step 13..
SBY  3:03:56 [/mnt/d/tushar/Downloads/RTL.ai/runs/web_40e51e95cbf6_optimize_20260914T024856Z/round_3/attempt_1/candidate_1/formal/equiv_prove] engine_0.basecase: ##   0:00:00  Checking assumptions in step 9..
SBY  3:03:56 [/mnt/d/tushar/Downloads/RTL.ai/runs/web_40e51e95cbf6_optimize_20260914T024856Z/round_3/attempt_1/candidate_1/formal/equiv_prove] engine_0.basecase: ##   0:00:00  Checking assertions in step 9..
SBY  3:03:56 [/mnt/d/tushar/Downloads/RTL.ai/runs/web_40e51e95cbf6_optimize_20260914T024856Z/round_3/attempt_1/candidate_1/formal/equiv_prove] engine_0.induction: ##   0:00:00  Trying induction in step 12..
SBY  3:03:56 [/mnt/d/tushar/Downloads/RTL.ai/runs/web_40e51e95cbf6_optimize_20260914T024856Z/round_3/attempt_1/candidate_1/formal/equiv_prove] engine_0.basecase: ##   0:00:00  Checking assumptions in step 10..
SBY  3:03:56 [/mnt/d/tushar/Downloads/RTL.ai/runs/web_40e51e95cbf6_optimize_20260914T024856Z/round_3/attempt_1/candidate_1/formal/equiv_prove] engine_0.basecase: ##   0:00:00  Checking assertions in step 10..
SBY  3:03:56 [/mnt/d/tushar/Downloads/RTL.ai/runs/web_40e51e95cbf6_optimize_20260914T024856Z/round_3/attempt_1/candidate_1/formal/equiv_prove] engine_0.induction: ##   0:00:00  Trying induction in step 11..
SBY  3:03:56 [/mnt/d/tushar/Downloads/RTL.ai/runs/web_40e51e95cbf6_optimize_20260914T024856Z/round_3/attempt_1/candidate_1/formal/equiv_prove] engine_0.basecase: ##   0:00:00  Checking assumptions in step 11..
SBY  3:03:56 [/mnt/d/tushar/Downloads/RTL.ai/runs/web_40e51e95cbf6_optimize_20260914T024856Z/round_3/attempt_1/candidate_1/formal/equiv_prove] engine_0.basecase: ##   0:00:00  Checking assertions in step 11..
SBY  3:03:56 [/mnt/d/tushar/Downloads/RTL.ai/runs/web_40e51e95cbf6_optimize_20260914T024856Z/round_3/attempt_1/candidate_1/formal/equiv_prove] engine_0.induction: ##   0:00:00  Trying induction in step 10..
SBY  3:03:56 [/mnt/d/tushar/Downloads/RTL.ai/runs/web_40e51e95cbf6_optimize_20260914T024856Z/round_3/attempt_1/candidate_1/formal/equiv_prove] engine_0.basecase: ##   0:00:00  Checking assumptions in step 12..
SBY  3:03:56 [/mnt/d/tushar/Downloads/RTL.ai/runs/web_40e51e95cbf6_optimize_20260914T024856Z/round_3/attempt_1/candidate_1/formal/equiv_prove] engine_0.basecase: ##   0:00:00  Checking assertions in step 12..
SBY  3:03:56 [/mnt/d/tushar/Downloads/RTL.ai/runs/web_40e51e95cbf6_optimize_20260914T024856Z/round_3/attempt_1/candidate_1/formal/equiv_prove] engine_0.induction: ##   0:00:00  Trying induction in step 9..
SBY  3:03:56 [/mnt/d/tushar/Downloads/RTL.ai/runs/web_40e51e95cbf6_optimize_20260914T024856Z/round_3/attempt_1/candidate_1/formal/equiv_prove] engine_0.basecase: ##   0:00:00  Checking assumptions in step 13..
SBY  3:03:56 [/mnt/d/tushar/Downloads/RTL.ai/runs/web_40e51e95cbf6_optimize_20260914T024856Z/round_3/attempt_1/candidate_1/formal/equiv_prove] engine_0.basecase: ##   0:00:00  Checking assertions in step 13..
SBY  3:03:56 [/mnt/d/tushar/Downloads/RTL.ai/runs/web_40e51e95cbf6_optimize_20260914T024856Z/round_3/attempt_1/candidate_1/formal/equiv_prove] engine_0.induction: ##   0:00:00  Trying induction in step 8..
SBY  3:03:56 [/mnt/d/tushar/Downloads/RTL.ai/runs/web_40e51e95cbf6_optimize_20260914T024856Z/round_3/attempt_1/candidate_1/formal/equiv_prove] engine_0.basecase: ##   0:00:00  Checking assumptions in step 14..
SBY  3:03:56 [/mnt/d/tushar/Downloads/RTL.ai/runs/web_40e51e95cbf6_optimize_20260914T024856Z/round_3/attempt_1/candidate_1/formal/equiv_prove] engine_0.basecase: ##   0:00:00  Checking assertions in step 14..
SBY  3:03:56 [/mnt/d/tushar/Downloads/RTL.ai/runs/web_40e51e95cbf6_optimize_20260914T024856Z/round_3/attempt_1/candidate_1/formal/equiv_prove] engine_0.induction: ##   0:00:00  Trying induction in step 7..
SBY  3:03:56 [/mnt/d/tushar/Downloads/RTL.ai/runs/web_40e51e95cbf6_optimize_20260914T024856Z/round_3/attempt_1/candidate_1/formal/equiv_prove] engine_0.induction: ##   0:00:00  Trying induction in step 6..
SBY  3:03:56 [/mnt/d/tushar/Downloads/RTL.ai/runs/web_40e51e95cbf6_optimize_20260914T024856Z/round_3/attempt_1/candidate_1/formal/equiv_prove] engine_0.induction: ##   0:00:00  Trying induction in step 5..
SBY  3:03:56 [/mnt/d/tushar/Downloads/RTL.ai/runs/web_40e51e95cbf6_optimize_20260914T024856Z/round_3/attempt_1/candidate_1/formal/equiv_prove] engine_0.induction: ##   0:00:00  Trying induction in step 4..
SBY  3:03:56 [/mnt/d/tushar/Downloads/RTL.ai/runs/web_40e51e95cbf6_optimize_20260914T024856Z/round_3/attempt_1/candidate_1/formal/equiv_prove] engine_0.induction: ##   0:00:00  Trying induction in step 3..
SBY  3:03:56 [/mnt/d/tushar/Downloads/RTL.ai/runs/web_40e51e95cbf6_optimize_20260914T024856Z/round_3/attempt_1/candidate_1/formal/equiv_prove] engine_0.induction: ##   0:00:00  Trying induction in step 2..
SBY  3:03:56 [/mnt/d/tushar/Downloads/RTL.ai/runs/web_40e51e95cbf6_optimize_20260914T024856Z/round_3/attempt_1/candidate_1/formal/equiv_prove] engine_0.induction: ##   0:00:00  Trying induction in step 1..
SBY  3:03:56 [/mnt/d/tushar/Downloads/RTL.ai/runs/web_40e51e95cbf6_optimize_20260914T024856Z/round_3/attempt_1/candidate_1/formal/equiv_prove] engine_0.induction: ##   0:00:00  Trying induction in step 0..
SBY  3:03:56 [/mnt/d/tushar/Downloads/RTL.ai/runs/web_40e51e95cbf6_optimize_20260914T024856Z/round_3/attempt_1/candidate_1/formal/equiv_prove] engine_0.induction: ##   0:00:00  Temporal induction failed!
SBY  3:03:56 [/mnt/d/tushar/Downloads/RTL.ai/runs/web_40e51e95cbf6_optimize_20260914T024856Z/round_3/attempt_1/candidate_1/formal/equiv_prove] engine_0.induction: ##   0:00:00  Assert failed in __eqcheck_top: eqcheck_wrapper.v:44.13-44.118 (_witness_.check_assert_eqcheck_wrapper_v_44_188)
SBY  3:03:56 [/mnt/d/tushar/Downloads/RTL.ai/runs/web_40e51e95cbf6_optimize_20260914T024856Z/round_3/attempt_1/candidate_1/formal/equiv_prove] engine_0.induction: ##   0:00:00  Writing trace to VCD file: engine_0/trace_induct.vcd
SBY  3:03:56 [/mnt/d/tushar/Downloads/RTL.ai/runs/web_40e51e95cbf6_optimize_20260914T024856Z/round_3/attempt_1/candidate_1/formal/equiv_prove] engine_0.induction: ##   0:00:00  Writing trace to Verilog testbench: engine_0/trace_induct_tb.v
SBY  3:03:56 [/mnt/d/tushar/Downloads/RTL.ai/runs/web_40e51e95cbf6_optimize_20260914T024856Z/round_3/attempt_1/candidate_1/formal/equiv_prove] engine_0.induction: ##   0:00:00  Writing trace to constraints file: engine_0/trace_induct.smtc
SBY  3:03:56 [/mnt/d/tushar/Downloads/RTL.ai/runs/web_40e51e95cbf6_optimize_20260914T024856Z/round_3/attempt_1/candidate_1/formal/equiv_prove] engine_0.induction: ##   0:00:00  Writing trace to Yosys witness file: engine_0/trace_induct.yw
SBY  3:03:56 [/mnt/d/tushar/Downloads/RTL.ai/runs/web_40e51e95cbf6_optimize_20260914T024856Z/round_3/attempt_1/candidate_1/formal/equiv_prove] engine_0.basecase: ##   0:00:00  Checking assumptions in step 15..
SBY  3:03:56 [/mnt/d/tushar/Downloads/RTL.ai/runs/web_40e51e95cbf6_optimize_20260914T024856Z/round_3/attempt_1/candidate_1/formal/equiv_prove] engine_0.basecase: ##   0:00:00  Checking assertions in step 15..
SBY  3:03:56 [/mnt/d/tushar/Downloads/RTL.ai/runs/web_40e51e95cbf6_optimize_20260914T024856Z/round_3/attempt_1/candidate_1/formal/equiv_prove] engine_0.induction: ##   0:00:00  Status: failed
SBY  3:03:56 [/mnt/d/tushar/Downloads/RTL.ai/runs/web_40e51e95cbf6_optimize_20260914T024856Z/round_3/attempt_1/candidate_1/formal/equiv_prove] engine_0.induction: finished (returncode=1)
SBY  3:03:56 [/mnt/d/tushar/Downloads/RTL.ai/runs/web_40e51e95cbf6_optimize_20260914T024856Z/round_3/attempt_1/candidate_1/formal/equiv_prove] engine_0.induction: Status returned by engine for induction: FAIL
SBY  3:04:58 [/mnt/d/tushar/Downloads/RTL.ai/runs/web_40e51e95cbf6_optimize_20260914T024856Z/round_3/attempt_1/candidate_1/formal/equiv_prove] engine_0.basecase: ##   0:01:02  waiting for solver (1 minute)
SBY  3:05:11 [/mnt/d/tushar/Downloads/RTL.ai/runs/web_40e51e95cbf6_optimize_20260914T024856Z/round_3/attempt_1/candidate_1/formal/equiv_prove] engine_0.basecase: ##   0:01:15  Checking assumptions in step 16..
SBY  3:05:12 [/mnt/d/tushar/Downloads/RTL.ai/runs/web_40e51e95cbf6_optimize_20260914T024856Z/round_3/attempt_1/candidate_1/formal/equiv_prove] engine_0.basecase: ##   0:01:16  Checking assertions in step 16..
SBY  3:06:13 [/mnt/d/tushar/Downloads/RTL.ai/runs/web_40e51e95cbf6_optimize_20260914T024856Z/round_3/attempt_1/candidate_1/formal/equiv_prove] engine_0.basecase: ##   0:02:17  waiting for solver (1 minute)
SBY  3:09:07 [/mnt/d/tushar/Downloads/RTL.ai/runs/web_40e51e95cbf6_optimize_20260914T024856Z/round_3/attempt_1/candidate_1/formal/equiv_prove] Reached TIMEOUT (300 seconds). Terminating all subprocesses.
SBY  3:09:07 [/mnt/d/tushar/Downloads/RTL.ai/runs/web_40e51e95cbf6_optimize_20260914T024856Z/round_3/attempt_1/candidate_1/formal/equiv_prove] engine_0.basecase: terminating process
SBY  3:09:07 [/mnt/d/tushar/Downloads/RTL.ai/runs/web_40e51e95cbf6_optimize_20260914T024856Z/round_3/attempt_1/candidate_1/formal/equiv_prove] summary: Elapsed clock time [H:MM:SS (secs)]: 0:05:01 (301)
SBY  3:09:07 [/mnt/d/tushar/Downloads/RTL.ai/runs/web_40e51e95cbf6_optimize_20260914T024856Z/round_3/attempt_1/candidate_1/formal/equiv_prove] summary: Elapsed process time [H:MM:SS (secs)]: 0:00:00 (0)
SBY  3:09:07 [/mnt/d/tushar/Downloads/RTL.ai/runs/web_40e51e95cbf6_optimize_20260914T024856Z/round_3/attempt_1/candidate_1/formal/equiv_prove] summary: engine_0 (smtbmc) returned FAIL for induction
SBY  3:09:07 [/mnt/d/tushar/Downloads/RTL.ai/runs/web_40e51e95cbf6_optimize_20260914T024856Z/round_3/attempt_1/candidate_1/formal/equiv_prove] summary: counterexample trace [induction]: /mnt/d/tushar/Downloads/RTL.ai/runs/web_40e51e95cbf6_optimize_20260914T024856Z/round_3/attempt_1/candidate_1/formal/equiv_prove/engine_0/trace_induct.vcd
SBY  3:09:07 [/mnt/d/tushar/Downloads/RTL.ai/runs/web_40e51e95cbf6_optimize_20260914T024856Z/round_3/attempt_1/candidate_1/formal/equiv_prove] summary:   failed assertion __eqcheck_top._witness_.check_assert_eqcheck_wrapper_v_44_188 at eqcheck_wrapper.v:44.13-44.118
SBY  3:09:07 [/mnt/d/tushar/Downloads/RTL.ai/runs/web_40e51e95cbf6_optimize_20260914T024856Z/round_3/attempt_1/candidate_1/formal/equiv_prove] DONE (TIMEOUT, rc=8)
