
 /----------------------------------------------------------------------------\
 |  yosys -- Yosys Open SYnthesis Suite                                       |
 |  Copyright (C) 2012 - 2026  Claire Xenia Wolf <claire@yosyshq.com>         |
 |  Distributed under an ISC-like license, type "license" to see terms        |
 \----------------------------------------------------------------------------/
 Yosys 0.68+130 (git sha1 dd83bbad2-dirty, Release, Clang /usr/local/osxcross/target/bin/aarch64-apple-darwin25.5-clang++ 21.1.8)

-- Executing script file `/Users/ritikjindal/rtl-ai-project/runs/benchmark_top_20260911T163423Z/formal/prepare.ys' --

1. Executing Verilog-2005 frontend: /Users/ritikjindal/rtl-ai-project/designs/benchmark_flat.v
Parsing SystemVerilog input from `/Users/ritikjindal/rtl-ai-project/designs/benchmark_flat.v' to AST representation.
Generating RTLIL representation for module `\crc32'.
Warning: Replacing memory \c_tap with list of registers. See /Users/ritikjindal/rtl-ai-project/designs/benchmark_flat.v:60, /Users/ritikjindal/rtl-ai-project/designs/benchmark_flat.v:58
Generating RTLIL representation for module `\ddc'.
Generating RTLIL representation for module `\ddc_cic'.
Warning: Replacing memory \g_comb[3].dly with list of registers. See /Users/ritikjindal/rtl-ai-project/designs/benchmark_flat.v:332
Warning: Replacing memory \g_comb[2].dly with list of registers. See /Users/ritikjindal/rtl-ai-project/designs/benchmark_flat.v:332
Warning: Replacing memory \g_comb[1].dly with list of registers. See /Users/ritikjindal/rtl-ai-project/designs/benchmark_flat.v:332
Warning: Replacing memory \g_comb[0].dly with list of registers. See /Users/ritikjindal/rtl-ai-project/designs/benchmark_flat.v:332
Generating RTLIL representation for module `\ddc_fir'.
Warning: Replacing memory \shift with list of registers. See /Users/ritikjindal/rtl-ai-project/designs/benchmark_flat.v:453
Generating RTLIL representation for module `\ddc_mixer'.
Generating RTLIL representation for module `\ddc_nco'.
Generating RTLIL representation for module `\ddc_sinrom'.
Generating RTLIL representation for module `\picorv32'.
Generating RTLIL representation for module `\picorv32_regs'.
Generating RTLIL representation for module `\picorv32_pcpi_mul'.
Generating RTLIL representation for module `\picorv32_pcpi_fast_mul'.
Generating RTLIL representation for module `\picorv32_pcpi_div'.
Generating RTLIL representation for module `\picorv32_axi'.
Generating RTLIL representation for module `\picorv32_axi_adapter'.
Generating RTLIL representation for module `\picorv32_wb'.
Generating RTLIL representation for module `\sad8x8'.
Generating RTLIL representation for module `\sha256'.
Warning: Replacing memory \block_reg with list of registers. See /Users/ritikjindal/rtl-ai-project/designs/benchmark_flat.v:4157
Generating RTLIL representation for module `\sha256_core'.
Generating RTLIL representation for module `\sha256_k_constants'.
Generating RTLIL representation for module `\sha256_w_mem'.
Warning: Replacing memory \w_mem with list of registers. See /Users/ritikjindal/rtl-ai-project/designs/benchmark_flat.v:5045
Generating RTLIL representation for module `\clk_divider'.
Generating RTLIL representation for module `\cdc_sync'.
Generating RTLIL representation for module `\cdc_handshake'.
Generating RTLIL representation for module `\reset_sync'.
Generating RTLIL representation for module `\benchmark_top'.
Successfully finished Verilog frontend.
Renaming module \benchmark_top to \gold.

2. Executing Verilog-2005 frontend: /Users/ritikjindal/rtl-ai-project/designs/benchmark_flat.v
Parsing SystemVerilog input from `/Users/ritikjindal/rtl-ai-project/designs/benchmark_flat.v' to AST representation.
/Users/ritikjindal/rtl-ai-project/designs/benchmark_flat.v:28: ERROR: Re-definition of module `\crc32'!
