
 /----------------------------------------------------------------------------\
 |  yosys -- Yosys Open SYnthesis Suite                                       |
 |  Copyright (C) 2012 - 2026  Claire Xenia Wolf <claire@yosyshq.com>         |
 |  Distributed under an ISC-like license, type "license" to see terms        |
 \----------------------------------------------------------------------------/
 Yosys 0.68+130 (git sha1 dd83bbad2-dirty, Release, Clang /usr/local/osxcross/target/bin/aarch64-apple-darwin25.5-clang++ 21.1.8)

-- Executing script file `/Users/ritikjindal/rtl-ai-project/runs/benchmark_top_optimize_20260912T204454Z/attempt_1/candidate_2/formal/prepare.ys' --

1. Executing Verilog-2005 frontend: /Users/ritikjindal/rtl-ai-project/designs/benchmark_top.v
Parsing SystemVerilog input from `/Users/ritikjindal/rtl-ai-project/designs/benchmark_top.v' to AST representation.
Generating RTLIL representation for module `\benchmark_top'.
Successfully finished Verilog frontend.

2. Executing Verilog-2005 frontend: /Users/ritikjindal/rtl-ai-project/designs/mac_unit.v
Parsing SystemVerilog input from `/Users/ritikjindal/rtl-ai-project/designs/mac_unit.v' to AST representation.
Generating RTLIL representation for module `\mac_unit'.
Successfully finished Verilog frontend.

3. Executing Verilog-2005 frontend: /Users/ritikjindal/rtl-ai-project/designs/bm_fir6.v
Parsing SystemVerilog input from `/Users/ritikjindal/rtl-ai-project/designs/bm_fir6.v' to AST representation.
Generating RTLIL representation for module `\bm_fir6'.
Successfully finished Verilog frontend.

4. Executing Verilog-2005 frontend: /Users/ritikjindal/rtl-ai-project/designs/bm_dot4.v
Parsing SystemVerilog input from `/Users/ritikjindal/rtl-ai-project/designs/bm_dot4.v' to AST representation.
Generating RTLIL representation for module `\bm_dot4'.
Successfully finished Verilog frontend.

5. Executing Verilog-2005 frontend: /Users/ritikjindal/rtl-ai-project/designs/bm_mac8.v
Parsing SystemVerilog input from `/Users/ritikjindal/rtl-ai-project/designs/bm_mac8.v' to AST representation.
Generating RTLIL representation for module `\bm_mac8'.
Successfully finished Verilog frontend.

6. Executing Verilog-2005 frontend: /Users/ritikjindal/rtl-ai-project/designs/bm_butterfly.v
Parsing SystemVerilog input from `/Users/ritikjindal/rtl-ai-project/designs/bm_butterfly.v' to AST representation.
Generating RTLIL representation for module `\bm_butterfly'.
Successfully finished Verilog frontend.

7. Executing Verilog-2005 frontend: /Users/ritikjindal/rtl-ai-project/designs/clk_divider.v
Parsing SystemVerilog input from `/Users/ritikjindal/rtl-ai-project/designs/clk_divider.v' to AST representation.
Generating RTLIL representation for module `\clk_divider'.
Successfully finished Verilog frontend.

8. Executing Verilog-2005 frontend: /Users/ritikjindal/rtl-ai-project/designs/cdc_sync.v
Parsing SystemVerilog input from `/Users/ritikjindal/rtl-ai-project/designs/cdc_sync.v' to AST representation.
Generating RTLIL representation for module `\cdc_sync'.
Successfully finished Verilog frontend.

9. Executing Verilog-2005 frontend: /Users/ritikjindal/rtl-ai-project/designs/cdc_handshake.v
Parsing SystemVerilog input from `/Users/ritikjindal/rtl-ai-project/designs/cdc_handshake.v' to AST representation.
Generating RTLIL representation for module `\cdc_handshake'.
Successfully finished Verilog frontend.

10. Executing Verilog-2005 frontend: /Users/ritikjindal/rtl-ai-project/designs/reset_sync.v
Parsing SystemVerilog input from `/Users/ritikjindal/rtl-ai-project/designs/reset_sync.v' to AST representation.
Generating RTLIL representation for module `\reset_sync'.
Successfully finished Verilog frontend.

11. Executing HIERARCHY pass (managing design hierarchy).

11.1. Analyzing design hierarchy..
Top module:  \bm_butterfly

11.2. Analyzing design hierarchy..
Top module:  \bm_butterfly
Removing unused module `\reset_sync'.
Removing unused module `\cdc_handshake'.
Removing unused module `\cdc_sync'.
Removing unused module `\clk_divider'.
Removing unused module `\bm_mac8'.
Removing unused module `\bm_dot4'.
Removing unused module `\bm_fir6'.
Removing unused module `\mac_unit'.
Removing unused module `\benchmark_top'.
Removed 9 unused modules.

12. Executing PROC pass (convert processes to netlists).

12.1. Executing PROC_CLEAN pass (remove empty switches from decision trees).
Cleaned up 0 empty switches.

12.2. Executing PROC_RMDEAD pass (remove dead branches from decision trees).
Marked 1 switch rules as full_case in process $proc$/Users/ritikjindal/rtl-ai-project/designs/bm_butterfly.v:57$248 in module bm_butterfly.
Marked 1 switch rules as full_case in process $proc$/Users/ritikjindal/rtl-ai-project/designs/bm_butterfly.v:33$241 in module bm_butterfly.
Removed a total of 0 dead cases.

12.3. Executing PROC_PRUNE pass (remove redundant assignments in processes).
Removed 6 redundant assignments.
Promoted 0 assignments to connections.

12.4. Executing PROC_INIT pass (extract init attributes).

12.5. Executing PROC_ARST pass (detect async resets in processes).

12.6. Executing PROC_ROM pass (convert switches to ROMs).
Converted 0 switches.
<suppressed ~3 debug messages>

12.7. Executing PROC_MUX pass (convert decision trees to multiplexers).
Creating decoders for process `\bm_butterfly.$proc$/Users/ritikjindal/rtl-ai-project/designs/bm_butterfly.v:57$248'.
     1/3: $0\out_valid[0:0]
     2/3: $0\ci[19:0]
     3/3: $0\cr[19:0]
Creating decoders for process `\bm_butterfly.$proc$/Users/ritikjindal/rtl-ai-project/designs/bm_butterfly.v:33$241'.
     1/5: $0\vld[0:0]
     2/5: $0\bi_r[7:0]
     3/5: $0\br_r[7:0]
     4/5: $0\ai_r[7:0]
     5/5: $0\ar_r[7:0]

12.8. Executing PROC_DLATCH pass (convert process syncs to latches).

12.9. Executing PROC_DFF pass (convert process syncs to FFs).
Creating register for signal `\bm_butterfly.\out_valid' using process `\bm_butterfly.$proc$/Users/ritikjindal/rtl-ai-project/designs/bm_butterfly.v:57$248'.
  created $dff cell `$procdff$292' with positive edge clock.
Creating register for signal `\bm_butterfly.\cr' using process `\bm_butterfly.$proc$/Users/ritikjindal/rtl-ai-project/designs/bm_butterfly.v:57$248'.
  created $dff cell `$procdff$293' with positive edge clock.
Creating register for signal `\bm_butterfly.\ci' using process `\bm_butterfly.$proc$/Users/ritikjindal/rtl-ai-project/designs/bm_butterfly.v:57$248'.
  created $dff cell `$procdff$294' with positive edge clock.
Creating register for signal `\bm_butterfly.\vld' using process `\bm_butterfly.$proc$/Users/ritikjindal/rtl-ai-project/designs/bm_butterfly.v:33$241'.
  created $dff cell `$procdff$295' with positive edge clock.
Creating register for signal `\bm_butterfly.\ar_r' using process `\bm_butterfly.$proc$/Users/ritikjindal/rtl-ai-project/designs/bm_butterfly.v:33$241'.
  created $dff cell `$procdff$296' with positive edge clock.
Creating register for signal `\bm_butterfly.\ai_r' using process `\bm_butterfly.$proc$/Users/ritikjindal/rtl-ai-project/designs/bm_butterfly.v:33$241'.
  created $dff cell `$procdff$297' with positive edge clock.
Creating register for signal `\bm_butterfly.\br_r' using process `\bm_butterfly.$proc$/Users/ritikjindal/rtl-ai-project/designs/bm_butterfly.v:33$241'.
  created $dff cell `$procdff$298' with positive edge clock.
Creating register for signal `\bm_butterfly.\bi_r' using process `\bm_butterfly.$proc$/Users/ritikjindal/rtl-ai-project/designs/bm_butterfly.v:33$241'.
  created $dff cell `$procdff$299' with positive edge clock.

12.10. Executing PROC_MEMWR pass (convert process memory writes to cells).

12.11. Executing PROC_CLEAN pass (remove empty switches from decision trees).
Found and cleaned up 2 empty switches in `\bm_butterfly.$proc$/Users/ritikjindal/rtl-ai-project/designs/bm_butterfly.v:57$248'.
Removing empty process `bm_butterfly.$proc$/Users/ritikjindal/rtl-ai-project/designs/bm_butterfly.v:57$248'.
Found and cleaned up 1 empty switch in `\bm_butterfly.$proc$/Users/ritikjindal/rtl-ai-project/designs/bm_butterfly.v:33$241'.
Removing empty process `bm_butterfly.$proc$/Users/ritikjindal/rtl-ai-project/designs/bm_butterfly.v:33$241'.
Cleaned up 3 empty switches.

12.12. Executing OPT_EXPR pass (perform const folding).
Optimizing module bm_butterfly.

13. Executing FLATTEN pass (flatten design).

14. Executing OPT_CLEAN pass (remove unused cells and wires).
Finding unused cells or wires in module \bm_butterfly..
Removed 0 unused cells and 24 unused wires.
<suppressed ~1 debug messages>
Renaming module \bm_butterfly to \gold.

15. Executing Verilog-2005 frontend: /Users/ritikjindal/rtl-ai-project/runs/benchmark_top_optimize_20260912T204454Z/attempt_1/candidate_2/design/benchmark_top.v
Parsing SystemVerilog input from `/Users/ritikjindal/rtl-ai-project/runs/benchmark_top_optimize_20260912T204454Z/attempt_1/candidate_2/design/benchmark_top.v' to AST representation.
Generating RTLIL representation for module `\benchmark_top'.
Successfully finished Verilog frontend.

16. Executing Verilog-2005 frontend: /Users/ritikjindal/rtl-ai-project/runs/benchmark_top_optimize_20260912T204454Z/attempt_1/candidate_2/design/mac_unit.v
Parsing SystemVerilog input from `/Users/ritikjindal/rtl-ai-project/runs/benchmark_top_optimize_20260912T204454Z/attempt_1/candidate_2/design/mac_unit.v' to AST representation.
Generating RTLIL representation for module `\mac_unit'.
Successfully finished Verilog frontend.

17. Executing Verilog-2005 frontend: /Users/ritikjindal/rtl-ai-project/runs/benchmark_top_optimize_20260912T204454Z/attempt_1/candidate_2/design/bm_fir6.v
Parsing SystemVerilog input from `/Users/ritikjindal/rtl-ai-project/runs/benchmark_top_optimize_20260912T204454Z/attempt_1/candidate_2/design/bm_fir6.v' to AST representation.
Generating RTLIL representation for module `\bm_fir6'.
Successfully finished Verilog frontend.

18. Executing Verilog-2005 frontend: /Users/ritikjindal/rtl-ai-project/runs/benchmark_top_optimize_20260912T204454Z/attempt_1/candidate_2/design/bm_dot4.v
Parsing SystemVerilog input from `/Users/ritikjindal/rtl-ai-project/runs/benchmark_top_optimize_20260912T204454Z/attempt_1/candidate_2/design/bm_dot4.v' to AST representation.
Generating RTLIL representation for module `\bm_dot4'.
Successfully finished Verilog frontend.

19. Executing Verilog-2005 frontend: /Users/ritikjindal/rtl-ai-project/runs/benchmark_top_optimize_20260912T204454Z/attempt_1/candidate_2/design/bm_mac8.v
Parsing SystemVerilog input from `/Users/ritikjindal/rtl-ai-project/runs/benchmark_top_optimize_20260912T204454Z/attempt_1/candidate_2/design/bm_mac8.v' to AST representation.
Generating RTLIL representation for module `\bm_mac8'.
Successfully finished Verilog frontend.

20. Executing Verilog-2005 frontend: /Users/ritikjindal/rtl-ai-project/runs/benchmark_top_optimize_20260912T204454Z/attempt_1/candidate_2/design/bm_butterfly.v
Parsing SystemVerilog input from `/Users/ritikjindal/rtl-ai-project/runs/benchmark_top_optimize_20260912T204454Z/attempt_1/candidate_2/design/bm_butterfly.v' to AST representation.
Generating RTLIL representation for module `\bm_butterfly'.
Successfully finished Verilog frontend.

21. Executing Verilog-2005 frontend: /Users/ritikjindal/rtl-ai-project/runs/benchmark_top_optimize_20260912T204454Z/attempt_1/candidate_2/design/clk_divider.v
Parsing SystemVerilog input from `/Users/ritikjindal/rtl-ai-project/runs/benchmark_top_optimize_20260912T204454Z/attempt_1/candidate_2/design/clk_divider.v' to AST representation.
Generating RTLIL representation for module `\clk_divider'.
Successfully finished Verilog frontend.

22. Executing Verilog-2005 frontend: /Users/ritikjindal/rtl-ai-project/runs/benchmark_top_optimize_20260912T204454Z/attempt_1/candidate_2/design/cdc_sync.v
Parsing SystemVerilog input from `/Users/ritikjindal/rtl-ai-project/runs/benchmark_top_optimize_20260912T204454Z/attempt_1/candidate_2/design/cdc_sync.v' to AST representation.
Generating RTLIL representation for module `\cdc_sync'.
Successfully finished Verilog frontend.

23. Executing Verilog-2005 frontend: /Users/ritikjindal/rtl-ai-project/runs/benchmark_top_optimize_20260912T204454Z/attempt_1/candidate_2/design/cdc_handshake.v
Parsing SystemVerilog input from `/Users/ritikjindal/rtl-ai-project/runs/benchmark_top_optimize_20260912T204454Z/attempt_1/candidate_2/design/cdc_handshake.v' to AST representation.
Generating RTLIL representation for module `\cdc_handshake'.
Successfully finished Verilog frontend.

24. Executing Verilog-2005 frontend: /Users/ritikjindal/rtl-ai-project/runs/benchmark_top_optimize_20260912T204454Z/attempt_1/candidate_2/design/reset_sync.v
Parsing SystemVerilog input from `/Users/ritikjindal/rtl-ai-project/runs/benchmark_top_optimize_20260912T204454Z/attempt_1/candidate_2/design/reset_sync.v' to AST representation.
Generating RTLIL representation for module `\reset_sync'.
Successfully finished Verilog frontend.

25. Executing HIERARCHY pass (managing design hierarchy).

25.1. Analyzing design hierarchy..
Top module:  \bm_butterfly

25.2. Analyzing design hierarchy..
Top module:  \bm_butterfly
Removing unused module `\reset_sync'.
Removing unused module `\cdc_handshake'.
Removing unused module `\cdc_sync'.
Removing unused module `\clk_divider'.
Removing unused module `\bm_mac8'.
Removing unused module `\bm_dot4'.
Removing unused module `\bm_fir6'.
Removing unused module `\mac_unit'.
Removing unused module `\benchmark_top'.
Removed 9 unused modules.

26. Executing PROC pass (convert processes to netlists).

26.1. Executing PROC_CLEAN pass (remove empty switches from decision trees).
Cleaned up 0 empty switches.

26.2. Executing PROC_RMDEAD pass (remove dead branches from decision trees).
Marked 1 switch rules as full_case in process $proc$/Users/ritikjindal/rtl-ai-project/runs/benchmark_top_optimize_20260912T204454Z/attempt_1/candidate_2/design/bm_butterfly.v:73$548 in module bm_butterfly.
Marked 1 switch rules as full_case in process $proc$/Users/ritikjindal/rtl-ai-project/runs/benchmark_top_optimize_20260912T204454Z/attempt_1/candidate_2/design/bm_butterfly.v:61$547 in module bm_butterfly.
Marked 1 switch rules as full_case in process $proc$/Users/ritikjindal/rtl-ai-project/runs/benchmark_top_optimize_20260912T204454Z/attempt_1/candidate_2/design/bm_butterfly.v:34$540 in module bm_butterfly.
Removed a total of 0 dead cases.

26.3. Executing PROC_PRUNE pass (remove redundant assignments in processes).
Removed 9 redundant assignments.
Promoted 0 assignments to connections.

26.4. Executing PROC_INIT pass (extract init attributes).

26.5. Executing PROC_ARST pass (detect async resets in processes).

26.6. Executing PROC_ROM pass (convert switches to ROMs).
Converted 0 switches.
<suppressed ~4 debug messages>

26.7. Executing PROC_MUX pass (convert decision trees to multiplexers).
Creating decoders for process `\bm_butterfly.$proc$/Users/ritikjindal/rtl-ai-project/runs/benchmark_top_optimize_20260912T204454Z/attempt_1/candidate_2/design/bm_butterfly.v:73$548'.
     1/3: $0\out_valid[0:0]
     2/3: $0\ci[19:0]
     3/3: $0\cr[19:0]
Creating decoders for process `\bm_butterfly.$proc$/Users/ritikjindal/rtl-ai-project/runs/benchmark_top_optimize_20260912T204454Z/attempt_1/candidate_2/design/bm_butterfly.v:61$547'.
     1/3: $0\vld2[0:0]
     2/3: $0\imag_part_r[16:0]
     3/3: $0\real_part_r[16:0]
Creating decoders for process `\bm_butterfly.$proc$/Users/ritikjindal/rtl-ai-project/runs/benchmark_top_optimize_20260912T204454Z/attempt_1/candidate_2/design/bm_butterfly.v:34$540'.
     1/5: $0\vld[0:0]
     2/5: $0\bi_r[7:0]
     3/5: $0\br_r[7:0]
     4/5: $0\ai_r[7:0]
     5/5: $0\ar_r[7:0]

26.8. Executing PROC_DLATCH pass (convert process syncs to latches).

26.9. Executing PROC_DFF pass (convert process syncs to FFs).
Creating register for signal `\bm_butterfly.\out_valid' using process `\bm_butterfly.$proc$/Users/ritikjindal/rtl-ai-project/runs/benchmark_top_optimize_20260912T204454Z/attempt_1/candidate_2/design/bm_butterfly.v:73$548'.
  created $dff cell `$procdff$601' with positive edge clock.
Creating register for signal `\bm_butterfly.\cr' using process `\bm_butterfly.$proc$/Users/ritikjindal/rtl-ai-project/runs/benchmark_top_optimize_20260912T204454Z/attempt_1/candidate_2/design/bm_butterfly.v:73$548'.
  created $dff cell `$procdff$602' with positive edge clock.
Creating register for signal `\bm_butterfly.\ci' using process `\bm_butterfly.$proc$/Users/ritikjindal/rtl-ai-project/runs/benchmark_top_optimize_20260912T204454Z/attempt_1/candidate_2/design/bm_butterfly.v:73$548'.
  created $dff cell `$procdff$603' with positive edge clock.
Creating register for signal `\bm_butterfly.\vld2' using process `\bm_butterfly.$proc$/Users/ritikjindal/rtl-ai-project/runs/benchmark_top_optimize_20260912T204454Z/attempt_1/candidate_2/design/bm_butterfly.v:61$547'.
  created $dff cell `$procdff$604' with positive edge clock.
Creating register for signal `\bm_butterfly.\imag_part_r' using process `\bm_butterfly.$proc$/Users/ritikjindal/rtl-ai-project/runs/benchmark_top_optimize_20260912T204454Z/attempt_1/candidate_2/design/bm_butterfly.v:61$547'.
  created $dff cell `$procdff$605' with positive edge clock.
Creating register for signal `\bm_butterfly.\real_part_r' using process `\bm_butterfly.$proc$/Users/ritikjindal/rtl-ai-project/runs/benchmark_top_optimize_20260912T204454Z/attempt_1/candidate_2/design/bm_butterfly.v:61$547'.
  created $dff cell `$procdff$606' with positive edge clock.
Creating register for signal `\bm_butterfly.\vld' using process `\bm_butterfly.$proc$/Users/ritikjindal/rtl-ai-project/runs/benchmark_top_optimize_20260912T204454Z/attempt_1/candidate_2/design/bm_butterfly.v:34$540'.
  created $dff cell `$procdff$607' with positive edge clock.
Creating register for signal `\bm_butterfly.\ar_r' using process `\bm_butterfly.$proc$/Users/ritikjindal/rtl-ai-project/runs/benchmark_top_optimize_20260912T204454Z/attempt_1/candidate_2/design/bm_butterfly.v:34$540'.
  created $dff cell `$procdff$608' with positive edge clock.
Creating register for signal `\bm_butterfly.\ai_r' using process `\bm_butterfly.$proc$/Users/ritikjindal/rtl-ai-project/runs/benchmark_top_optimize_20260912T204454Z/attempt_1/candidate_2/design/bm_butterfly.v:34$540'.
  created $dff cell `$procdff$609' with positive edge clock.
Creating register for signal `\bm_butterfly.\br_r' using process `\bm_butterfly.$proc$/Users/ritikjindal/rtl-ai-project/runs/benchmark_top_optimize_20260912T204454Z/attempt_1/candidate_2/design/bm_butterfly.v:34$540'.
  created $dff cell `$procdff$610' with positive edge clock.
Creating register for signal `\bm_butterfly.\bi_r' using process `\bm_butterfly.$proc$/Users/ritikjindal/rtl-ai-project/runs/benchmark_top_optimize_20260912T204454Z/attempt_1/candidate_2/design/bm_butterfly.v:34$540'.
  created $dff cell `$procdff$611' with positive edge clock.

26.10. Executing PROC_MEMWR pass (convert process memory writes to cells).

26.11. Executing PROC_CLEAN pass (remove empty switches from decision trees).
Found and cleaned up 2 empty switches in `\bm_butterfly.$proc$/Users/ritikjindal/rtl-ai-project/runs/benchmark_top_optimize_20260912T204454Z/attempt_1/candidate_2/design/bm_butterfly.v:73$548'.
Removing empty process `bm_butterfly.$proc$/Users/ritikjindal/rtl-ai-project/runs/benchmark_top_optimize_20260912T204454Z/attempt_1/candidate_2/design/bm_butterfly.v:73$548'.
Found and cleaned up 1 empty switch in `\bm_butterfly.$proc$/Users/ritikjindal/rtl-ai-project/runs/benchmark_top_optimize_20260912T204454Z/attempt_1/candidate_2/design/bm_butterfly.v:61$547'.
Removing empty process `bm_butterfly.$proc$/Users/ritikjindal/rtl-ai-project/runs/benchmark_top_optimize_20260912T204454Z/attempt_1/candidate_2/design/bm_butterfly.v:61$547'.
Found and cleaned up 1 empty switch in `\bm_butterfly.$proc$/Users/ritikjindal/rtl-ai-project/runs/benchmark_top_optimize_20260912T204454Z/attempt_1/candidate_2/design/bm_butterfly.v:34$540'.
Removing empty process `bm_butterfly.$proc$/Users/ritikjindal/rtl-ai-project/runs/benchmark_top_optimize_20260912T204454Z/attempt_1/candidate_2/design/bm_butterfly.v:34$540'.
Cleaned up 4 empty switches.

26.12. Executing OPT_EXPR pass (perform const folding).
Optimizing module bm_butterfly.

27. Executing FLATTEN pass (flatten design).

28. Executing OPT_CLEAN pass (remove unused cells and wires).
Finding unused cells or wires in module \bm_butterfly..
Removed 0 unused cells and 30 unused wires.
<suppressed ~1 debug messages>
Renaming module \bm_butterfly to \gate.

29. Executing Verilog backend.

29.1. Executing BMUXMAP pass.

29.2. Executing DEMUXMAP pass.
Dumping module `\gate'.
Dumping module `\gold'.

30. Executing JSON backend.

End of script. Logfile hash: da87acc93b, time: 0.05s, user: 0.04s, system: 0.02s, MEM: 16.69 MB peak
Yosys 0.68+130 (git sha1 dd83bbad2-dirty, Release, Clang /usr/local/osxcross/target/bin/aarch64-apple-darwin25.5-clang++ 21.1.8)
Time spent: 85% 40x read_verilog (0 sec), 2% 2x opt_clean (0 sec), ...
