Startpoint: _95493_ (rising edge-triggered flip-flop clocked by clk_a)
Endpoint: _95282_ (rising edge-triggered flip-flop clocked by clk_a)
Path Group: clk_a
Path Type: max

  Delay    Time   Description
---------------------------------------------------------
   0.00    0.00   clock clk_a (rise edge)
   0.00    0.00   clock network delay (ideal)
   0.00    0.00 ^ _95493_/CK (DFF_X1)
   0.18    0.18 ^ _95493_/Q (DFF_X1)
   0.10    0.28 v _51132_/ZN (NAND2_X1)
   0.08    0.36 ^ _56023_/ZN (XNOR2_X1)
   0.03    0.39 v _56024_/ZN (AOI21_X1)
   0.06    0.45 v _56026_/Z (XOR2_X1)
   0.07    0.52 v _56027_/Z (XOR2_X1)
   0.05    0.57 v _56044_/ZN (XNOR2_X1)
   0.06    0.63 v _56045_/Z (XOR2_X1)
   0.08    0.71 v _56057_/ZN (OR3_X1)
   0.04    0.75 v _56058_/ZN (AND2_X1)
   0.04    0.79 v _56074_/ZN (XNOR2_X1)
   0.02    0.81 ^ _56075_/ZN (OAI21_X1)
   0.01    0.82 v _56076_/ZN (INV_X1)
   0.05    0.87 ^ _56077_/ZN (AOI21_X1)
   0.01    0.89 v _56078_/ZN (NOR2_X1)
   0.05    0.94 ^ _56079_/ZN (AOI21_X1)
   0.05    0.99 ^ _56122_/ZN (XNOR2_X1)
   0.06    1.05 ^ _56152_/Z (XOR2_X1)
   0.06    1.11 ^ _56208_/Z (XOR2_X1)
   0.05    1.17 ^ _56242_/Z (XOR2_X1)
   0.04    1.21 ^ _56243_/ZN (AND2_X1)
   0.01    1.22 v _56244_/ZN (AOI21_X1)
   0.05    1.27 v _56246_/ZN (OR2_X1)
   0.02    1.29 ^ _56247_/ZN (NAND2_X1)
   0.04    1.33 ^ _56248_/ZN (AND2_X1)
   0.01    1.34 v _56249_/ZN (NOR2_X1)
   0.05    1.39 v _56250_/ZN (OR2_X1)
   0.02    1.41 ^ _56251_/ZN (NAND2_X1)
   0.04    1.45 ^ _56253_/ZN (AND2_X1)
   0.01    1.46 v _56254_/ZN (NOR2_X1)
   0.05    1.51 v _56255_/ZN (OR2_X1)
   0.02    1.53 ^ _56256_/ZN (NAND2_X1)
   0.03    1.56 ^ _56257_/ZN (AND2_X1)
   0.03    1.59 ^ _56258_/ZN (OR2_X1)
   0.04    1.63 ^ _56259_/ZN (AND2_X1)
   0.01    1.64 v _56260_/ZN (NOR2_X1)
   0.05    1.69 v _56262_/ZN (OR2_X1)
   0.03    1.71 ^ _56263_/ZN (NAND2_X1)
   0.02    1.73 v _56269_/ZN (OAI21_X1)
   0.08    1.80 ^ _56270_/ZN (AOI21_X1)
   0.00    1.80 ^ _95282_/D (DFF_X1)
           1.80   data arrival time

   1.50    1.50   clock clk_a (rise edge)
   0.00    1.50   clock network delay (ideal)
  -0.05    1.45   clock uncertainty
   0.00    1.45   clock reconvergence pessimism
           1.45 ^ _95282_/CK (DFF_X1)
  -0.04    1.41   library setup time
           1.41   data required time
---------------------------------------------------------
           1.41   data required time
          -1.80   data arrival time
---------------------------------------------------------
          -0.39   slack (VIOLATED)


Startpoint: _94833_ (rising edge-triggered flip-flop clocked by clk_b)
Endpoint: _94831_ (rising edge-triggered flip-flop clocked by clk_b)
Path Group: clk_b
Path Type: max

  Delay    Time   Description
---------------------------------------------------------
   0.00    0.00   clock clk_b (rise edge)
   0.00    0.00   clock network delay (ideal)
   0.00    0.00 ^ _94833_/CK (DFF_X1)
   0.41    0.41 ^ _94833_/Q (DFF_X1)
   0.06    0.46 v _67242_/ZN (XNOR2_X1)
   0.08    0.55 v _68995_/Z (XOR2_X1)
   0.07    0.61 v _68997_/Z (XOR2_X1)
   0.05    0.66 v _69010_/ZN (XNOR2_X1)
   0.05    0.71 v _69011_/ZN (XNOR2_X1)
   0.05    0.75 ^ _69029_/ZN (AOI21_X1)
   0.02    0.77 v _69030_/ZN (AOI21_X1)
   0.05    0.82 v _69032_/ZN (OR2_X1)
   0.03    0.85 v _69052_/ZN (AND3_X1)
   0.05    0.90 v _69053_/ZN (OR2_X1)
   0.05    0.96 v _69091_/Z (XOR2_X1)
   0.04    1.00 v _69186_/ZN (XNOR2_X1)
   0.04    1.05 v _69225_/ZN (XNOR2_X1)
   0.04    1.08 v _69306_/ZN (AND3_X1)
   0.05    1.14 v _69307_/ZN (OR2_X1)
   0.04    1.18 v _69347_/ZN (XNOR2_X1)
   0.05    1.22 ^ _69348_/ZN (AOI21_X1)
   0.02    1.24 v _69349_/ZN (NOR2_X1)
   0.05    1.29 v _69350_/ZN (OR2_X1)
   0.03    1.32 v _69386_/ZN (AND3_X1)
   0.05    1.37 v _69387_/ZN (OR2_X1)
   0.05    1.42 v _69438_/Z (XOR2_X1)
   0.08    1.50 v _69528_/ZN (OR3_X1)
   0.04    1.54 v _69529_/ZN (AND2_X1)
   0.06    1.60 v _69530_/Z (XOR2_X1)
   0.03    1.63 v _69588_/ZN (AND2_X1)
   0.04    1.67 ^ _69589_/ZN (AOI21_X1)
   0.03    1.70 ^ _69590_/ZN (OR2_X1)
   0.02    1.72 v _69591_/ZN (NAND2_X1)
   0.04    1.75 v _69592_/ZN (AND2_X1)
   0.04    1.80 ^ _69593_/ZN (AOI21_X1)
   0.03    1.83 ^ _69595_/ZN (OR2_X1)
   0.02    1.85 v _69596_/ZN (NAND2_X1)
   0.09    1.94 v _69601_/ZN (OR3_X1)
   0.07    2.01 v _69604_/Z (MUX2_X1)
   0.04    2.05 ^ _69605_/ZN (OAI21_X1)
   0.02    2.07 v _69606_/ZN (AOI21_X1)
   0.00    2.07 v _94831_/D (DFF_X1)
           2.07   data arrival time

   1.45    1.45   clock clk_b (rise edge)
   0.00    1.45   clock network delay (ideal)
  -0.05    1.40   clock uncertainty
   0.00    1.40   clock reconvergence pessimism
           1.40 ^ _94831_/CK (DFF_X1)
  -0.05    1.35   library setup time
           1.35   data required time
---------------------------------------------------------
           1.35   data required time
          -2.07   data arrival time
---------------------------------------------------------
          -0.71   slack (VIOLATED)


Startpoint: _94690_ (rising edge-triggered flip-flop clocked by clk_c)
Endpoint: _94622_ (rising edge-triggered flip-flop clocked by clk_c)
Path Group: clk_c
Path Type: max

  Delay    Time   Description
---------------------------------------------------------
   0.00    0.00   clock clk_c (rise edge)
   0.00    0.00   clock network delay (ideal)
   0.00    0.00 ^ _94690_/CK (DFF_X1)
   0.20    0.20 ^ _94690_/Q (DFF_X1)
   0.07    0.27 v _72789_/ZN (NAND2_X1)
   0.10    0.37 ^ _73022_/ZN (NOR2_X1)
   0.05    0.42 v _73025_/ZN (NOR2_X1)
   0.05    0.47 v _75161_/ZN (XNOR2_X1)
   0.07    0.54 v _75162_/Z (XOR2_X1)
   0.04    0.58 v _75176_/ZN (XNOR2_X1)
   0.05    0.63 v _75179_/ZN (XNOR2_X1)
   0.05    0.68 ^ _75180_/ZN (NOR3_X1)
   0.02    0.69 v _75181_/ZN (NOR2_X1)
   0.05    0.75 v _75184_/Z (XOR2_X1)
   0.03    0.78 v _75185_/ZN (AND2_X1)
   0.07    0.85 v _75229_/ZN (OR3_X1)
   0.04    0.89 v _75230_/ZN (AND2_X1)
   0.04    0.93 v _75231_/ZN (XNOR2_X1)
   0.02    0.95 ^ _75232_/ZN (INV_X1)
   0.01    0.96 v _75256_/ZN (NOR2_X1)
   0.05    1.01 ^ _75257_/ZN (AOI21_X1)
   0.01    1.03 v _75258_/ZN (NOR2_X1)
   0.05    1.08 ^ _75259_/ZN (AOI21_X1)
   0.01    1.09 v _75260_/ZN (INV_X1)
   0.01    1.10 ^ _75262_/ZN (NAND2_X1)
   0.02    1.12 v _75263_/ZN (OAI21_X1)
   0.04    1.16 v _75265_/ZN (AND2_X1)
   0.08    1.24 v _75313_/ZN (OR3_X1)
   0.04    1.28 v _75314_/ZN (AND2_X1)
   0.05    1.33 ^ _75316_/ZN (XNOR2_X1)
   0.02    1.35 v _75363_/ZN (OAI21_X1)
   0.04    1.38 v _75364_/ZN (AND2_X1)
   0.04    1.43 ^ _75365_/ZN (NOR2_X1)
   0.02    1.45 v _75366_/ZN (OAI21_X1)
   0.03    1.48 v _75368_/ZN (AND2_X1)
   0.03    1.52 ^ _75369_/ZN (NOR2_X1)
   0.01    1.53 v _75370_/ZN (NOR2_X1)
   0.05    1.58 v _75371_/ZN (OR2_X1)
   0.04    1.62 v _75372_/ZN (AND2_X1)
   0.08    1.70 v _75377_/ZN (OR3_X1)
   0.03    1.73 ^ _75378_/ZN (AOI21_X1)
   0.00    1.73 ^ _94622_/D (DFF_X1)
           1.73   data arrival time

   1.75    1.75   clock clk_c (rise edge)
   0.00    1.75   clock network delay (ideal)
  -0.05    1.70   clock uncertainty
   0.00    1.70   clock reconvergence pessimism
           1.70 ^ _94622_/CK (DFF_X1)
  -0.04    1.66   library setup time
           1.66   data required time
---------------------------------------------------------
           1.66   data required time
          -1.73   data arrival time
---------------------------------------------------------
          -0.06   slack (VIOLATED)


Startpoint: _94445_ (rising edge-triggered flip-flop clocked by clk_d)
Endpoint: _94399_ (rising edge-triggered flip-flop clocked by clk_d)
Path Group: clk_d
Path Type: max

  Delay    Time   Description
---------------------------------------------------------
   0.00    0.00   clock clk_d (rise edge)
   0.00    0.00   clock network delay (ideal)
   0.00    0.00 ^ _94445_/CK (DFF_X1)
   0.23    0.23 ^ _94445_/Q (DFF_X1)
   0.07    0.30 v _78450_/ZN (NAND2_X1)
   0.08    0.38 v _80904_/Z (XOR2_X1)
   0.05    0.43 v _80930_/ZN (XNOR2_X1)
   0.06    0.49 v _80936_/Z (XOR2_X1)
   0.05    0.54 v _80961_/ZN (XNOR2_X1)
   0.06    0.60 v _80969_/Z (XOR2_X1)
   0.04    0.64 v _80992_/ZN (XNOR2_X1)
   0.04    0.68 v _80995_/ZN (AND3_X1)
   0.04    0.72 ^ _80996_/ZN (NOR2_X1)
   0.06    0.78 ^ _81018_/Z (XOR2_X1)
   0.06    0.84 ^ _81020_/Z (XOR2_X1)
   0.05    0.89 ^ _81112_/ZN (XNOR2_X1)
   0.06    0.96 ^ _81147_/Z (XOR2_X1)
   0.02    0.97 v _81148_/ZN (NAND2_X1)
   0.03    1.00 ^ _81149_/ZN (OAI21_X1)
   0.06    1.06 ^ _81186_/Z (XOR2_X1)
   0.05    1.11 ^ _81234_/ZN (XNOR2_X1)
   0.05    1.16 ^ _81271_/ZN (XNOR2_X1)
   0.06    1.22 ^ _81320_/Z (XOR2_X1)
   0.05    1.27 ^ _81353_/ZN (XNOR2_X1)
   0.06    1.33 ^ _81390_/Z (XOR2_X1)
   0.02    1.35 v _81391_/ZN (AOI21_X1)
   0.05    1.40 v _81392_/ZN (OR2_X1)
   0.06    1.46 v _81419_/Z (XOR2_X1)
   0.04    1.51 v _81457_/ZN (XNOR2_X1)
   0.08    1.59 v _81483_/ZN (OR3_X1)
   0.02    1.61 ^ _81484_/ZN (NAND2_X1)
   0.05    1.66 ^ _81486_/ZN (XNOR2_X1)
   0.06    1.72 ^ _81589_/Z (XOR2_X1)
   0.05    1.77 ^ _81629_/Z (XOR2_X1)
   0.04    1.82 ^ _81630_/ZN (AND2_X1)
   0.02    1.83 v _81631_/ZN (AOI21_X1)
   0.04    1.87 ^ _81632_/ZN (OAI21_X1)
   0.04    1.91 ^ _81634_/ZN (AND2_X1)
   0.01    1.93 v _81635_/ZN (AOI21_X1)
   0.05    1.98 v _81636_/ZN (OR2_X1)
   0.02    2.00 ^ _81637_/ZN (NAND2_X1)
   0.04    2.04 ^ _81638_/ZN (AND2_X1)
   0.01    2.05 v _81639_/ZN (NOR2_X1)
   0.05    2.10 v _81640_/ZN (OR2_X1)
   0.02    2.12 ^ _81641_/ZN (NAND2_X1)
   0.03    2.15 ^ _81642_/ZN (AND2_X1)
   0.03    2.19 ^ _81643_/ZN (OR2_X1)
   0.02    2.20 v _81664_/ZN (NAND2_X1)
   0.05    2.25 v _81671_/ZN (OR2_X1)
   0.03    2.28 v _81676_/ZN (AND2_X1)
   0.00    2.28 v _94399_/D (DFF_X1)
           2.28   data arrival time

   1.70    1.70   clock clk_d (rise edge)
   0.00    1.70   clock network delay (ideal)
  -0.05    1.65   clock uncertainty
   0.00    1.65   clock reconvergence pessimism
           1.65 ^ _94399_/CK (DFF_X1)
  -0.04    1.61   library setup time
           1.61   data required time
---------------------------------------------------------
           1.61   data required time
          -2.28   data arrival time
---------------------------------------------------------
          -0.67   slack (VIOLATED)


Startpoint: _95911_ (rising edge-triggered flip-flop clocked by clk_e)
Endpoint: _94222_ (rising edge-triggered flip-flop clocked by clk_e)
Path Group: clk_e
Path Type: max

  Delay    Time   Description
---------------------------------------------------------
   0.00    0.00   clock clk_e (rise edge)
   0.00    0.00   clock network delay (ideal)
   0.00    0.00 ^ _95911_/CK (DFF_X1)
   0.57    0.57 ^ _95911_/Q (DFF_X1)
   0.68    1.24 v _47959_/ZN (INV_X1)
   0.16    1.40 ^ _87400_/ZN (NOR2_X1)
   0.03    1.43 v _87417_/ZN (OAI21_X1)
   0.05    1.49 ^ _87418_/ZN (AOI21_X1)
   0.03    1.52 v _87421_/ZN (OAI21_X1)
   0.06    1.58 ^ _87424_/ZN (AOI211_X1)
   0.02    1.60 v _87465_/ZN (AOI211_X1)
   0.05    1.65 ^ _87466_/ZN (NOR2_X1)
   0.03    1.68 v _87610_/ZN (XNOR2_X1)
   0.04    1.72 v _87611_/ZN (XNOR2_X1)
   0.07    1.79 v _87612_/Z (MUX2_X1)
   0.04    1.84 v _87707_/ZN (XNOR2_X1)
   0.04    1.88 v _87759_/ZN (XNOR2_X1)
   0.07    1.95 v _87761_/Z (MUX2_X1)
   0.04    1.99 v _87940_/ZN (XNOR2_X1)
   0.04    2.03 v _87941_/ZN (XNOR2_X1)
   0.06    2.09 v _87942_/Z (MUX2_X1)
   0.03    2.13 ^ _88035_/ZN (NOR2_X1)
   0.03    2.15 v _88036_/ZN (NAND3_X1)
   0.06    2.21 v _88068_/ZN (XNOR2_X1)
   0.05    2.26 v _88069_/ZN (XNOR2_X1)
   0.09    2.34 ^ _88172_/ZN (OAI33_X1)
   0.03    2.38 v _88175_/ZN (AOI21_X1)
   0.06    2.43 ^ _88176_/ZN (OAI21_X1)
   0.02    2.45 v _88177_/ZN (OAI21_X1)
   0.06    2.52 v _88201_/Z (XOR2_X1)
   0.05    2.57 v _88298_/Z (XOR2_X1)
   0.06    2.63 v _88299_/Z (MUX2_X1)
   0.05    2.68 v _88300_/ZN (XNOR2_X1)
   0.05    2.72 v _88302_/ZN (XNOR2_X1)
   0.08    2.80 ^ _88454_/ZN (AOI211_X1)
   0.03    2.83 v _88462_/ZN (OAI21_X1)
   0.08    2.91 ^ _88570_/ZN (AOI211_X1)
   0.03    2.94 v _88577_/ZN (XNOR2_X1)
   0.16    3.09 ^ _88578_/ZN (NOR4_X1)
   0.06    3.15 v _88600_/ZN (NAND4_X1)
   0.03    3.18 ^ _93575_/ZN (OAI21_X1)
   0.05    3.23 ^ _93576_/ZN (AND3_X1)
   0.02    3.25 v _93577_/ZN (AOI21_X1)
   0.04    3.29 ^ _93578_/ZN (OAI21_X1)
   0.02    3.31 v _93579_/ZN (AOI21_X1)
   0.00    3.31 v _94222_/D (DFF_X1)
           3.31   data arrival time

   3.20    3.20   clock clk_e (rise edge)
   0.00    3.20   clock network delay (ideal)
  -0.05    3.15   clock uncertainty
   0.00    3.15   clock reconvergence pessimism
           3.15 ^ _94222_/CK (DFF_X1)
  -0.11    3.04   library setup time
           3.04   data required time
---------------------------------------------------------
           3.04   data required time
          -3.31   data arrival time
---------------------------------------------------------
          -0.27   slack (VIOLATED)


