SBY 22:26:31 [/mnt/d/tushar/Downloads/RTL.ai/runs/mac_unit_optimize_20260911T222540Z/attempt_1/candidate_2/formal/equiv] Removing directory '/mnt/d/tushar/Downloads/RTL.ai/runs/mac_unit_optimize_20260911T222540Z/attempt_1/candidate_2/formal/equiv'.
SBY 22:26:31 [/mnt/d/tushar/Downloads/RTL.ai/runs/mac_unit_optimize_20260911T222540Z/attempt_1/candidate_2/formal/equiv] Copy '/mnt/d/tushar/Downloads/RTL.ai/runs/mac_unit_optimize_20260911T222540Z/attempt_1/candidate_2/formal/gold_gate.v' to '/mnt/d/tushar/Downloads/RTL.ai/runs/mac_unit_optimize_20260911T222540Z/attempt_1/candidate_2/formal/equiv/src/gold_gate.v'.
SBY 22:26:31 [/mnt/d/tushar/Downloads/RTL.ai/runs/mac_unit_optimize_20260911T222540Z/attempt_1/candidate_2/formal/equiv] Copy '/mnt/d/tushar/Downloads/RTL.ai/runs/mac_unit_optimize_20260911T222540Z/attempt_1/candidate_2/formal/eqcheck_wrapper.v' to '/mnt/d/tushar/Downloads/RTL.ai/runs/mac_unit_optimize_20260911T222540Z/attempt_1/candidate_2/formal/equiv/src/eqcheck_wrapper.v'.
SBY 22:26:31 [/mnt/d/tushar/Downloads/RTL.ai/runs/mac_unit_optimize_20260911T222540Z/attempt_1/candidate_2/formal/equiv] engine_0: smtbmc
SBY 22:26:31 [/mnt/d/tushar/Downloads/RTL.ai/runs/mac_unit_optimize_20260911T222540Z/attempt_1/candidate_2/formal/equiv] base: starting process "cd /mnt/d/tushar/Downloads/RTL.ai/runs/mac_unit_optimize_20260911T222540Z/attempt_1/candidate_2/formal/equiv/src; yosys -ql ../model/design.log ../model/design.ys"
SBY 22:26:31 [/mnt/d/tushar/Downloads/RTL.ai/runs/mac_unit_optimize_20260911T222540Z/attempt_1/candidate_2/formal/equiv] base: finished (returncode=0)
SBY 22:26:31 [/mnt/d/tushar/Downloads/RTL.ai/runs/mac_unit_optimize_20260911T222540Z/attempt_1/candidate_2/formal/equiv] prep: starting process "cd /mnt/d/tushar/Downloads/RTL.ai/runs/mac_unit_optimize_20260911T222540Z/attempt_1/candidate_2/formal/equiv/model; yosys -ql design_prep.log design_prep.ys"
SBY 22:26:31 [/mnt/d/tushar/Downloads/RTL.ai/runs/mac_unit_optimize_20260911T222540Z/attempt_1/candidate_2/formal/equiv] prep: finished (returncode=0)
SBY 22:26:31 [/mnt/d/tushar/Downloads/RTL.ai/runs/mac_unit_optimize_20260911T222540Z/attempt_1/candidate_2/formal/equiv] smt2: starting process "cd /mnt/d/tushar/Downloads/RTL.ai/runs/mac_unit_optimize_20260911T222540Z/attempt_1/candidate_2/formal/equiv/model; yosys -ql design_smt2.log design_smt2.ys"
SBY 22:26:31 [/mnt/d/tushar/Downloads/RTL.ai/runs/mac_unit_optimize_20260911T222540Z/attempt_1/candidate_2/formal/equiv] smt2: finished (returncode=0)
SBY 22:26:31 [/mnt/d/tushar/Downloads/RTL.ai/runs/mac_unit_optimize_20260911T222540Z/attempt_1/candidate_2/formal/equiv] engine_0.basecase: starting process "cd /mnt/d/tushar/Downloads/RTL.ai/runs/mac_unit_optimize_20260911T222540Z/attempt_1/candidate_2/formal/equiv; yosys-smtbmc --presat --unroll --noprogress -t 20  --append 0 --dump-vcd engine_0/trace.vcd --dump-yw engine_0/trace.yw --dump-vlogtb engine_0/trace_tb.v --dump-smtc engine_0/trace.smtc model/design_smt2.smt2"
SBY 22:26:31 [/mnt/d/tushar/Downloads/RTL.ai/runs/mac_unit_optimize_20260911T222540Z/attempt_1/candidate_2/formal/equiv] engine_0.induction: starting process "cd /mnt/d/tushar/Downloads/RTL.ai/runs/mac_unit_optimize_20260911T222540Z/attempt_1/candidate_2/formal/equiv; yosys-smtbmc --presat --unroll -i --noprogress -t 20  --append 0 --dump-vcd engine_0/trace_induct.vcd --dump-yw engine_0/trace_induct.yw --dump-vlogtb engine_0/trace_induct_tb.v --dump-smtc engine_0/trace_induct.smtc model/design_smt2.smt2"
SBY 22:26:31 [/mnt/d/tushar/Downloads/RTL.ai/runs/mac_unit_optimize_20260911T222540Z/attempt_1/candidate_2/formal/equiv] engine_0.basecase: ##   0:00:00  Solver: yices
SBY 22:26:31 [/mnt/d/tushar/Downloads/RTL.ai/runs/mac_unit_optimize_20260911T222540Z/attempt_1/candidate_2/formal/equiv] engine_0.induction: ##   0:00:00  Solver: yices
SBY 22:26:31 [/mnt/d/tushar/Downloads/RTL.ai/runs/mac_unit_optimize_20260911T222540Z/attempt_1/candidate_2/formal/equiv] engine_0.basecase: ##   0:00:00  Checking assumptions in step 0..
SBY 22:26:31 [/mnt/d/tushar/Downloads/RTL.ai/runs/mac_unit_optimize_20260911T222540Z/attempt_1/candidate_2/formal/equiv] engine_0.induction: ##   0:00:00  Trying induction in step 20..
SBY 22:26:31 [/mnt/d/tushar/Downloads/RTL.ai/runs/mac_unit_optimize_20260911T222540Z/attempt_1/candidate_2/formal/equiv] engine_0.basecase: ##   0:00:00  Checking assertions in step 0..
SBY 22:26:31 [/mnt/d/tushar/Downloads/RTL.ai/runs/mac_unit_optimize_20260911T222540Z/attempt_1/candidate_2/formal/equiv] engine_0.basecase: ##   0:00:00  Checking assumptions in step 1..
SBY 22:26:31 [/mnt/d/tushar/Downloads/RTL.ai/runs/mac_unit_optimize_20260911T222540Z/attempt_1/candidate_2/formal/equiv] engine_0.basecase: ##   0:00:00  Checking assertions in step 1..
SBY 22:26:31 [/mnt/d/tushar/Downloads/RTL.ai/runs/mac_unit_optimize_20260911T222540Z/attempt_1/candidate_2/formal/equiv] engine_0.basecase: ##   0:00:00  Checking assumptions in step 2..
SBY 22:26:31 [/mnt/d/tushar/Downloads/RTL.ai/runs/mac_unit_optimize_20260911T222540Z/attempt_1/candidate_2/formal/equiv] engine_0.basecase: ##   0:00:00  Checking assertions in step 2..
SBY 22:26:31 [/mnt/d/tushar/Downloads/RTL.ai/runs/mac_unit_optimize_20260911T222540Z/attempt_1/candidate_2/formal/equiv] engine_0.basecase: ##   0:00:00  Checking assumptions in step 3..
SBY 22:26:31 [/mnt/d/tushar/Downloads/RTL.ai/runs/mac_unit_optimize_20260911T222540Z/attempt_1/candidate_2/formal/equiv] engine_0.basecase: ##   0:00:00  Checking assertions in step 3..
SBY 22:26:31 [/mnt/d/tushar/Downloads/RTL.ai/runs/mac_unit_optimize_20260911T222540Z/attempt_1/candidate_2/formal/equiv] engine_0.induction: ##   0:00:00  Trying induction in step 19..
SBY 22:26:31 [/mnt/d/tushar/Downloads/RTL.ai/runs/mac_unit_optimize_20260911T222540Z/attempt_1/candidate_2/formal/equiv] engine_0.induction: ##   0:00:00  Trying induction in step 18..
SBY 22:26:31 [/mnt/d/tushar/Downloads/RTL.ai/runs/mac_unit_optimize_20260911T222540Z/attempt_1/candidate_2/formal/equiv] engine_0.basecase: ##   0:00:00  Checking assumptions in step 4..
SBY 22:26:31 [/mnt/d/tushar/Downloads/RTL.ai/runs/mac_unit_optimize_20260911T222540Z/attempt_1/candidate_2/formal/equiv] engine_0.basecase: ##   0:00:00  Checking assertions in step 4..
SBY 22:26:31 [/mnt/d/tushar/Downloads/RTL.ai/runs/mac_unit_optimize_20260911T222540Z/attempt_1/candidate_2/formal/equiv] engine_0.induction: ##   0:00:00  Trying induction in step 17..
SBY 22:26:31 [/mnt/d/tushar/Downloads/RTL.ai/runs/mac_unit_optimize_20260911T222540Z/attempt_1/candidate_2/formal/equiv] engine_0.basecase: ##   0:00:00  Checking assumptions in step 5..
SBY 22:26:31 [/mnt/d/tushar/Downloads/RTL.ai/runs/mac_unit_optimize_20260911T222540Z/attempt_1/candidate_2/formal/equiv] engine_0.basecase: ##   0:00:00  Checking assertions in step 5..
SBY 22:26:31 [/mnt/d/tushar/Downloads/RTL.ai/runs/mac_unit_optimize_20260911T222540Z/attempt_1/candidate_2/formal/equiv] engine_0.induction: ##   0:00:00  Trying induction in step 16..
SBY 22:26:31 [/mnt/d/tushar/Downloads/RTL.ai/runs/mac_unit_optimize_20260911T222540Z/attempt_1/candidate_2/formal/equiv] engine_0.basecase: ##   0:00:00  Checking assumptions in step 6..
SBY 22:26:31 [/mnt/d/tushar/Downloads/RTL.ai/runs/mac_unit_optimize_20260911T222540Z/attempt_1/candidate_2/formal/equiv] engine_0.basecase: ##   0:00:00  Checking assertions in step 6..
SBY 22:26:31 [/mnt/d/tushar/Downloads/RTL.ai/runs/mac_unit_optimize_20260911T222540Z/attempt_1/candidate_2/formal/equiv] engine_0.basecase: ##   0:00:00  Checking assumptions in step 7..
SBY 22:26:31 [/mnt/d/tushar/Downloads/RTL.ai/runs/mac_unit_optimize_20260911T222540Z/attempt_1/candidate_2/formal/equiv] engine_0.basecase: ##   0:00:00  Checking assertions in step 7..
SBY 22:26:31 [/mnt/d/tushar/Downloads/RTL.ai/runs/mac_unit_optimize_20260911T222540Z/attempt_1/candidate_2/formal/equiv] engine_0.basecase: ##   0:00:00  Checking assumptions in step 8..
SBY 22:26:31 [/mnt/d/tushar/Downloads/RTL.ai/runs/mac_unit_optimize_20260911T222540Z/attempt_1/candidate_2/formal/equiv] engine_0.basecase: ##   0:00:00  Checking assertions in step 8..
SBY 22:26:31 [/mnt/d/tushar/Downloads/RTL.ai/runs/mac_unit_optimize_20260911T222540Z/attempt_1/candidate_2/formal/equiv] engine_0.basecase: ##   0:00:00  Checking assumptions in step 9..
SBY 22:26:31 [/mnt/d/tushar/Downloads/RTL.ai/runs/mac_unit_optimize_20260911T222540Z/attempt_1/candidate_2/formal/equiv] engine_0.basecase: ##   0:00:00  Checking assertions in step 9..
SBY 22:26:31 [/mnt/d/tushar/Downloads/RTL.ai/runs/mac_unit_optimize_20260911T222540Z/attempt_1/candidate_2/formal/equiv] engine_0.basecase: ##   0:00:00  Checking assumptions in step 10..
SBY 22:26:31 [/mnt/d/tushar/Downloads/RTL.ai/runs/mac_unit_optimize_20260911T222540Z/attempt_1/candidate_2/formal/equiv] engine_0.basecase: ##   0:00:00  Checking assertions in step 10..
SBY 22:26:31 [/mnt/d/tushar/Downloads/RTL.ai/runs/mac_unit_optimize_20260911T222540Z/attempt_1/candidate_2/formal/equiv] engine_0.basecase: ##   0:00:00  Checking assumptions in step 11..
SBY 22:26:31 [/mnt/d/tushar/Downloads/RTL.ai/runs/mac_unit_optimize_20260911T222540Z/attempt_1/candidate_2/formal/equiv] engine_0.basecase: ##   0:00:00  Checking assertions in step 11..
SBY 22:26:31 [/mnt/d/tushar/Downloads/RTL.ai/runs/mac_unit_optimize_20260911T222540Z/attempt_1/candidate_2/formal/equiv] engine_0.basecase: ##   0:00:00  Checking assumptions in step 12..
SBY 22:26:31 [/mnt/d/tushar/Downloads/RTL.ai/runs/mac_unit_optimize_20260911T222540Z/attempt_1/candidate_2/formal/equiv] engine_0.basecase: ##   0:00:00  Checking assertions in step 12..
SBY 22:26:31 [/mnt/d/tushar/Downloads/RTL.ai/runs/mac_unit_optimize_20260911T222540Z/attempt_1/candidate_2/formal/equiv] engine_0.basecase: ##   0:00:00  Checking assumptions in step 13..
SBY 22:26:31 [/mnt/d/tushar/Downloads/RTL.ai/runs/mac_unit_optimize_20260911T222540Z/attempt_1/candidate_2/formal/equiv] engine_0.basecase: ##   0:00:00  Checking assertions in step 13..
SBY 22:26:31 [/mnt/d/tushar/Downloads/RTL.ai/runs/mac_unit_optimize_20260911T222540Z/attempt_1/candidate_2/formal/equiv] engine_0.basecase: ##   0:00:00  Checking assumptions in step 14..
SBY 22:26:31 [/mnt/d/tushar/Downloads/RTL.ai/runs/mac_unit_optimize_20260911T222540Z/attempt_1/candidate_2/formal/equiv] engine_0.basecase: ##   0:00:00  Checking assertions in step 14..
SBY 22:26:31 [/mnt/d/tushar/Downloads/RTL.ai/runs/mac_unit_optimize_20260911T222540Z/attempt_1/candidate_2/formal/equiv] engine_0.basecase: ##   0:00:00  Checking assumptions in step 15..
SBY 22:26:31 [/mnt/d/tushar/Downloads/RTL.ai/runs/mac_unit_optimize_20260911T222540Z/attempt_1/candidate_2/formal/equiv] engine_0.basecase: ##   0:00:00  Checking assertions in step 15..
SBY 22:26:31 [/mnt/d/tushar/Downloads/RTL.ai/runs/mac_unit_optimize_20260911T222540Z/attempt_1/candidate_2/formal/equiv] engine_0.basecase: ##   0:00:00  Checking assumptions in step 16..
SBY 22:26:31 [/mnt/d/tushar/Downloads/RTL.ai/runs/mac_unit_optimize_20260911T222540Z/attempt_1/candidate_2/formal/equiv] engine_0.basecase: ##   0:00:00  Checking assertions in step 16..
SBY 22:26:31 [/mnt/d/tushar/Downloads/RTL.ai/runs/mac_unit_optimize_20260911T222540Z/attempt_1/candidate_2/formal/equiv] engine_0.basecase: ##   0:00:00  Checking assumptions in step 17..
SBY 22:26:31 [/mnt/d/tushar/Downloads/RTL.ai/runs/mac_unit_optimize_20260911T222540Z/attempt_1/candidate_2/formal/equiv] engine_0.basecase: ##   0:00:00  Checking assertions in step 17..
SBY 22:26:31 [/mnt/d/tushar/Downloads/RTL.ai/runs/mac_unit_optimize_20260911T222540Z/attempt_1/candidate_2/formal/equiv] engine_0.basecase: ##   0:00:00  Checking assumptions in step 18..
SBY 22:26:31 [/mnt/d/tushar/Downloads/RTL.ai/runs/mac_unit_optimize_20260911T222540Z/attempt_1/candidate_2/formal/equiv] engine_0.basecase: ##   0:00:00  Checking assertions in step 18..
SBY 22:26:31 [/mnt/d/tushar/Downloads/RTL.ai/runs/mac_unit_optimize_20260911T222540Z/attempt_1/candidate_2/formal/equiv] engine_0.basecase: ##   0:00:00  Checking assumptions in step 19..
SBY 22:26:32 [/mnt/d/tushar/Downloads/RTL.ai/runs/mac_unit_optimize_20260911T222540Z/attempt_1/candidate_2/formal/equiv] engine_0.basecase: ##   0:00:00  Checking assertions in step 19..
SBY 22:26:32 [/mnt/d/tushar/Downloads/RTL.ai/runs/mac_unit_optimize_20260911T222540Z/attempt_1/candidate_2/formal/equiv] engine_0.basecase: ##   0:00:00  Status: passed
SBY 22:26:32 [/mnt/d/tushar/Downloads/RTL.ai/runs/mac_unit_optimize_20260911T222540Z/attempt_1/candidate_2/formal/equiv] engine_0.basecase: finished (returncode=0)
SBY 22:26:32 [/mnt/d/tushar/Downloads/RTL.ai/runs/mac_unit_optimize_20260911T222540Z/attempt_1/candidate_2/formal/equiv] engine_0.basecase: Status returned by engine for basecase: pass
SBY 22:26:58 [/mnt/d/tushar/Downloads/RTL.ai/runs/mac_unit_optimize_20260911T222540Z/attempt_1/candidate_2/formal/equiv] engine_0.induction: ##   0:00:27  Temporal induction successful.
SBY 22:26:58 [/mnt/d/tushar/Downloads/RTL.ai/runs/mac_unit_optimize_20260911T222540Z/attempt_1/candidate_2/formal/equiv] engine_0.induction: ##   0:00:27  Status: passed
SBY 22:26:58 [/mnt/d/tushar/Downloads/RTL.ai/runs/mac_unit_optimize_20260911T222540Z/attempt_1/candidate_2/formal/equiv] engine_0.induction: finished (returncode=0)
SBY 22:26:58 [/mnt/d/tushar/Downloads/RTL.ai/runs/mac_unit_optimize_20260911T222540Z/attempt_1/candidate_2/formal/equiv] engine_0.induction: Status returned by engine for induction: pass
SBY 22:26:58 [/mnt/d/tushar/Downloads/RTL.ai/runs/mac_unit_optimize_20260911T222540Z/attempt_1/candidate_2/formal/equiv] summary: Elapsed clock time [H:MM:SS (secs)]: 0:00:26 (26)
SBY 22:26:58 [/mnt/d/tushar/Downloads/RTL.ai/runs/mac_unit_optimize_20260911T222540Z/attempt_1/candidate_2/formal/equiv] summary: Elapsed process time [H:MM:SS (secs)]: 0:00:27 (27)
SBY 22:26:58 [/mnt/d/tushar/Downloads/RTL.ai/runs/mac_unit_optimize_20260911T222540Z/attempt_1/candidate_2/formal/equiv] summary: engine_0 (smtbmc) returned pass for basecase
SBY 22:26:58 [/mnt/d/tushar/Downloads/RTL.ai/runs/mac_unit_optimize_20260911T222540Z/attempt_1/candidate_2/formal/equiv] summary: engine_0 (smtbmc) returned pass for induction
SBY 22:26:58 [/mnt/d/tushar/Downloads/RTL.ai/runs/mac_unit_optimize_20260911T222540Z/attempt_1/candidate_2/formal/equiv] summary: engine_0 did not produce any traces
SBY 22:26:58 [/mnt/d/tushar/Downloads/RTL.ai/runs/mac_unit_optimize_20260911T222540Z/attempt_1/candidate_2/formal/equiv] summary: successful proof by k-induction.
SBY 22:26:58 [/mnt/d/tushar/Downloads/RTL.ai/runs/mac_unit_optimize_20260911T222540Z/attempt_1/candidate_2/formal/equiv] DONE (PASS, rc=0)
