
 /----------------------------------------------------------------------------\
 |  yosys -- Yosys Open SYnthesis Suite                                       |
 |  Copyright (C) 2012 - 2026  Claire Xenia Wolf <claire@yosyshq.com>         |
 |  Distributed under an ISC-like license, type "license" to see terms        |
 \----------------------------------------------------------------------------/
 Yosys 0.68+130 (git sha1 dd83bbad2-dirty, Release, Clang /usr/local/osxcross/target/bin/aarch64-apple-darwin25.5-clang++ 21.1.8)

-- Executing script file `/Users/ritikjindal/rtl-ai-project/runs/vec_proc_optimize_20260910T184716Z/attempt_1/formal/prepare.ys' --

1. Executing Verilog-2005 frontend: /Users/ritikjindal/rtl-ai-project/designs/vec_proc.v
Parsing SystemVerilog input from `/Users/ritikjindal/rtl-ai-project/designs/vec_proc.v' to AST representation.
Generating RTLIL representation for module `\vec_proc'.
Successfully finished Verilog frontend.
Renaming module \vec_proc to \gold.

2. Executing Verilog-2005 frontend: /Users/ritikjindal/rtl-ai-project/runs/vec_proc_optimize_20260910T184716Z/attempt_1/vec_proc_candidate.v
Parsing SystemVerilog input from `/Users/ritikjindal/rtl-ai-project/runs/vec_proc_optimize_20260910T184716Z/attempt_1/vec_proc_candidate.v' to AST representation.
Generating RTLIL representation for module `\vec_proc'.
Successfully finished Verilog frontend.
Renaming module \vec_proc to \gate.

3. Executing HIERARCHY pass (managing design hierarchy).

4. Executing PROC pass (convert processes to netlists).

4.1. Executing PROC_CLEAN pass (remove empty switches from decision trees).
Cleaned up 0 empty switches.

4.2. Executing PROC_RMDEAD pass (remove dead branches from decision trees).
Removed 1 dead cases from process $proc$/Users/ritikjindal/rtl-ai-project/runs/vec_proc_optimize_20260910T184716Z/attempt_1/vec_proc_candidate.v:48$172 in module gate.
Marked 1 switch rules as full_case in process $proc$/Users/ritikjindal/rtl-ai-project/runs/vec_proc_optimize_20260910T184716Z/attempt_1/vec_proc_candidate.v:48$172 in module gate.
Removed 1 dead cases from process $proc$/Users/ritikjindal/rtl-ai-project/runs/vec_proc_optimize_20260910T184716Z/attempt_1/vec_proc_candidate.v:48$161 in module gate.
Marked 1 switch rules as full_case in process $proc$/Users/ritikjindal/rtl-ai-project/runs/vec_proc_optimize_20260910T184716Z/attempt_1/vec_proc_candidate.v:48$161 in module gate.
Removed 1 dead cases from process $proc$/Users/ritikjindal/rtl-ai-project/runs/vec_proc_optimize_20260910T184716Z/attempt_1/vec_proc_candidate.v:48$150 in module gate.
Marked 1 switch rules as full_case in process $proc$/Users/ritikjindal/rtl-ai-project/runs/vec_proc_optimize_20260910T184716Z/attempt_1/vec_proc_candidate.v:48$150 in module gate.
Removed 1 dead cases from process $proc$/Users/ritikjindal/rtl-ai-project/runs/vec_proc_optimize_20260910T184716Z/attempt_1/vec_proc_candidate.v:48$139 in module gate.
Marked 1 switch rules as full_case in process $proc$/Users/ritikjindal/rtl-ai-project/runs/vec_proc_optimize_20260910T184716Z/attempt_1/vec_proc_candidate.v:48$139 in module gate.
Removed 1 dead cases from process $proc$/Users/ritikjindal/rtl-ai-project/runs/vec_proc_optimize_20260910T184716Z/attempt_1/vec_proc_candidate.v:48$128 in module gate.
Marked 1 switch rules as full_case in process $proc$/Users/ritikjindal/rtl-ai-project/runs/vec_proc_optimize_20260910T184716Z/attempt_1/vec_proc_candidate.v:48$128 in module gate.
Removed 1 dead cases from process $proc$/Users/ritikjindal/rtl-ai-project/runs/vec_proc_optimize_20260910T184716Z/attempt_1/vec_proc_candidate.v:48$117 in module gate.
Marked 1 switch rules as full_case in process $proc$/Users/ritikjindal/rtl-ai-project/runs/vec_proc_optimize_20260910T184716Z/attempt_1/vec_proc_candidate.v:48$117 in module gate.
Removed 1 dead cases from process $proc$/Users/ritikjindal/rtl-ai-project/runs/vec_proc_optimize_20260910T184716Z/attempt_1/vec_proc_candidate.v:48$106 in module gate.
Marked 1 switch rules as full_case in process $proc$/Users/ritikjindal/rtl-ai-project/runs/vec_proc_optimize_20260910T184716Z/attempt_1/vec_proc_candidate.v:48$106 in module gate.
Removed 1 dead cases from process $proc$/Users/ritikjindal/rtl-ai-project/runs/vec_proc_optimize_20260910T184716Z/attempt_1/vec_proc_candidate.v:48$95 in module gate.
Marked 1 switch rules as full_case in process $proc$/Users/ritikjindal/rtl-ai-project/runs/vec_proc_optimize_20260910T184716Z/attempt_1/vec_proc_candidate.v:48$95 in module gate.
Marked 4 switch rules as full_case in process $proc$/Users/ritikjindal/rtl-ai-project/runs/vec_proc_optimize_20260910T184716Z/attempt_1/vec_proc_candidate.v:66$90 in module gate.
Removed 1 dead cases from process $proc$/Users/ritikjindal/rtl-ai-project/designs/vec_proc.v:52$79 in module gold.
Marked 1 switch rules as full_case in process $proc$/Users/ritikjindal/rtl-ai-project/designs/vec_proc.v:52$79 in module gold.
Removed 1 dead cases from process $proc$/Users/ritikjindal/rtl-ai-project/designs/vec_proc.v:52$68 in module gold.
Marked 1 switch rules as full_case in process $proc$/Users/ritikjindal/rtl-ai-project/designs/vec_proc.v:52$68 in module gold.
Removed 1 dead cases from process $proc$/Users/ritikjindal/rtl-ai-project/designs/vec_proc.v:52$57 in module gold.
Marked 1 switch rules as full_case in process $proc$/Users/ritikjindal/rtl-ai-project/designs/vec_proc.v:52$57 in module gold.
Removed 1 dead cases from process $proc$/Users/ritikjindal/rtl-ai-project/designs/vec_proc.v:52$46 in module gold.
Marked 1 switch rules as full_case in process $proc$/Users/ritikjindal/rtl-ai-project/designs/vec_proc.v:52$46 in module gold.
Removed 1 dead cases from process $proc$/Users/ritikjindal/rtl-ai-project/designs/vec_proc.v:52$35 in module gold.
Marked 1 switch rules as full_case in process $proc$/Users/ritikjindal/rtl-ai-project/designs/vec_proc.v:52$35 in module gold.
Removed 1 dead cases from process $proc$/Users/ritikjindal/rtl-ai-project/designs/vec_proc.v:52$24 in module gold.
Marked 1 switch rules as full_case in process $proc$/Users/ritikjindal/rtl-ai-project/designs/vec_proc.v:52$24 in module gold.
Removed 1 dead cases from process $proc$/Users/ritikjindal/rtl-ai-project/designs/vec_proc.v:52$13 in module gold.
Marked 1 switch rules as full_case in process $proc$/Users/ritikjindal/rtl-ai-project/designs/vec_proc.v:52$13 in module gold.
Removed 1 dead cases from process $proc$/Users/ritikjindal/rtl-ai-project/designs/vec_proc.v:52$2 in module gold.
Marked 1 switch rules as full_case in process $proc$/Users/ritikjindal/rtl-ai-project/designs/vec_proc.v:52$2 in module gold.
Marked 2 switch rules as full_case in process $proc$/Users/ritikjindal/rtl-ai-project/designs/vec_proc.v:70$1 in module gold.
Removed a total of 16 dead cases.

4.3. Executing PROC_PRUNE pass (remove redundant assignments in processes).
Removed 0 redundant assignments.
Promoted 16 assignments to connections.

4.4. Executing PROC_INIT pass (extract init attributes).

4.5. Executing PROC_ARST pass (detect async resets in processes).

4.6. Executing PROC_ROM pass (convert switches to ROMs).
Converted 0 switches.
<suppressed ~24 debug messages>

4.7. Executing PROC_MUX pass (convert decision trees to multiplexers).
Creating decoders for process `\gate.$proc$/Users/ritikjindal/rtl-ai-project/runs/vec_proc_optimize_20260910T184716Z/attempt_1/vec_proc_candidate.v:48$172'.
     1/1: $1\lanes[7].r_i[15:0]
Creating decoders for process `\gate.$proc$/Users/ritikjindal/rtl-ai-project/runs/vec_proc_optimize_20260910T184716Z/attempt_1/vec_proc_candidate.v:48$161'.
     1/1: $1\lanes[6].r_i[15:0]
Creating decoders for process `\gate.$proc$/Users/ritikjindal/rtl-ai-project/runs/vec_proc_optimize_20260910T184716Z/attempt_1/vec_proc_candidate.v:48$150'.
     1/1: $1\lanes[5].r_i[15:0]
Creating decoders for process `\gate.$proc$/Users/ritikjindal/rtl-ai-project/runs/vec_proc_optimize_20260910T184716Z/attempt_1/vec_proc_candidate.v:48$139'.
     1/1: $1\lanes[4].r_i[15:0]
Creating decoders for process `\gate.$proc$/Users/ritikjindal/rtl-ai-project/runs/vec_proc_optimize_20260910T184716Z/attempt_1/vec_proc_candidate.v:48$128'.
     1/1: $1\lanes[3].r_i[15:0]
Creating decoders for process `\gate.$proc$/Users/ritikjindal/rtl-ai-project/runs/vec_proc_optimize_20260910T184716Z/attempt_1/vec_proc_candidate.v:48$117'.
     1/1: $1\lanes[2].r_i[15:0]
Creating decoders for process `\gate.$proc$/Users/ritikjindal/rtl-ai-project/runs/vec_proc_optimize_20260910T184716Z/attempt_1/vec_proc_candidate.v:48$106'.
     1/1: $1\lanes[1].r_i[15:0]
Creating decoders for process `\gate.$proc$/Users/ritikjindal/rtl-ai-project/runs/vec_proc_optimize_20260910T184716Z/attempt_1/vec_proc_candidate.v:48$95'.
     1/1: $1\lanes[0].r_i[15:0]
Creating decoders for process `\gate.$proc$/Users/ritikjindal/rtl-ai-project/runs/vec_proc_optimize_20260910T184716Z/attempt_1/vec_proc_candidate.v:66$90'.
     1/7: $0\delay_cnt[2:0]
     2/7: $0\op_reg[2:0]
     3/7: $0\b_reg[127:0]
     4/7: $0\a_reg[127:0]
     5/7: $0\state[2:0]
     6/7: $0\done[0:0]
     7/7: $0\result_vec[127:0]
Creating decoders for process `\gold.$proc$/Users/ritikjindal/rtl-ai-project/designs/vec_proc.v:52$79'.
     1/1: $1\lanes[7].r_i[15:0]
Creating decoders for process `\gold.$proc$/Users/ritikjindal/rtl-ai-project/designs/vec_proc.v:52$68'.
     1/1: $1\lanes[6].r_i[15:0]
Creating decoders for process `\gold.$proc$/Users/ritikjindal/rtl-ai-project/designs/vec_proc.v:52$57'.
     1/1: $1\lanes[5].r_i[15:0]
Creating decoders for process `\gold.$proc$/Users/ritikjindal/rtl-ai-project/designs/vec_proc.v:52$46'.
     1/1: $1\lanes[4].r_i[15:0]
Creating decoders for process `\gold.$proc$/Users/ritikjindal/rtl-ai-project/designs/vec_proc.v:52$35'.
     1/1: $1\lanes[3].r_i[15:0]
Creating decoders for process `\gold.$proc$/Users/ritikjindal/rtl-ai-project/designs/vec_proc.v:52$24'.
     1/1: $1\lanes[2].r_i[15:0]
Creating decoders for process `\gold.$proc$/Users/ritikjindal/rtl-ai-project/designs/vec_proc.v:52$13'.
     1/1: $1\lanes[1].r_i[15:0]
Creating decoders for process `\gold.$proc$/Users/ritikjindal/rtl-ai-project/designs/vec_proc.v:52$2'.
     1/1: $1\lanes[0].r_i[15:0]
Creating decoders for process `\gold.$proc$/Users/ritikjindal/rtl-ai-project/designs/vec_proc.v:70$1'.
     1/6: $0\op_reg[2:0]
     2/6: $0\b_reg[127:0]
     3/6: $0\a_reg[127:0]
     4/6: $0\state[11:0]
     5/6: $0\done[0:0]
     6/6: $0\result_vec[127:0]

4.8. Executing PROC_DLATCH pass (convert process syncs to latches).
No latch inferred for signal `\gate.\lanes[7].r_i' from process `\gate.$proc$/Users/ritikjindal/rtl-ai-project/runs/vec_proc_optimize_20260910T184716Z/attempt_1/vec_proc_candidate.v:48$172'.
No latch inferred for signal `\gate.\lanes[6].r_i' from process `\gate.$proc$/Users/ritikjindal/rtl-ai-project/runs/vec_proc_optimize_20260910T184716Z/attempt_1/vec_proc_candidate.v:48$161'.
No latch inferred for signal `\gate.\lanes[5].r_i' from process `\gate.$proc$/Users/ritikjindal/rtl-ai-project/runs/vec_proc_optimize_20260910T184716Z/attempt_1/vec_proc_candidate.v:48$150'.
No latch inferred for signal `\gate.\lanes[4].r_i' from process `\gate.$proc$/Users/ritikjindal/rtl-ai-project/runs/vec_proc_optimize_20260910T184716Z/attempt_1/vec_proc_candidate.v:48$139'.
No latch inferred for signal `\gate.\lanes[3].r_i' from process `\gate.$proc$/Users/ritikjindal/rtl-ai-project/runs/vec_proc_optimize_20260910T184716Z/attempt_1/vec_proc_candidate.v:48$128'.
No latch inferred for signal `\gate.\lanes[2].r_i' from process `\gate.$proc$/Users/ritikjindal/rtl-ai-project/runs/vec_proc_optimize_20260910T184716Z/attempt_1/vec_proc_candidate.v:48$117'.
No latch inferred for signal `\gate.\lanes[1].r_i' from process `\gate.$proc$/Users/ritikjindal/rtl-ai-project/runs/vec_proc_optimize_20260910T184716Z/attempt_1/vec_proc_candidate.v:48$106'.
No latch inferred for signal `\gate.\lanes[0].r_i' from process `\gate.$proc$/Users/ritikjindal/rtl-ai-project/runs/vec_proc_optimize_20260910T184716Z/attempt_1/vec_proc_candidate.v:48$95'.
No latch inferred for signal `\gold.\lanes[7].r_i' from process `\gold.$proc$/Users/ritikjindal/rtl-ai-project/designs/vec_proc.v:52$79'.
No latch inferred for signal `\gold.\lanes[6].r_i' from process `\gold.$proc$/Users/ritikjindal/rtl-ai-project/designs/vec_proc.v:52$68'.
No latch inferred for signal `\gold.\lanes[5].r_i' from process `\gold.$proc$/Users/ritikjindal/rtl-ai-project/designs/vec_proc.v:52$57'.
No latch inferred for signal `\gold.\lanes[4].r_i' from process `\gold.$proc$/Users/ritikjindal/rtl-ai-project/designs/vec_proc.v:52$46'.
No latch inferred for signal `\gold.\lanes[3].r_i' from process `\gold.$proc$/Users/ritikjindal/rtl-ai-project/designs/vec_proc.v:52$35'.
No latch inferred for signal `\gold.\lanes[2].r_i' from process `\gold.$proc$/Users/ritikjindal/rtl-ai-project/designs/vec_proc.v:52$24'.
No latch inferred for signal `\gold.\lanes[1].r_i' from process `\gold.$proc$/Users/ritikjindal/rtl-ai-project/designs/vec_proc.v:52$13'.
No latch inferred for signal `\gold.\lanes[0].r_i' from process `\gold.$proc$/Users/ritikjindal/rtl-ai-project/designs/vec_proc.v:52$2'.

4.9. Executing PROC_DFF pass (convert process syncs to FFs).
Creating register for signal `\gate.\result_vec' using process `\gate.$proc$/Users/ritikjindal/rtl-ai-project/runs/vec_proc_optimize_20260910T184716Z/attempt_1/vec_proc_candidate.v:66$90'.
  created $dff cell `$procdff$493' with positive edge clock.
Creating register for signal `\gate.\done' using process `\gate.$proc$/Users/ritikjindal/rtl-ai-project/runs/vec_proc_optimize_20260910T184716Z/attempt_1/vec_proc_candidate.v:66$90'.
  created $dff cell `$procdff$494' with positive edge clock.
Creating register for signal `\gate.\state' using process `\gate.$proc$/Users/ritikjindal/rtl-ai-project/runs/vec_proc_optimize_20260910T184716Z/attempt_1/vec_proc_candidate.v:66$90'.
  created $dff cell `$procdff$495' with positive edge clock.
Creating register for signal `\gate.\a_reg' using process `\gate.$proc$/Users/ritikjindal/rtl-ai-project/runs/vec_proc_optimize_20260910T184716Z/attempt_1/vec_proc_candidate.v:66$90'.
  created $dff cell `$procdff$496' with positive edge clock.
Creating register for signal `\gate.\b_reg' using process `\gate.$proc$/Users/ritikjindal/rtl-ai-project/runs/vec_proc_optimize_20260910T184716Z/attempt_1/vec_proc_candidate.v:66$90'.
  created $dff cell `$procdff$497' with positive edge clock.
Creating register for signal `\gate.\op_reg' using process `\gate.$proc$/Users/ritikjindal/rtl-ai-project/runs/vec_proc_optimize_20260910T184716Z/attempt_1/vec_proc_candidate.v:66$90'.
  created $dff cell `$procdff$498' with positive edge clock.
Creating register for signal `\gate.\delay_cnt' using process `\gate.$proc$/Users/ritikjindal/rtl-ai-project/runs/vec_proc_optimize_20260910T184716Z/attempt_1/vec_proc_candidate.v:66$90'.
  created $dff cell `$procdff$499' with positive edge clock.
Creating register for signal `\gold.\result_vec' using process `\gold.$proc$/Users/ritikjindal/rtl-ai-project/designs/vec_proc.v:70$1'.
  created $dff cell `$procdff$500' with positive edge clock.
Creating register for signal `\gold.\done' using process `\gold.$proc$/Users/ritikjindal/rtl-ai-project/designs/vec_proc.v:70$1'.
  created $dff cell `$procdff$501' with positive edge clock.
Creating register for signal `\gold.\state' using process `\gold.$proc$/Users/ritikjindal/rtl-ai-project/designs/vec_proc.v:70$1'.
  created $dff cell `$procdff$502' with positive edge clock.
Creating register for signal `\gold.\a_reg' using process `\gold.$proc$/Users/ritikjindal/rtl-ai-project/designs/vec_proc.v:70$1'.
  created $dff cell `$procdff$503' with positive edge clock.
Creating register for signal `\gold.\b_reg' using process `\gold.$proc$/Users/ritikjindal/rtl-ai-project/designs/vec_proc.v:70$1'.
  created $dff cell `$procdff$504' with positive edge clock.
Creating register for signal `\gold.\op_reg' using process `\gold.$proc$/Users/ritikjindal/rtl-ai-project/designs/vec_proc.v:70$1'.
  created $dff cell `$procdff$505' with positive edge clock.

4.10. Executing PROC_MEMWR pass (convert process memory writes to cells).

4.11. Executing PROC_CLEAN pass (remove empty switches from decision trees).
Found and cleaned up 1 empty switch in `\gate.$proc$/Users/ritikjindal/rtl-ai-project/runs/vec_proc_optimize_20260910T184716Z/attempt_1/vec_proc_candidate.v:48$172'.
Removing empty process `gate.$proc$/Users/ritikjindal/rtl-ai-project/runs/vec_proc_optimize_20260910T184716Z/attempt_1/vec_proc_candidate.v:48$172'.
Found and cleaned up 1 empty switch in `\gate.$proc$/Users/ritikjindal/rtl-ai-project/runs/vec_proc_optimize_20260910T184716Z/attempt_1/vec_proc_candidate.v:48$161'.
Removing empty process `gate.$proc$/Users/ritikjindal/rtl-ai-project/runs/vec_proc_optimize_20260910T184716Z/attempt_1/vec_proc_candidate.v:48$161'.
Found and cleaned up 1 empty switch in `\gate.$proc$/Users/ritikjindal/rtl-ai-project/runs/vec_proc_optimize_20260910T184716Z/attempt_1/vec_proc_candidate.v:48$150'.
Removing empty process `gate.$proc$/Users/ritikjindal/rtl-ai-project/runs/vec_proc_optimize_20260910T184716Z/attempt_1/vec_proc_candidate.v:48$150'.
Found and cleaned up 1 empty switch in `\gate.$proc$/Users/ritikjindal/rtl-ai-project/runs/vec_proc_optimize_20260910T184716Z/attempt_1/vec_proc_candidate.v:48$139'.
Removing empty process `gate.$proc$/Users/ritikjindal/rtl-ai-project/runs/vec_proc_optimize_20260910T184716Z/attempt_1/vec_proc_candidate.v:48$139'.
Found and cleaned up 1 empty switch in `\gate.$proc$/Users/ritikjindal/rtl-ai-project/runs/vec_proc_optimize_20260910T184716Z/attempt_1/vec_proc_candidate.v:48$128'.
Removing empty process `gate.$proc$/Users/ritikjindal/rtl-ai-project/runs/vec_proc_optimize_20260910T184716Z/attempt_1/vec_proc_candidate.v:48$128'.
Found and cleaned up 1 empty switch in `\gate.$proc$/Users/ritikjindal/rtl-ai-project/runs/vec_proc_optimize_20260910T184716Z/attempt_1/vec_proc_candidate.v:48$117'.
Removing empty process `gate.$proc$/Users/ritikjindal/rtl-ai-project/runs/vec_proc_optimize_20260910T184716Z/attempt_1/vec_proc_candidate.v:48$117'.
Found and cleaned up 1 empty switch in `\gate.$proc$/Users/ritikjindal/rtl-ai-project/runs/vec_proc_optimize_20260910T184716Z/attempt_1/vec_proc_candidate.v:48$106'.
Removing empty process `gate.$proc$/Users/ritikjindal/rtl-ai-project/runs/vec_proc_optimize_20260910T184716Z/attempt_1/vec_proc_candidate.v:48$106'.
Found and cleaned up 1 empty switch in `\gate.$proc$/Users/ritikjindal/rtl-ai-project/runs/vec_proc_optimize_20260910T184716Z/attempt_1/vec_proc_candidate.v:48$95'.
Removing empty process `gate.$proc$/Users/ritikjindal/rtl-ai-project/runs/vec_proc_optimize_20260910T184716Z/attempt_1/vec_proc_candidate.v:48$95'.
Found and cleaned up 5 empty switches in `\gate.$proc$/Users/ritikjindal/rtl-ai-project/runs/vec_proc_optimize_20260910T184716Z/attempt_1/vec_proc_candidate.v:66$90'.
Removing empty process `gate.$proc$/Users/ritikjindal/rtl-ai-project/runs/vec_proc_optimize_20260910T184716Z/attempt_1/vec_proc_candidate.v:66$90'.
Found and cleaned up 1 empty switch in `\gold.$proc$/Users/ritikjindal/rtl-ai-project/designs/vec_proc.v:52$79'.
Removing empty process `gold.$proc$/Users/ritikjindal/rtl-ai-project/designs/vec_proc.v:52$79'.
Found and cleaned up 1 empty switch in `\gold.$proc$/Users/ritikjindal/rtl-ai-project/designs/vec_proc.v:52$68'.
Removing empty process `gold.$proc$/Users/ritikjindal/rtl-ai-project/designs/vec_proc.v:52$68'.
Found and cleaned up 1 empty switch in `\gold.$proc$/Users/ritikjindal/rtl-ai-project/designs/vec_proc.v:52$57'.
Removing empty process `gold.$proc$/Users/ritikjindal/rtl-ai-project/designs/vec_proc.v:52$57'.
Found and cleaned up 1 empty switch in `\gold.$proc$/Users/ritikjindal/rtl-ai-project/designs/vec_proc.v:52$46'.
Removing empty process `gold.$proc$/Users/ritikjindal/rtl-ai-project/designs/vec_proc.v:52$46'.
Found and cleaned up 1 empty switch in `\gold.$proc$/Users/ritikjindal/rtl-ai-project/designs/vec_proc.v:52$35'.
Removing empty process `gold.$proc$/Users/ritikjindal/rtl-ai-project/designs/vec_proc.v:52$35'.
Found and cleaned up 1 empty switch in `\gold.$proc$/Users/ritikjindal/rtl-ai-project/designs/vec_proc.v:52$24'.
Removing empty process `gold.$proc$/Users/ritikjindal/rtl-ai-project/designs/vec_proc.v:52$24'.
Found and cleaned up 1 empty switch in `\gold.$proc$/Users/ritikjindal/rtl-ai-project/designs/vec_proc.v:52$13'.
Removing empty process `gold.$proc$/Users/ritikjindal/rtl-ai-project/designs/vec_proc.v:52$13'.
Found and cleaned up 1 empty switch in `\gold.$proc$/Users/ritikjindal/rtl-ai-project/designs/vec_proc.v:52$2'.
Removing empty process `gold.$proc$/Users/ritikjindal/rtl-ai-project/designs/vec_proc.v:52$2'.
Found and cleaned up 3 empty switches in `\gold.$proc$/Users/ritikjindal/rtl-ai-project/designs/vec_proc.v:70$1'.
Removing empty process `gold.$proc$/Users/ritikjindal/rtl-ai-project/designs/vec_proc.v:70$1'.
Cleaned up 24 empty switches.

4.12. Executing OPT_EXPR pass (perform const folding).
Optimizing module gate.
<suppressed ~12 debug messages>
Optimizing module gold.
<suppressed ~8 debug messages>

5. Executing Verilog backend.

5.1. Executing BMUXMAP pass.

5.2. Executing DEMUXMAP pass.
Dumping module `\gate'.
Dumping module `\gold'.

6. Executing JSON backend.

End of script. Logfile hash: 039c4a69fb, time: 0.03s, user: 0.03s, system: 0.01s, MEM: 17.00 MB peak
Yosys 0.68+130 (git sha1 dd83bbad2-dirty, Release, Clang /usr/local/osxcross/target/bin/aarch64-apple-darwin25.5-clang++ 21.1.8)
Time spent: 49% 4x read_verilog (0 sec), 17% 2x write_json (0 sec), ...
