
 /----------------------------------------------------------------------------\
 |  yosys -- Yosys Open SYnthesis Suite                                       |
 |  Copyright (C) 2012 - 2026  Claire Xenia Wolf <claire@yosyshq.com>         |
 |  Distributed under an ISC-like license, type "license" to see terms        |
 \----------------------------------------------------------------------------/
 Yosys 0.68+195 (git sha1 435977e97-dirty, Release, Clang /usr/bin/clang++ 21.1.8)

-- Executing script file `../model/design.ys' --

1. Executing Verilog-2005 frontend: gold_gate.v
Parsing SystemVerilog input from `gold_gate.v' to AST representation.
Warning: Encountered `parallel_case' comment! Such legacy hot comments are supported by Yosys, but are not part of any formal language specification. Using the Verilog `parallel_case' attribute or the SystemVerilog `unique' or `priority' keywords is recommended!
Generating RTLIL representation for module `\gate'.
Generating RTLIL representation for module `\gold'.
Successfully finished Verilog frontend.

2. Executing Verilog-2005 frontend: eqcheck_wrapper.v
Parsing SystemVerilog input from `eqcheck_wrapper.v' to AST representation.
Generating RTLIL representation for module `\__eqcheck_top'.
Successfully finished Verilog frontend.

3. Executing PREP pass.

3.1. Executing HIERARCHY pass (managing design hierarchy).

3.1.1. Analyzing design hierarchy..
Top module:  \__eqcheck_top
Used module:     \gate
Used module:     \gold

3.1.2. Analyzing design hierarchy..
Top module:  \__eqcheck_top
Used module:     \gate
Used module:     \gold
Removed 0 unused modules.
Module __eqcheck_top directly or indirectly contains formal properties -> setting "keep" attribute.

3.2. Executing PROC pass (convert processes to netlists).

3.2.1. Executing PROC_CLEAN pass (remove empty switches from decision trees).
Cleaned up 0 empty switches.

3.2.2. Executing PROC_RMDEAD pass (remove dead branches from decision trees).
Marked 1 switch rules as full_case in process $proc$eqcheck_wrapper.v:39$1912 in module __eqcheck_top.
Marked 1 switch rules as full_case in process $proc$gold_gate.v:3612$1905 in module gold.
Marked 1 switch rules as full_case in process $proc$gold_gate.v:1583$1742 in module gate.
Removed a total of 0 dead cases.

3.2.3. Executing PROC_PRUNE pass (remove redundant assignments in processes).
Removed 0 redundant assignments.
Promoted 16 assignments to connections.

3.2.4. Executing PROC_INIT pass (extract init attributes).

3.2.5. Executing PROC_ARST pass (detect async resets in processes).

3.2.6. Executing PROC_ROM pass (convert switches to ROMs).
Converted 0 switches.
<suppressed ~3 debug messages>

3.2.7. Executing PROC_MUX pass (convert decision trees to multiplexers).
Creating decoders for process `\__eqcheck_top.$proc$eqcheck_wrapper.v:39$1912'.
     1/2: $assert$eqcheck_wrapper.v:43$1914_EN
     2/2: $assume$eqcheck_wrapper.v:41$1913_EN
Creating decoders for process `\gold.$proc$gold_gate.v:3612$1905'.
     1/1: $1\_214_$func$gold_gate.v:3612$1749.$result[31:0]$1910
Creating decoders for process `\gold.$proc$gold_gate.v:3573$1755'.
Creating decoders for process `\gold.$proc$gold_gate.v:3571$1754'.
Creating decoders for process `\gold.$proc$gold_gate.v:3569$1753'.
Creating decoders for process `\gold.$proc$gold_gate.v:3567$1752'.
Creating decoders for process `\gate.$proc$gold_gate.v:1583$1742'.
     1/1: $1\_1494_$func$gold_gate.v:1583$2.$result[31:0]$1747
Creating decoders for process `\gate.$proc$gold_gate.v:1544$8'.
Creating decoders for process `\gate.$proc$gold_gate.v:1542$7'.
Creating decoders for process `\gate.$proc$gold_gate.v:1540$6'.
Creating decoders for process `\gate.$proc$gold_gate.v:1538$5'.

3.2.8. Executing PROC_DLATCH pass (convert process syncs to latches).
No latch inferred for signal `\gold.\_214_$func$gold_gate.v:3612$1748.$result' from process `\gold.$proc$gold_gate.v:3612$1905'.
No latch inferred for signal `\gate.\_1494_$func$gold_gate.v:1583$1.$result' from process `\gate.$proc$gold_gate.v:1583$1742'.

3.2.9. Executing PROC_DFF pass (convert process syncs to FFs).
Creating register for signal `\gold.\active' using process `\gold.$proc$gold_gate.v:3573$1755'.
  created $dff cell `$procdff$1946' with positive edge clock.
Creating register for signal `\gold.\crc' using process `\gold.$proc$gold_gate.v:3571$1754'.
  created $dff cell `$procdff$1947' with positive edge clock.
Creating register for signal `\gold.\out_crc' using process `\gold.$proc$gold_gate.v:3569$1753'.
  created $dff cell `$procdff$1948' with positive edge clock.
Creating register for signal `\gold.\out_valid' using process `\gold.$proc$gold_gate.v:3567$1752'.
  created $dff cell `$procdff$1949' with positive edge clock.
Creating register for signal `\gate.\active' using process `\gate.$proc$gold_gate.v:1544$8'.
  created $dff cell `$procdff$1950' with positive edge clock.
Creating register for signal `\gate.\crc' using process `\gate.$proc$gold_gate.v:1542$7'.
  created $dff cell `$procdff$1951' with positive edge clock.
Creating register for signal `\gate.\out_crc' using process `\gate.$proc$gold_gate.v:1540$6'.
  created $dff cell `$procdff$1952' with positive edge clock.
Creating register for signal `\gate.\out_valid' using process `\gate.$proc$gold_gate.v:1538$5'.
  created $dff cell `$procdff$1953' with positive edge clock.

3.2.10. Executing PROC_MEMWR pass (convert process memory writes to cells).

3.2.11. Executing PROC_CLEAN pass (remove empty switches from decision trees).
Found and cleaned up 1 empty switch in `\__eqcheck_top.$proc$eqcheck_wrapper.v:39$1912'.
Removing empty process `__eqcheck_top.$proc$eqcheck_wrapper.v:39$1912'.
Found and cleaned up 1 empty switch in `\gold.$proc$gold_gate.v:3612$1905'.
Removing empty process `gold.$proc$gold_gate.v:3612$1905'.
Removing empty process `gold.$proc$gold_gate.v:3573$1755'.
Removing empty process `gold.$proc$gold_gate.v:3571$1754'.
Removing empty process `gold.$proc$gold_gate.v:3569$1753'.
Removing empty process `gold.$proc$gold_gate.v:3567$1752'.
Found and cleaned up 1 empty switch in `\gate.$proc$gold_gate.v:1583$1742'.
Removing empty process `gate.$proc$gold_gate.v:1583$1742'.
Removing empty process `gate.$proc$gold_gate.v:1544$8'.
Removing empty process `gate.$proc$gold_gate.v:1542$7'.
Removing empty process `gate.$proc$gold_gate.v:1540$6'.
Removing empty process `gate.$proc$gold_gate.v:1538$5'.
Cleaned up 3 empty switches.

3.2.12. Executing OPT_EXPR pass (perform const folding).
Optimizing module __eqcheck_top.
Optimizing module gold.
Optimizing module gate.

3.3. Executing FUTURE pass.

3.4. Executing OPT_EXPR pass (perform const folding).
Optimizing module __eqcheck_top.
Optimizing module gold.
Optimizing module gate.

3.5. Executing OPT_CLEAN pass (remove unused cells and wires).
Finding unused cells or wires in module \__eqcheck_top..
Finding unused cells or wires in module \gold..
Finding unused cells or wires in module \gate..
Removed 0 unused cells and 1988 unused wires.
<suppressed ~3 debug messages>

3.6. Executing CHECK pass (checking for obvious problems).
Checking module __eqcheck_top...
Checking module gold...
Checking module gate...
Found and reported 0 problems.

3.7. Executing OPT pass (performing simple optimizations).

3.7.1. Executing OPT_EXPR pass (perform const folding).
Optimizing module __eqcheck_top.
Optimizing module gold.
Optimizing module gate.

3.7.2. Executing OPT_MERGE pass (detect identical cells).
Finding identical cells in module `\__eqcheck_top'.
Computing hashes of 10 cells of `\__eqcheck_top'.
Finding duplicate cells in `\__eqcheck_top'.
Finding identical cells in module `\gold'.
Computing hashes of 156 cells of `\gold'.
Finding duplicate cells in `\gold'.
Finding identical cells in module `\gate'.
Computing hashes of 1740 cells of `\gate'.
Finding duplicate cells in `\gate'.
Removed a total of 0 cells.

3.7.3. Executing OPT_MUXTREE pass (detect dead branches in mux trees).
Running muxtree optimizer on module \__eqcheck_top..
  Creating internal representation of mux trees.
  Evaluating internal representation of mux trees.
  Analyzing evaluation results.
Running muxtree optimizer on module \gold..
  Creating internal representation of mux trees.
  Evaluating internal representation of mux trees.
  Analyzing evaluation results.
Running muxtree optimizer on module \gate..
  Creating internal representation of mux trees.
  Evaluating internal representation of mux trees.
  Analyzing evaluation results.
Removed 0 multiplexer ports.
<suppressed ~42 debug messages>

3.7.4. Executing OPT_REDUCE pass (consolidate $*mux and $reduce_* inputs).
  Optimizing cells in module \__eqcheck_top.
  Optimizing cells in module \gold.
  Optimizing cells in module \gate.
Performed a total of 0 changes.

3.7.5. Executing OPT_MERGE pass (detect identical cells).
Finding identical cells in module `\__eqcheck_top'.
Computing hashes of 10 cells of `\__eqcheck_top'.
Finding duplicate cells in `\__eqcheck_top'.
Finding identical cells in module `\gold'.
Computing hashes of 156 cells of `\gold'.
Finding duplicate cells in `\gold'.
Finding identical cells in module `\gate'.
Computing hashes of 1740 cells of `\gate'.
Finding duplicate cells in `\gate'.
Removed a total of 0 cells.

3.7.6. Executing OPT_CLEAN pass (remove unused cells and wires).
Finding unused cells or wires in module \__eqcheck_top..
Finding unused cells or wires in module \gold..
Finding unused cells or wires in module \gate..

3.7.7. Executing OPT_EXPR pass (perform const folding).
Optimizing module __eqcheck_top.
Optimizing module gold.
Optimizing module gate.

3.7.8. Finished fast OPT passes. (There is nothing left to do.)

3.8. Executing WREDUCE pass (reducing word size of cells).
Removed top 1 bits (of 4) from port B of cell gold.$eq$gold_gate.v:3614$1767 ($eq).
Removed top 1 bits (of 4) from port B of cell gold.$eq$gold_gate.v:3615$1768 ($eq).
Removed top 1 bits (of 4) from port B of cell gold.$eq$gold_gate.v:3616$1769 ($eq).
Removed top 1 bits (of 4) from port B of cell gold.$eq$gold_gate.v:3617$1770 ($eq).
Removed top 2 bits (of 4) from port B of cell gold.$eq$gold_gate.v:3618$1771 ($eq).
Removed top 2 bits (of 4) from port B of cell gold.$eq$gold_gate.v:3619$1772 ($eq).
Removed top 3 bits (of 4) from port B of cell gold.$eq$gold_gate.v:3620$1773 ($eq).
Removed top 1 bits (of 32) from port A of cell gold.$xor$gold_gate.v:3624$1777 ($xor).
Removed top 1 bits (of 32) from port A of cell gold.$xor$gold_gate.v:3625$1778 ($xor).
Removed top 1 bits (of 32) from port A of cell gold.$xor$gold_gate.v:3626$1779 ($xor).
Removed top 1 bits (of 32) from port A of cell gold.$xor$gold_gate.v:3627$1780 ($xor).
Removed top 1 bits (of 32) from port A of cell gold.$xor$gold_gate.v:3628$1781 ($xor).
Removed top 1 bits (of 32) from port A of cell gold.$xor$gold_gate.v:3629$1782 ($xor).
Removed top 1 bits (of 32) from port A of cell gold.$xor$gold_gate.v:3630$1783 ($xor).
Removed top 1 bits (of 32) from port A of cell gold.$xor$gold_gate.v:3631$1784 ($xor).
Removed top 1 bits (of 32) from port A of cell gold.$xor$gold_gate.v:3632$1785 ($xor).
Removed top 1 bits (of 32) from port A of cell gold.$xor$gold_gate.v:3633$1786 ($xor).
Removed top 1 bits (of 32) from port A of cell gold.$xor$gold_gate.v:3634$1787 ($xor).
Removed top 1 bits (of 32) from port A of cell gold.$xor$gold_gate.v:3635$1788 ($xor).
Removed top 1 bits (of 32) from port A of cell gold.$xor$gold_gate.v:3636$1789 ($xor).
Removed top 1 bits (of 32) from port A of cell gold.$xor$gold_gate.v:3637$1790 ($xor).
Removed top 1 bits (of 32) from port A of cell gold.$xor$gold_gate.v:3638$1791 ($xor).
Removed top 1 bits (of 32) from port A of cell gold.$xor$gold_gate.v:3639$1792 ($xor).
Removed top 1 bits (of 32) from port A of cell gold.$xor$gold_gate.v:3640$1793 ($xor).
Removed top 1 bits (of 32) from port A of cell gold.$xor$gold_gate.v:3641$1794 ($xor).
Removed top 1 bits (of 32) from port A of cell gold.$xor$gold_gate.v:3642$1795 ($xor).
Removed top 1 bits (of 32) from port A of cell gold.$xor$gold_gate.v:3643$1796 ($xor).
Removed top 1 bits (of 32) from port A of cell gold.$xor$gold_gate.v:3644$1797 ($xor).
Removed top 1 bits (of 32) from port A of cell gold.$xor$gold_gate.v:3645$1798 ($xor).
Removed top 1 bits (of 32) from port A of cell gold.$xor$gold_gate.v:3646$1799 ($xor).
Removed top 1 bits (of 32) from port A of cell gold.$xor$gold_gate.v:3647$1800 ($xor).
Removed top 1 bits (of 32) from port A of cell gold.$xor$gold_gate.v:3648$1801 ($xor).
Removed top 1 bits (of 32) from port A of cell gold.$xor$gold_gate.v:3649$1802 ($xor).
Removed top 1 bits (of 32) from port A of cell gold.$xor$gold_gate.v:3650$1803 ($xor).
Removed top 1 bits (of 32) from port A of cell gold.$xor$gold_gate.v:3651$1804 ($xor).
Removed top 1 bits (of 32) from port A of cell gold.$xor$gold_gate.v:3652$1805 ($xor).
Removed top 1 bits (of 32) from port A of cell gold.$xor$gold_gate.v:3653$1806 ($xor).
Removed top 1 bits (of 32) from port A of cell gold.$xor$gold_gate.v:3654$1807 ($xor).
Removed top 1 bits (of 32) from port A of cell gold.$xor$gold_gate.v:3655$1808 ($xor).
Removed top 1 bits (of 32) from port A of cell gold.$xor$gold_gate.v:3656$1809 ($xor).
Removed top 1 bits (of 32) from port A of cell gold.$xor$gold_gate.v:3657$1810 ($xor).
Removed top 1 bits (of 32) from port A of cell gold.$xor$gold_gate.v:3658$1811 ($xor).
Removed top 1 bits (of 32) from port A of cell gold.$xor$gold_gate.v:3659$1812 ($xor).
Removed top 1 bits (of 32) from port A of cell gold.$xor$gold_gate.v:3660$1813 ($xor).
Removed top 1 bits (of 32) from port A of cell gold.$xor$gold_gate.v:3661$1814 ($xor).
Removed top 1 bits (of 32) from port A of cell gold.$xor$gold_gate.v:3662$1815 ($xor).
Removed top 1 bits (of 32) from port A of cell gold.$xor$gold_gate.v:3663$1816 ($xor).
Removed top 1 bits (of 32) from port A of cell gold.$xor$gold_gate.v:3664$1817 ($xor).
Removed top 1 bits (of 32) from port A of cell gold.$xor$gold_gate.v:3665$1818 ($xor).
Removed top 1 bits (of 32) from port A of cell gold.$xor$gold_gate.v:3666$1819 ($xor).
Removed top 1 bits (of 32) from port A of cell gold.$xor$gold_gate.v:3667$1820 ($xor).
Removed top 1 bits (of 32) from port A of cell gold.$xor$gold_gate.v:3668$1821 ($xor).
Removed top 1 bits (of 32) from port A of cell gold.$xor$gold_gate.v:3669$1822 ($xor).
Removed top 1 bits (of 32) from port A of cell gold.$xor$gold_gate.v:3670$1823 ($xor).
Removed top 1 bits (of 32) from port A of cell gold.$xor$gold_gate.v:3671$1824 ($xor).
Removed top 1 bits (of 32) from port A of cell gold.$xor$gold_gate.v:3672$1825 ($xor).
Removed top 1 bits (of 32) from port A of cell gold.$xor$gold_gate.v:3673$1826 ($xor).
Removed top 1 bits (of 32) from port A of cell gold.$xor$gold_gate.v:3674$1827 ($xor).
Removed top 1 bits (of 32) from port A of cell gold.$xor$gold_gate.v:3675$1828 ($xor).
Removed top 1 bits (of 32) from port A of cell gold.$xor$gold_gate.v:3676$1829 ($xor).
Removed top 1 bits (of 32) from port A of cell gold.$xor$gold_gate.v:3677$1830 ($xor).
Removed top 1 bits (of 32) from port A of cell gold.$xor$gold_gate.v:3678$1831 ($xor).
Removed top 1 bits (of 32) from port A of cell gold.$xor$gold_gate.v:3679$1832 ($xor).
Removed top 1 bits (of 32) from port A of cell gold.$xor$gold_gate.v:3680$1833 ($xor).
Removed top 1 bits (of 32) from port A of cell gold.$xor$gold_gate.v:3681$1834 ($xor).
Removed top 1 bits (of 32) from port A of cell gold.$xor$gold_gate.v:3682$1835 ($xor).
Removed top 1 bits (of 32) from port A of cell gold.$xor$gold_gate.v:3683$1836 ($xor).
Removed top 1 bits (of 32) from port A of cell gold.$xor$gold_gate.v:3684$1837 ($xor).
Removed top 1 bits (of 32) from port A of cell gold.$xor$gold_gate.v:3685$1838 ($xor).
Removed top 1 bits (of 32) from port A of cell gold.$xor$gold_gate.v:3686$1839 ($xor).
Removed top 1 bits (of 32) from port A of cell gold.$xor$gold_gate.v:3687$1840 ($xor).
Removed top 1 bits (of 4) from port B of cell gate.$eq$gold_gate.v:1585$20 ($eq).
Removed top 1 bits (of 4) from port B of cell gate.$eq$gold_gate.v:1586$21 ($eq).
Removed top 1 bits (of 4) from port B of cell gate.$eq$gold_gate.v:1587$22 ($eq).
Removed top 1 bits (of 4) from port B of cell gate.$eq$gold_gate.v:1588$23 ($eq).
Removed top 2 bits (of 4) from port B of cell gate.$eq$gold_gate.v:1589$24 ($eq).
Removed top 2 bits (of 4) from port B of cell gate.$eq$gold_gate.v:1590$25 ($eq).
Removed top 3 bits (of 4) from port B of cell gate.$eq$gold_gate.v:1591$26 ($eq).

3.9. Executing OPT_CLEAN pass (remove unused cells and wires).
Finding unused cells or wires in module \__eqcheck_top..
Finding unused cells or wires in module \gold..
Finding unused cells or wires in module \gate..

3.10. Executing MEMORY_COLLECT pass (generating $mem cells).

3.11. Executing OPT pass (performing simple optimizations).

3.11.1. Executing OPT_EXPR pass (perform const folding).
Optimizing module __eqcheck_top.
Optimizing module gold.
Optimizing module gate.

3.11.2. Executing OPT_MERGE pass (detect identical cells).
Finding identical cells in module `\__eqcheck_top'.
Computing hashes of 10 cells of `\__eqcheck_top'.
Finding duplicate cells in `\__eqcheck_top'.
Finding identical cells in module `\gold'.
Computing hashes of 156 cells of `\gold'.
Finding duplicate cells in `\gold'.
Finding identical cells in module `\gate'.
Computing hashes of 1740 cells of `\gate'.
Finding duplicate cells in `\gate'.
Removed a total of 0 cells.

3.11.3. Executing OPT_CLEAN pass (remove unused cells and wires).
Finding unused cells or wires in module \__eqcheck_top..
Finding unused cells or wires in module \gold..
Finding unused cells or wires in module \gate..

3.11.4. Finished fast OPT passes.

3.12. Executing SORT pass.

3.13. Printing statistics.

=== __eqcheck_top ===

        +----------Local Count, excluding submodules.
        | 
       16 wires
      144 wire bits
       10 public wires
      138 public wire bits
        6 ports
       72 port bits
        8 cells
        2   $check
        2   $eq
        1   $initstate
        1   $logic_and
        2   $mux
        2 submodules
        1   gate
        1   gold

=== gate ===

        +----------Local Count, excluding submodules.
        | 
     1526 wires
     3090 wire bits
     1526 public wires
     3090 public wire bits
        8 ports
      105 port bits
     1740 cells
        4   $dff
        8   $eq
        1   $logic_not
       12   $mux
        2   $not
        1   $pmux
     1712   $xor

=== gold ===

        +----------Local Count, excluding submodules.
        | 
      167 wires
     4930 wire bits
      167 public wires
     4930 public wire bits
        8 ports
      105 port bits
      156 cells
        4   $dff
        8   $eq
        1   $logic_not
       12   $mux
        2   $not
        1   $pmux
      128   $xor

=== design hierarchy ===

        +----------Count including submodules.
        | 
     1904 __eqcheck_top
     1740 gate
      156 gold

        +----------Count including submodules.
        | 
     1709 wires
     8164 wire bits
     1703 public wires
     8158 public wire bits
       22 ports
      282 port bits
        - memories
        - memory bits
        - processes
     1904 cells
        2   $check
        8   $dff
       18   $eq
        1   $initstate
        1   $logic_and
        2   $logic_not
       26   $mux
        4   $not
        2   $pmux
     1840   $xor
        2 submodules
        1   gate
        1   gold

3.14. Executing CHECK pass (checking for obvious problems).
Checking module __eqcheck_top...
Checking module gate...
Checking module gold...
Found and reported 0 problems.

4. Executing HIERARCHY pass (managing design hierarchy).
Attribute `top' found on module `__eqcheck_top'. Setting top module to __eqcheck_top.

4.1. Analyzing design hierarchy..
Top module:  \__eqcheck_top
Used module:     \gate
Used module:     \gold

4.2. Analyzing design hierarchy..
Top module:  \__eqcheck_top
Used module:     \gate
Used module:     \gold
Removed 0 unused modules.
Module __eqcheck_top directly or indirectly contains formal properties -> setting "keep" attribute.

5. Executing jny backend.

6. Executing RTLIL backend.
Output filename: ../model/design.il

Warnings: 1 unique messages, 1 total
End of script. Logfile hash: 12c9f3783b, time: 0.29s, user: 0.20s, system: 0.03s, MEM: 40.75 MB peak
Yosys 0.68+195 (git sha1 435977e97-dirty, Release, Clang /usr/bin/clang++ 21.1.8)
Time spent: 55% 4x read_verilog (0 sec), 10% 4x opt_clean (0 sec), ...
