
 /----------------------------------------------------------------------------\
 |  yosys -- Yosys Open SYnthesis Suite                                       |
 |  Copyright (C) 2012 - 2026  Claire Xenia Wolf <claire@yosyshq.com>         |
 |  Distributed under an ISC-like license, type "license" to see terms        |
 \----------------------------------------------------------------------------/
 Yosys 0.68+195 (git sha1 435977e97-dirty, Release, Clang /usr/bin/clang++ 21.1.8)

-- Executing script file `design_smt2.ys' --

1. Executing RTLIL frontend.
Input filename: design_prep.il

2. Executing HIERARCHY pass (managing design hierarchy).
Attribute `top' found on module `__eqcheck_top'. Setting top module to __eqcheck_top.

2.1. Analyzing design hierarchy..
Top module:  \__eqcheck_top
Used module:     \gate
Used module:     \gold

2.2. Analyzing design hierarchy..
Top module:  \__eqcheck_top
Used module:     \gate
Used module:     \gold
Removed 0 unused modules.
Module __eqcheck_top directly or indirectly contains formal properties -> setting "keep" attribute.

3. Executing FORMALFF pass.

4. Executing DFFUNMAP pass (unmap clock enable and synchronous reset from FFs).

5. Printing statistics.

=== __eqcheck_top ===

        +----------Local Count, excluding submodules.
        | 
       19 wires
      147 wire bits
       10 public wires
      138 public wire bits
        6 ports
       72 port bits
       12 cells
        1   $assert
        2   $assume
        2   $eq
        2   $ff
        1   $initstate
        1   $logic_and
        2   $mux
        1   $not
        2 submodules
        1   gate
        1   gold

=== gate ===

        +----------Local Count, excluding submodules.
        | 
     1502 wires
     2250 wire bits
     1501 public wires
     2249 public wire bits
        8 ports
      105 port bits
     1743 cells
        4   $anyinit
        1   $anyseq
        1   $assume
        8   $eq
        1   $logic_not
       12   $mux
        3   $not
        1   $pmux
     1712   $xor

=== gold ===

        +----------Local Count, excluding submodules.
        | 
      167 wires
     4666 wire bits
      166 public wires
     4665 public wire bits
        8 ports
      105 port bits
      159 cells
        4   $anyinit
        1   $anyseq
        1   $assume
        8   $eq
        1   $logic_not
       12   $mux
        3   $not
        1   $pmux
      128   $xor

=== design hierarchy ===

        +----------Count including submodules.
        | 
     1914 __eqcheck_top
     1743 gate
      159 gold

        +----------Count including submodules.
        | 
     1688 wires
     7063 wire bits
     1677 public wires
     7052 public wire bits
       22 ports
      282 port bits
        - memories
        - memory bits
        - processes
     1914 cells
        8   $anyinit
        2   $anyseq
        1   $assert
        4   $assume
       18   $eq
        2   $ff
        1   $initstate
        1   $logic_and
        2   $logic_not
       26   $mux
        7   $not
        2   $pmux
     1840   $xor
        2 submodules
        1   gate
        1   gold

6. Executing SMT2 backend.

6.1. Executing BMUXMAP pass.

6.2. Executing DEMUXMAP pass.
Creating SMT-LIBv2 representation of module gold.
Creating SMT-LIBv2 representation of module gate.
Creating SMT-LIBv2 representation of module __eqcheck_top.

End of script. Logfile hash: 5c35f945a4, time: 0.06s, user: 0.03s, system: 0.01s, MEM: 21.38 MB peak
Yosys 0.68+195 (git sha1 435977e97-dirty, Release, Clang /usr/bin/clang++ 21.1.8)
Time spent: 55% 2x write_smt2 (0 sec), 36% 2x read_rtlil (0 sec), ...
