
 /----------------------------------------------------------------------------\
 |  yosys -- Yosys Open SYnthesis Suite                                       |
 |  Copyright (C) 2012 - 2026  Claire Xenia Wolf <claire@yosyshq.com>         |
 |  Distributed under an ISC-like license, type "license" to see terms        |
 \----------------------------------------------------------------------------/
 Yosys 0.68+195 (git sha1 435977e97-dirty, Release, Clang /usr/bin/clang++ 21.1.8)

-- Executing script file `run.ys' --

1. Executing Verilog-2005 frontend: ../../../partitions/bm_fsm_ctrl.d9.sv
Parsing SystemVerilog input from `../../../partitions/bm_fsm_ctrl.d9.sv' to AST representation.
Generating RTLIL representation for module `\miter'.
Generating RTLIL representation for module `\miter_cmp_prop'.
Generating RTLIL representation for module `\miter_def_prop'.
Generating RTLIL representation for module `\gold.bm_fsm_ctrl.d9'.
Generating RTLIL representation for module `\gate.bm_fsm_ctrl.d9'.
Successfully finished Verilog frontend.

2. Executing RTLIL frontend.
Input filename: ../../../partitions/bm_fsm_ctrl.d9.il
Replacing existing blackbox module \gold.bm_fsm_ctrl.d9.
Replacing existing blackbox module \gate.bm_fsm_ctrl.d9.

3. Executing HIERARCHY pass (managing design hierarchy).

3.1. Analyzing design hierarchy..
Top module:  \miter
Used module:     \miter_cmp_prop
Used module:     \gate.bm_fsm_ctrl.d9
Used module:     \gold.bm_fsm_ctrl.d9
Parameter 1 (\WIDTH) = 24
Parameter 2 (\TYPE) = 48'011000010111001101110011011001010111001001110100

3.2. Executing AST frontend in derive mode using pre-parsed AST for module `\miter_cmp_prop'.
Parameter 1 (\WIDTH) = 24
Parameter 2 (\TYPE) = 48'011000010111001101110011011001010111001001110100
Generating RTLIL representation for module `$paramod$f846b4465c1517fbcf890325af24f3b55f47264f\miter_cmp_prop'.

3.3. Analyzing design hierarchy..
Top module:  \miter
Used module:     $paramod$f846b4465c1517fbcf890325af24f3b55f47264f\miter_cmp_prop
Used module:     \gate.bm_fsm_ctrl.d9
Used module:     \gold.bm_fsm_ctrl.d9

3.4. Analyzing design hierarchy..
Top module:  \miter
Used module:     $paramod$f846b4465c1517fbcf890325af24f3b55f47264f\miter_cmp_prop
Used module:     \gate.bm_fsm_ctrl.d9
Used module:     \gold.bm_fsm_ctrl.d9
Removing unused module `\miter_def_prop'.
Removing unused module `\miter_cmp_prop'.
Removed 2 unused modules.
Module $paramod$f846b4465c1517fbcf890325af24f3b55f47264f\miter_cmp_prop directly or indirectly contains formal properties -> setting "keep" attribute.
Module miter directly or indirectly contains formal properties -> setting "keep" attribute.
Mapping positional arguments of cell miter.__po_d9__assert ($paramod$f846b4465c1517fbcf890325af24f3b55f47264f\miter_cmp_prop).

4. Executing PROC pass (convert processes to netlists).

4.1. Executing PROC_CLEAN pass (remove empty switches from decision trees).
Cleaned up 0 empty switches.

4.2. Executing PROC_RMDEAD pass (remove dead branches from decision trees).
Removed a total of 0 dead cases.

4.3. Executing PROC_PRUNE pass (remove redundant assignments in processes).
Removed 1 redundant assignment.
Promoted 3 assignments to connections.

4.4. Executing PROC_INIT pass (extract init attributes).

4.5. Executing PROC_ARST pass (detect async resets in processes).

4.6. Executing PROC_ROM pass (convert switches to ROMs).
Converted 0 switches.

4.7. Executing PROC_MUX pass (convert decision trees to multiplexers).
Creating decoders for process `$paramod$f846b4465c1517fbcf890325af24f3b55f47264f\miter_cmp_prop.$proc$../../../partitions/bm_fsm_ctrl.d9.sv:82$761'.
Creating decoders for process `$paramod$f846b4465c1517fbcf890325af24f3b55f47264f\miter_cmp_prop.$proc$../../../partitions/bm_fsm_ctrl.d9.sv:76$664'.

4.8. Executing PROC_DLATCH pass (convert process syncs to latches).
No latch inferred for signal `$paramod$f846b4465c1517fbcf890325af24f3b55f47264f\miter_cmp_prop.\i' from process `$paramod$f846b4465c1517fbcf890325af24f3b55f47264f\miter_cmp_prop.$proc$../../../partitions/bm_fsm_ctrl.d9.sv:76$664'.
No latch inferred for signal `$paramod$f846b4465c1517fbcf890325af24f3b55f47264f\miter_cmp_prop.\okay' from process `$paramod$f846b4465c1517fbcf890325af24f3b55f47264f\miter_cmp_prop.$proc$../../../partitions/bm_fsm_ctrl.d9.sv:76$664'.

4.9. Executing PROC_DFF pass (convert process syncs to FFs).

4.10. Executing PROC_MEMWR pass (convert process memory writes to cells).

4.11. Executing PROC_CLEAN pass (remove empty switches from decision trees).
Removing empty process `$paramod$f846b4465c1517fbcf890325af24f3b55f47264f\miter_cmp_prop.$proc$../../../partitions/bm_fsm_ctrl.d9.sv:82$761'.
Removing empty process `$paramod$f846b4465c1517fbcf890325af24f3b55f47264f\miter_cmp_prop.$proc$../../../partitions/bm_fsm_ctrl.d9.sv:76$664'.
Cleaned up 0 empty switches.

4.12. Executing OPT_EXPR pass (perform const folding).
Optimizing module gold.bm_fsm_ctrl.d9.
Optimizing module $paramod$f846b4465c1517fbcf890325af24f3b55f47264f\miter_cmp_prop.
<suppressed ~1 debug messages>
Optimizing module gate.bm_fsm_ctrl.d9.
Optimizing module miter.

5. Executing ASYNC2SYNC pass.

6. Executing FORMALFF pass.

7. Executing SETUNDEF pass (replace undef values with defined constants).

8. Executing FLATTEN pass (flatten design).
Deleting now unused module gold.bm_fsm_ctrl.d9.
Deleting now unused module $paramod$f846b4465c1517fbcf890325af24f3b55f47264f\miter_cmp_prop.
Deleting now unused module gate.bm_fsm_ctrl.d9.
<suppressed ~3 debug messages>

9. Executing DFFUNMAP pass (unmap clock enable and synchronous reset from FFs).

10. Executing OPT_EXPR pass (perform const folding).
Optimizing module miter.
<suppressed ~1 debug messages>

11. Executing OPT_CLEAN pass (remove unused cells and wires).
Finding unused cells or wires in module \miter..
Removed 1 unused cells and 7 unused wires.
<suppressed ~2 debug messages>

12. Executing SAT pass (solving SAT problems in the circuit).
Using SAT solver `minisat`.

Setting up time step 1:
Final constraint equation: { } = { }
Import def constraint for this timestep: \__pi_cntx__7_0
Import def constraint for this timestep: \__pi_state__11_3
Import def constraint for this timestep: \__pi_ext__15_0
Import def constraint for this timestep: \__pi_held__15_0
Import def constraint for this timestep: \__pi_lenx__15_0
Import def constraint for this timestep: \__pi_acc
Import def constraint for this timestep: \__pi_d0
Imported 137 cells to SAT database.
Import proof for assert: \__po_d9__assert.okay when 1'1.

** Trying induction with length 1 **

Setting up time step 1:
Final constraint equation: { } = { }
Import def constraint for this timestep: \__pi_cntx__7_0
Import def constraint for this timestep: \__pi_state__11_3
Import def constraint for this timestep: \__pi_ext__15_0
Import def constraint for this timestep: \__pi_held__15_0
Import def constraint for this timestep: \__pi_lenx__15_0
Import def constraint for this timestep: \__pi_acc
Import def constraint for this timestep: \__pi_d0
Imported 137 cells to SAT database.
No constraints for initial state found.

Import proof for assert: \__po_d9__assert.okay when 1'1.
Import show expression: \__po_d9__assert.i
Import show expression: \__po_d9__assert.okay
Import show expression: \__po_d9__assert.in_gate
Import show expression: \__po_d9__assert.in_gold
Import show expression: \gate.d9
Import show expression: \gate.state
Import show expression: \gate.cntx
Import show expression: \gate.ext
Import show expression: \gate.lenx
Import show expression: \gate.held
Import show expression: \gate.acc
Import show expression: \gate.d0
Import show expression: \gate.__pi_acc
Import show expression: \gate.__pi_cntx__7_0
Import show expression: \gate.__pi_d0
Import show expression: \gate.__pi_ext__15_0
Import show expression: \gate.__pi_held__15_0
Import show expression: \gate.__pi_lenx__15_0
Import show expression: \gate.__pi_state__11_3
Import show expression: \gate.__po_d9
Import show expression: \gold.d9
Import show expression: \gold.d8
Import show expression: \gold.d7
Import show expression: \gold.d6
Import show expression: \gold.d5
Import show expression: \gold.d4
Import show expression: \gold.d3
Import show expression: \gold.d2
Import show expression: \gold.d1
Import show expression: \gold.state
Import show expression: \gold.cntx
Import show expression: \gold.ext
Import show expression: \gold.lenx
Import show expression: \gold.held
Import show expression: \gold.acc
Import show expression: \gold.d0
Import show expression: \gold.__pi_acc
Import show expression: \gold.__pi_cntx__7_0
Import show expression: \gold.__pi_d0
Import show expression: \gold.__pi_ext__15_0
Import show expression: \gold.__pi_held__15_0
Import show expression: \gold.__pi_lenx__15_0
Import show expression: \gold.__pi_state__11_3
Import show expression: \gold.__po_d9
Import show expression: \__po_d9__gate
Import show expression: \__po_d9__gold
Import show expression: \__pi_state__11_3
Import show expression: \__pi_lenx__15_0
Import show expression: \__pi_held__15_0
Import show expression: \__pi_ext__15_0
Import show expression: \__pi_d0
Import show expression: \__pi_cntx__7_0
Import show expression: \__pi_acc

[base case 1] Solving problem with 23022 variables and 62692 clauses..
SAT temporal induction proof finished - model found for base case: FAIL!

   ______                   ___       ___       _ _            _ _ 
  (_____ \                 / __)     / __)     (_) |          | | |
   _____) )___ ___   ___ _| |__    _| |__ _____ _| | _____  __| | |
  |  ____/ ___) _ \ / _ (_   __)  (_   __|____ | | || ___ |/ _  |_|
  | |   | |  | |_| | |_| || |       | |  / ___ | | || ____( (_| |_ 
  |_|   |_|   \___/ \___/ |_|       |_|  \_____|_|\_)_____)\____|_|


  Time Signal Name                           Dec       Hex                                 Bin
  ---- ----------------------------- ----------- --------- -----------------------------------
     1 \__pi_acc                               0         0            000000000000000000000000
     1 \__pi_cntx__7_0                       125        7d                            01111101
     1 \__pi_d0                                0         0            000000000000000000000000
     1 \__pi_ext__15_0                         0         0                    0000000000000000
     1 \__pi_held__15_0                        0         0                    0000000000000000
     1 \__pi_lenx__15_0                        0         0                    0000000000000000
     1 \__pi_state__11_3                     208        d0                           011010000
     1 \__po_d9__assert.i                     24        18    00000000000000000000000000011000
     1 \__po_d9__assert.in_gate              125        7d            000000000000000001111101
     1 \__po_d9__assert.in_gold                0         0            000000000000000000000000
     1 \__po_d9__assert.okay                   0         0                                   0
     1 \__po_d9__gate                        125        7d            000000000000000001111101
     1 \__po_d9__gold                          0         0            000000000000000000000000
     1 \gate.__pi_acc                          0         0            000000000000000000000000
     1 \gate.__pi_cntx__7_0                  125        7d                            01111101
     1 \gate.__pi_d0                           0         0            000000000000000000000000
     1 \gate.__pi_ext__15_0                    0         0                    0000000000000000
     1 \gate.__pi_held__15_0                   0         0                    0000000000000000
     1 \gate.__pi_lenx__15_0                   0         0                    0000000000000000
     1 \gate.__pi_state__11_3                208        d0                           011010000
     1 \gate.__po_d9                         125        7d            000000000000000001111101
     1 \gate.acc                               0         0            000000000000000000000000
     1 \gate.cntx                            125        7d            000000000000000001111101
     1 \gate.d0                                0         0            000000000000000000000000
     1 \gate.d9                              125        7d            000000000000000001111101
     1 \gate.ext                               0         0            000000000000000000000000
     1 \gate.held                              0         0            000000000000000000000000
     1 \gate.lenx                              0         0            000000000000000000000000
     1 \gate.state                          1664       680                    0000011010000000
     1 \gold.__pi_acc                          0         0            000000000000000000000000
     1 \gold.__pi_cntx__7_0                  125        7d                            01111101
     1 \gold.__pi_d0                           0         0            000000000000000000000000
     1 \gold.__pi_ext__15_0                    0         0                    0000000000000000
     1 \gold.__pi_held__15_0                   0         0                    0000000000000000
     1 \gold.__pi_lenx__15_0                   0         0                    0000000000000000
     1 \gold.__pi_state__11_3                208        d0                           011010000
     1 \gold.__po_d9                           0         0            000000000000000000000000
     1 \gold.acc                               0         0            000000000000000000000000
     1 \gold.cntx                            125        7d            000000000000000001111101
     1 \gold.d0                                0         0            000000000000000000000000
     1 \gold.d1                                0         0            000000000000000000000000
     1 \gold.d2                                0         0            000000000000000000000000
     1 \gold.d3                                0         0            000000000000000000000000
     1 \gold.d4                                0         0            000000000000000000000000
     1 \gold.d5                              125        7d            000000000000000001111101
     1 \gold.d6                              125        7d            000000000000000001111101
     1 \gold.d7                                0         0            000000000000000000000000
     1 \gold.d8                                0         0            000000000000000000000000
     1 \gold.d9                                0         0            000000000000000000000000
     1 \gold.ext                               0         0            000000000000000000000000
     1 \gold.held                              0         0            000000000000000000000000
     1 \gold.lenx                              0         0            000000000000000000000000
     1 \gold.state                          1664       680                    0000011010000000
Dumping SAT model to VCD file trace.vcd

End of script. Logfile hash: 28055e06c5, time: 0.10s, user: 0.06s, system: 0.03s, MEM: 45.21 MB peak
Yosys 0.68+195 (git sha1 435977e97-dirty, Release, Clang /usr/bin/clang++ 21.1.8)
Time spent: 92% 1x sat (0 sec), 1% 1x hierarchy (0 sec), ...
