
 /----------------------------------------------------------------------------\
 |  yosys -- Yosys Open SYnthesis Suite                                       |
 |  Copyright (C) 2012 - 2026  Claire Xenia Wolf <claire@yosyshq.com>         |
 |  Distributed under an ISC-like license, type "license" to see terms        |
 \----------------------------------------------------------------------------/
 Yosys 0.68+130 (git sha1 dd83bbad2-dirty, Release, Clang /usr/local/osxcross/target/bin/aarch64-apple-darwin25.5-clang++ 21.1.8)

-- Executing script file `design_smt2.ys' --

1. Executing RTLIL frontend.
Input filename: design_prep.il

2. Executing HIERARCHY pass (managing design hierarchy).
Attribute `top' found on module `__eqcheck_top'. Setting top module to __eqcheck_top.

2.1. Analyzing design hierarchy..
Top module:  \__eqcheck_top
Used module:     \gate
Used module:     \gold

2.2. Analyzing design hierarchy..
Top module:  \__eqcheck_top
Used module:     \gate
Used module:     \gold
Removed 0 unused modules.
Module __eqcheck_top directly or indirectly contains formal properties -> setting "keep" attribute.

3. Executing FORMALFF pass.

4. Executing DFFUNMAP pass (unmap clock enable and synchronous reset from FFs).

5. Printing statistics.

=== __eqcheck_top ===

        +----------Local Count, excluding submodules.
        | 
       19 wires
      529 wire bits
       12 public wires
      522 public wire bits
        6 ports
      262 port bits
       11 cells
        1   $assert
        2   $assume
        2   $eq
        1   $ff
        1   $logic_and
        3   $mux
        1   $not
        2 submodules
        1   gate
        1   gold

=== gate ===

        +----------Local Count, excluding submodules.
        | 
      159 wires
     3175 wire bits
      158 public wires
     3174 public wire bits
        8 ports
      391 port bits
      137 cells
        8   $add
        8   $and
        6   $anyinit
        8   $anyseq
        1   $assume
       19   $eq
        8   $gt
        1   $logic_not
        8   $lt
       27   $mux
        1   $not
       10   $pmux
        8   $shl
        8   $shr
        8   $sub
        8   $xor

=== gold ===

        +----------Local Count, excluding submodules.
        | 
      159 wires
     3175 wire bits
      158 public wires
     3174 public wire bits
        8 ports
      391 port bits
      137 cells
        8   $add
        8   $and
        6   $anyinit
        8   $anyseq
        1   $assume
       19   $eq
        8   $gt
        1   $logic_not
        8   $lt
       27   $mux
        1   $not
       10   $pmux
        8   $shl
        8   $shr
        8   $sub
        8   $xor

=== design hierarchy ===

        +----------Count including submodules.
        | 
      285 __eqcheck_top
      137 gate
      137 gold

        +----------Count including submodules.
        | 
      337 wires
     6879 wire bits
      328 public wires
     6870 public wire bits
       22 ports
     1044 port bits
        - memories
        - memory bits
        - processes
      285 cells
       16   $add
       16   $and
       12   $anyinit
       16   $anyseq
        1   $assert
        4   $assume
       40   $eq
        1   $ff
       16   $gt
        1   $logic_and
        2   $logic_not
       16   $lt
       57   $mux
        3   $not
       20   $pmux
       16   $shl
       16   $shr
       16   $sub
       16   $xor
        2 submodules
        1   gate
        1   gold

6. Executing SMT2 backend.

6.1. Executing BMUXMAP pass.

6.2. Executing DEMUXMAP pass.
Creating SMT-LIBv2 representation of module gold.
Creating SMT-LIBv2 representation of module gate.
Creating SMT-LIBv2 representation of module __eqcheck_top.

End of script. Logfile hash: dcc9329982, time: 0.01s, user: 0.01s, system: 0.00s, MEM: 13.38 MB peak
Yosys 0.68+130 (git sha1 dd83bbad2-dirty, Release, Clang /usr/local/osxcross/target/bin/aarch64-apple-darwin25.5-clang++ 21.1.8)
Time spent: 84% 2x write_smt2 (0 sec), 8% 2x read_rtlil (0 sec), ...
