
 /----------------------------------------------------------------------------\
 |  yosys -- Yosys Open SYnthesis Suite                                       |
 |  Copyright (C) 2012 - 2026  Claire Xenia Wolf <claire@yosyshq.com>         |
 |  Distributed under an ISC-like license, type "license" to see terms        |
 \----------------------------------------------------------------------------/
 Yosys 0.68+195 (git sha1 435977e97-dirty, Release, Clang /usr/bin/clang++ 21.1.8)

-- Executing script file `design_smt2.ys' --

1. Executing RTLIL frontend.
Input filename: design_prep.il

2. Executing HIERARCHY pass (managing design hierarchy).
Attribute `top' found on module `__eqcheck_top'. Setting top module to __eqcheck_top.

2.1. Analyzing design hierarchy..
Top module:  \__eqcheck_top
Used module:     \gate
Used module:     \gold

2.2. Analyzing design hierarchy..
Top module:  \__eqcheck_top
Used module:     \gate
Used module:     \gold
Removed 0 unused modules.
Module __eqcheck_top directly or indirectly contains formal properties -> setting "keep" attribute.

3. Executing FORMALFF pass.

4. Executing DFFUNMAP pass (unmap clock enable and synchronous reset from FFs).

5. Printing statistics.

=== __eqcheck_top ===

        +----------Local Count, excluding submodules.
        | 
       26 wires
      115 wire bits
       11 public wires
       79 public wire bits
        4 ports
       11 port bits
       21 cells
        1   $add
        2   $anyinit
        1   $assert
        2   $assume
        2   $eq
        3   $ff
        1   $ge
        1   $initstate
        1   $logic_and
        1   $lt
        5   $mux
        1   $not
        2 submodules
        1   gate
        1   gold

=== gate ===

        +----------Local Count, excluding submodules.
        | 
       50 wires
      561 wire bits
       49 public wires
      560 public wire bits
        6 ports
       31 port bits
       47 cells
        5   $add
       14   $anyinit
        1   $assume
        6   $mul
       20   $mux
        1   $not

=== gold ===

        +----------Local Count, excluding submodules.
        | 
       40 wires
      407 wire bits
       39 public wires
      406 public wire bits
        6 ports
       31 port bits
       37 cells
        5   $add
        9   $anyinit
        1   $assume
        6   $mul
       15   $mux
        1   $not

=== design hierarchy ===

        +----------Count including submodules.
        | 
      105 __eqcheck_top
       47 gate
       37 gold

        +----------Count including submodules.
        | 
      116 wires
     1083 wire bits
       99 public wires
     1045 public wire bits
       16 ports
       73 port bits
        - memories
        - memory bits
        - processes
      105 cells
       11   $add
       25   $anyinit
        1   $assert
        4   $assume
        2   $eq
        3   $ff
        1   $ge
        1   $initstate
        1   $logic_and
        1   $lt
       12   $mul
       40   $mux
        3   $not
        2 submodules
        1   gate
        1   gold

6. Executing SMT2 backend.

6.1. Executing BMUXMAP pass.

6.2. Executing DEMUXMAP pass.
Creating SMT-LIBv2 representation of module gold.
Creating SMT-LIBv2 representation of module gate.
Creating SMT-LIBv2 representation of module __eqcheck_top.

End of script. Logfile hash: de87e5e813, time: 0.02s, user: 0.00s, system: 0.01s, MEM: 16.25 MB peak
Yosys 0.68+195 (git sha1 435977e97-dirty, Release, Clang /usr/bin/clang++ 21.1.8)
Time spent: 60% 2x write_smt2 (0 sec), 19% 2x read_rtlil (0 sec), ...
