
 /----------------------------------------------------------------------------\
 |  yosys -- Yosys Open SYnthesis Suite                                       |
 |  Copyright (C) 2012 - 2026  Claire Xenia Wolf <claire@yosyshq.com>         |
 |  Distributed under an ISC-like license, type "license" to see terms        |
 \----------------------------------------------------------------------------/
 Yosys 0.68+130 (git sha1 dd83bbad2-dirty, Release, Clang /usr/local/osxcross/target/bin/aarch64-apple-darwin25.5-clang++ 21.1.8)

-- Executing script file `design_smt2.ys' --

1. Executing RTLIL frontend.
Input filename: design_prep.il

2. Executing HIERARCHY pass (managing design hierarchy).
Attribute `top' found on module `__eqcheck_top'. Setting top module to __eqcheck_top.

2.1. Analyzing design hierarchy..
Top module:  \__eqcheck_top
Used module:     \gate
Used module:     \gold

2.2. Analyzing design hierarchy..
Top module:  \__eqcheck_top
Used module:     \gate
Used module:     \gold
Removed 0 unused modules.
Module __eqcheck_top directly or indirectly contains formal properties -> setting "keep" attribute.

3. Executing FORMALFF pass.

4. Executing DFFUNMAP pass (unmap clock enable and synchronous reset from FFs).

5. Printing statistics.

=== __eqcheck_top ===

        +----------Local Count, excluding submodules.
        | 
       20 wires
       76 wire bits
        7 public wires
       42 public wire bits
        3 ports
       10 port bits
       18 cells
        1   $add
        1   $anyinit
        1   $assert
        2   $assume
        1   $eq
        3   $ff
        1   $ge
        1   $initstate
        1   $lt
        5   $mux
        1   $not
        2 submodules
        1   gate
        1   gold

=== gate ===

        +----------Local Count, excluding submodules.
        | 
        9 wires
       51 wire bits
        8 public wires
       50 public wire bits
        4 ports
       18 port bits
        7 cells
        1   $add
        2   $anyinit
        1   $assume
        2   $mux
        1   $not

=== gold ===

        +----------Local Count, excluding submodules.
        | 
        7 wires
       35 wire bits
        6 public wires
       34 public wire bits
        4 ports
       18 port bits
        5 cells
        1   $add
        1   $anyinit
        1   $assume
        1   $mux
        1   $not

=== design hierarchy ===

        +----------Count including submodules.
        | 
       30 __eqcheck_top
        7 gate
        5 gold

        +----------Count including submodules.
        | 
       36 wires
      162 wire bits
       21 public wires
      126 public wire bits
       11 ports
       46 port bits
        - memories
        - memory bits
        - processes
       30 cells
        3   $add
        4   $anyinit
        1   $assert
        4   $assume
        1   $eq
        3   $ff
        1   $ge
        1   $initstate
        1   $lt
        8   $mux
        3   $not
        2 submodules
        1   gate
        1   gold

6. Executing SMT2 backend.

6.1. Executing BMUXMAP pass.

6.2. Executing DEMUXMAP pass.
Creating SMT-LIBv2 representation of module gold.
Creating SMT-LIBv2 representation of module gate.
Creating SMT-LIBv2 representation of module __eqcheck_top.

End of script. Logfile hash: 519e2da1a1, time: 0.00s, user: 0.00s, system: 0.00s, MEM: 11.66 MB peak
Yosys 0.68+130 (git sha1 dd83bbad2-dirty, Release, Clang /usr/local/osxcross/target/bin/aarch64-apple-darwin25.5-clang++ 21.1.8)
Time spent: 60% 2x write_smt2 (0 sec), 15% 2x read_rtlil (0 sec), ...
