Startpoint: _3590_ (rising edge-triggered flip-flop clocked by clk)
Endpoint: _3614_ (rising edge-triggered flip-flop clocked by clk)
Path Group: clk
Path Type: max

  Delay    Time   Description
---------------------------------------------------------
   0.00    0.00   clock clk (rise edge)
   0.00    0.00   clock network delay (ideal)
   0.00    0.00 ^ _3590_/CK (DFF_X1)
   0.12    0.12 ^ _3590_/Q (DFF_X1)
   0.03    0.16 v _3008_/ZN (NAND2_X1)
   0.06    0.22 v _3042_/Z (XOR2_X1)
   0.04    0.26 ^ _3067_/ZN (XNOR2_X1)
   0.06    0.32 ^ _3075_/Z (XOR2_X1)
   0.05    0.37 ^ _3104_/ZN (XNOR2_X1)
   0.06    0.43 ^ _3112_/Z (XOR2_X1)
   0.05    0.48 ^ _3141_/ZN (XNOR2_X1)
   0.06    0.55 ^ _3144_/Z (XOR2_X1)
   0.05    0.60 ^ _3168_/ZN (XNOR2_X1)
   0.05    0.65 ^ _3170_/ZN (XNOR2_X1)
   0.02    0.67 v _3225_/ZN (AOI21_X1)
   0.04    0.71 ^ _3228_/ZN (OAI21_X1)
   0.02    0.74 v _3229_/ZN (AOI21_X1)
   0.05    0.79 ^ _3230_/ZN (OAI21_X1)
   0.02    0.81 v _3232_/ZN (OAI211_X1)
   0.04    0.85 v _3233_/ZN (AND2_X1)
   0.05    0.90 ^ _3236_/ZN (OAI22_X1)
   0.07    0.97 ^ _3243_/Z (XOR2_X1)
   0.06    1.03 ^ _3319_/ZN (XNOR2_X1)
   0.06    1.09 ^ _3334_/Z (XOR2_X1)
   0.06    1.15 ^ _3336_/Z (XOR2_X1)
   0.03    1.17 v _3419_/ZN (AOI21_X1)
   0.05    1.22 ^ _3422_/ZN (OAI21_X1)
   0.02    1.24 v _3428_/ZN (OAI21_X1)
   0.05    1.29 ^ _3429_/ZN (AOI21_X1)
   0.00    1.29 ^ _3614_/D (DFF_X1)
           1.29   data arrival time

   1.50    1.50   clock clk (rise edge)
   0.00    1.50   clock network delay (ideal)
  -0.05    1.45   clock uncertainty
   0.00    1.45   clock reconvergence pessimism
           1.45 ^ _3614_/CK (DFF_X1)
  -0.03    1.42   library setup time
           1.42   data required time
---------------------------------------------------------
           1.42   data required time
          -1.29   data arrival time
---------------------------------------------------------
           0.13   slack (MET)


