
 /----------------------------------------------------------------------------\
 |  yosys -- Yosys Open SYnthesis Suite                                       |
 |  Copyright (C) 2012 - 2026  Claire Xenia Wolf <claire@yosyshq.com>         |
 |  Distributed under an ISC-like license, type "license" to see terms        |
 \----------------------------------------------------------------------------/
 Yosys 0.68+130 (git sha1 dd83bbad2-dirty, Release, Clang /usr/local/osxcross/target/bin/aarch64-apple-darwin25.5-clang++ 21.1.8)

-- Executing script file `design_smt2.ys' --

1. Executing RTLIL frontend.
Input filename: design_prep.il

2. Executing HIERARCHY pass (managing design hierarchy).
Attribute `top' found on module `__eqcheck_top'. Setting top module to __eqcheck_top.

2.1. Analyzing design hierarchy..
Top module:  \__eqcheck_top
Used module:     \gate
Used module:     \gold

2.2. Analyzing design hierarchy..
Top module:  \__eqcheck_top
Used module:     \gate
Used module:     \gold
Removed 0 unused modules.
Module __eqcheck_top directly or indirectly contains formal properties -> setting "keep" attribute.

3. Executing FORMALFF pass.

4. Executing DFFUNMAP pass (unmap clock enable and synchronous reset from FFs).

5. Printing statistics.

=== __eqcheck_top ===

        +----------Local Count, excluding submodules.
        | 
       18 wires
      184 wire bits
        9 public wires
      175 public wire bits
        5 ports
      131 port bits
       12 cells
        1   $assert
        2   $assume
        2   $eq
        2   $ff
        1   $initstate
        1   $logic_and
        2   $mux
        1   $not
        2 submodules
        1   gate
        1   gold

=== gate ===

        +----------Local Count, excluding submodules.
        | 
       31 wires
      683 wire bits
       30 public wires
      682 public wire bits
        7 ports
      153 port bits
       27 cells
        7   $add
        5   $anyinit
        1   $assume
        8   $mul
        5   $mux
        1   $not

=== gold ===

        +----------Local Count, excluding submodules.
        | 
       32 wires
      720 wire bits
       31 public wires
      719 public wire bits
        7 ports
      153 port bits
       27 cells
        7   $add
        5   $anyinit
        1   $assume
        8   $mul
        5   $mux
        1   $not

=== design hierarchy ===

        +----------Count including submodules.
        | 
       66 __eqcheck_top
       27 gate
       27 gold

        +----------Count including submodules.
        | 
       81 wires
     1587 wire bits
       70 public wires
     1576 public wire bits
       19 ports
      437 port bits
        - memories
        - memory bits
        - processes
       66 cells
       14   $add
       10   $anyinit
        1   $assert
        4   $assume
        2   $eq
        2   $ff
        1   $initstate
        1   $logic_and
       16   $mul
       12   $mux
        3   $not
        2 submodules
        1   gate
        1   gold

6. Executing SMT2 backend.

6.1. Executing BMUXMAP pass.

6.2. Executing DEMUXMAP pass.
Creating SMT-LIBv2 representation of module gold.
Creating SMT-LIBv2 representation of module gate.
Creating SMT-LIBv2 representation of module __eqcheck_top.

End of script. Logfile hash: a3f268c5bc, time: 0.00s, user: 0.01s, system: 0.00s, MEM: 12.12 MB peak
Yosys 0.68+130 (git sha1 dd83bbad2-dirty, Release, Clang /usr/local/osxcross/target/bin/aarch64-apple-darwin25.5-clang++ 21.1.8)
Time spent: 79% 2x write_smt2 (0 sec), 9% 2x read_rtlil (0 sec), ...
