
 /----------------------------------------------------------------------------\
 |  yosys -- Yosys Open SYnthesis Suite                                       |
 |  Copyright (C) 2012 - 2026  Claire Xenia Wolf <claire@yosyshq.com>         |
 |  Distributed under an ISC-like license, type "license" to see terms        |
 \----------------------------------------------------------------------------/
 Yosys 0.68+195 (git sha1 435977e97-dirty, Release, Clang /usr/bin/clang++ 21.1.8)

-- Executing script file `design_aiger.ys' --

1. Executing RTLIL frontend.
Input filename: design_prep.il

2. Executing HIERARCHY pass (managing design hierarchy).
Attribute `top' found on module `__eqcheck_top'. Setting top module to __eqcheck_top.

2.1. Analyzing design hierarchy..
Top module:  \__eqcheck_top
Used module:     \gate
Used module:     \gold

2.2. Analyzing design hierarchy..
Top module:  \__eqcheck_top
Used module:     \gate
Used module:     \gold
Removed 0 unused modules.
Module __eqcheck_top directly or indirectly contains formal properties -> setting "keep" attribute.

3. Executing FORMALFF pass.

4. Executing FLATTEN pass (flatten design).
Deleting now unused module gate.
Deleting now unused module gold.
<suppressed ~2 debug messages>

5. Executing SETUNDEF pass (replace undef values with defined constants).

6. Executing OPT pass (performing simple optimizations).

6.1. Executing OPT_EXPR pass (perform const folding).
Optimizing module __eqcheck_top.
<suppressed ~2 debug messages>

6.2. Executing OPT_MERGE pass (detect identical cells).
Finding identical cells in module `\__eqcheck_top'.
Computing hashes of 663 cells of `\__eqcheck_top'.
Finding duplicate cells in `\__eqcheck_top'.
Computing hashes of 469 cells of `\__eqcheck_top'.
Finding duplicate cells in `\__eqcheck_top'.
Computing hashes of 467 cells of `\__eqcheck_top'.
Finding duplicate cells in `\__eqcheck_top'.
<suppressed ~586 debug messages>
Removed a total of 196 cells.

6.3. Executing OPT_MUXTREE pass (detect dead branches in mux trees).
Running muxtree optimizer on module \__eqcheck_top..
  Creating internal representation of mux trees.
  Evaluating internal representation of mux trees.
  Analyzing evaluation results.
Removed 0 multiplexer ports.
<suppressed ~264 debug messages>

6.4. Executing OPT_REDUCE pass (consolidate $*mux and $reduce_* inputs).
  Optimizing cells in module \__eqcheck_top.
Performed a total of 0 changes.

6.5. Executing OPT_MERGE pass (detect identical cells).
Finding identical cells in module `\__eqcheck_top'.
Computing hashes of 467 cells of `\__eqcheck_top'.
Finding duplicate cells in `\__eqcheck_top'.
Computing hashes of 402 cells of `\__eqcheck_top'.
Finding duplicate cells in `\__eqcheck_top'.
<suppressed ~195 debug messages>
Removed a total of 65 cells.

6.6. Executing OPT_SHARE pass.

6.7. Executing OPT_DFF pass (perform DFF optimizations).

6.8. Executing OPT_CLEAN pass (remove unused cells and wires).
Finding unused cells or wires in module \__eqcheck_top..
Removed 0 unused cells and 3 unused wires.
<suppressed ~1 debug messages>

6.9. Executing OPT_EXPR pass (perform const folding).
Optimizing module __eqcheck_top.

6.10. Rerunning OPT passes. (Maybe there is more to do..)

6.11. Executing OPT_MUXTREE pass (detect dead branches in mux trees).
Running muxtree optimizer on module \__eqcheck_top..
  Creating internal representation of mux trees.
  Evaluating internal representation of mux trees.
  Analyzing evaluation results.
Removed 0 multiplexer ports.
<suppressed ~134 debug messages>

6.12. Executing OPT_REDUCE pass (consolidate $*mux and $reduce_* inputs).
  Optimizing cells in module \__eqcheck_top.
Performed a total of 0 changes.

6.13. Executing OPT_MERGE pass (detect identical cells).
Finding identical cells in module `\__eqcheck_top'.
Computing hashes of 402 cells of `\__eqcheck_top'.
Finding duplicate cells in `\__eqcheck_top'.
Removed a total of 0 cells.

6.14. Executing OPT_SHARE pass.

6.15. Executing OPT_DFF pass (perform DFF optimizations).

6.16. Executing OPT_CLEAN pass (remove unused cells and wires).
Finding unused cells or wires in module \__eqcheck_top..

6.17. Executing OPT_EXPR pass (perform const folding).
Optimizing module __eqcheck_top.

6.18. Finished fast OPT passes. (There is nothing left to do.)

7. Executing TECHMAP pass (map to technology primitives).

7.1. Executing Verilog-2005 frontend: /home/tushar/oss-cad-suite/lib/../share/yosys/techmap.v
Parsing Verilog input from `/home/tushar/oss-cad-suite/lib/../share/yosys/techmap.v' to AST representation.
Generating RTLIL representation for module `\_90_simplemap_bool_ops'.
Generating RTLIL representation for module `\_90_simplemap_reduce_ops'.
Generating RTLIL representation for module `\_90_simplemap_logic_ops'.
Generating RTLIL representation for module `\_90_simplemap_compare_ops'.
Generating RTLIL representation for module `\_90_simplemap_various'.
Generating RTLIL representation for module `\_90_simplemap_registers'.
Generating RTLIL representation for module `\_90_shift_ops_shr_shl_sshl_sshr'.
Generating RTLIL representation for module `\_90_shift_shiftx'.
Generating RTLIL representation for module `\_90_fa'.
Generating RTLIL representation for module `\_90_lcu_brent_kung'.
Generating RTLIL representation for module `\_90_alu'.
Generating RTLIL representation for module `\_90_macc'.
Generating RTLIL representation for module `\_90_alumacc'.
Generating RTLIL representation for module `$__div_mod_u'.
Generating RTLIL representation for module `$__div_mod_trunc'.
Generating RTLIL representation for module `\_90_div'.
Generating RTLIL representation for module `\_90_mod'.
Generating RTLIL representation for module `$__div_mod_floor'.
Generating RTLIL representation for module `\_90_divfloor'.
Generating RTLIL representation for module `\_90_modfloor'.
Generating RTLIL representation for module `\_90_pow'.
Generating RTLIL representation for module `\_90_demux'.
Generating RTLIL representation for module `\_90_lut'.
Generating RTLIL representation for module `$connect'.
Generating RTLIL representation for module `$input_port'.
Successfully finished Verilog frontend.

7.2. Continuing TECHMAP pass.
Using extmapper simplemap for cells of type $not.
Using extmapper simplemap for cells of type $logic_and.
Using extmapper simplemap for cells of type $eq.
Using extmapper simplemap for cells of type $ff.
Running "alumacc" on wrapper $extern:wrap:$add:A_SIGNED=0:A_WIDTH=14:B_SIGNED=0:B_WIDTH=8:Y_WIDTH=14:394426c56d1a028ba8fdd5469b163e04011def47.
Using template $extern:wrap:$add:A_SIGNED=0:A_WIDTH=14:B_SIGNED=0:B_WIDTH=8:Y_WIDTH=14:394426c56d1a028ba8fdd5469b163e04011def47 for cells of type $extern:wrap:$add:A_SIGNED=0:A_WIDTH=14:B_SIGNED=0:B_WIDTH=8:Y_WIDTH=14:394426c56d1a028ba8fdd5469b163e04011def47.
Running "alumacc" on wrapper $extern:wrap:$add:A_SIGNED=0:A_WIDTH=9:B_SIGNED=0:B_WIDTH=8:Y_WIDTH=10:394426c56d1a028ba8fdd5469b163e04011def47.
Using template $extern:wrap:$add:A_SIGNED=0:A_WIDTH=9:B_SIGNED=0:B_WIDTH=8:Y_WIDTH=10:394426c56d1a028ba8fdd5469b163e04011def47 for cells of type $extern:wrap:$add:A_SIGNED=0:A_WIDTH=9:B_SIGNED=0:B_WIDTH=8:Y_WIDTH=10:394426c56d1a028ba8fdd5469b163e04011def47.
Running "alumacc" on wrapper $extern:wrap:$add:A_SIGNED=0:A_WIDTH=10:B_SIGNED=0:B_WIDTH=8:Y_WIDTH=11:394426c56d1a028ba8fdd5469b163e04011def47.
Using template $extern:wrap:$add:A_SIGNED=0:A_WIDTH=10:B_SIGNED=0:B_WIDTH=8:Y_WIDTH=11:394426c56d1a028ba8fdd5469b163e04011def47 for cells of type $extern:wrap:$add:A_SIGNED=0:A_WIDTH=10:B_SIGNED=0:B_WIDTH=8:Y_WIDTH=11:394426c56d1a028ba8fdd5469b163e04011def47.
Running "alumacc" on wrapper $extern:wrap:$add:A_SIGNED=0:A_WIDTH=11:B_SIGNED=0:B_WIDTH=8:Y_WIDTH=12:394426c56d1a028ba8fdd5469b163e04011def47.
Using template $extern:wrap:$add:A_SIGNED=0:A_WIDTH=11:B_SIGNED=0:B_WIDTH=8:Y_WIDTH=12:394426c56d1a028ba8fdd5469b163e04011def47 for cells of type $extern:wrap:$add:A_SIGNED=0:A_WIDTH=11:B_SIGNED=0:B_WIDTH=8:Y_WIDTH=12:394426c56d1a028ba8fdd5469b163e04011def47.
Running "alumacc" on wrapper $extern:wrap:$add:A_SIGNED=0:A_WIDTH=12:B_SIGNED=0:B_WIDTH=8:Y_WIDTH=13:394426c56d1a028ba8fdd5469b163e04011def47.
Using template $extern:wrap:$add:A_SIGNED=0:A_WIDTH=12:B_SIGNED=0:B_WIDTH=8:Y_WIDTH=13:394426c56d1a028ba8fdd5469b163e04011def47 for cells of type $extern:wrap:$add:A_SIGNED=0:A_WIDTH=12:B_SIGNED=0:B_WIDTH=8:Y_WIDTH=13:394426c56d1a028ba8fdd5469b163e04011def47.
Running "alumacc" on wrapper $extern:wrap:$add:A_SIGNED=0:A_WIDTH=13:B_SIGNED=0:B_WIDTH=8:Y_WIDTH=14:394426c56d1a028ba8fdd5469b163e04011def47.
Using template $extern:wrap:$add:A_SIGNED=0:A_WIDTH=13:B_SIGNED=0:B_WIDTH=8:Y_WIDTH=14:394426c56d1a028ba8fdd5469b163e04011def47 for cells of type $extern:wrap:$add:A_SIGNED=0:A_WIDTH=13:B_SIGNED=0:B_WIDTH=8:Y_WIDTH=14:394426c56d1a028ba8fdd5469b163e04011def47.
Using extmapper simplemap for cells of type $mux.
Running "alumacc" on wrapper $extern:wrap:$add:A_SIGNED=0:A_WIDTH=8:B_SIGNED=0:B_WIDTH=8:Y_WIDTH=9:394426c56d1a028ba8fdd5469b163e04011def47.
Using template $extern:wrap:$add:A_SIGNED=0:A_WIDTH=8:B_SIGNED=0:B_WIDTH=8:Y_WIDTH=9:394426c56d1a028ba8fdd5469b163e04011def47 for cells of type $extern:wrap:$add:A_SIGNED=0:A_WIDTH=8:B_SIGNED=0:B_WIDTH=8:Y_WIDTH=9:394426c56d1a028ba8fdd5469b163e04011def47.
Running "alumacc" on wrapper $extern:wrap:$add:A_SIGNED=0:A_WIDTH=9:B_SIGNED=0:B_WIDTH=9:Y_WIDTH=10:394426c56d1a028ba8fdd5469b163e04011def47.
Using template $extern:wrap:$add:A_SIGNED=0:A_WIDTH=9:B_SIGNED=0:B_WIDTH=9:Y_WIDTH=10:394426c56d1a028ba8fdd5469b163e04011def47 for cells of type $extern:wrap:$add:A_SIGNED=0:A_WIDTH=9:B_SIGNED=0:B_WIDTH=9:Y_WIDTH=10:394426c56d1a028ba8fdd5469b163e04011def47.
Running "alumacc" on wrapper $extern:wrap:$add:A_SIGNED=0:A_WIDTH=10:B_SIGNED=0:B_WIDTH=10:Y_WIDTH=11:394426c56d1a028ba8fdd5469b163e04011def47.
Using template $extern:wrap:$add:A_SIGNED=0:A_WIDTH=10:B_SIGNED=0:B_WIDTH=10:Y_WIDTH=11:394426c56d1a028ba8fdd5469b163e04011def47 for cells of type $extern:wrap:$add:A_SIGNED=0:A_WIDTH=10:B_SIGNED=0:B_WIDTH=10:Y_WIDTH=11:394426c56d1a028ba8fdd5469b163e04011def47.
Running "alumacc" on wrapper $extern:wrap:$add:A_SIGNED=0:A_WIDTH=11:B_SIGNED=0:B_WIDTH=11:Y_WIDTH=12:394426c56d1a028ba8fdd5469b163e04011def47.
Using template $extern:wrap:$add:A_SIGNED=0:A_WIDTH=11:B_SIGNED=0:B_WIDTH=11:Y_WIDTH=12:394426c56d1a028ba8fdd5469b163e04011def47 for cells of type $extern:wrap:$add:A_SIGNED=0:A_WIDTH=11:B_SIGNED=0:B_WIDTH=11:Y_WIDTH=12:394426c56d1a028ba8fdd5469b163e04011def47.
Running "alumacc" on wrapper $extern:wrap:$add:A_SIGNED=0:A_WIDTH=12:B_SIGNED=0:B_WIDTH=12:Y_WIDTH=13:394426c56d1a028ba8fdd5469b163e04011def47.
Using template $extern:wrap:$add:A_SIGNED=0:A_WIDTH=12:B_SIGNED=0:B_WIDTH=12:Y_WIDTH=13:394426c56d1a028ba8fdd5469b163e04011def47 for cells of type $extern:wrap:$add:A_SIGNED=0:A_WIDTH=12:B_SIGNED=0:B_WIDTH=12:Y_WIDTH=13:394426c56d1a028ba8fdd5469b163e04011def47.
Running "alumacc" on wrapper $extern:wrap:$add:A_SIGNED=0:A_WIDTH=13:B_SIGNED=0:B_WIDTH=13:Y_WIDTH=14:394426c56d1a028ba8fdd5469b163e04011def47.
Using template $extern:wrap:$add:A_SIGNED=0:A_WIDTH=13:B_SIGNED=0:B_WIDTH=13:Y_WIDTH=14:394426c56d1a028ba8fdd5469b163e04011def47 for cells of type $extern:wrap:$add:A_SIGNED=0:A_WIDTH=13:B_SIGNED=0:B_WIDTH=13:Y_WIDTH=14:394426c56d1a028ba8fdd5469b163e04011def47.
Running "alumacc" on wrapper $extern:wrap:$ge:A_SIGNED=0:A_WIDTH=8:B_SIGNED=0:B_WIDTH=8:Y_WIDTH=1:394426c56d1a028ba8fdd5469b163e04011def47.
Using template $extern:wrap:$ge:A_SIGNED=0:A_WIDTH=8:B_SIGNED=0:B_WIDTH=8:Y_WIDTH=1:394426c56d1a028ba8fdd5469b163e04011def47 for cells of type $extern:wrap:$ge:A_SIGNED=0:A_WIDTH=8:B_SIGNED=0:B_WIDTH=8:Y_WIDTH=1:394426c56d1a028ba8fdd5469b163e04011def47.
Running "alumacc" on wrapper $extern:wrap:$sub:A_SIGNED=0:A_WIDTH=8:B_SIGNED=0:B_WIDTH=8:Y_WIDTH=8:394426c56d1a028ba8fdd5469b163e04011def47.
Using template $extern:wrap:$sub:A_SIGNED=0:A_WIDTH=8:B_SIGNED=0:B_WIDTH=8:Y_WIDTH=8:394426c56d1a028ba8fdd5469b163e04011def47 for cells of type $extern:wrap:$sub:A_SIGNED=0:A_WIDTH=8:B_SIGNED=0:B_WIDTH=8:Y_WIDTH=8:394426c56d1a028ba8fdd5469b163e04011def47.
Using extmapper simplemap for cells of type $reduce_or.
Using template $paramod$a1bc51c02ce12ac21eb18988e83292af48ed7d72\_90_alu for cells of type $alu.
Using extmapper simplemap for cells of type $reduce_and.
Using extmapper simplemap for cells of type $or.
Using template $paramod$4ccbe221165818e15f326ddee3d1183c7924e12f\_90_alu for cells of type $alu.
Using template $paramod$f31f04e77f067a6da635d02c4a81c0a799bf18a4\_90_alu for cells of type $alu.
Using template $paramod$5de5fbe7c1e0726c07e3a4cebe563a6a1315b736\_90_alu for cells of type $alu.
Using template $paramod$546f3f62de618651dd3a8b3f9e661fb34b30a603\_90_alu for cells of type $alu.
Using template $paramod$466c1ff2c677f9c08ccf46d9467344bbd175f515\_90_alu for cells of type $alu.
Using template $paramod$25aeefb6172cd43f7c14fc369b11deadcc2a1e84\_90_alu for cells of type $alu.
Using template $paramod$9befa12646ab1d64090f7cfa4f3c72972b2004e7\_90_alu for cells of type $alu.
Using template $paramod$3ea884b3fc54c26d33846837c3c8815dcf82fb58\_90_alu for cells of type $alu.
Using template $paramod$742961d9d1185f978468ecf65b880807a5035464\_90_alu for cells of type $alu.
Using template $paramod$43bc16ed4e27a16b5fd53dab6d66bd39770db850\_90_alu for cells of type $alu.
Using template $paramod$533991aa562fa391178314eb72238dc2ed3fb092\_90_alu for cells of type $alu.
Using template $paramod$33acca59acb78d0be1d2963f30b104550f2b2c75\_90_alu for cells of type $alu.
Using extmapper simplemap for cells of type $xor.
Using template $paramod\_90_fa\WIDTH=32'00000000000000000000000000001000 for cells of type $fa.
Using template $paramod\_90_lcu_brent_kung\WIDTH=32'00000000000000000000000000001000 for cells of type $lcu.
Using extmapper simplemap for cells of type $pos.
Using template $paramod\_90_fa\WIDTH=32'00000000000000000000000000001001 for cells of type $fa.
Using template $paramod\_90_lcu_brent_kung\WIDTH=32'00000000000000000000000000001001 for cells of type $lcu.
Using template $paramod\_90_fa\WIDTH=32'00000000000000000000000000001010 for cells of type $fa.
Using template $paramod\_90_lcu_brent_kung\WIDTH=32'00000000000000000000000000001010 for cells of type $lcu.
Using template $paramod\_90_fa\WIDTH=32'00000000000000000000000000001011 for cells of type $fa.
Using template $paramod\_90_lcu_brent_kung\WIDTH=32'00000000000000000000000000001011 for cells of type $lcu.
Using template $paramod\_90_fa\WIDTH=32'00000000000000000000000000001100 for cells of type $fa.
Using template $paramod\_90_lcu_brent_kung\WIDTH=32'00000000000000000000000000001100 for cells of type $lcu.
Using template $paramod\_90_fa\WIDTH=32'00000000000000000000000000001101 for cells of type $fa.
Using template $paramod\_90_lcu_brent_kung\WIDTH=32'00000000000000000000000000001101 for cells of type $lcu.
Using template $paramod\_90_fa\WIDTH=32'00000000000000000000000000001110 for cells of type $fa.
Using template $paramod\_90_lcu_brent_kung\WIDTH=32'00000000000000000000000000001110 for cells of type $lcu.
Using extmapper simplemap for cells of type $and.
No more expansions possible.
<suppressed ~16818 debug messages>

8. Executing OPT pass (performing simple optimizations).

8.1. Executing OPT_EXPR pass (perform const folding).
Optimizing module __eqcheck_top.
<suppressed ~15294 debug messages>

8.2. Executing OPT_MERGE pass (detect identical cells).
Finding identical cells in module `\__eqcheck_top'.
Computing hashes of 21512 cells of `\__eqcheck_top'.
Finding duplicate cells in `\__eqcheck_top'.
Computing hashes of 20792 cells of `\__eqcheck_top'.
Finding duplicate cells in `\__eqcheck_top'.
Computing hashes of 19696 cells of `\__eqcheck_top'.
Finding duplicate cells in `\__eqcheck_top'.
Computing hashes of 19179 cells of `\__eqcheck_top'.
Finding duplicate cells in `\__eqcheck_top'.
Computing hashes of 18791 cells of `\__eqcheck_top'.
Finding duplicate cells in `\__eqcheck_top'.
Computing hashes of 18660 cells of `\__eqcheck_top'.
Finding duplicate cells in `\__eqcheck_top'.
Computing hashes of 18399 cells of `\__eqcheck_top'.
Finding duplicate cells in `\__eqcheck_top'.
Computing hashes of 18268 cells of `\__eqcheck_top'.
Finding duplicate cells in `\__eqcheck_top'.
Computing hashes of 17945 cells of `\__eqcheck_top'.
Finding duplicate cells in `\__eqcheck_top'.
Computing hashes of 17752 cells of `\__eqcheck_top'.
Finding duplicate cells in `\__eqcheck_top'.
Computing hashes of 17559 cells of `\__eqcheck_top'.
Finding duplicate cells in `\__eqcheck_top'.
Computing hashes of 17495 cells of `\__eqcheck_top'.
Finding duplicate cells in `\__eqcheck_top'.
Computing hashes of 17431 cells of `\__eqcheck_top'.
Finding duplicate cells in `\__eqcheck_top'.
<suppressed ~12243 debug messages>
Removed a total of 4081 cells.

8.3. Executing OPT_DFF pass (perform DFF optimizations).

8.4. Executing OPT_CLEAN pass (remove unused cells and wires).
Finding unused cells or wires in module \__eqcheck_top..
Removed 2112 unused cells and 16871 unused wires.
<suppressed ~2113 debug messages>

8.5. Finished fast OPT passes.

9. Executing MEMORY_MAP pass (converting memories to logic and flip-flops).

10. Executing FORMALFF pass.

11. Executing SIMPLEMAP pass (map simple cells to gate primitives).

12. Executing DFFUNMAP pass (unmap clock enable and synchronous reset from FFs).

13. Executing AIGMAP pass (map logic to AIG).
Module __eqcheck_top: replaced 7760 cells with 45506 new cells, skipped 7559 cells.
  replaced 3 cell types:
     541 $_MUX_
    2938 $_OR_
    4281 $_XOR_
  not replaced 8 cell types:
    6263 $_AND_
       2 $_FF_
    1284 $_NOT_
       4 $anyinit
       1 $assert
       2 $assume
       1 $initstate
       2 $scopeinfo

14. Executing OPT_CLEAN pass (remove unused cells and wires).
Finding unused cells or wires in module \__eqcheck_top..
Removed 0 unused cells and 7738 unused wires.
<suppressed ~1 debug messages>

15. Printing statistics.

=== __eqcheck_top ===

        +----------Local Count, excluding submodules.
        | 
    44377 wires
    61325 wire bits
      922 public wires
     9947 public wire bits
        5 ports
     1027 port bits
    53065 cells
    23667   $_AND_
        2   $_FF_
    29386   $_NOT_
        4   $anyinit
        1   $assert
        2   $assume
        1   $initstate
        2   $scopeinfo

16. Executing AIGER backend.
Warning: Treating undriven bit __eqcheck_top.\clk like $anyseq.
Warning: Treating undriven bit __eqcheck_top.\valid_in like $anyseq.
Warning: Treating undriven bit __eqcheck_top.\rst like $anyseq.
Warning: Treating undriven bit __eqcheck_top.\refblk [0] like $anyseq.
Warning: Treating undriven bit __eqcheck_top.\refblk [1] like $anyseq.
Warning: Treating undriven bit __eqcheck_top.\refblk [2] like $anyseq.
Warning: Treating undriven bit __eqcheck_top.\refblk [3] like $anyseq.
Warning: Treating undriven bit __eqcheck_top.\refblk [4] like $anyseq.
Warning: Treating undriven bit __eqcheck_top.\refblk [5] like $anyseq.
Warning: Treating undriven bit __eqcheck_top.\refblk [6] like $anyseq.
Warning: Treating undriven bit __eqcheck_top.\refblk [7] like $anyseq.
Warning: Treating undriven bit __eqcheck_top.\refblk [8] like $anyseq.
Warning: Treating undriven bit __eqcheck_top.\refblk [9] like $anyseq.
Warning: Treating undriven bit __eqcheck_top.\refblk [10] like $anyseq.
Warning: Treating undriven bit __eqcheck_top.\refblk [11] like $anyseq.
Warning: Treating undriven bit __eqcheck_top.\refblk [12] like $anyseq.
Warning: Treating undriven bit __eqcheck_top.\refblk [13] like $anyseq.
Warning: Treating undriven bit __eqcheck_top.\refblk [14] like $anyseq.
Warning: Treating undriven bit __eqcheck_top.\refblk [15] like $anyseq.
Warning: Treating undriven bit __eqcheck_top.\refblk [16] like $anyseq.
Warning: Treating undriven bit __eqcheck_top.\refblk [17] like $anyseq.
Warning: Treating undriven bit __eqcheck_top.\refblk [18] like $anyseq.
Warning: Treating undriven bit __eqcheck_top.\refblk [19] like $anyseq.
Warning: Treating undriven bit __eqcheck_top.\refblk [20] like $anyseq.
Warning: Treating undriven bit __eqcheck_top.\refblk [21] like $anyseq.
Warning: Treating undriven bit __eqcheck_top.\refblk [22] like $anyseq.
Warning: Treating undriven bit __eqcheck_top.\refblk [23] like $anyseq.
Warning: Treating undriven bit __eqcheck_top.\refblk [24] like $anyseq.
Warning: Treating undriven bit __eqcheck_top.\refblk [25] like $anyseq.
Warning: Treating undriven bit __eqcheck_top.\refblk [26] like $anyseq.
Warning: Treating undriven bit __eqcheck_top.\refblk [27] like $anyseq.
Warning: Treating undriven bit __eqcheck_top.\refblk [28] like $anyseq.
Warning: Treating undriven bit __eqcheck_top.\refblk [29] like $anyseq.
Warning: Treating undriven bit __eqcheck_top.\refblk [30] like $anyseq.
Warning: Treating undriven bit __eqcheck_top.\refblk [31] like $anyseq.
Warning: Treating undriven bit __eqcheck_top.\refblk [32] like $anyseq.
Warning: Treating undriven bit __eqcheck_top.\refblk [33] like $anyseq.
Warning: Treating undriven bit __eqcheck_top.\refblk [34] like $anyseq.
Warning: Treating undriven bit __eqcheck_top.\refblk [35] like $anyseq.
Warning: Treating undriven bit __eqcheck_top.\refblk [36] like $anyseq.
Warning: Treating undriven bit __eqcheck_top.\refblk [37] like $anyseq.
Warning: Treating undriven bit __eqcheck_top.\refblk [38] like $anyseq.
Warning: Treating undriven bit __eqcheck_top.\refblk [39] like $anyseq.
Warning: Treating undriven bit __eqcheck_top.\refblk [40] like $anyseq.
Warning: Treating undriven bit __eqcheck_top.\refblk [41] like $anyseq.
Warning: Treating undriven bit __eqcheck_top.\refblk [42] like $anyseq.
Warning: Treating undriven bit __eqcheck_top.\refblk [43] like $anyseq.
Warning: Treating undriven bit __eqcheck_top.\refblk [44] like $anyseq.
Warning: Treating undriven bit __eqcheck_top.\refblk [45] like $anyseq.
Warning: Treating undriven bit __eqcheck_top.\refblk [46] like $anyseq.
Warning: Treating undriven bit __eqcheck_top.\refblk [47] like $anyseq.
Warning: Treating undriven bit __eqcheck_top.\refblk [48] like $anyseq.
Warning: Treating undriven bit __eqcheck_top.\refblk [49] like $anyseq.
Warning: Treating undriven bit __eqcheck_top.\refblk [50] like $anyseq.
Warning: Treating undriven bit __eqcheck_top.\refblk [51] like $anyseq.
Warning: Treating undriven bit __eqcheck_top.\refblk [52] like $anyseq.
Warning: Treating undriven bit __eqcheck_top.\refblk [53] like $anyseq.
Warning: Treating undriven bit __eqcheck_top.\refblk [54] like $anyseq.
Warning: Treating undriven bit __eqcheck_top.\refblk [55] like $anyseq.
Warning: Treating undriven bit __eqcheck_top.\refblk [56] like $anyseq.
Warning: Treating undriven bit __eqcheck_top.\refblk [57] like $anyseq.
Warning: Treating undriven bit __eqcheck_top.\refblk [58] like $anyseq.
Warning: Treating undriven bit __eqcheck_top.\refblk [59] like $anyseq.
Warning: Treating undriven bit __eqcheck_top.\refblk [60] like $anyseq.
Warning: Treating undriven bit __eqcheck_top.\refblk [61] like $anyseq.
Warning: Treating undriven bit __eqcheck_top.\refblk [62] like $anyseq.
Warning: Treating undriven bit __eqcheck_top.\refblk [63] like $anyseq.
Warning: Treating undriven bit __eqcheck_top.\refblk [64] like $anyseq.
Warning: Treating undriven bit __eqcheck_top.\refblk [65] like $anyseq.
Warning: Treating undriven bit __eqcheck_top.\refblk [66] like $anyseq.
Warning: Treating undriven bit __eqcheck_top.\refblk [67] like $anyseq.
Warning: Treating undriven bit __eqcheck_top.\refblk [68] like $anyseq.
Warning: Treating undriven bit __eqcheck_top.\refblk [69] like $anyseq.
Warning: Treating undriven bit __eqcheck_top.\refblk [70] like $anyseq.
Warning: Treating undriven bit __eqcheck_top.\refblk [71] like $anyseq.
Warning: Treating undriven bit __eqcheck_top.\refblk [72] like $anyseq.
Warning: Treating undriven bit __eqcheck_top.\refblk [73] like $anyseq.
Warning: Treating undriven bit __eqcheck_top.\refblk [74] like $anyseq.
Warning: Treating undriven bit __eqcheck_top.\refblk [75] like $anyseq.
Warning: Treating undriven bit __eqcheck_top.\refblk [76] like $anyseq.
Warning: Treating undriven bit __eqcheck_top.\refblk [77] like $anyseq.
Warning: Treating undriven bit __eqcheck_top.\refblk [78] like $anyseq.
Warning: Treating undriven bit __eqcheck_top.\refblk [79] like $anyseq.
Warning: Treating undriven bit __eqcheck_top.\refblk [80] like $anyseq.
Warning: Treating undriven bit __eqcheck_top.\refblk [81] like $anyseq.
Warning: Treating undriven bit __eqcheck_top.\refblk [82] like $anyseq.
Warning: Treating undriven bit __eqcheck_top.\refblk [83] like $anyseq.
Warning: Treating undriven bit __eqcheck_top.\refblk [84] like $anyseq.
Warning: Treating undriven bit __eqcheck_top.\refblk [85] like $anyseq.
Warning: Treating undriven bit __eqcheck_top.\refblk [86] like $anyseq.
Warning: Treating undriven bit __eqcheck_top.\refblk [87] like $anyseq.
Warning: Treating undriven bit __eqcheck_top.\refblk [88] like $anyseq.
Warning: Treating undriven bit __eqcheck_top.\refblk [89] like $anyseq.
Warning: Treating undriven bit __eqcheck_top.\refblk [90] like $anyseq.
Warning: Treating undriven bit __eqcheck_top.\refblk [91] like $anyseq.
Warning: Treating undriven bit __eqcheck_top.\refblk [92] like $anyseq.
Warning: Treating undriven bit __eqcheck_top.\refblk [93] like $anyseq.
Warning: Treating undriven bit __eqcheck_top.\refblk [94] like $anyseq.
Warning: Treating undriven bit __eqcheck_top.\refblk [95] like $anyseq.
Warning: Treating undriven bit __eqcheck_top.\refblk [96] like $anyseq.
Warning: Treating undriven bit __eqcheck_top.\refblk [97] like $anyseq.
Warning: Treating undriven bit __eqcheck_top.\refblk [98] like $anyseq.
Warning: Treating undriven bit __eqcheck_top.\refblk [99] like $anyseq.
Warning: Treating undriven bit __eqcheck_top.\refblk [100] like $anyseq.
Warning: Treating undriven bit __eqcheck_top.\refblk [101] like $anyseq.
Warning: Treating undriven bit __eqcheck_top.\refblk [102] like $anyseq.
Warning: Treating undriven bit __eqcheck_top.\refblk [103] like $anyseq.
Warning: Treating undriven bit __eqcheck_top.\refblk [104] like $anyseq.
Warning: Treating undriven bit __eqcheck_top.\refblk [105] like $anyseq.
Warning: Treating undriven bit __eqcheck_top.\refblk [106] like $anyseq.
Warning: Treating undriven bit __eqcheck_top.\refblk [107] like $anyseq.
Warning: Treating undriven bit __eqcheck_top.\refblk [108] like $anyseq.
Warning: Treating undriven bit __eqcheck_top.\refblk [109] like $anyseq.
Warning: Treating undriven bit __eqcheck_top.\refblk [110] like $anyseq.
Warning: Treating undriven bit __eqcheck_top.\refblk [111] like $anyseq.
Warning: Treating undriven bit __eqcheck_top.\refblk [112] like $anyseq.
Warning: Treating undriven bit __eqcheck_top.\refblk [113] like $anyseq.
Warning: Treating undriven bit __eqcheck_top.\refblk [114] like $anyseq.
Warning: Treating undriven bit __eqcheck_top.\refblk [115] like $anyseq.
Warning: Treating undriven bit __eqcheck_top.\refblk [116] like $anyseq.
Warning: Treating undriven bit __eqcheck_top.\refblk [117] like $anyseq.
Warning: Treating undriven bit __eqcheck_top.\refblk [118] like $anyseq.
Warning: Treating undriven bit __eqcheck_top.\refblk [119] like $anyseq.
Warning: Treating undriven bit __eqcheck_top.\refblk [120] like $anyseq.
Warning: Treating undriven bit __eqcheck_top.\refblk [121] like $anyseq.
Warning: Treating undriven bit __eqcheck_top.\refblk [122] like $anyseq.
Warning: Treating undriven bit __eqcheck_top.\refblk [123] like $anyseq.
Warning: Treating undriven bit __eqcheck_top.\refblk [124] like $anyseq.
Warning: Treating undriven bit __eqcheck_top.\refblk [125] like $anyseq.
Warning: Treating undriven bit __eqcheck_top.\refblk [126] like $anyseq.
Warning: Treating undriven bit __eqcheck_top.\refblk [127] like $anyseq.
Warning: Treating undriven bit __eqcheck_top.\refblk [128] like $anyseq.
Warning: Treating undriven bit __eqcheck_top.\refblk [129] like $anyseq.
Warning: Treating undriven bit __eqcheck_top.\refblk [130] like $anyseq.
Warning: Treating undriven bit __eqcheck_top.\refblk [131] like $anyseq.
Warning: Treating undriven bit __eqcheck_top.\refblk [132] like $anyseq.
Warning: Treating undriven bit __eqcheck_top.\refblk [133] like $anyseq.
Warning: Treating undriven bit __eqcheck_top.\refblk [134] like $anyseq.
Warning: Treating undriven bit __eqcheck_top.\refblk [135] like $anyseq.
Warning: Treating undriven bit __eqcheck_top.\refblk [136] like $anyseq.
Warning: Treating undriven bit __eqcheck_top.\refblk [137] like $anyseq.
Warning: Treating undriven bit __eqcheck_top.\refblk [138] like $anyseq.
Warning: Treating undriven bit __eqcheck_top.\refblk [139] like $anyseq.
Warning: Treating undriven bit __eqcheck_top.\refblk [140] like $anyseq.
Warning: Treating undriven bit __eqcheck_top.\refblk [141] like $anyseq.
Warning: Treating undriven bit __eqcheck_top.\refblk [142] like $anyseq.
Warning: Treating undriven bit __eqcheck_top.\refblk [143] like $anyseq.
Warning: Treating undriven bit __eqcheck_top.\refblk [144] like $anyseq.
Warning: Treating undriven bit __eqcheck_top.\refblk [145] like $anyseq.
Warning: Treating undriven bit __eqcheck_top.\refblk [146] like $anyseq.
Warning: Treating undriven bit __eqcheck_top.\refblk [147] like $anyseq.
Warning: Treating undriven bit __eqcheck_top.\refblk [148] like $anyseq.
Warning: Treating undriven bit __eqcheck_top.\refblk [149] like $anyseq.
Warning: Treating undriven bit __eqcheck_top.\refblk [150] like $anyseq.
Warning: Treating undriven bit __eqcheck_top.\refblk [151] like $anyseq.
Warning: Treating undriven bit __eqcheck_top.\refblk [152] like $anyseq.
Warning: Treating undriven bit __eqcheck_top.\refblk [153] like $anyseq.
Warning: Treating undriven bit __eqcheck_top.\refblk [154] like $anyseq.
Warning: Treating undriven bit __eqcheck_top.\refblk [155] like $anyseq.
Warning: Treating undriven bit __eqcheck_top.\refblk [156] like $anyseq.
Warning: Treating undriven bit __eqcheck_top.\refblk [157] like $anyseq.
Warning: Treating undriven bit __eqcheck_top.\refblk [158] like $anyseq.
Warning: Treating undriven bit __eqcheck_top.\refblk [159] like $anyseq.
Warning: Treating undriven bit __eqcheck_top.\refblk [160] like $anyseq.
Warning: Treating undriven bit __eqcheck_top.\refblk [161] like $anyseq.
Warning: Treating undriven bit __eqcheck_top.\refblk [162] like $anyseq.
Warning: Treating undriven bit __eqcheck_top.\refblk [163] like $anyseq.
Warning: Treating undriven bit __eqcheck_top.\refblk [164] like $anyseq.
Warning: Treating undriven bit __eqcheck_top.\refblk [165] like $anyseq.
Warning: Treating undriven bit __eqcheck_top.\refblk [166] like $anyseq.
Warning: Treating undriven bit __eqcheck_top.\refblk [167] like $anyseq.
Warning: Treating undriven bit __eqcheck_top.\refblk [168] like $anyseq.
Warning: Treating undriven bit __eqcheck_top.\refblk [169] like $anyseq.
Warning: Treating undriven bit __eqcheck_top.\refblk [170] like $anyseq.
Warning: Treating undriven bit __eqcheck_top.\refblk [171] like $anyseq.
Warning: Treating undriven bit __eqcheck_top.\refblk [172] like $anyseq.
Warning: Treating undriven bit __eqcheck_top.\refblk [173] like $anyseq.
Warning: Treating undriven bit __eqcheck_top.\refblk [174] like $anyseq.
Warning: Treating undriven bit __eqcheck_top.\refblk [175] like $anyseq.
Warning: Treating undriven bit __eqcheck_top.\refblk [176] like $anyseq.
Warning: Treating undriven bit __eqcheck_top.\refblk [177] like $anyseq.
Warning: Treating undriven bit __eqcheck_top.\refblk [178] like $anyseq.
Warning: Treating undriven bit __eqcheck_top.\refblk [179] like $anyseq.
Warning: Treating undriven bit __eqcheck_top.\refblk [180] like $anyseq.
Warning: Treating undriven bit __eqcheck_top.\refblk [181] like $anyseq.
Warning: Treating undriven bit __eqcheck_top.\refblk [182] like $anyseq.
Warning: Treating undriven bit __eqcheck_top.\refblk [183] like $anyseq.
Warning: Treating undriven bit __eqcheck_top.\refblk [184] like $anyseq.
Warning: Treating undriven bit __eqcheck_top.\refblk [185] like $anyseq.
Warning: Treating undriven bit __eqcheck_top.\refblk [186] like $anyseq.
Warning: Treating undriven bit __eqcheck_top.\refblk [187] like $anyseq.
Warning: Treating undriven bit __eqcheck_top.\refblk [188] like $anyseq.
Warning: Treating undriven bit __eqcheck_top.\refblk [189] like $anyseq.
Warning: Treating undriven bit __eqcheck_top.\refblk [190] like $anyseq.
Warning: Treating undriven bit __eqcheck_top.\refblk [191] like $anyseq.
Warning: Treating undriven bit __eqcheck_top.\refblk [192] like $anyseq.
Warning: Treating undriven bit __eqcheck_top.\refblk [193] like $anyseq.
Warning: Treating undriven bit __eqcheck_top.\refblk [194] like $anyseq.
Warning: Treating undriven bit __eqcheck_top.\refblk [195] like $anyseq.
Warning: Treating undriven bit __eqcheck_top.\refblk [196] like $anyseq.
Warning: Treating undriven bit __eqcheck_top.\refblk [197] like $anyseq.
Warning: Treating undriven bit __eqcheck_top.\refblk [198] like $anyseq.
Warning: Treating undriven bit __eqcheck_top.\refblk [199] like $anyseq.
Warning: Treating undriven bit __eqcheck_top.\refblk [200] like $anyseq.
Warning: Treating undriven bit __eqcheck_top.\refblk [201] like $anyseq.
Warning: Treating undriven bit __eqcheck_top.\refblk [202] like $anyseq.
Warning: Treating undriven bit __eqcheck_top.\refblk [203] like $anyseq.
Warning: Treating undriven bit __eqcheck_top.\refblk [204] like $anyseq.
Warning: Treating undriven bit __eqcheck_top.\refblk [205] like $anyseq.
Warning: Treating undriven bit __eqcheck_top.\refblk [206] like $anyseq.
Warning: Treating undriven bit __eqcheck_top.\refblk [207] like $anyseq.
Warning: Treating undriven bit __eqcheck_top.\refblk [208] like $anyseq.
Warning: Treating undriven bit __eqcheck_top.\refblk [209] like $anyseq.
Warning: Treating undriven bit __eqcheck_top.\refblk [210] like $anyseq.
Warning: Treating undriven bit __eqcheck_top.\refblk [211] like $anyseq.
Warning: Treating undriven bit __eqcheck_top.\refblk [212] like $anyseq.
Warning: Treating undriven bit __eqcheck_top.\refblk [213] like $anyseq.
Warning: Treating undriven bit __eqcheck_top.\refblk [214] like $anyseq.
Warning: Treating undriven bit __eqcheck_top.\refblk [215] like $anyseq.
Warning: Treating undriven bit __eqcheck_top.\refblk [216] like $anyseq.
Warning: Treating undriven bit __eqcheck_top.\refblk [217] like $anyseq.
Warning: Treating undriven bit __eqcheck_top.\refblk [218] like $anyseq.
Warning: Treating undriven bit __eqcheck_top.\refblk [219] like $anyseq.
Warning: Treating undriven bit __eqcheck_top.\refblk [220] like $anyseq.
Warning: Treating undriven bit __eqcheck_top.\refblk [221] like $anyseq.
Warning: Treating undriven bit __eqcheck_top.\refblk [222] like $anyseq.
Warning: Treating undriven bit __eqcheck_top.\refblk [223] like $anyseq.
Warning: Treating undriven bit __eqcheck_top.\refblk [224] like $anyseq.
Warning: Treating undriven bit __eqcheck_top.\refblk [225] like $anyseq.
Warning: Treating undriven bit __eqcheck_top.\refblk [226] like $anyseq.
Warning: Treating undriven bit __eqcheck_top.\refblk [227] like $anyseq.
Warning: Treating undriven bit __eqcheck_top.\refblk [228] like $anyseq.
Warning: Treating undriven bit __eqcheck_top.\refblk [229] like $anyseq.
Warning: Treating undriven bit __eqcheck_top.\refblk [230] like $anyseq.
Warning: Treating undriven bit __eqcheck_top.\refblk [231] like $anyseq.
Warning: Treating undriven bit __eqcheck_top.\refblk [232] like $anyseq.
Warning: Treating undriven bit __eqcheck_top.\refblk [233] like $anyseq.
Warning: Treating undriven bit __eqcheck_top.\refblk [234] like $anyseq.
Warning: Treating undriven bit __eqcheck_top.\refblk [235] like $anyseq.
Warning: Treating undriven bit __eqcheck_top.\refblk [236] like $anyseq.
Warning: Treating undriven bit __eqcheck_top.\refblk [237] like $anyseq.
Warning: Treating undriven bit __eqcheck_top.\refblk [238] like $anyseq.
Warning: Treating undriven bit __eqcheck_top.\refblk [239] like $anyseq.
Warning: Treating undriven bit __eqcheck_top.\refblk [240] like $anyseq.
Warning: Treating undriven bit __eqcheck_top.\refblk [241] like $anyseq.
Warning: Treating undriven bit __eqcheck_top.\refblk [242] like $anyseq.
Warning: Treating undriven bit __eqcheck_top.\refblk [243] like $anyseq.
Warning: Treating undriven bit __eqcheck_top.\refblk [244] like $anyseq.
Warning: Treating undriven bit __eqcheck_top.\refblk [245] like $anyseq.
Warning: Treating undriven bit __eqcheck_top.\refblk [246] like $anyseq.
Warning: Treating undriven bit __eqcheck_top.\refblk [247] like $anyseq.
Warning: Treating undriven bit __eqcheck_top.\refblk [248] like $anyseq.
Warning: Treating undriven bit __eqcheck_top.\refblk [249] like $anyseq.
Warning: Treating undriven bit __eqcheck_top.\refblk [250] like $anyseq.
Warning: Treating undriven bit __eqcheck_top.\refblk [251] like $anyseq.
Warning: Treating undriven bit __eqcheck_top.\refblk [252] like $anyseq.
Warning: Treating undriven bit __eqcheck_top.\refblk [253] like $anyseq.
Warning: Treating undriven bit __eqcheck_top.\refblk [254] like $anyseq.
Warning: Treating undriven bit __eqcheck_top.\refblk [255] like $anyseq.
Warning: Treating undriven bit __eqcheck_top.\refblk [256] like $anyseq.
Warning: Treating undriven bit __eqcheck_top.\refblk [257] like $anyseq.
Warning: Treating undriven bit __eqcheck_top.\refblk [258] like $anyseq.
Warning: Treating undriven bit __eqcheck_top.\refblk [259] like $anyseq.
Warning: Treating undriven bit __eqcheck_top.\refblk [260] like $anyseq.
Warning: Treating undriven bit __eqcheck_top.\refblk [261] like $anyseq.
Warning: Treating undriven bit __eqcheck_top.\refblk [262] like $anyseq.
Warning: Treating undriven bit __eqcheck_top.\refblk [263] like $anyseq.
Warning: Treating undriven bit __eqcheck_top.\refblk [264] like $anyseq.
Warning: Treating undriven bit __eqcheck_top.\refblk [265] like $anyseq.
Warning: Treating undriven bit __eqcheck_top.\refblk [266] like $anyseq.
Warning: Treating undriven bit __eqcheck_top.\refblk [267] like $anyseq.
Warning: Treating undriven bit __eqcheck_top.\refblk [268] like $anyseq.
Warning: Treating undriven bit __eqcheck_top.\refblk [269] like $anyseq.
Warning: Treating undriven bit __eqcheck_top.\refblk [270] like $anyseq.
Warning: Treating undriven bit __eqcheck_top.\refblk [271] like $anyseq.
Warning: Treating undriven bit __eqcheck_top.\refblk [272] like $anyseq.
Warning: Treating undriven bit __eqcheck_top.\refblk [273] like $anyseq.
Warning: Treating undriven bit __eqcheck_top.\refblk [274] like $anyseq.
Warning: Treating undriven bit __eqcheck_top.\refblk [275] like $anyseq.
Warning: Treating undriven bit __eqcheck_top.\refblk [276] like $anyseq.
Warning: Treating undriven bit __eqcheck_top.\refblk [277] like $anyseq.
Warning: Treating undriven bit __eqcheck_top.\refblk [278] like $anyseq.
Warning: Treating undriven bit __eqcheck_top.\refblk [279] like $anyseq.
Warning: Treating undriven bit __eqcheck_top.\refblk [280] like $anyseq.
Warning: Treating undriven bit __eqcheck_top.\refblk [281] like $anyseq.
Warning: Treating undriven bit __eqcheck_top.\refblk [282] like $anyseq.
Warning: Treating undriven bit __eqcheck_top.\refblk [283] like $anyseq.
Warning: Treating undriven bit __eqcheck_top.\refblk [284] like $anyseq.
Warning: Treating undriven bit __eqcheck_top.\refblk [285] like $anyseq.
Warning: Treating undriven bit __eqcheck_top.\refblk [286] like $anyseq.
Warning: Treating undriven bit __eqcheck_top.\refblk [287] like $anyseq.
Warning: Treating undriven bit __eqcheck_top.\refblk [288] like $anyseq.
Warning: Treating undriven bit __eqcheck_top.\refblk [289] like $anyseq.
Warning: Treating undriven bit __eqcheck_top.\refblk [290] like $anyseq.
Warning: Treating undriven bit __eqcheck_top.\refblk [291] like $anyseq.
Warning: Treating undriven bit __eqcheck_top.\refblk [292] like $anyseq.
Warning: Treating undriven bit __eqcheck_top.\refblk [293] like $anyseq.
Warning: Treating undriven bit __eqcheck_top.\refblk [294] like $anyseq.
Warning: Treating undriven bit __eqcheck_top.\refblk [295] like $anyseq.
Warning: Treating undriven bit __eqcheck_top.\refblk [296] like $anyseq.
Warning: Treating undriven bit __eqcheck_top.\refblk [297] like $anyseq.
Warning: Treating undriven bit __eqcheck_top.\refblk [298] like $anyseq.
Warning: Treating undriven bit __eqcheck_top.\refblk [299] like $anyseq.
Warning: Treating undriven bit __eqcheck_top.\refblk [300] like $anyseq.
Warning: Treating undriven bit __eqcheck_top.\refblk [301] like $anyseq.
Warning: Treating undriven bit __eqcheck_top.\refblk [302] like $anyseq.
Warning: Treating undriven bit __eqcheck_top.\refblk [303] like $anyseq.
Warning: Treating undriven bit __eqcheck_top.\refblk [304] like $anyseq.
Warning: Treating undriven bit __eqcheck_top.\refblk [305] like $anyseq.
Warning: Treating undriven bit __eqcheck_top.\refblk [306] like $anyseq.
Warning: Treating undriven bit __eqcheck_top.\refblk [307] like $anyseq.
Warning: Treating undriven bit __eqcheck_top.\refblk [308] like $anyseq.
Warning: Treating undriven bit __eqcheck_top.\refblk [309] like $anyseq.
Warning: Treating undriven bit __eqcheck_top.\refblk [310] like $anyseq.
Warning: Treating undriven bit __eqcheck_top.\refblk [311] like $anyseq.
Warning: Treating undriven bit __eqcheck_top.\refblk [312] like $anyseq.
Warning: Treating undriven bit __eqcheck_top.\refblk [313] like $anyseq.
Warning: Treating undriven bit __eqcheck_top.\refblk [314] like $anyseq.
Warning: Treating undriven bit __eqcheck_top.\refblk [315] like $anyseq.
Warning: Treating undriven bit __eqcheck_top.\refblk [316] like $anyseq.
Warning: Treating undriven bit __eqcheck_top.\refblk [317] like $anyseq.
Warning: Treating undriven bit __eqcheck_top.\refblk [318] like $anyseq.
Warning: Treating undriven bit __eqcheck_top.\refblk [319] like $anyseq.
Warning: Treating undriven bit __eqcheck_top.\refblk [320] like $anyseq.
Warning: Treating undriven bit __eqcheck_top.\refblk [321] like $anyseq.
Warning: Treating undriven bit __eqcheck_top.\refblk [322] like $anyseq.
Warning: Treating undriven bit __eqcheck_top.\refblk [323] like $anyseq.
Warning: Treating undriven bit __eqcheck_top.\refblk [324] like $anyseq.
Warning: Treating undriven bit __eqcheck_top.\refblk [325] like $anyseq.
Warning: Treating undriven bit __eqcheck_top.\refblk [326] like $anyseq.
Warning: Treating undriven bit __eqcheck_top.\refblk [327] like $anyseq.
Warning: Treating undriven bit __eqcheck_top.\refblk [328] like $anyseq.
Warning: Treating undriven bit __eqcheck_top.\refblk [329] like $anyseq.
Warning: Treating undriven bit __eqcheck_top.\refblk [330] like $anyseq.
Warning: Treating undriven bit __eqcheck_top.\refblk [331] like $anyseq.
Warning: Treating undriven bit __eqcheck_top.\refblk [332] like $anyseq.
Warning: Treating undriven bit __eqcheck_top.\refblk [333] like $anyseq.
Warning: Treating undriven bit __eqcheck_top.\refblk [334] like $anyseq.
Warning: Treating undriven bit __eqcheck_top.\refblk [335] like $anyseq.
Warning: Treating undriven bit __eqcheck_top.\refblk [336] like $anyseq.
Warning: Treating undriven bit __eqcheck_top.\refblk [337] like $anyseq.
Warning: Treating undriven bit __eqcheck_top.\refblk [338] like $anyseq.
Warning: Treating undriven bit __eqcheck_top.\refblk [339] like $anyseq.
Warning: Treating undriven bit __eqcheck_top.\refblk [340] like $anyseq.
Warning: Treating undriven bit __eqcheck_top.\refblk [341] like $anyseq.
Warning: Treating undriven bit __eqcheck_top.\refblk [342] like $anyseq.
Warning: Treating undriven bit __eqcheck_top.\refblk [343] like $anyseq.
Warning: Treating undriven bit __eqcheck_top.\refblk [344] like $anyseq.
Warning: Treating undriven bit __eqcheck_top.\refblk [345] like $anyseq.
Warning: Treating undriven bit __eqcheck_top.\refblk [346] like $anyseq.
Warning: Treating undriven bit __eqcheck_top.\refblk [347] like $anyseq.
Warning: Treating undriven bit __eqcheck_top.\refblk [348] like $anyseq.
Warning: Treating undriven bit __eqcheck_top.\refblk [349] like $anyseq.
Warning: Treating undriven bit __eqcheck_top.\refblk [350] like $anyseq.
Warning: Treating undriven bit __eqcheck_top.\refblk [351] like $anyseq.
Warning: Treating undriven bit __eqcheck_top.\refblk [352] like $anyseq.
Warning: Treating undriven bit __eqcheck_top.\refblk [353] like $anyseq.
Warning: Treating undriven bit __eqcheck_top.\refblk [354] like $anyseq.
Warning: Treating undriven bit __eqcheck_top.\refblk [355] like $anyseq.
Warning: Treating undriven bit __eqcheck_top.\refblk [356] like $anyseq.
Warning: Treating undriven bit __eqcheck_top.\refblk [357] like $anyseq.
Warning: Treating undriven bit __eqcheck_top.\refblk [358] like $anyseq.
Warning: Treating undriven bit __eqcheck_top.\refblk [359] like $anyseq.
Warning: Treating undriven bit __eqcheck_top.\refblk [360] like $anyseq.
Warning: Treating undriven bit __eqcheck_top.\refblk [361] like $anyseq.
Warning: Treating undriven bit __eqcheck_top.\refblk [362] like $anyseq.
Warning: Treating undriven bit __eqcheck_top.\refblk [363] like $anyseq.
Warning: Treating undriven bit __eqcheck_top.\refblk [364] like $anyseq.
Warning: Treating undriven bit __eqcheck_top.\refblk [365] like $anyseq.
Warning: Treating undriven bit __eqcheck_top.\refblk [366] like $anyseq.
Warning: Treating undriven bit __eqcheck_top.\refblk [367] like $anyseq.
Warning: Treating undriven bit __eqcheck_top.\refblk [368] like $anyseq.
Warning: Treating undriven bit __eqcheck_top.\refblk [369] like $anyseq.
Warning: Treating undriven bit __eqcheck_top.\refblk [370] like $anyseq.
Warning: Treating undriven bit __eqcheck_top.\refblk [371] like $anyseq.
Warning: Treating undriven bit __eqcheck_top.\refblk [372] like $anyseq.
Warning: Treating undriven bit __eqcheck_top.\refblk [373] like $anyseq.
Warning: Treating undriven bit __eqcheck_top.\refblk [374] like $anyseq.
Warning: Treating undriven bit __eqcheck_top.\refblk [375] like $anyseq.
Warning: Treating undriven bit __eqcheck_top.\refblk [376] like $anyseq.
Warning: Treating undriven bit __eqcheck_top.\refblk [377] like $anyseq.
Warning: Treating undriven bit __eqcheck_top.\refblk [378] like $anyseq.
Warning: Treating undriven bit __eqcheck_top.\refblk [379] like $anyseq.
Warning: Treating undriven bit __eqcheck_top.\refblk [380] like $anyseq.
Warning: Treating undriven bit __eqcheck_top.\refblk [381] like $anyseq.
Warning: Treating undriven bit __eqcheck_top.\refblk [382] like $anyseq.
Warning: Treating undriven bit __eqcheck_top.\refblk [383] like $anyseq.
Warning: Treating undriven bit __eqcheck_top.\refblk [384] like $anyseq.
Warning: Treating undriven bit __eqcheck_top.\refblk [385] like $anyseq.
Warning: Treating undriven bit __eqcheck_top.\refblk [386] like $anyseq.
Warning: Treating undriven bit __eqcheck_top.\refblk [387] like $anyseq.
Warning: Treating undriven bit __eqcheck_top.\refblk [388] like $anyseq.
Warning: Treating undriven bit __eqcheck_top.\refblk [389] like $anyseq.
Warning: Treating undriven bit __eqcheck_top.\refblk [390] like $anyseq.
Warning: Treating undriven bit __eqcheck_top.\refblk [391] like $anyseq.
Warning: Treating undriven bit __eqcheck_top.\refblk [392] like $anyseq.
Warning: Treating undriven bit __eqcheck_top.\refblk [393] like $anyseq.
Warning: Treating undriven bit __eqcheck_top.\refblk [394] like $anyseq.
Warning: Treating undriven bit __eqcheck_top.\refblk [395] like $anyseq.
Warning: Treating undriven bit __eqcheck_top.\refblk [396] like $anyseq.
Warning: Treating undriven bit __eqcheck_top.\refblk [397] like $anyseq.
Warning: Treating undriven bit __eqcheck_top.\refblk [398] like $anyseq.
Warning: Treating undriven bit __eqcheck_top.\refblk [399] like $anyseq.
Warning: Treating undriven bit __eqcheck_top.\refblk [400] like $anyseq.
Warning: Treating undriven bit __eqcheck_top.\refblk [401] like $anyseq.
Warning: Treating undriven bit __eqcheck_top.\refblk [402] like $anyseq.
Warning: Treating undriven bit __eqcheck_top.\refblk [403] like $anyseq.
Warning: Treating undriven bit __eqcheck_top.\refblk [404] like $anyseq.
Warning: Treating undriven bit __eqcheck_top.\refblk [405] like $anyseq.
Warning: Treating undriven bit __eqcheck_top.\refblk [406] like $anyseq.
Warning: Treating undriven bit __eqcheck_top.\refblk [407] like $anyseq.
Warning: Treating undriven bit __eqcheck_top.\refblk [408] like $anyseq.
Warning: Treating undriven bit __eqcheck_top.\refblk [409] like $anyseq.
Warning: Treating undriven bit __eqcheck_top.\refblk [410] like $anyseq.
Warning: Treating undriven bit __eqcheck_top.\refblk [411] like $anyseq.
Warning: Treating undriven bit __eqcheck_top.\refblk [412] like $anyseq.
Warning: Treating undriven bit __eqcheck_top.\refblk [413] like $anyseq.
Warning: Treating undriven bit __eqcheck_top.\refblk [414] like $anyseq.
Warning: Treating undriven bit __eqcheck_top.\refblk [415] like $anyseq.
Warning: Treating undriven bit __eqcheck_top.\refblk [416] like $anyseq.
Warning: Treating undriven bit __eqcheck_top.\refblk [417] like $anyseq.
Warning: Treating undriven bit __eqcheck_top.\refblk [418] like $anyseq.
Warning: Treating undriven bit __eqcheck_top.\refblk [419] like $anyseq.
Warning: Treating undriven bit __eqcheck_top.\refblk [420] like $anyseq.
Warning: Treating undriven bit __eqcheck_top.\refblk [421] like $anyseq.
Warning: Treating undriven bit __eqcheck_top.\refblk [422] like $anyseq.
Warning: Treating undriven bit __eqcheck_top.\refblk [423] like $anyseq.
Warning: Treating undriven bit __eqcheck_top.\refblk [424] like $anyseq.
Warning: Treating undriven bit __eqcheck_top.\refblk [425] like $anyseq.
Warning: Treating undriven bit __eqcheck_top.\refblk [426] like $anyseq.
Warning: Treating undriven bit __eqcheck_top.\refblk [427] like $anyseq.
Warning: Treating undriven bit __eqcheck_top.\refblk [428] like $anyseq.
Warning: Treating undriven bit __eqcheck_top.\refblk [429] like $anyseq.
Warning: Treating undriven bit __eqcheck_top.\refblk [430] like $anyseq.
Warning: Treating undriven bit __eqcheck_top.\refblk [431] like $anyseq.
Warning: Treating undriven bit __eqcheck_top.\refblk [432] like $anyseq.
Warning: Treating undriven bit __eqcheck_top.\refblk [433] like $anyseq.
Warning: Treating undriven bit __eqcheck_top.\refblk [434] like $anyseq.
Warning: Treating undriven bit __eqcheck_top.\refblk [435] like $anyseq.
Warning: Treating undriven bit __eqcheck_top.\refblk [436] like $anyseq.
Warning: Treating undriven bit __eqcheck_top.\refblk [437] like $anyseq.
Warning: Treating undriven bit __eqcheck_top.\refblk [438] like $anyseq.
Warning: Treating undriven bit __eqcheck_top.\refblk [439] like $anyseq.
Warning: Treating undriven bit __eqcheck_top.\refblk [440] like $anyseq.
Warning: Treating undriven bit __eqcheck_top.\refblk [441] like $anyseq.
Warning: Treating undriven bit __eqcheck_top.\refblk [442] like $anyseq.
Warning: Treating undriven bit __eqcheck_top.\refblk [443] like $anyseq.
Warning: Treating undriven bit __eqcheck_top.\refblk [444] like $anyseq.
Warning: Treating undriven bit __eqcheck_top.\refblk [445] like $anyseq.
Warning: Treating undriven bit __eqcheck_top.\refblk [446] like $anyseq.
Warning: Treating undriven bit __eqcheck_top.\refblk [447] like $anyseq.
Warning: Treating undriven bit __eqcheck_top.\refblk [448] like $anyseq.
Warning: Treating undriven bit __eqcheck_top.\refblk [449] like $anyseq.
Warning: Treating undriven bit __eqcheck_top.\refblk [450] like $anyseq.
Warning: Treating undriven bit __eqcheck_top.\refblk [451] like $anyseq.
Warning: Treating undriven bit __eqcheck_top.\refblk [452] like $anyseq.
Warning: Treating undriven bit __eqcheck_top.\refblk [453] like $anyseq.
Warning: Treating undriven bit __eqcheck_top.\refblk [454] like $anyseq.
Warning: Treating undriven bit __eqcheck_top.\refblk [455] like $anyseq.
Warning: Treating undriven bit __eqcheck_top.\refblk [456] like $anyseq.
Warning: Treating undriven bit __eqcheck_top.\refblk [457] like $anyseq.
Warning: Treating undriven bit __eqcheck_top.\refblk [458] like $anyseq.
Warning: Treating undriven bit __eqcheck_top.\refblk [459] like $anyseq.
Warning: Treating undriven bit __eqcheck_top.\refblk [460] like $anyseq.
Warning: Treating undriven bit __eqcheck_top.\refblk [461] like $anyseq.
Warning: Treating undriven bit __eqcheck_top.\refblk [462] like $anyseq.
Warning: Treating undriven bit __eqcheck_top.\refblk [463] like $anyseq.
Warning: Treating undriven bit __eqcheck_top.\refblk [464] like $anyseq.
Warning: Treating undriven bit __eqcheck_top.\refblk [465] like $anyseq.
Warning: Treating undriven bit __eqcheck_top.\refblk [466] like $anyseq.
Warning: Treating undriven bit __eqcheck_top.\refblk [467] like $anyseq.
Warning: Treating undriven bit __eqcheck_top.\refblk [468] like $anyseq.
Warning: Treating undriven bit __eqcheck_top.\refblk [469] like $anyseq.
Warning: Treating undriven bit __eqcheck_top.\refblk [470] like $anyseq.
Warning: Treating undriven bit __eqcheck_top.\refblk [471] like $anyseq.
Warning: Treating undriven bit __eqcheck_top.\refblk [472] like $anyseq.
Warning: Treating undriven bit __eqcheck_top.\refblk [473] like $anyseq.
Warning: Treating undriven bit __eqcheck_top.\refblk [474] like $anyseq.
Warning: Treating undriven bit __eqcheck_top.\refblk [475] like $anyseq.
Warning: Treating undriven bit __eqcheck_top.\refblk [476] like $anyseq.
Warning: Treating undriven bit __eqcheck_top.\refblk [477] like $anyseq.
Warning: Treating undriven bit __eqcheck_top.\refblk [478] like $anyseq.
Warning: Treating undriven bit __eqcheck_top.\refblk [479] like $anyseq.
Warning: Treating undriven bit __eqcheck_top.\refblk [480] like $anyseq.
Warning: Treating undriven bit __eqcheck_top.\refblk [481] like $anyseq.
Warning: Treating undriven bit __eqcheck_top.\refblk [482] like $anyseq.
Warning: Treating undriven bit __eqcheck_top.\refblk [483] like $anyseq.
Warning: Treating undriven bit __eqcheck_top.\refblk [484] like $anyseq.
Warning: Treating undriven bit __eqcheck_top.\refblk [485] like $anyseq.
Warning: Treating undriven bit __eqcheck_top.\refblk [486] like $anyseq.
Warning: Treating undriven bit __eqcheck_top.\refblk [487] like $anyseq.
Warning: Treating undriven bit __eqcheck_top.\refblk [488] like $anyseq.
Warning: Treating undriven bit __eqcheck_top.\refblk [489] like $anyseq.
Warning: Treating undriven bit __eqcheck_top.\refblk [490] like $anyseq.
Warning: Treating undriven bit __eqcheck_top.\refblk [491] like $anyseq.
Warning: Treating undriven bit __eqcheck_top.\refblk [492] like $anyseq.
Warning: Treating undriven bit __eqcheck_top.\refblk [493] like $anyseq.
Warning: Treating undriven bit __eqcheck_top.\refblk [494] like $anyseq.
Warning: Treating undriven bit __eqcheck_top.\refblk [495] like $anyseq.
Warning: Treating undriven bit __eqcheck_top.\refblk [496] like $anyseq.
Warning: Treating undriven bit __eqcheck_top.\refblk [497] like $anyseq.
Warning: Treating undriven bit __eqcheck_top.\refblk [498] like $anyseq.
Warning: Treating undriven bit __eqcheck_top.\refblk [499] like $anyseq.
Warning: Treating undriven bit __eqcheck_top.\refblk [500] like $anyseq.
Warning: Treating undriven bit __eqcheck_top.\refblk [501] like $anyseq.
Warning: Treating undriven bit __eqcheck_top.\refblk [502] like $anyseq.
Warning: Treating undriven bit __eqcheck_top.\refblk [503] like $anyseq.
Warning: Treating undriven bit __eqcheck_top.\refblk [504] like $anyseq.
Warning: Treating undriven bit __eqcheck_top.\refblk [505] like $anyseq.
Warning: Treating undriven bit __eqcheck_top.\refblk [506] like $anyseq.
Warning: Treating undriven bit __eqcheck_top.\refblk [507] like $anyseq.
Warning: Treating undriven bit __eqcheck_top.\refblk [508] like $anyseq.
Warning: Treating undriven bit __eqcheck_top.\refblk [509] like $anyseq.
Warning: Treating undriven bit __eqcheck_top.\refblk [510] like $anyseq.
Warning: Treating undriven bit __eqcheck_top.\refblk [511] like $anyseq.
Warning: Treating undriven bit __eqcheck_top.\curblk [0] like $anyseq.
Warning: Treating undriven bit __eqcheck_top.\curblk [1] like $anyseq.
Warning: Treating undriven bit __eqcheck_top.\curblk [2] like $anyseq.
Warning: Treating undriven bit __eqcheck_top.\curblk [3] like $anyseq.
Warning: Treating undriven bit __eqcheck_top.\curblk [4] like $anyseq.
Warning: Treating undriven bit __eqcheck_top.\curblk [5] like $anyseq.
Warning: Treating undriven bit __eqcheck_top.\curblk [6] like $anyseq.
Warning: Treating undriven bit __eqcheck_top.\curblk [7] like $anyseq.
Warning: Treating undriven bit __eqcheck_top.\curblk [8] like $anyseq.
Warning: Treating undriven bit __eqcheck_top.\curblk [9] like $anyseq.
Warning: Treating undriven bit __eqcheck_top.\curblk [10] like $anyseq.
Warning: Treating undriven bit __eqcheck_top.\curblk [11] like $anyseq.
Warning: Treating undriven bit __eqcheck_top.\curblk [12] like $anyseq.
Warning: Treating undriven bit __eqcheck_top.\curblk [13] like $anyseq.
Warning: Treating undriven bit __eqcheck_top.\curblk [14] like $anyseq.
Warning: Treating undriven bit __eqcheck_top.\curblk [15] like $anyseq.
Warning: Treating undriven bit __eqcheck_top.\curblk [16] like $anyseq.
Warning: Treating undriven bit __eqcheck_top.\curblk [17] like $anyseq.
Warning: Treating undriven bit __eqcheck_top.\curblk [18] like $anyseq.
Warning: Treating undriven bit __eqcheck_top.\curblk [19] like $anyseq.
Warning: Treating undriven bit __eqcheck_top.\curblk [20] like $anyseq.
Warning: Treating undriven bit __eqcheck_top.\curblk [21] like $anyseq.
Warning: Treating undriven bit __eqcheck_top.\curblk [22] like $anyseq.
Warning: Treating undriven bit __eqcheck_top.\curblk [23] like $anyseq.
Warning: Treating undriven bit __eqcheck_top.\curblk [24] like $anyseq.
Warning: Treating undriven bit __eqcheck_top.\curblk [25] like $anyseq.
Warning: Treating undriven bit __eqcheck_top.\curblk [26] like $anyseq.
Warning: Treating undriven bit __eqcheck_top.\curblk [27] like $anyseq.
Warning: Treating undriven bit __eqcheck_top.\curblk [28] like $anyseq.
Warning: Treating undriven bit __eqcheck_top.\curblk [29] like $anyseq.
Warning: Treating undriven bit __eqcheck_top.\curblk [30] like $anyseq.
Warning: Treating undriven bit __eqcheck_top.\curblk [31] like $anyseq.
Warning: Treating undriven bit __eqcheck_top.\curblk [32] like $anyseq.
Warning: Treating undriven bit __eqcheck_top.\curblk [33] like $anyseq.
Warning: Treating undriven bit __eqcheck_top.\curblk [34] like $anyseq.
Warning: Treating undriven bit __eqcheck_top.\curblk [35] like $anyseq.
Warning: Treating undriven bit __eqcheck_top.\curblk [36] like $anyseq.
Warning: Treating undriven bit __eqcheck_top.\curblk [37] like $anyseq.
Warning: Treating undriven bit __eqcheck_top.\curblk [38] like $anyseq.
Warning: Treating undriven bit __eqcheck_top.\curblk [39] like $anyseq.
Warning: Treating undriven bit __eqcheck_top.\curblk [40] like $anyseq.
Warning: Treating undriven bit __eqcheck_top.\curblk [41] like $anyseq.
Warning: Treating undriven bit __eqcheck_top.\curblk [42] like $anyseq.
Warning: Treating undriven bit __eqcheck_top.\curblk [43] like $anyseq.
Warning: Treating undriven bit __eqcheck_top.\curblk [44] like $anyseq.
Warning: Treating undriven bit __eqcheck_top.\curblk [45] like $anyseq.
Warning: Treating undriven bit __eqcheck_top.\curblk [46] like $anyseq.
Warning: Treating undriven bit __eqcheck_top.\curblk [47] like $anyseq.
Warning: Treating undriven bit __eqcheck_top.\curblk [48] like $anyseq.
Warning: Treating undriven bit __eqcheck_top.\curblk [49] like $anyseq.
Warning: Treating undriven bit __eqcheck_top.\curblk [50] like $anyseq.
Warning: Treating undriven bit __eqcheck_top.\curblk [51] like $anyseq.
Warning: Treating undriven bit __eqcheck_top.\curblk [52] like $anyseq.
Warning: Treating undriven bit __eqcheck_top.\curblk [53] like $anyseq.
Warning: Treating undriven bit __eqcheck_top.\curblk [54] like $anyseq.
Warning: Treating undriven bit __eqcheck_top.\curblk [55] like $anyseq.
Warning: Treating undriven bit __eqcheck_top.\curblk [56] like $anyseq.
Warning: Treating undriven bit __eqcheck_top.\curblk [57] like $anyseq.
Warning: Treating undriven bit __eqcheck_top.\curblk [58] like $anyseq.
Warning: Treating undriven bit __eqcheck_top.\curblk [59] like $anyseq.
Warning: Treating undriven bit __eqcheck_top.\curblk [60] like $anyseq.
Warning: Treating undriven bit __eqcheck_top.\curblk [61] like $anyseq.
Warning: Treating undriven bit __eqcheck_top.\curblk [62] like $anyseq.
Warning: Treating undriven bit __eqcheck_top.\curblk [63] like $anyseq.
Warning: Treating undriven bit __eqcheck_top.\curblk [64] like $anyseq.
Warning: Treating undriven bit __eqcheck_top.\curblk [65] like $anyseq.
Warning: Treating undriven bit __eqcheck_top.\curblk [66] like $anyseq.
Warning: Treating undriven bit __eqcheck_top.\curblk [67] like $anyseq.
Warning: Treating undriven bit __eqcheck_top.\curblk [68] like $anyseq.
Warning: Treating undriven bit __eqcheck_top.\curblk [69] like $anyseq.
Warning: Treating undriven bit __eqcheck_top.\curblk [70] like $anyseq.
Warning: Treating undriven bit __eqcheck_top.\curblk [71] like $anyseq.
Warning: Treating undriven bit __eqcheck_top.\curblk [72] like $anyseq.
Warning: Treating undriven bit __eqcheck_top.\curblk [73] like $anyseq.
Warning: Treating undriven bit __eqcheck_top.\curblk [74] like $anyseq.
Warning: Treating undriven bit __eqcheck_top.\curblk [75] like $anyseq.
Warning: Treating undriven bit __eqcheck_top.\curblk [76] like $anyseq.
Warning: Treating undriven bit __eqcheck_top.\curblk [77] like $anyseq.
Warning: Treating undriven bit __eqcheck_top.\curblk [78] like $anyseq.
Warning: Treating undriven bit __eqcheck_top.\curblk [79] like $anyseq.
Warning: Treating undriven bit __eqcheck_top.\curblk [80] like $anyseq.
Warning: Treating undriven bit __eqcheck_top.\curblk [81] like $anyseq.
Warning: Treating undriven bit __eqcheck_top.\curblk [82] like $anyseq.
Warning: Treating undriven bit __eqcheck_top.\curblk [83] like $anyseq.
Warning: Treating undriven bit __eqcheck_top.\curblk [84] like $anyseq.
Warning: Treating undriven bit __eqcheck_top.\curblk [85] like $anyseq.
Warning: Treating undriven bit __eqcheck_top.\curblk [86] like $anyseq.
Warning: Treating undriven bit __eqcheck_top.\curblk [87] like $anyseq.
Warning: Treating undriven bit __eqcheck_top.\curblk [88] like $anyseq.
Warning: Treating undriven bit __eqcheck_top.\curblk [89] like $anyseq.
Warning: Treating undriven bit __eqcheck_top.\curblk [90] like $anyseq.
Warning: Treating undriven bit __eqcheck_top.\curblk [91] like $anyseq.
Warning: Treating undriven bit __eqcheck_top.\curblk [92] like $anyseq.
Warning: Treating undriven bit __eqcheck_top.\curblk [93] like $anyseq.
Warning: Treating undriven bit __eqcheck_top.\curblk [94] like $anyseq.
Warning: Treating undriven bit __eqcheck_top.\curblk [95] like $anyseq.
Warning: Treating undriven bit __eqcheck_top.\curblk [96] like $anyseq.
Warning: Treating undriven bit __eqcheck_top.\curblk [97] like $anyseq.
Warning: Treating undriven bit __eqcheck_top.\curblk [98] like $anyseq.
Warning: Treating undriven bit __eqcheck_top.\curblk [99] like $anyseq.
Warning: Treating undriven bit __eqcheck_top.\curblk [100] like $anyseq.
Warning: Treating undriven bit __eqcheck_top.\curblk [101] like $anyseq.
Warning: Treating undriven bit __eqcheck_top.\curblk [102] like $anyseq.
Warning: Treating undriven bit __eqcheck_top.\curblk [103] like $anyseq.
Warning: Treating undriven bit __eqcheck_top.\curblk [104] like $anyseq.
Warning: Treating undriven bit __eqcheck_top.\curblk [105] like $anyseq.
Warning: Treating undriven bit __eqcheck_top.\curblk [106] like $anyseq.
Warning: Treating undriven bit __eqcheck_top.\curblk [107] like $anyseq.
Warning: Treating undriven bit __eqcheck_top.\curblk [108] like $anyseq.
Warning: Treating undriven bit __eqcheck_top.\curblk [109] like $anyseq.
Warning: Treating undriven bit __eqcheck_top.\curblk [110] like $anyseq.
Warning: Treating undriven bit __eqcheck_top.\curblk [111] like $anyseq.
Warning: Treating undriven bit __eqcheck_top.\curblk [112] like $anyseq.
Warning: Treating undriven bit __eqcheck_top.\curblk [113] like $anyseq.
Warning: Treating undriven bit __eqcheck_top.\curblk [114] like $anyseq.
Warning: Treating undriven bit __eqcheck_top.\curblk [115] like $anyseq.
Warning: Treating undriven bit __eqcheck_top.\curblk [116] like $anyseq.
Warning: Treating undriven bit __eqcheck_top.\curblk [117] like $anyseq.
Warning: Treating undriven bit __eqcheck_top.\curblk [118] like $anyseq.
Warning: Treating undriven bit __eqcheck_top.\curblk [119] like $anyseq.
Warning: Treating undriven bit __eqcheck_top.\curblk [120] like $anyseq.
Warning: Treating undriven bit __eqcheck_top.\curblk [121] like $anyseq.
Warning: Treating undriven bit __eqcheck_top.\curblk [122] like $anyseq.
Warning: Treating undriven bit __eqcheck_top.\curblk [123] like $anyseq.
Warning: Treating undriven bit __eqcheck_top.\curblk [124] like $anyseq.
Warning: Treating undriven bit __eqcheck_top.\curblk [125] like $anyseq.
Warning: Treating undriven bit __eqcheck_top.\curblk [126] like $anyseq.
Warning: Treating undriven bit __eqcheck_top.\curblk [127] like $anyseq.
Warning: Treating undriven bit __eqcheck_top.\curblk [128] like $anyseq.
Warning: Treating undriven bit __eqcheck_top.\curblk [129] like $anyseq.
Warning: Treating undriven bit __eqcheck_top.\curblk [130] like $anyseq.
Warning: Treating undriven bit __eqcheck_top.\curblk [131] like $anyseq.
Warning: Treating undriven bit __eqcheck_top.\curblk [132] like $anyseq.
Warning: Treating undriven bit __eqcheck_top.\curblk [133] like $anyseq.
Warning: Treating undriven bit __eqcheck_top.\curblk [134] like $anyseq.
Warning: Treating undriven bit __eqcheck_top.\curblk [135] like $anyseq.
Warning: Treating undriven bit __eqcheck_top.\curblk [136] like $anyseq.
Warning: Treating undriven bit __eqcheck_top.\curblk [137] like $anyseq.
Warning: Treating undriven bit __eqcheck_top.\curblk [138] like $anyseq.
Warning: Treating undriven bit __eqcheck_top.\curblk [139] like $anyseq.
Warning: Treating undriven bit __eqcheck_top.\curblk [140] like $anyseq.
Warning: Treating undriven bit __eqcheck_top.\curblk [141] like $anyseq.
Warning: Treating undriven bit __eqcheck_top.\curblk [142] like $anyseq.
Warning: Treating undriven bit __eqcheck_top.\curblk [143] like $anyseq.
Warning: Treating undriven bit __eqcheck_top.\curblk [144] like $anyseq.
Warning: Treating undriven bit __eqcheck_top.\curblk [145] like $anyseq.
Warning: Treating undriven bit __eqcheck_top.\curblk [146] like $anyseq.
Warning: Treating undriven bit __eqcheck_top.\curblk [147] like $anyseq.
Warning: Treating undriven bit __eqcheck_top.\curblk [148] like $anyseq.
Warning: Treating undriven bit __eqcheck_top.\curblk [149] like $anyseq.
Warning: Treating undriven bit __eqcheck_top.\curblk [150] like $anyseq.
Warning: Treating undriven bit __eqcheck_top.\curblk [151] like $anyseq.
Warning: Treating undriven bit __eqcheck_top.\curblk [152] like $anyseq.
Warning: Treating undriven bit __eqcheck_top.\curblk [153] like $anyseq.
Warning: Treating undriven bit __eqcheck_top.\curblk [154] like $anyseq.
Warning: Treating undriven bit __eqcheck_top.\curblk [155] like $anyseq.
Warning: Treating undriven bit __eqcheck_top.\curblk [156] like $anyseq.
Warning: Treating undriven bit __eqcheck_top.\curblk [157] like $anyseq.
Warning: Treating undriven bit __eqcheck_top.\curblk [158] like $anyseq.
Warning: Treating undriven bit __eqcheck_top.\curblk [159] like $anyseq.
Warning: Treating undriven bit __eqcheck_top.\curblk [160] like $anyseq.
Warning: Treating undriven bit __eqcheck_top.\curblk [161] like $anyseq.
Warning: Treating undriven bit __eqcheck_top.\curblk [162] like $anyseq.
Warning: Treating undriven bit __eqcheck_top.\curblk [163] like $anyseq.
Warning: Treating undriven bit __eqcheck_top.\curblk [164] like $anyseq.
Warning: Treating undriven bit __eqcheck_top.\curblk [165] like $anyseq.
Warning: Treating undriven bit __eqcheck_top.\curblk [166] like $anyseq.
Warning: Treating undriven bit __eqcheck_top.\curblk [167] like $anyseq.
Warning: Treating undriven bit __eqcheck_top.\curblk [168] like $anyseq.
Warning: Treating undriven bit __eqcheck_top.\curblk [169] like $anyseq.
Warning: Treating undriven bit __eqcheck_top.\curblk [170] like $anyseq.
Warning: Treating undriven bit __eqcheck_top.\curblk [171] like $anyseq.
Warning: Treating undriven bit __eqcheck_top.\curblk [172] like $anyseq.
Warning: Treating undriven bit __eqcheck_top.\curblk [173] like $anyseq.
Warning: Treating undriven bit __eqcheck_top.\curblk [174] like $anyseq.
Warning: Treating undriven bit __eqcheck_top.\curblk [175] like $anyseq.
Warning: Treating undriven bit __eqcheck_top.\curblk [176] like $anyseq.
Warning: Treating undriven bit __eqcheck_top.\curblk [177] like $anyseq.
Warning: Treating undriven bit __eqcheck_top.\curblk [178] like $anyseq.
Warning: Treating undriven bit __eqcheck_top.\curblk [179] like $anyseq.
Warning: Treating undriven bit __eqcheck_top.\curblk [180] like $anyseq.
Warning: Treating undriven bit __eqcheck_top.\curblk [181] like $anyseq.
Warning: Treating undriven bit __eqcheck_top.\curblk [182] like $anyseq.
Warning: Treating undriven bit __eqcheck_top.\curblk [183] like $anyseq.
Warning: Treating undriven bit __eqcheck_top.\curblk [184] like $anyseq.
Warning: Treating undriven bit __eqcheck_top.\curblk [185] like $anyseq.
Warning: Treating undriven bit __eqcheck_top.\curblk [186] like $anyseq.
Warning: Treating undriven bit __eqcheck_top.\curblk [187] like $anyseq.
Warning: Treating undriven bit __eqcheck_top.\curblk [188] like $anyseq.
Warning: Treating undriven bit __eqcheck_top.\curblk [189] like $anyseq.
Warning: Treating undriven bit __eqcheck_top.\curblk [190] like $anyseq.
Warning: Treating undriven bit __eqcheck_top.\curblk [191] like $anyseq.
Warning: Treating undriven bit __eqcheck_top.\curblk [192] like $anyseq.
Warning: Treating undriven bit __eqcheck_top.\curblk [193] like $anyseq.
Warning: Treating undriven bit __eqcheck_top.\curblk [194] like $anyseq.
Warning: Treating undriven bit __eqcheck_top.\curblk [195] like $anyseq.
Warning: Treating undriven bit __eqcheck_top.\curblk [196] like $anyseq.
Warning: Treating undriven bit __eqcheck_top.\curblk [197] like $anyseq.
Warning: Treating undriven bit __eqcheck_top.\curblk [198] like $anyseq.
Warning: Treating undriven bit __eqcheck_top.\curblk [199] like $anyseq.
Warning: Treating undriven bit __eqcheck_top.\curblk [200] like $anyseq.
Warning: Treating undriven bit __eqcheck_top.\curblk [201] like $anyseq.
Warning: Treating undriven bit __eqcheck_top.\curblk [202] like $anyseq.
Warning: Treating undriven bit __eqcheck_top.\curblk [203] like $anyseq.
Warning: Treating undriven bit __eqcheck_top.\curblk [204] like $anyseq.
Warning: Treating undriven bit __eqcheck_top.\curblk [205] like $anyseq.
Warning: Treating undriven bit __eqcheck_top.\curblk [206] like $anyseq.
Warning: Treating undriven bit __eqcheck_top.\curblk [207] like $anyseq.
Warning: Treating undriven bit __eqcheck_top.\curblk [208] like $anyseq.
Warning: Treating undriven bit __eqcheck_top.\curblk [209] like $anyseq.
Warning: Treating undriven bit __eqcheck_top.\curblk [210] like $anyseq.
Warning: Treating undriven bit __eqcheck_top.\curblk [211] like $anyseq.
Warning: Treating undriven bit __eqcheck_top.\curblk [212] like $anyseq.
Warning: Treating undriven bit __eqcheck_top.\curblk [213] like $anyseq.
Warning: Treating undriven bit __eqcheck_top.\curblk [214] like $anyseq.
Warning: Treating undriven bit __eqcheck_top.\curblk [215] like $anyseq.
Warning: Treating undriven bit __eqcheck_top.\curblk [216] like $anyseq.
Warning: Treating undriven bit __eqcheck_top.\curblk [217] like $anyseq.
Warning: Treating undriven bit __eqcheck_top.\curblk [218] like $anyseq.
Warning: Treating undriven bit __eqcheck_top.\curblk [219] like $anyseq.
Warning: Treating undriven bit __eqcheck_top.\curblk [220] like $anyseq.
Warning: Treating undriven bit __eqcheck_top.\curblk [221] like $anyseq.
Warning: Treating undriven bit __eqcheck_top.\curblk [222] like $anyseq.
Warning: Treating undriven bit __eqcheck_top.\curblk [223] like $anyseq.
Warning: Treating undriven bit __eqcheck_top.\curblk [224] like $anyseq.
Warning: Treating undriven bit __eqcheck_top.\curblk [225] like $anyseq.
Warning: Treating undriven bit __eqcheck_top.\curblk [226] like $anyseq.
Warning: Treating undriven bit __eqcheck_top.\curblk [227] like $anyseq.
Warning: Treating undriven bit __eqcheck_top.\curblk [228] like $anyseq.
Warning: Treating undriven bit __eqcheck_top.\curblk [229] like $anyseq.
Warning: Treating undriven bit __eqcheck_top.\curblk [230] like $anyseq.
Warning: Treating undriven bit __eqcheck_top.\curblk [231] like $anyseq.
Warning: Treating undriven bit __eqcheck_top.\curblk [232] like $anyseq.
Warning: Treating undriven bit __eqcheck_top.\curblk [233] like $anyseq.
Warning: Treating undriven bit __eqcheck_top.\curblk [234] like $anyseq.
Warning: Treating undriven bit __eqcheck_top.\curblk [235] like $anyseq.
Warning: Treating undriven bit __eqcheck_top.\curblk [236] like $anyseq.
Warning: Treating undriven bit __eqcheck_top.\curblk [237] like $anyseq.
Warning: Treating undriven bit __eqcheck_top.\curblk [238] like $anyseq.
Warning: Treating undriven bit __eqcheck_top.\curblk [239] like $anyseq.
Warning: Treating undriven bit __eqcheck_top.\curblk [240] like $anyseq.
Warning: Treating undriven bit __eqcheck_top.\curblk [241] like $anyseq.
Warning: Treating undriven bit __eqcheck_top.\curblk [242] like $anyseq.
Warning: Treating undriven bit __eqcheck_top.\curblk [243] like $anyseq.
Warning: Treating undriven bit __eqcheck_top.\curblk [244] like $anyseq.
Warning: Treating undriven bit __eqcheck_top.\curblk [245] like $anyseq.
Warning: Treating undriven bit __eqcheck_top.\curblk [246] like $anyseq.
Warning: Treating undriven bit __eqcheck_top.\curblk [247] like $anyseq.
Warning: Treating undriven bit __eqcheck_top.\curblk [248] like $anyseq.
Warning: Treating undriven bit __eqcheck_top.\curblk [249] like $anyseq.
Warning: Treating undriven bit __eqcheck_top.\curblk [250] like $anyseq.
Warning: Treating undriven bit __eqcheck_top.\curblk [251] like $anyseq.
Warning: Treating undriven bit __eqcheck_top.\curblk [252] like $anyseq.
Warning: Treating undriven bit __eqcheck_top.\curblk [253] like $anyseq.
Warning: Treating undriven bit __eqcheck_top.\curblk [254] like $anyseq.
Warning: Treating undriven bit __eqcheck_top.\curblk [255] like $anyseq.
Warning: Treating undriven bit __eqcheck_top.\curblk [256] like $anyseq.
Warning: Treating undriven bit __eqcheck_top.\curblk [257] like $anyseq.
Warning: Treating undriven bit __eqcheck_top.\curblk [258] like $anyseq.
Warning: Treating undriven bit __eqcheck_top.\curblk [259] like $anyseq.
Warning: Treating undriven bit __eqcheck_top.\curblk [260] like $anyseq.
Warning: Treating undriven bit __eqcheck_top.\curblk [261] like $anyseq.
Warning: Treating undriven bit __eqcheck_top.\curblk [262] like $anyseq.
Warning: Treating undriven bit __eqcheck_top.\curblk [263] like $anyseq.
Warning: Treating undriven bit __eqcheck_top.\curblk [264] like $anyseq.
Warning: Treating undriven bit __eqcheck_top.\curblk [265] like $anyseq.
Warning: Treating undriven bit __eqcheck_top.\curblk [266] like $anyseq.
Warning: Treating undriven bit __eqcheck_top.\curblk [267] like $anyseq.
Warning: Treating undriven bit __eqcheck_top.\curblk [268] like $anyseq.
Warning: Treating undriven bit __eqcheck_top.\curblk [269] like $anyseq.
Warning: Treating undriven bit __eqcheck_top.\curblk [270] like $anyseq.
Warning: Treating undriven bit __eqcheck_top.\curblk [271] like $anyseq.
Warning: Treating undriven bit __eqcheck_top.\curblk [272] like $anyseq.
Warning: Treating undriven bit __eqcheck_top.\curblk [273] like $anyseq.
Warning: Treating undriven bit __eqcheck_top.\curblk [274] like $anyseq.
Warning: Treating undriven bit __eqcheck_top.\curblk [275] like $anyseq.
Warning: Treating undriven bit __eqcheck_top.\curblk [276] like $anyseq.
Warning: Treating undriven bit __eqcheck_top.\curblk [277] like $anyseq.
Warning: Treating undriven bit __eqcheck_top.\curblk [278] like $anyseq.
Warning: Treating undriven bit __eqcheck_top.\curblk [279] like $anyseq.
Warning: Treating undriven bit __eqcheck_top.\curblk [280] like $anyseq.
Warning: Treating undriven bit __eqcheck_top.\curblk [281] like $anyseq.
Warning: Treating undriven bit __eqcheck_top.\curblk [282] like $anyseq.
Warning: Treating undriven bit __eqcheck_top.\curblk [283] like $anyseq.
Warning: Treating undriven bit __eqcheck_top.\curblk [284] like $anyseq.
Warning: Treating undriven bit __eqcheck_top.\curblk [285] like $anyseq.
Warning: Treating undriven bit __eqcheck_top.\curblk [286] like $anyseq.
Warning: Treating undriven bit __eqcheck_top.\curblk [287] like $anyseq.
Warning: Treating undriven bit __eqcheck_top.\curblk [288] like $anyseq.
Warning: Treating undriven bit __eqcheck_top.\curblk [289] like $anyseq.
Warning: Treating undriven bit __eqcheck_top.\curblk [290] like $anyseq.
Warning: Treating undriven bit __eqcheck_top.\curblk [291] like $anyseq.
Warning: Treating undriven bit __eqcheck_top.\curblk [292] like $anyseq.
Warning: Treating undriven bit __eqcheck_top.\curblk [293] like $anyseq.
Warning: Treating undriven bit __eqcheck_top.\curblk [294] like $anyseq.
Warning: Treating undriven bit __eqcheck_top.\curblk [295] like $anyseq.
Warning: Treating undriven bit __eqcheck_top.\curblk [296] like $anyseq.
Warning: Treating undriven bit __eqcheck_top.\curblk [297] like $anyseq.
Warning: Treating undriven bit __eqcheck_top.\curblk [298] like $anyseq.
Warning: Treating undriven bit __eqcheck_top.\curblk [299] like $anyseq.
Warning: Treating undriven bit __eqcheck_top.\curblk [300] like $anyseq.
Warning: Treating undriven bit __eqcheck_top.\curblk [301] like $anyseq.
Warning: Treating undriven bit __eqcheck_top.\curblk [302] like $anyseq.
Warning: Treating undriven bit __eqcheck_top.\curblk [303] like $anyseq.
Warning: Treating undriven bit __eqcheck_top.\curblk [304] like $anyseq.
Warning: Treating undriven bit __eqcheck_top.\curblk [305] like $anyseq.
Warning: Treating undriven bit __eqcheck_top.\curblk [306] like $anyseq.
Warning: Treating undriven bit __eqcheck_top.\curblk [307] like $anyseq.
Warning: Treating undriven bit __eqcheck_top.\curblk [308] like $anyseq.
Warning: Treating undriven bit __eqcheck_top.\curblk [309] like $anyseq.
Warning: Treating undriven bit __eqcheck_top.\curblk [310] like $anyseq.
Warning: Treating undriven bit __eqcheck_top.\curblk [311] like $anyseq.
Warning: Treating undriven bit __eqcheck_top.\curblk [312] like $anyseq.
Warning: Treating undriven bit __eqcheck_top.\curblk [313] like $anyseq.
Warning: Treating undriven bit __eqcheck_top.\curblk [314] like $anyseq.
Warning: Treating undriven bit __eqcheck_top.\curblk [315] like $anyseq.
Warning: Treating undriven bit __eqcheck_top.\curblk [316] like $anyseq.
Warning: Treating undriven bit __eqcheck_top.\curblk [317] like $anyseq.
Warning: Treating undriven bit __eqcheck_top.\curblk [318] like $anyseq.
Warning: Treating undriven bit __eqcheck_top.\curblk [319] like $anyseq.
Warning: Treating undriven bit __eqcheck_top.\curblk [320] like $anyseq.
Warning: Treating undriven bit __eqcheck_top.\curblk [321] like $anyseq.
Warning: Treating undriven bit __eqcheck_top.\curblk [322] like $anyseq.
Warning: Treating undriven bit __eqcheck_top.\curblk [323] like $anyseq.
Warning: Treating undriven bit __eqcheck_top.\curblk [324] like $anyseq.
Warning: Treating undriven bit __eqcheck_top.\curblk [325] like $anyseq.
Warning: Treating undriven bit __eqcheck_top.\curblk [326] like $anyseq.
Warning: Treating undriven bit __eqcheck_top.\curblk [327] like $anyseq.
Warning: Treating undriven bit __eqcheck_top.\curblk [328] like $anyseq.
Warning: Treating undriven bit __eqcheck_top.\curblk [329] like $anyseq.
Warning: Treating undriven bit __eqcheck_top.\curblk [330] like $anyseq.
Warning: Treating undriven bit __eqcheck_top.\curblk [331] like $anyseq.
Warning: Treating undriven bit __eqcheck_top.\curblk [332] like $anyseq.
Warning: Treating undriven bit __eqcheck_top.\curblk [333] like $anyseq.
Warning: Treating undriven bit __eqcheck_top.\curblk [334] like $anyseq.
Warning: Treating undriven bit __eqcheck_top.\curblk [335] like $anyseq.
Warning: Treating undriven bit __eqcheck_top.\curblk [336] like $anyseq.
Warning: Treating undriven bit __eqcheck_top.\curblk [337] like $anyseq.
Warning: Treating undriven bit __eqcheck_top.\curblk [338] like $anyseq.
Warning: Treating undriven bit __eqcheck_top.\curblk [339] like $anyseq.
Warning: Treating undriven bit __eqcheck_top.\curblk [340] like $anyseq.
Warning: Treating undriven bit __eqcheck_top.\curblk [341] like $anyseq.
Warning: Treating undriven bit __eqcheck_top.\curblk [342] like $anyseq.
Warning: Treating undriven bit __eqcheck_top.\curblk [343] like $anyseq.
Warning: Treating undriven bit __eqcheck_top.\curblk [344] like $anyseq.
Warning: Treating undriven bit __eqcheck_top.\curblk [345] like $anyseq.
Warning: Treating undriven bit __eqcheck_top.\curblk [346] like $anyseq.
Warning: Treating undriven bit __eqcheck_top.\curblk [347] like $anyseq.
Warning: Treating undriven bit __eqcheck_top.\curblk [348] like $anyseq.
Warning: Treating undriven bit __eqcheck_top.\curblk [349] like $anyseq.
Warning: Treating undriven bit __eqcheck_top.\curblk [350] like $anyseq.
Warning: Treating undriven bit __eqcheck_top.\curblk [351] like $anyseq.
Warning: Treating undriven bit __eqcheck_top.\curblk [352] like $anyseq.
Warning: Treating undriven bit __eqcheck_top.\curblk [353] like $anyseq.
Warning: Treating undriven bit __eqcheck_top.\curblk [354] like $anyseq.
Warning: Treating undriven bit __eqcheck_top.\curblk [355] like $anyseq.
Warning: Treating undriven bit __eqcheck_top.\curblk [356] like $anyseq.
Warning: Treating undriven bit __eqcheck_top.\curblk [357] like $anyseq.
Warning: Treating undriven bit __eqcheck_top.\curblk [358] like $anyseq.
Warning: Treating undriven bit __eqcheck_top.\curblk [359] like $anyseq.
Warning: Treating undriven bit __eqcheck_top.\curblk [360] like $anyseq.
Warning: Treating undriven bit __eqcheck_top.\curblk [361] like $anyseq.
Warning: Treating undriven bit __eqcheck_top.\curblk [362] like $anyseq.
Warning: Treating undriven bit __eqcheck_top.\curblk [363] like $anyseq.
Warning: Treating undriven bit __eqcheck_top.\curblk [364] like $anyseq.
Warning: Treating undriven bit __eqcheck_top.\curblk [365] like $anyseq.
Warning: Treating undriven bit __eqcheck_top.\curblk [366] like $anyseq.
Warning: Treating undriven bit __eqcheck_top.\curblk [367] like $anyseq.
Warning: Treating undriven bit __eqcheck_top.\curblk [368] like $anyseq.
Warning: Treating undriven bit __eqcheck_top.\curblk [369] like $anyseq.
Warning: Treating undriven bit __eqcheck_top.\curblk [370] like $anyseq.
Warning: Treating undriven bit __eqcheck_top.\curblk [371] like $anyseq.
Warning: Treating undriven bit __eqcheck_top.\curblk [372] like $anyseq.
Warning: Treating undriven bit __eqcheck_top.\curblk [373] like $anyseq.
Warning: Treating undriven bit __eqcheck_top.\curblk [374] like $anyseq.
Warning: Treating undriven bit __eqcheck_top.\curblk [375] like $anyseq.
Warning: Treating undriven bit __eqcheck_top.\curblk [376] like $anyseq.
Warning: Treating undriven bit __eqcheck_top.\curblk [377] like $anyseq.
Warning: Treating undriven bit __eqcheck_top.\curblk [378] like $anyseq.
Warning: Treating undriven bit __eqcheck_top.\curblk [379] like $anyseq.
Warning: Treating undriven bit __eqcheck_top.\curblk [380] like $anyseq.
Warning: Treating undriven bit __eqcheck_top.\curblk [381] like $anyseq.
Warning: Treating undriven bit __eqcheck_top.\curblk [382] like $anyseq.
Warning: Treating undriven bit __eqcheck_top.\curblk [383] like $anyseq.
Warning: Treating undriven bit __eqcheck_top.\curblk [384] like $anyseq.
Warning: Treating undriven bit __eqcheck_top.\curblk [385] like $anyseq.
Warning: Treating undriven bit __eqcheck_top.\curblk [386] like $anyseq.
Warning: Treating undriven bit __eqcheck_top.\curblk [387] like $anyseq.
Warning: Treating undriven bit __eqcheck_top.\curblk [388] like $anyseq.
Warning: Treating undriven bit __eqcheck_top.\curblk [389] like $anyseq.
Warning: Treating undriven bit __eqcheck_top.\curblk [390] like $anyseq.
Warning: Treating undriven bit __eqcheck_top.\curblk [391] like $anyseq.
Warning: Treating undriven bit __eqcheck_top.\curblk [392] like $anyseq.
Warning: Treating undriven bit __eqcheck_top.\curblk [393] like $anyseq.
Warning: Treating undriven bit __eqcheck_top.\curblk [394] like $anyseq.
Warning: Treating undriven bit __eqcheck_top.\curblk [395] like $anyseq.
Warning: Treating undriven bit __eqcheck_top.\curblk [396] like $anyseq.
Warning: Treating undriven bit __eqcheck_top.\curblk [397] like $anyseq.
Warning: Treating undriven bit __eqcheck_top.\curblk [398] like $anyseq.
Warning: Treating undriven bit __eqcheck_top.\curblk [399] like $anyseq.
Warning: Treating undriven bit __eqcheck_top.\curblk [400] like $anyseq.
Warning: Treating undriven bit __eqcheck_top.\curblk [401] like $anyseq.
Warning: Treating undriven bit __eqcheck_top.\curblk [402] like $anyseq.
Warning: Treating undriven bit __eqcheck_top.\curblk [403] like $anyseq.
Warning: Treating undriven bit __eqcheck_top.\curblk [404] like $anyseq.
Warning: Treating undriven bit __eqcheck_top.\curblk [405] like $anyseq.
Warning: Treating undriven bit __eqcheck_top.\curblk [406] like $anyseq.
Warning: Treating undriven bit __eqcheck_top.\curblk [407] like $anyseq.
Warning: Treating undriven bit __eqcheck_top.\curblk [408] like $anyseq.
Warning: Treating undriven bit __eqcheck_top.\curblk [409] like $anyseq.
Warning: Treating undriven bit __eqcheck_top.\curblk [410] like $anyseq.
Warning: Treating undriven bit __eqcheck_top.\curblk [411] like $anyseq.
Warning: Treating undriven bit __eqcheck_top.\curblk [412] like $anyseq.
Warning: Treating undriven bit __eqcheck_top.\curblk [413] like $anyseq.
Warning: Treating undriven bit __eqcheck_top.\curblk [414] like $anyseq.
Warning: Treating undriven bit __eqcheck_top.\curblk [415] like $anyseq.
Warning: Treating undriven bit __eqcheck_top.\curblk [416] like $anyseq.
Warning: Treating undriven bit __eqcheck_top.\curblk [417] like $anyseq.
Warning: Treating undriven bit __eqcheck_top.\curblk [418] like $anyseq.
Warning: Treating undriven bit __eqcheck_top.\curblk [419] like $anyseq.
Warning: Treating undriven bit __eqcheck_top.\curblk [420] like $anyseq.
Warning: Treating undriven bit __eqcheck_top.\curblk [421] like $anyseq.
Warning: Treating undriven bit __eqcheck_top.\curblk [422] like $anyseq.
Warning: Treating undriven bit __eqcheck_top.\curblk [423] like $anyseq.
Warning: Treating undriven bit __eqcheck_top.\curblk [424] like $anyseq.
Warning: Treating undriven bit __eqcheck_top.\curblk [425] like $anyseq.
Warning: Treating undriven bit __eqcheck_top.\curblk [426] like $anyseq.
Warning: Treating undriven bit __eqcheck_top.\curblk [427] like $anyseq.
Warning: Treating undriven bit __eqcheck_top.\curblk [428] like $anyseq.
Warning: Treating undriven bit __eqcheck_top.\curblk [429] like $anyseq.
Warning: Treating undriven bit __eqcheck_top.\curblk [430] like $anyseq.
Warning: Treating undriven bit __eqcheck_top.\curblk [431] like $anyseq.
Warning: Treating undriven bit __eqcheck_top.\curblk [432] like $anyseq.
Warning: Treating undriven bit __eqcheck_top.\curblk [433] like $anyseq.
Warning: Treating undriven bit __eqcheck_top.\curblk [434] like $anyseq.
Warning: Treating undriven bit __eqcheck_top.\curblk [435] like $anyseq.
Warning: Treating undriven bit __eqcheck_top.\curblk [436] like $anyseq.
Warning: Treating undriven bit __eqcheck_top.\curblk [437] like $anyseq.
Warning: Treating undriven bit __eqcheck_top.\curblk [438] like $anyseq.
Warning: Treating undriven bit __eqcheck_top.\curblk [439] like $anyseq.
Warning: Treating undriven bit __eqcheck_top.\curblk [440] like $anyseq.
Warning: Treating undriven bit __eqcheck_top.\curblk [441] like $anyseq.
Warning: Treating undriven bit __eqcheck_top.\curblk [442] like $anyseq.
Warning: Treating undriven bit __eqcheck_top.\curblk [443] like $anyseq.
Warning: Treating undriven bit __eqcheck_top.\curblk [444] like $anyseq.
Warning: Treating undriven bit __eqcheck_top.\curblk [445] like $anyseq.
Warning: Treating undriven bit __eqcheck_top.\curblk [446] like $anyseq.
Warning: Treating undriven bit __eqcheck_top.\curblk [447] like $anyseq.
Warning: Treating undriven bit __eqcheck_top.\curblk [448] like $anyseq.
Warning: Treating undriven bit __eqcheck_top.\curblk [449] like $anyseq.
Warning: Treating undriven bit __eqcheck_top.\curblk [450] like $anyseq.
Warning: Treating undriven bit __eqcheck_top.\curblk [451] like $anyseq.
Warning: Treating undriven bit __eqcheck_top.\curblk [452] like $anyseq.
Warning: Treating undriven bit __eqcheck_top.\curblk [453] like $anyseq.
Warning: Treating undriven bit __eqcheck_top.\curblk [454] like $anyseq.
Warning: Treating undriven bit __eqcheck_top.\curblk [455] like $anyseq.
Warning: Treating undriven bit __eqcheck_top.\curblk [456] like $anyseq.
Warning: Treating undriven bit __eqcheck_top.\curblk [457] like $anyseq.
Warning: Treating undriven bit __eqcheck_top.\curblk [458] like $anyseq.
Warning: Treating undriven bit __eqcheck_top.\curblk [459] like $anyseq.
Warning: Treating undriven bit __eqcheck_top.\curblk [460] like $anyseq.
Warning: Treating undriven bit __eqcheck_top.\curblk [461] like $anyseq.
Warning: Treating undriven bit __eqcheck_top.\curblk [462] like $anyseq.
Warning: Treating undriven bit __eqcheck_top.\curblk [463] like $anyseq.
Warning: Treating undriven bit __eqcheck_top.\curblk [464] like $anyseq.
Warning: Treating undriven bit __eqcheck_top.\curblk [465] like $anyseq.
Warning: Treating undriven bit __eqcheck_top.\curblk [466] like $anyseq.
Warning: Treating undriven bit __eqcheck_top.\curblk [467] like $anyseq.
Warning: Treating undriven bit __eqcheck_top.\curblk [468] like $anyseq.
Warning: Treating undriven bit __eqcheck_top.\curblk [469] like $anyseq.
Warning: Treating undriven bit __eqcheck_top.\curblk [470] like $anyseq.
Warning: Treating undriven bit __eqcheck_top.\curblk [471] like $anyseq.
Warning: Treating undriven bit __eqcheck_top.\curblk [472] like $anyseq.
Warning: Treating undriven bit __eqcheck_top.\curblk [473] like $anyseq.
Warning: Treating undriven bit __eqcheck_top.\curblk [474] like $anyseq.
Warning: Treating undriven bit __eqcheck_top.\curblk [475] like $anyseq.
Warning: Treating undriven bit __eqcheck_top.\curblk [476] like $anyseq.
Warning: Treating undriven bit __eqcheck_top.\curblk [477] like $anyseq.
Warning: Treating undriven bit __eqcheck_top.\curblk [478] like $anyseq.
Warning: Treating undriven bit __eqcheck_top.\curblk [479] like $anyseq.
Warning: Treating undriven bit __eqcheck_top.\curblk [480] like $anyseq.
Warning: Treating undriven bit __eqcheck_top.\curblk [481] like $anyseq.
Warning: Treating undriven bit __eqcheck_top.\curblk [482] like $anyseq.
Warning: Treating undriven bit __eqcheck_top.\curblk [483] like $anyseq.
Warning: Treating undriven bit __eqcheck_top.\curblk [484] like $anyseq.
Warning: Treating undriven bit __eqcheck_top.\curblk [485] like $anyseq.
Warning: Treating undriven bit __eqcheck_top.\curblk [486] like $anyseq.
Warning: Treating undriven bit __eqcheck_top.\curblk [487] like $anyseq.
Warning: Treating undriven bit __eqcheck_top.\curblk [488] like $anyseq.
Warning: Treating undriven bit __eqcheck_top.\curblk [489] like $anyseq.
Warning: Treating undriven bit __eqcheck_top.\curblk [490] like $anyseq.
Warning: Treating undriven bit __eqcheck_top.\curblk [491] like $anyseq.
Warning: Treating undriven bit __eqcheck_top.\curblk [492] like $anyseq.
Warning: Treating undriven bit __eqcheck_top.\curblk [493] like $anyseq.
Warning: Treating undriven bit __eqcheck_top.\curblk [494] like $anyseq.
Warning: Treating undriven bit __eqcheck_top.\curblk [495] like $anyseq.
Warning: Treating undriven bit __eqcheck_top.\curblk [496] like $anyseq.
Warning: Treating undriven bit __eqcheck_top.\curblk [497] like $anyseq.
Warning: Treating undriven bit __eqcheck_top.\curblk [498] like $anyseq.
Warning: Treating undriven bit __eqcheck_top.\curblk [499] like $anyseq.
Warning: Treating undriven bit __eqcheck_top.\curblk [500] like $anyseq.
Warning: Treating undriven bit __eqcheck_top.\curblk [501] like $anyseq.
Warning: Treating undriven bit __eqcheck_top.\curblk [502] like $anyseq.
Warning: Treating undriven bit __eqcheck_top.\curblk [503] like $anyseq.
Warning: Treating undriven bit __eqcheck_top.\curblk [504] like $anyseq.
Warning: Treating undriven bit __eqcheck_top.\curblk [505] like $anyseq.
Warning: Treating undriven bit __eqcheck_top.\curblk [506] like $anyseq.
Warning: Treating undriven bit __eqcheck_top.\curblk [507] like $anyseq.
Warning: Treating undriven bit __eqcheck_top.\curblk [508] like $anyseq.
Warning: Treating undriven bit __eqcheck_top.\curblk [509] like $anyseq.
Warning: Treating undriven bit __eqcheck_top.\curblk [510] like $anyseq.
Warning: Treating undriven bit __eqcheck_top.\curblk [511] like $anyseq.
Warning: Treating a total of 1027 undriven bits in __eqcheck_top like $anyseq.

Warnings: 1028 unique messages, 1028 total
End of script. Logfile hash: 80a170719d, time: 1.60s, user: 1.84s, system: 0.24s, MEM: 150.32 MB peak
Yosys 0.68+195 (git sha1 435977e97-dirty, Release, Clang /usr/bin/clang++ 21.1.8)
Time spent: 36% 11x opt_clean (0 sec), 18% 18x opt_expr (0 sec), ...
