
 /----------------------------------------------------------------------------\
 |  yosys -- Yosys Open SYnthesis Suite                                       |
 |  Copyright (C) 2012 - 2026  Claire Xenia Wolf <claire@yosyshq.com>         |
 |  Distributed under an ISC-like license, type "license" to see terms        |
 \----------------------------------------------------------------------------/
 Yosys 0.68+195 (git sha1 435977e97-dirty, Release, Clang /usr/bin/clang++ 21.1.8)

-- Executing script file `equiv/gold.ys' --

1. Executing Verilog-2005 frontend: /mnt/d/tushar/Downloads/RTL.ai/runs/web_f6e793600ee7_optimize_20260915T134737Z/round_2/optimized/benchmark_top.v
Parsing SystemVerilog input from `/mnt/d/tushar/Downloads/RTL.ai/runs/web_f6e793600ee7_optimize_20260915T134737Z/round_2/optimized/benchmark_top.v' to AST representation.
Storing AST representation for module `$abstract\benchmark_top'.
Successfully finished Verilog frontend.

2. Executing Verilog-2005 frontend: /mnt/d/tushar/Downloads/RTL.ai/runs/web_f6e793600ee7_optimize_20260915T134737Z/round_2/optimized/bm_dot4.v
Parsing SystemVerilog input from `/mnt/d/tushar/Downloads/RTL.ai/runs/web_f6e793600ee7_optimize_20260915T134737Z/round_2/optimized/bm_dot4.v' to AST representation.
Storing AST representation for module `$abstract\bm_dot4'.
Successfully finished Verilog frontend.

3. Executing Verilog-2005 frontend: /mnt/d/tushar/Downloads/RTL.ai/runs/web_f6e793600ee7_optimize_20260915T134737Z/round_2/optimized/bm_fir6.v
Parsing SystemVerilog input from `/mnt/d/tushar/Downloads/RTL.ai/runs/web_f6e793600ee7_optimize_20260915T134737Z/round_2/optimized/bm_fir6.v' to AST representation.
Storing AST representation for module `$abstract\bm_fir6'.
Successfully finished Verilog frontend.

4. Executing Verilog-2005 frontend: /mnt/d/tushar/Downloads/RTL.ai/runs/web_f6e793600ee7_optimize_20260915T134737Z/round_2/optimized/bm_fsm_ctrl.v
Parsing SystemVerilog input from `/mnt/d/tushar/Downloads/RTL.ai/runs/web_f6e793600ee7_optimize_20260915T134737Z/round_2/optimized/bm_fsm_ctrl.v' to AST representation.
Storing AST representation for module `$abstract\bm_fsm_ctrl'.
Successfully finished Verilog frontend.

5. Executing Verilog-2005 frontend: /mnt/d/tushar/Downloads/RTL.ai/runs/web_f6e793600ee7_optimize_20260915T134737Z/round_2/optimized/bm_mac8.v
Parsing SystemVerilog input from `/mnt/d/tushar/Downloads/RTL.ai/runs/web_f6e793600ee7_optimize_20260915T134737Z/round_2/optimized/bm_mac8.v' to AST representation.
Storing AST representation for module `$abstract\bm_mac8'.
Successfully finished Verilog frontend.

6. Executing Verilog-2005 frontend: /mnt/d/tushar/Downloads/RTL.ai/runs/web_f6e793600ee7_optimize_20260915T134737Z/round_2/optimized/cdc_handshake.v
Parsing SystemVerilog input from `/mnt/d/tushar/Downloads/RTL.ai/runs/web_f6e793600ee7_optimize_20260915T134737Z/round_2/optimized/cdc_handshake.v' to AST representation.
Storing AST representation for module `$abstract\cdc_handshake'.
Successfully finished Verilog frontend.

7. Executing Verilog-2005 frontend: /mnt/d/tushar/Downloads/RTL.ai/runs/web_f6e793600ee7_optimize_20260915T134737Z/round_2/optimized/cdc_sync.v
Parsing SystemVerilog input from `/mnt/d/tushar/Downloads/RTL.ai/runs/web_f6e793600ee7_optimize_20260915T134737Z/round_2/optimized/cdc_sync.v' to AST representation.
Storing AST representation for module `$abstract\cdc_sync'.
Successfully finished Verilog frontend.

8. Executing Verilog-2005 frontend: /mnt/d/tushar/Downloads/RTL.ai/runs/web_f6e793600ee7_optimize_20260915T134737Z/round_2/optimized/clk_divider.v
Parsing SystemVerilog input from `/mnt/d/tushar/Downloads/RTL.ai/runs/web_f6e793600ee7_optimize_20260915T134737Z/round_2/optimized/clk_divider.v' to AST representation.
Storing AST representation for module `$abstract\clk_divider'.
Successfully finished Verilog frontend.

9. Executing Verilog-2005 frontend: /mnt/d/tushar/Downloads/RTL.ai/runs/web_f6e793600ee7_optimize_20260915T134737Z/round_2/optimized/mac_unit.v
Parsing SystemVerilog input from `/mnt/d/tushar/Downloads/RTL.ai/runs/web_f6e793600ee7_optimize_20260915T134737Z/round_2/optimized/mac_unit.v' to AST representation.
Storing AST representation for module `$abstract\mac_unit'.
Successfully finished Verilog frontend.

10. Executing Verilog-2005 frontend: /mnt/d/tushar/Downloads/RTL.ai/runs/web_f6e793600ee7_optimize_20260915T134737Z/round_2/optimized/reset_sync.v
Parsing SystemVerilog input from `/mnt/d/tushar/Downloads/RTL.ai/runs/web_f6e793600ee7_optimize_20260915T134737Z/round_2/optimized/reset_sync.v' to AST representation.
Storing AST representation for module `$abstract\reset_sync'.
Successfully finished Verilog frontend.

11. Executing PREP pass.

11.1. Executing HIERARCHY pass (managing design hierarchy).

11.2. Executing AST frontend in derive mode using pre-parsed AST for module `\bm_fir6'.
Generating RTLIL representation for module `\bm_fir6'.

11.2.1. Analyzing design hierarchy..
Top module:  \bm_fir6

11.2.2. Analyzing design hierarchy..
Top module:  \bm_fir6
Removing unused module `$abstract\reset_sync'.
Removing unused module `$abstract\mac_unit'.
Removing unused module `$abstract\clk_divider'.
Removing unused module `$abstract\cdc_sync'.
Removing unused module `$abstract\cdc_handshake'.
Removing unused module `$abstract\bm_mac8'.
Removing unused module `$abstract\bm_fsm_ctrl'.
Removing unused module `$abstract\bm_fir6'.
Removing unused module `$abstract\bm_dot4'.
Removing unused module `$abstract\benchmark_top'.
Removed 10 unused modules.

11.3. Executing PROC pass (convert processes to netlists).

11.3.1. Executing PROC_CLEAN pass (remove empty switches from decision trees).
Cleaned up 0 empty switches.

11.3.2. Executing PROC_RMDEAD pass (remove dead branches from decision trees).
Marked 1 switch rules as full_case in process $proc$/mnt/d/tushar/Downloads/RTL.ai/runs/web_f6e793600ee7_optimize_20260915T134737Z/round_2/optimized/bm_fir6.v:54$18 in module bm_fir6.
Marked 1 switch rules as full_case in process $proc$/mnt/d/tushar/Downloads/RTL.ai/runs/web_f6e793600ee7_optimize_20260915T134737Z/round_2/optimized/bm_fir6.v:28$6 in module bm_fir6.
Removed a total of 0 dead cases.

11.3.3. Executing PROC_PRUNE pass (remove redundant assignments in processes).
Removed 3 redundant assignments.
Promoted 0 assignments to connections.

11.3.4. Executing PROC_INIT pass (extract init attributes).

11.3.5. Executing PROC_ARST pass (detect async resets in processes).

11.3.6. Executing PROC_ROM pass (convert switches to ROMs).
Converted 0 switches.
<suppressed ~3 debug messages>

11.3.7. Executing PROC_MUX pass (convert decision trees to multiplexers).
Creating decoders for process `\bm_fir6.$proc$/mnt/d/tushar/Downloads/RTL.ai/runs/web_f6e793600ee7_optimize_20260915T134737Z/round_2/optimized/bm_fir6.v:54$18'.
     1/2: $0\out_valid[0:0]
     2/2: $0\out_data[18:0]
Creating decoders for process `\bm_fir6.$proc$/mnt/d/tushar/Downloads/RTL.ai/runs/web_f6e793600ee7_optimize_20260915T134737Z/round_2/optimized/bm_fir6.v:28$6'.
     1/7: $0\vld[0:0]
     2/7: $0\t5[7:0]
     3/7: $0\t4[7:0]
     4/7: $0\t3[7:0]
     5/7: $0\t2[7:0]
     6/7: $0\t1[7:0]
     7/7: $0\t0[7:0]

11.3.8. Executing PROC_DLATCH pass (convert process syncs to latches).

11.3.9. Executing PROC_DFF pass (convert process syncs to FFs).
Creating register for signal `\bm_fir6.\out_valid' using process `\bm_fir6.$proc$/mnt/d/tushar/Downloads/RTL.ai/runs/web_f6e793600ee7_optimize_20260915T134737Z/round_2/optimized/bm_fir6.v:54$18'.
  created $dff cell `$procdff$58' with positive edge clock.
Creating register for signal `\bm_fir6.\out_data' using process `\bm_fir6.$proc$/mnt/d/tushar/Downloads/RTL.ai/runs/web_f6e793600ee7_optimize_20260915T134737Z/round_2/optimized/bm_fir6.v:54$18'.
  created $dff cell `$procdff$59' with positive edge clock.
Creating register for signal `\bm_fir6.\t0' using process `\bm_fir6.$proc$/mnt/d/tushar/Downloads/RTL.ai/runs/web_f6e793600ee7_optimize_20260915T134737Z/round_2/optimized/bm_fir6.v:28$6'.
  created $dff cell `$procdff$60' with positive edge clock.
Creating register for signal `\bm_fir6.\t1' using process `\bm_fir6.$proc$/mnt/d/tushar/Downloads/RTL.ai/runs/web_f6e793600ee7_optimize_20260915T134737Z/round_2/optimized/bm_fir6.v:28$6'.
  created $dff cell `$procdff$61' with positive edge clock.
Creating register for signal `\bm_fir6.\t2' using process `\bm_fir6.$proc$/mnt/d/tushar/Downloads/RTL.ai/runs/web_f6e793600ee7_optimize_20260915T134737Z/round_2/optimized/bm_fir6.v:28$6'.
  created $dff cell `$procdff$62' with positive edge clock.
Creating register for signal `\bm_fir6.\t3' using process `\bm_fir6.$proc$/mnt/d/tushar/Downloads/RTL.ai/runs/web_f6e793600ee7_optimize_20260915T134737Z/round_2/optimized/bm_fir6.v:28$6'.
  created $dff cell `$procdff$63' with positive edge clock.
Creating register for signal `\bm_fir6.\t4' using process `\bm_fir6.$proc$/mnt/d/tushar/Downloads/RTL.ai/runs/web_f6e793600ee7_optimize_20260915T134737Z/round_2/optimized/bm_fir6.v:28$6'.
  created $dff cell `$procdff$64' with positive edge clock.
Creating register for signal `\bm_fir6.\t5' using process `\bm_fir6.$proc$/mnt/d/tushar/Downloads/RTL.ai/runs/web_f6e793600ee7_optimize_20260915T134737Z/round_2/optimized/bm_fir6.v:28$6'.
  created $dff cell `$procdff$65' with positive edge clock.
Creating register for signal `\bm_fir6.\vld' using process `\bm_fir6.$proc$/mnt/d/tushar/Downloads/RTL.ai/runs/web_f6e793600ee7_optimize_20260915T134737Z/round_2/optimized/bm_fir6.v:28$6'.
  created $dff cell `$procdff$66' with positive edge clock.

11.3.10. Executing PROC_MEMWR pass (convert process memory writes to cells).

11.3.11. Executing PROC_CLEAN pass (remove empty switches from decision trees).
Found and cleaned up 1 empty switch in `\bm_fir6.$proc$/mnt/d/tushar/Downloads/RTL.ai/runs/web_f6e793600ee7_optimize_20260915T134737Z/round_2/optimized/bm_fir6.v:54$18'.
Removing empty process `bm_fir6.$proc$/mnt/d/tushar/Downloads/RTL.ai/runs/web_f6e793600ee7_optimize_20260915T134737Z/round_2/optimized/bm_fir6.v:54$18'.
Found and cleaned up 2 empty switches in `\bm_fir6.$proc$/mnt/d/tushar/Downloads/RTL.ai/runs/web_f6e793600ee7_optimize_20260915T134737Z/round_2/optimized/bm_fir6.v:28$6'.
Removing empty process `bm_fir6.$proc$/mnt/d/tushar/Downloads/RTL.ai/runs/web_f6e793600ee7_optimize_20260915T134737Z/round_2/optimized/bm_fir6.v:28$6'.
Cleaned up 3 empty switches.

11.3.12. Executing OPT_EXPR pass (perform const folding).
Optimizing module bm_fir6.

11.4. Executing FUTURE pass.

11.5. Executing OPT_EXPR pass (perform const folding).
Optimizing module bm_fir6.

11.6. Executing OPT_CLEAN pass (remove unused cells and wires).
Finding unused cells or wires in module \bm_fir6..
Removed 0 unused cells and 35 unused wires.
<suppressed ~1 debug messages>

11.7. Executing CHECK pass (checking for obvious problems).
Checking module bm_fir6...
Found and reported 0 problems.

11.8. Executing OPT pass (performing simple optimizations).

11.8.1. Executing OPT_EXPR pass (perform const folding).
Optimizing module bm_fir6.

11.8.2. Executing OPT_MERGE pass (detect identical cells).
Finding identical cells in module `\bm_fir6'.
Computing hashes of 35 cells of `\bm_fir6'.
Finding duplicate cells in `\bm_fir6'.
Removed a total of 0 cells.

11.8.3. Executing OPT_MUXTREE pass (detect dead branches in mux trees).
Running muxtree optimizer on module \bm_fir6..
  Creating internal representation of mux trees.
  Evaluating internal representation of mux trees.
  Analyzing evaluation results.
Removed 0 multiplexer ports.
<suppressed ~24 debug messages>

11.8.4. Executing OPT_REDUCE pass (consolidate $*mux and $reduce_* inputs).
  Optimizing cells in module \bm_fir6.
Performed a total of 0 changes.

11.8.5. Executing OPT_MERGE pass (detect identical cells).
Finding identical cells in module `\bm_fir6'.
Computing hashes of 35 cells of `\bm_fir6'.
Finding duplicate cells in `\bm_fir6'.
Removed a total of 0 cells.

11.8.6. Executing OPT_CLEAN pass (remove unused cells and wires).
Finding unused cells or wires in module \bm_fir6..

11.8.7. Executing OPT_EXPR pass (perform const folding).
Optimizing module bm_fir6.

11.8.8. Finished fast OPT passes. (There is nothing left to do.)

11.9. Executing WREDUCE pass (reducing word size of cells).
Removed top 2 bits (of 8) from port B of cell bm_fir6.$mul$/mnt/d/tushar/Downloads/RTL.ai/runs/web_f6e793600ee7_optimize_20260915T134737Z/round_2/optimized/bm_fir6.v:41$7 ($mul).
Removed top 5 bits (of 19) from port Y of cell bm_fir6.$mul$/mnt/d/tushar/Downloads/RTL.ai/runs/web_f6e793600ee7_optimize_20260915T134737Z/round_2/optimized/bm_fir6.v:41$7 ($mul).
Removed top 1 bits (of 8) from port B of cell bm_fir6.$mul$/mnt/d/tushar/Downloads/RTL.ai/runs/web_f6e793600ee7_optimize_20260915T134737Z/round_2/optimized/bm_fir6.v:42$8 ($mul).
Removed top 4 bits (of 19) from port Y of cell bm_fir6.$mul$/mnt/d/tushar/Downloads/RTL.ai/runs/web_f6e793600ee7_optimize_20260915T134737Z/round_2/optimized/bm_fir6.v:42$8 ($mul).
Removed top 3 bits (of 19) from port Y of cell bm_fir6.$mul$/mnt/d/tushar/Downloads/RTL.ai/runs/web_f6e793600ee7_optimize_20260915T134737Z/round_2/optimized/bm_fir6.v:43$9 ($mul).
Removed top 3 bits (of 19) from port Y of cell bm_fir6.$mul$/mnt/d/tushar/Downloads/RTL.ai/runs/web_f6e793600ee7_optimize_20260915T134737Z/round_2/optimized/bm_fir6.v:44$10 ($mul).
Removed top 1 bits (of 8) from port B of cell bm_fir6.$mul$/mnt/d/tushar/Downloads/RTL.ai/runs/web_f6e793600ee7_optimize_20260915T134737Z/round_2/optimized/bm_fir6.v:45$11 ($mul).
Removed top 4 bits (of 19) from port Y of cell bm_fir6.$mul$/mnt/d/tushar/Downloads/RTL.ai/runs/web_f6e793600ee7_optimize_20260915T134737Z/round_2/optimized/bm_fir6.v:45$11 ($mul).
Removed top 2 bits (of 8) from port B of cell bm_fir6.$mul$/mnt/d/tushar/Downloads/RTL.ai/runs/web_f6e793600ee7_optimize_20260915T134737Z/round_2/optimized/bm_fir6.v:46$12 ($mul).
Removed top 5 bits (of 19) from port Y of cell bm_fir6.$mul$/mnt/d/tushar/Downloads/RTL.ai/runs/web_f6e793600ee7_optimize_20260915T134737Z/round_2/optimized/bm_fir6.v:46$12 ($mul).
Converting cell bm_fir6.$add$/mnt/d/tushar/Downloads/RTL.ai/runs/web_f6e793600ee7_optimize_20260915T134737Z/round_2/optimized/bm_fir6.v:48$13 ($add) from unsigned to signed.
Removed top 5 bits (of 19) from port A of cell bm_fir6.$add$/mnt/d/tushar/Downloads/RTL.ai/runs/web_f6e793600ee7_optimize_20260915T134737Z/round_2/optimized/bm_fir6.v:48$13 ($add).
Removed top 4 bits (of 19) from port B of cell bm_fir6.$add$/mnt/d/tushar/Downloads/RTL.ai/runs/web_f6e793600ee7_optimize_20260915T134737Z/round_2/optimized/bm_fir6.v:48$13 ($add).
Removed top 3 bits (of 19) from port Y of cell bm_fir6.$add$/mnt/d/tushar/Downloads/RTL.ai/runs/web_f6e793600ee7_optimize_20260915T134737Z/round_2/optimized/bm_fir6.v:48$13 ($add).
Converting cell bm_fir6.$add$/mnt/d/tushar/Downloads/RTL.ai/runs/web_f6e793600ee7_optimize_20260915T134737Z/round_2/optimized/bm_fir6.v:49$14 ($add) from unsigned to signed.
Removed top 3 bits (of 19) from port A of cell bm_fir6.$add$/mnt/d/tushar/Downloads/RTL.ai/runs/web_f6e793600ee7_optimize_20260915T134737Z/round_2/optimized/bm_fir6.v:49$14 ($add).
Removed top 3 bits (of 19) from port B of cell bm_fir6.$add$/mnt/d/tushar/Downloads/RTL.ai/runs/web_f6e793600ee7_optimize_20260915T134737Z/round_2/optimized/bm_fir6.v:49$14 ($add).
Removed top 2 bits (of 19) from port Y of cell bm_fir6.$add$/mnt/d/tushar/Downloads/RTL.ai/runs/web_f6e793600ee7_optimize_20260915T134737Z/round_2/optimized/bm_fir6.v:49$14 ($add).
Converting cell bm_fir6.$add$/mnt/d/tushar/Downloads/RTL.ai/runs/web_f6e793600ee7_optimize_20260915T134737Z/round_2/optimized/bm_fir6.v:50$15 ($add) from unsigned to signed.
Removed top 2 bits (of 19) from port A of cell bm_fir6.$add$/mnt/d/tushar/Downloads/RTL.ai/runs/web_f6e793600ee7_optimize_20260915T134737Z/round_2/optimized/bm_fir6.v:50$15 ($add).
Removed top 3 bits (of 19) from port B of cell bm_fir6.$add$/mnt/d/tushar/Downloads/RTL.ai/runs/web_f6e793600ee7_optimize_20260915T134737Z/round_2/optimized/bm_fir6.v:50$15 ($add).
Removed top 1 bits (of 19) from port Y of cell bm_fir6.$add$/mnt/d/tushar/Downloads/RTL.ai/runs/web_f6e793600ee7_optimize_20260915T134737Z/round_2/optimized/bm_fir6.v:50$15 ($add).
Converting cell bm_fir6.$add$/mnt/d/tushar/Downloads/RTL.ai/runs/web_f6e793600ee7_optimize_20260915T134737Z/round_2/optimized/bm_fir6.v:51$16 ($add) from unsigned to signed.
Removed top 1 bits (of 19) from port A of cell bm_fir6.$add$/mnt/d/tushar/Downloads/RTL.ai/runs/web_f6e793600ee7_optimize_20260915T134737Z/round_2/optimized/bm_fir6.v:51$16 ($add).
Removed top 4 bits (of 19) from port B of cell bm_fir6.$add$/mnt/d/tushar/Downloads/RTL.ai/runs/web_f6e793600ee7_optimize_20260915T134737Z/round_2/optimized/bm_fir6.v:51$16 ($add).
Removed top 5 bits (of 19) from port B of cell bm_fir6.$add$/mnt/d/tushar/Downloads/RTL.ai/runs/web_f6e793600ee7_optimize_20260915T134737Z/round_2/optimized/bm_fir6.v:52$17 ($add).

11.10. Executing OPT_CLEAN pass (remove unused cells and wires).
Finding unused cells or wires in module \bm_fir6..

11.11. Executing MEMORY_COLLECT pass (generating $mem cells).

11.12. Executing OPT pass (performing simple optimizations).

11.12.1. Executing OPT_EXPR pass (perform const folding).
Optimizing module bm_fir6.

11.12.2. Executing OPT_MERGE pass (detect identical cells).
Finding identical cells in module `\bm_fir6'.
Computing hashes of 35 cells of `\bm_fir6'.
Finding duplicate cells in `\bm_fir6'.
Removed a total of 0 cells.

11.12.3. Executing OPT_CLEAN pass (remove unused cells and wires).
Finding unused cells or wires in module \bm_fir6..

11.12.4. Finished fast OPT passes.

11.13. Executing SORT pass.

11.14. Printing statistics.

=== bm_fir6 ===

        +----------Local Count, excluding submodules.
        | 
       39 wires
      406 wire bits
       24 public wires
      289 public wire bits
        6 ports
       31 port bits
       35 cells
        5   $add
        9   $dff
        6   $mul
       15   $mux

11.15. Executing CHECK pass (checking for obvious problems).
Checking module bm_fir6...
Found and reported 0 problems.

12. Executing OPT_CLEAN pass (remove unused cells and wires).
Finding unused cells or wires in module \bm_fir6..

13. Executing CHECK pass (checking for obvious problems).
Checking module bm_fir6...
Found and reported 0 problems.

14. Executing SETUNDEF pass (replace undef values with defined constants).

15. Executing RTLIL backend.
Output filename: equiv/gold.il

End of script. Logfile hash: c9564cc804, time: 0.09s, user: 0.02s, system: 0.01s, MEM: 19.62 MB peak
Yosys 0.68+195 (git sha1 435977e97-dirty, Release, Clang /usr/bin/clang++ 21.1.8)
Time spent: 53% 11x read_verilog (0 sec), 9% 3x check (0 sec), ...
