
 /----------------------------------------------------------------------------\
 |  yosys -- Yosys Open SYnthesis Suite                                       |
 |  Copyright (C) 2012 - 2026  Claire Xenia Wolf <claire@yosyshq.com>         |
 |  Distributed under an ISC-like license, type "license" to see terms        |
 \----------------------------------------------------------------------------/
 Yosys 0.68+130 (git sha1 dd83bbad2-dirty, Release, Clang /usr/local/osxcross/target/bin/aarch64-apple-darwin25.5-clang++ 21.1.8)

-- Executing script file `design_smt2.ys' --

1. Executing RTLIL frontend.
Input filename: design_prep.il

2. Executing HIERARCHY pass (managing design hierarchy).
Attribute `top' found on module `__eqcheck_top'. Setting top module to __eqcheck_top.

2.1. Analyzing design hierarchy..
Top module:  \__eqcheck_top
Used module:     \gate
Used module:     \gold

2.2. Analyzing design hierarchy..
Top module:  \__eqcheck_top
Used module:     \gate
Used module:     \gold
Removed 0 unused modules.
Module __eqcheck_top directly or indirectly contains formal properties -> setting "keep" attribute.

3. Executing FORMALFF pass.

4. Executing DFFUNMAP pass (unmap clock enable and synchronous reset from FFs).

5. Printing statistics.

=== __eqcheck_top ===

        +----------Local Count, excluding submodules.
        | 
       19 wires
       19 wire bits
        8 public wires
        8 public wire bits
        2 ports
        2 port bits
       14 cells
        1   $assert
        2   $assume
        3   $eq
        2   $ff
        1   $initstate
        2   $logic_and
        2   $mux
        1   $not
        2 submodules
        1   gate
        1   gold

=== gate ===

        +----------Local Count, excluding submodules.
        | 
       11 wires
       14 wire bits
       10 public wires
       13 public wire bits
        5 ports
        5 port bits
        8 cells
        1   $anyinit
        1   $assume
        2   $eq
        1   $logic_not
        1   $mux
        1   $not
        1   $pmux

=== gold ===

        +----------Local Count, excluding submodules.
        | 
       11 wires
       17 wire bits
       10 public wires
       16 public wire bits
        5 ports
        5 port bits
        7 cells
        1   $anyinit
        1   $assume
        2   $eq
        1   $mux
        1   $not
        1   $pmux

=== design hierarchy ===

        +----------Count including submodules.
        | 
       29 __eqcheck_top
        8 gate
        7 gold

        +----------Count including submodules.
        | 
       41 wires
       50 wire bits
       28 public wires
       37 public wire bits
       12 ports
       12 port bits
        - memories
        - memory bits
        - processes
       29 cells
        2   $anyinit
        1   $assert
        4   $assume
        7   $eq
        2   $ff
        1   $initstate
        2   $logic_and
        1   $logic_not
        4   $mux
        3   $not
        2   $pmux
        2 submodules
        1   gate
        1   gold

6. Executing SMT2 backend.

6.1. Executing BMUXMAP pass.

6.2. Executing DEMUXMAP pass.
Creating SMT-LIBv2 representation of module gold.
Creating SMT-LIBv2 representation of module gate.
Creating SMT-LIBv2 representation of module __eqcheck_top.

End of script. Logfile hash: 58a4b61129, time: 0.00s, user: 0.00s, system: 0.00s, MEM: 11.77 MB peak
Yosys 0.68+130 (git sha1 dd83bbad2-dirty, Release, Clang /usr/local/osxcross/target/bin/aarch64-apple-darwin25.5-clang++ 21.1.8)
Time spent: 67% 2x write_smt2 (0 sec), 12% 2x read_rtlil (0 sec), ...
