SBY 20:06:04 [/Users/ritikjindal/rtl-ai-project/runs/lat_off1/equiv] Removing directory '/Users/ritikjindal/rtl-ai-project/runs/lat_off1/equiv'.
SBY 20:06:04 [/Users/ritikjindal/rtl-ai-project/runs/lat_off1/equiv] Copy '/Users/ritikjindal/rtl-ai-project/runs/lat_off1/gold_gate.v' to '/Users/ritikjindal/rtl-ai-project/runs/lat_off1/equiv/src/gold_gate.v'.
SBY 20:06:04 [/Users/ritikjindal/rtl-ai-project/runs/lat_off1/equiv] Copy '/Users/ritikjindal/rtl-ai-project/runs/lat_off1/eqcheck_wrapper.v' to '/Users/ritikjindal/rtl-ai-project/runs/lat_off1/equiv/src/eqcheck_wrapper.v'.
SBY 20:06:04 [/Users/ritikjindal/rtl-ai-project/runs/lat_off1/equiv] engine_0: smtbmc
SBY 20:06:04 [/Users/ritikjindal/rtl-ai-project/runs/lat_off1/equiv] base: starting process "cd /Users/ritikjindal/rtl-ai-project/runs/lat_off1/equiv/src; yosys -ql ../model/design.log ../model/design.ys"
SBY 20:06:04 [/Users/ritikjindal/rtl-ai-project/runs/lat_off1/equiv] base: finished (returncode=0)
SBY 20:06:04 [/Users/ritikjindal/rtl-ai-project/runs/lat_off1/equiv] prep: starting process "cd /Users/ritikjindal/rtl-ai-project/runs/lat_off1/equiv/model; yosys -ql design_prep.log design_prep.ys"
SBY 20:06:04 [/Users/ritikjindal/rtl-ai-project/runs/lat_off1/equiv] prep: finished (returncode=0)
SBY 20:06:04 [/Users/ritikjindal/rtl-ai-project/runs/lat_off1/equiv] smt2: starting process "cd /Users/ritikjindal/rtl-ai-project/runs/lat_off1/equiv/model; yosys -ql design_smt2.log design_smt2.ys"
SBY 20:06:04 [/Users/ritikjindal/rtl-ai-project/runs/lat_off1/equiv] smt2: finished (returncode=0)
SBY 20:06:04 [/Users/ritikjindal/rtl-ai-project/runs/lat_off1/equiv] engine_0.basecase: starting process "cd /Users/ritikjindal/rtl-ai-project/runs/lat_off1/equiv; yosys-smtbmc --presat --unroll --noprogress -t 20  --append 0 --dump-vcd engine_0/trace.vcd --dump-yw engine_0/trace.yw --dump-vlogtb engine_0/trace_tb.v --dump-smtc engine_0/trace.smtc model/design_smt2.smt2"
SBY 20:06:04 [/Users/ritikjindal/rtl-ai-project/runs/lat_off1/equiv] engine_0.induction: starting process "cd /Users/ritikjindal/rtl-ai-project/runs/lat_off1/equiv; yosys-smtbmc --presat --unroll -i --noprogress -t 20  --append 0 --dump-vcd engine_0/trace_induct.vcd --dump-yw engine_0/trace_induct.yw --dump-vlogtb engine_0/trace_induct_tb.v --dump-smtc engine_0/trace_induct.smtc model/design_smt2.smt2"
SBY 20:06:04 [/Users/ritikjindal/rtl-ai-project/runs/lat_off1/equiv] engine_0.basecase: ##   0:00:00  Solver: yices
SBY 20:06:04 [/Users/ritikjindal/rtl-ai-project/runs/lat_off1/equiv] engine_0.induction: ##   0:00:00  Solver: yices
SBY 20:06:04 [/Users/ritikjindal/rtl-ai-project/runs/lat_off1/equiv] engine_0.induction: ##   0:00:00  Trying induction in step 20..
SBY 20:06:04 [/Users/ritikjindal/rtl-ai-project/runs/lat_off1/equiv] engine_0.basecase: ##   0:00:00  Checking assumptions in step 0..
SBY 20:06:04 [/Users/ritikjindal/rtl-ai-project/runs/lat_off1/equiv] engine_0.basecase: ##   0:00:00  Checking assertions in step 0..
SBY 20:06:04 [/Users/ritikjindal/rtl-ai-project/runs/lat_off1/equiv] engine_0.induction: ##   0:00:00  Trying induction in step 19..
SBY 20:06:04 [/Users/ritikjindal/rtl-ai-project/runs/lat_off1/equiv] engine_0.basecase: ##   0:00:00  Checking assumptions in step 1..
SBY 20:06:04 [/Users/ritikjindal/rtl-ai-project/runs/lat_off1/equiv] engine_0.basecase: ##   0:00:00  Checking assertions in step 1..
SBY 20:06:04 [/Users/ritikjindal/rtl-ai-project/runs/lat_off1/equiv] engine_0.induction: ##   0:00:00  Trying induction in step 18..
SBY 20:06:04 [/Users/ritikjindal/rtl-ai-project/runs/lat_off1/equiv] engine_0.basecase: ##   0:00:00  Checking assumptions in step 2..
SBY 20:06:04 [/Users/ritikjindal/rtl-ai-project/runs/lat_off1/equiv] engine_0.basecase: ##   0:00:00  Checking assertions in step 2..
SBY 20:06:04 [/Users/ritikjindal/rtl-ai-project/runs/lat_off1/equiv] engine_0.induction: ##   0:00:00  Trying induction in step 17..
SBY 20:06:04 [/Users/ritikjindal/rtl-ai-project/runs/lat_off1/equiv] engine_0.induction: ##   0:00:00  Temporal induction successful.
SBY 20:06:04 [/Users/ritikjindal/rtl-ai-project/runs/lat_off1/equiv] engine_0.basecase: ##   0:00:00  Checking assumptions in step 3..
SBY 20:06:04 [/Users/ritikjindal/rtl-ai-project/runs/lat_off1/equiv] engine_0.basecase: ##   0:00:00  Checking assertions in step 3..
SBY 20:06:04 [/Users/ritikjindal/rtl-ai-project/runs/lat_off1/equiv] engine_0.induction: ##   0:00:00  Status: passed
SBY 20:06:04 [/Users/ritikjindal/rtl-ai-project/runs/lat_off1/equiv] engine_0.basecase: ##   0:00:00  Checking assumptions in step 4..
SBY 20:06:04 [/Users/ritikjindal/rtl-ai-project/runs/lat_off1/equiv] engine_0.basecase: ##   0:00:00  Checking assertions in step 4..
SBY 20:06:04 [/Users/ritikjindal/rtl-ai-project/runs/lat_off1/equiv] engine_0.basecase: ##   0:00:00  Checking assumptions in step 5..
SBY 20:06:04 [/Users/ritikjindal/rtl-ai-project/runs/lat_off1/equiv] engine_0.basecase: ##   0:00:00  Checking assertions in step 5..
SBY 20:06:04 [/Users/ritikjindal/rtl-ai-project/runs/lat_off1/equiv] engine_0.basecase: ##   0:00:00  Checking assumptions in step 6..
SBY 20:06:04 [/Users/ritikjindal/rtl-ai-project/runs/lat_off1/equiv] engine_0.basecase: ##   0:00:00  Checking assertions in step 6..
SBY 20:06:04 [/Users/ritikjindal/rtl-ai-project/runs/lat_off1/equiv] engine_0.basecase: ##   0:00:00  Checking assumptions in step 7..
SBY 20:06:04 [/Users/ritikjindal/rtl-ai-project/runs/lat_off1/equiv] engine_0.basecase: ##   0:00:00  Checking assertions in step 7..
SBY 20:06:04 [/Users/ritikjindal/rtl-ai-project/runs/lat_off1/equiv] engine_0.basecase: ##   0:00:00  Checking assumptions in step 8..
SBY 20:06:04 [/Users/ritikjindal/rtl-ai-project/runs/lat_off1/equiv] engine_0.induction: finished (returncode=0)
SBY 20:06:04 [/Users/ritikjindal/rtl-ai-project/runs/lat_off1/equiv] engine_0.induction: Status returned by engine for induction: pass
SBY 20:06:04 [/Users/ritikjindal/rtl-ai-project/runs/lat_off1/equiv] engine_0.basecase: ##   0:00:00  Checking assertions in step 8..
SBY 20:06:04 [/Users/ritikjindal/rtl-ai-project/runs/lat_off1/equiv] engine_0.basecase: ##   0:00:00  Checking assumptions in step 9..
SBY 20:06:04 [/Users/ritikjindal/rtl-ai-project/runs/lat_off1/equiv] engine_0.basecase: ##   0:00:00  Checking assertions in step 9..
SBY 20:06:04 [/Users/ritikjindal/rtl-ai-project/runs/lat_off1/equiv] engine_0.basecase: ##   0:00:00  Checking assumptions in step 10..
SBY 20:06:04 [/Users/ritikjindal/rtl-ai-project/runs/lat_off1/equiv] engine_0.basecase: ##   0:00:00  Checking assertions in step 10..
SBY 20:06:04 [/Users/ritikjindal/rtl-ai-project/runs/lat_off1/equiv] engine_0.basecase: ##   0:00:00  Checking assumptions in step 11..
SBY 20:06:04 [/Users/ritikjindal/rtl-ai-project/runs/lat_off1/equiv] engine_0.basecase: ##   0:00:00  Checking assertions in step 11..
SBY 20:06:04 [/Users/ritikjindal/rtl-ai-project/runs/lat_off1/equiv] engine_0.basecase: ##   0:00:00  Checking assumptions in step 12..
SBY 20:06:04 [/Users/ritikjindal/rtl-ai-project/runs/lat_off1/equiv] engine_0.basecase: ##   0:00:00  Checking assertions in step 12..
SBY 20:06:04 [/Users/ritikjindal/rtl-ai-project/runs/lat_off1/equiv] engine_0.basecase: ##   0:00:00  Checking assumptions in step 13..
SBY 20:06:04 [/Users/ritikjindal/rtl-ai-project/runs/lat_off1/equiv] engine_0.basecase: ##   0:00:00  Checking assertions in step 13..
SBY 20:06:04 [/Users/ritikjindal/rtl-ai-project/runs/lat_off1/equiv] engine_0.basecase: ##   0:00:00  Checking assumptions in step 14..
SBY 20:06:04 [/Users/ritikjindal/rtl-ai-project/runs/lat_off1/equiv] engine_0.basecase: ##   0:00:00  Checking assertions in step 14..
SBY 20:06:04 [/Users/ritikjindal/rtl-ai-project/runs/lat_off1/equiv] engine_0.basecase: ##   0:00:00  Checking assumptions in step 15..
SBY 20:06:04 [/Users/ritikjindal/rtl-ai-project/runs/lat_off1/equiv] engine_0.basecase: ##   0:00:00  Checking assertions in step 15..
SBY 20:06:04 [/Users/ritikjindal/rtl-ai-project/runs/lat_off1/equiv] engine_0.basecase: ##   0:00:00  Checking assumptions in step 16..
SBY 20:06:04 [/Users/ritikjindal/rtl-ai-project/runs/lat_off1/equiv] engine_0.basecase: ##   0:00:00  Checking assertions in step 16..
SBY 20:06:04 [/Users/ritikjindal/rtl-ai-project/runs/lat_off1/equiv] engine_0.basecase: ##   0:00:00  Checking assumptions in step 17..
SBY 20:06:04 [/Users/ritikjindal/rtl-ai-project/runs/lat_off1/equiv] engine_0.basecase: ##   0:00:00  Checking assertions in step 17..
SBY 20:06:04 [/Users/ritikjindal/rtl-ai-project/runs/lat_off1/equiv] engine_0.basecase: ##   0:00:00  Checking assumptions in step 18..
SBY 20:06:04 [/Users/ritikjindal/rtl-ai-project/runs/lat_off1/equiv] engine_0.basecase: ##   0:00:00  Checking assertions in step 18..
SBY 20:06:04 [/Users/ritikjindal/rtl-ai-project/runs/lat_off1/equiv] engine_0.basecase: ##   0:00:00  Checking assumptions in step 19..
SBY 20:06:04 [/Users/ritikjindal/rtl-ai-project/runs/lat_off1/equiv] engine_0.basecase: ##   0:00:00  Checking assertions in step 19..
SBY 20:06:04 [/Users/ritikjindal/rtl-ai-project/runs/lat_off1/equiv] engine_0.basecase: ##   0:00:00  Status: passed
SBY 20:06:04 [/Users/ritikjindal/rtl-ai-project/runs/lat_off1/equiv] engine_0.basecase: finished (returncode=0)
SBY 20:06:04 [/Users/ritikjindal/rtl-ai-project/runs/lat_off1/equiv] engine_0.basecase: Status returned by engine for basecase: pass
SBY 20:06:04 [/Users/ritikjindal/rtl-ai-project/runs/lat_off1/equiv] summary: Elapsed clock time [H:MM:SS (secs)]: 0:00:00 (0)
SBY 20:06:04 [/Users/ritikjindal/rtl-ai-project/runs/lat_off1/equiv] summary: Elapsed process time [H:MM:SS (secs)]: 0:00:00 (0)
SBY 20:06:04 [/Users/ritikjindal/rtl-ai-project/runs/lat_off1/equiv] summary: engine_0 (smtbmc) returned pass for basecase
SBY 20:06:04 [/Users/ritikjindal/rtl-ai-project/runs/lat_off1/equiv] summary: engine_0 (smtbmc) returned pass for induction
SBY 20:06:04 [/Users/ritikjindal/rtl-ai-project/runs/lat_off1/equiv] summary: engine_0 did not produce any traces
SBY 20:06:04 [/Users/ritikjindal/rtl-ai-project/runs/lat_off1/equiv] summary: successful proof by k-induction.
SBY 20:06:04 [/Users/ritikjindal/rtl-ai-project/runs/lat_off1/equiv] DONE (PASS, rc=0)
