
 /----------------------------------------------------------------------------\
 |  yosys -- Yosys Open SYnthesis Suite                                       |
 |  Copyright (C) 2012 - 2026  Claire Xenia Wolf <claire@yosyshq.com>         |
 |  Distributed under an ISC-like license, type "license" to see terms        |
 \----------------------------------------------------------------------------/
 Yosys 0.68+130 (git sha1 dd83bbad2-dirty, Release, Clang /usr/local/osxcross/target/bin/aarch64-apple-darwin25.5-clang++ 21.1.8)

-- Executing script file `/Users/ritikjindal/rtl-ai-project/runs/lat_off1/prepare.ys' --

1. Executing Verilog-2005 frontend: /Users/ritikjindal/rtl-ai-project/designs/lat_base.v
Parsing SystemVerilog input from `/Users/ritikjindal/rtl-ai-project/designs/lat_base.v' to AST representation.
Generating RTLIL representation for module `\lat_test'.
Successfully finished Verilog frontend.
Renaming module \lat_test to \gold.

2. Executing Verilog-2005 frontend: /Users/ritikjindal/rtl-ai-project/designs/lat_pipe.v
Parsing SystemVerilog input from `/Users/ritikjindal/rtl-ai-project/designs/lat_pipe.v' to AST representation.
Generating RTLIL representation for module `\lat_test'.
Successfully finished Verilog frontend.
Renaming module \lat_test to \gate.

3. Executing HIERARCHY pass (managing design hierarchy).

4. Executing PROC pass (convert processes to netlists).

4.1. Executing PROC_CLEAN pass (remove empty switches from decision trees).
Cleaned up 0 empty switches.

4.2. Executing PROC_RMDEAD pass (remove dead branches from decision trees).
Marked 1 switch rules as full_case in process $proc$/Users/ritikjindal/rtl-ai-project/designs/lat_pipe.v:8$3 in module gate.
Marked 1 switch rules as full_case in process $proc$/Users/ritikjindal/rtl-ai-project/designs/lat_base.v:7$1 in module gold.
Removed a total of 0 dead cases.

4.3. Executing PROC_PRUNE pass (remove redundant assignments in processes).
Removed 3 redundant assignments.
Promoted 0 assignments to connections.

4.4. Executing PROC_INIT pass (extract init attributes).

4.5. Executing PROC_ARST pass (detect async resets in processes).

4.6. Executing PROC_ROM pass (convert switches to ROMs).
Converted 0 switches.
<suppressed ~2 debug messages>

4.7. Executing PROC_MUX pass (convert decision trees to multiplexers).
Creating decoders for process `\gate.$proc$/Users/ritikjindal/rtl-ai-project/designs/lat_pipe.v:8$3'.
     1/2: $0\dout[7:0]
     2/2: $0\stage1[7:0]
Creating decoders for process `\gold.$proc$/Users/ritikjindal/rtl-ai-project/designs/lat_base.v:7$1'.
     1/1: $0\dout[7:0]

4.8. Executing PROC_DLATCH pass (convert process syncs to latches).

4.9. Executing PROC_DFF pass (convert process syncs to FFs).
Creating register for signal `\gate.\dout' using process `\gate.$proc$/Users/ritikjindal/rtl-ai-project/designs/lat_pipe.v:8$3'.
  created $dff cell `$procdff$14' with positive edge clock.
Creating register for signal `\gate.\stage1' using process `\gate.$proc$/Users/ritikjindal/rtl-ai-project/designs/lat_pipe.v:8$3'.
  created $dff cell `$procdff$15' with positive edge clock.
Creating register for signal `\gold.\dout' using process `\gold.$proc$/Users/ritikjindal/rtl-ai-project/designs/lat_base.v:7$1'.
  created $dff cell `$procdff$16' with positive edge clock.

4.10. Executing PROC_MEMWR pass (convert process memory writes to cells).

4.11. Executing PROC_CLEAN pass (remove empty switches from decision trees).
Found and cleaned up 1 empty switch in `\gate.$proc$/Users/ritikjindal/rtl-ai-project/designs/lat_pipe.v:8$3'.
Removing empty process `gate.$proc$/Users/ritikjindal/rtl-ai-project/designs/lat_pipe.v:8$3'.
Found and cleaned up 1 empty switch in `\gold.$proc$/Users/ritikjindal/rtl-ai-project/designs/lat_base.v:7$1'.
Removing empty process `gold.$proc$/Users/ritikjindal/rtl-ai-project/designs/lat_base.v:7$1'.
Cleaned up 2 empty switches.

4.12. Executing OPT_EXPR pass (perform const folding).
Optimizing module gate.
Optimizing module gold.

5. Executing Verilog backend.

5.1. Executing BMUXMAP pass.

5.2. Executing DEMUXMAP pass.
Dumping module `\gate'.
Dumping module `\gold'.

6. Executing JSON backend.

End of script. Logfile hash: 1a94349e70, time: 0.00s, user: 0.00s, system: 0.00s, MEM: 12.66 MB peak
Yosys 0.68+130 (git sha1 dd83bbad2-dirty, Release, Clang /usr/local/osxcross/target/bin/aarch64-apple-darwin25.5-clang++ 21.1.8)
Time spent: 36% 4x read_verilog (0 sec), 15% 2x write_json (0 sec), ...
