Startpoint: _81633_ (rising edge-triggered flip-flop clocked by clk_c)
Endpoint: _78212_ (recovery check against rising-edge clock clk_c)
Path Group: asynchronous
Path Type: max

  Delay    Time   Description
---------------------------------------------------------
   0.00    0.00   clock clk_c (rise edge)
   0.00    0.00   clock network delay (ideal)
   0.00    0.00 ^ _81633_/CK (DFFS_X1)
   6.14    6.14 ^ _81633_/QN (DFFS_X1)
   0.00    6.14 ^ _78212_/RN (DFFR_X1)
           6.14   data arrival time

   1.90    1.90   clock clk_c (rise edge)
   0.00    1.90   clock network delay (ideal)
  -0.05    1.85   clock uncertainty
   0.00    1.85   clock reconvergence pessimism
           1.85 ^ _78212_/CK (DFFR_X1)
  -1.33    0.52   library recovery time
           0.52   data required time
---------------------------------------------------------
           0.52   data required time
          -6.14   data arrival time
---------------------------------------------------------
          -5.62   slack (VIOLATED)


Startpoint: _78471_ (rising edge-triggered flip-flop clocked by clk_a)
Endpoint: _80936_ (rising edge-triggered flip-flop clocked by clk_a)
Path Group: clk_a
Path Type: max

  Delay    Time   Description
---------------------------------------------------------
   0.00    0.00   clock clk_a (rise edge)
   0.00    0.00   clock network delay (ideal)
   0.00    0.00 ^ _78471_/CK (DFF_X1)
   0.08    0.08 v _78471_/Q (DFF_X1)
   0.06    0.14 v _58384_/ZN (OR2_X1)
   0.10    0.24 v _58385_/ZN (OR3_X1)
   0.84    1.07 ^ _58386_/ZN (NOR4_X1)
   3.24    4.32 v _58395_/ZN (AOI21_X1)
   1.67    5.99 ^ _58418_/ZN (NOR2_X1)
   0.04    6.03 v _59011_/ZN (AOI221_X1)
   0.06    6.09 v _59012_/ZN (AND2_X1)
   0.10    6.19 ^ _59035_/ZN (AOI211_X1)
   0.02    6.21 v _63918_/ZN (AOI22_X1)
   0.03    6.25 ^ _63919_/ZN (NAND2_X1)
   0.02    6.26 v _63920_/ZN (AOI221_X1)
   0.04    6.30 ^ _63921_/ZN (OAI21_X1)
   0.02    6.32 v _63922_/ZN (OAI21_X1)
   0.02    6.34 ^ _63923_/ZN (INV_X1)
   0.00    6.34 ^ _80936_/D (DFF_X1)
           6.34   data arrival time

   2.20    2.20   clock clk_a (rise edge)
   0.00    2.20   clock network delay (ideal)
  -0.05    2.15   clock uncertainty
   0.00    2.15   clock reconvergence pessimism
           2.15 ^ _80936_/CK (DFF_X1)
  -0.03    2.12   library setup time
           2.12   data required time
---------------------------------------------------------
           2.12   data required time
          -6.34   data arrival time
---------------------------------------------------------
          -4.22   slack (VIOLATED)


Startpoint: _81631_ (rising edge-triggered flip-flop clocked by clk_b)
Endpoint: _78791_ (rising edge-triggered flip-flop clocked by clk_b)
Path Group: clk_b
Path Type: max

  Delay    Time   Description
---------------------------------------------------------
   0.00    0.00   clock clk_b (rise edge)
   0.00    0.00   clock network delay (ideal)
   0.00    0.00 ^ _81631_/CK (DFFS_X1)
   1.15    1.15 ^ _81631_/Q (DFFS_X1)
   6.38    7.53 v _41469_/ZN (INV_X1)
   0.62    8.15 v _76872_/ZN (AND2_X1)
   0.00    8.15 v _78791_/D (DFF_X1)
           8.15   data arrival time

   1.70    1.70   clock clk_b (rise edge)
   0.00    1.70   clock network delay (ideal)
  -0.05    1.65   clock uncertainty
   0.00    1.65   clock reconvergence pessimism
           1.65 ^ _78791_/CK (DFF_X1)
  -0.07    1.58   library setup time
           1.58   data required time
---------------------------------------------------------
           1.58   data required time
          -8.15   data arrival time
---------------------------------------------------------
          -6.57   slack (VIOLATED)


Startpoint: _80494_ (rising edge-triggered flip-flop clocked by clk_c)
Endpoint: _78630_ (rising edge-triggered flip-flop clocked by clk_c)
Path Group: clk_c
Path Type: max

  Delay    Time   Description
---------------------------------------------------------
   0.00    0.00   clock clk_c (rise edge)
   0.00    0.00   clock network delay (ideal)
   0.00    0.00 ^ _80494_/CK (DFFR_X1)
   0.37    0.37 ^ _80494_/Q (DFFR_X1)
   0.06    0.43 ^ _41613_/ZN (AND2_X1)
   0.01    0.44 v _41614_/ZN (NOR2_X1)
   0.04    0.49 ^ _41615_/ZN (NOR2_X1)
   2.06    2.54 ^ _41616_/ZN (AND2_X1)
  11.40   13.94 v _41624_/ZN (NOR2_X1)
   1.48   15.42 ^ _45372_/ZN (AOI221_X1)
  -0.04   15.38 v _45373_/ZN (INV_X1)
   0.00   15.38 v _78630_/D (DFFR_X1)
          15.38   data arrival time

   1.90    1.90   clock clk_c (rise edge)
   0.00    1.90   clock network delay (ideal)
  -0.05    1.85   clock uncertainty
   0.00    1.85   clock reconvergence pessimism
           1.85 ^ _78630_/CK (DFFR_X1)
  -0.07    1.78   library setup time
           1.78   data required time
---------------------------------------------------------
           1.78   data required time
         -15.38   data arrival time
---------------------------------------------------------
         -13.59   slack (VIOLATED)


Startpoint: _81346_ (rising edge-triggered flip-flop clocked by clk_d)
Endpoint: _81084_ (rising edge-triggered flip-flop clocked by clk_d)
Path Group: clk_d
Path Type: max

  Delay    Time   Description
---------------------------------------------------------
   0.00    0.00   clock clk_d (rise edge)
   0.00    0.00   clock network delay (ideal)
   0.00    0.00 ^ _81346_/CK (DFF_X1)
   0.11    0.11 ^ _81346_/Q (DFF_X1)
   0.07    0.18 v _62883_/Z (MUX2_X1)
   0.06    0.24 v _62885_/Z (XOR2_X1)
   0.02    0.26 ^ _62889_/ZN (NAND2_X1)
   0.02    0.28 v _62890_/ZN (NAND2_X1)
   0.02    0.30 ^ _62892_/ZN (NAND2_X1)
   0.02    0.31 v _62893_/ZN (NAND2_X1)
   0.03    0.34 v _62894_/ZN (AND2_X1)
   0.05    0.39 v _62895_/ZN (OR2_X1)
   0.03    0.43 v _62896_/ZN (AND2_X1)
   0.05    0.48 v _62897_/ZN (OR2_X1)
   0.03    0.51 v _62899_/ZN (AND2_X1)
   0.05    0.56 ^ _62900_/ZN (AOI21_X1)
   0.04    0.60 ^ _62905_/ZN (XNOR2_X1)
   0.01    0.61 v _62906_/ZN (NOR2_X1)
   0.00    0.61 v _81084_/D (DFF_X1)
           0.61   data arrival time

   1.85    1.85   clock clk_d (rise edge)
   0.00    1.85   clock network delay (ideal)
  -0.05    1.80   clock uncertainty
   0.00    1.80   clock reconvergence pessimism
           1.80 ^ _81084_/CK (DFF_X1)
  -0.04    1.76   library setup time
           1.76   data required time
---------------------------------------------------------
           1.76   data required time
          -0.61   data arrival time
---------------------------------------------------------
           1.14   slack (MET)


Startpoint: _79984_ (rising edge-triggered flip-flop clocked by clk_e)
Endpoint: _80003_ (rising edge-triggered flip-flop clocked by clk_e)
Path Group: clk_e
Path Type: max

  Delay    Time   Description
---------------------------------------------------------
   0.00    0.00   clock clk_e (rise edge)
   0.00    0.00   clock network delay (ideal)
   0.00    0.00 ^ _79984_/CK (DFF_X1)
   0.09    0.09 v _79984_/Q (DFF_X1)
   0.13    0.21 ^ _41470_/ZN (INV_X1)
   0.01    0.22 v _64483_/ZN (NOR2_X1)
   0.09    0.31 ^ _64484_/ZN (XNOR2_X1)
   0.10    0.41 ^ _64485_/Z (XOR2_X1)
   0.03    0.44 v _64486_/ZN (XNOR2_X1)
   0.11    0.55 ^ _64487_/ZN (XNOR2_X1)
   0.07    0.62 ^ _64589_/ZN (XNOR2_X1)
   0.05    0.68 ^ _64619_/ZN (XNOR2_X1)
   0.06    0.74 ^ _64620_/ZN (XNOR2_X1)
   0.11    0.84 ^ _64688_/Z (XOR2_X1)
   0.07    0.91 ^ _64689_/Z (XOR2_X1)
   0.11    1.02 ^ _64690_/Z (XOR2_X1)
   0.06    1.08 ^ _64692_/ZN (XNOR2_X1)
   0.07    1.16 ^ _64693_/ZN (XNOR2_X1)
   0.09    1.25 ^ _64694_/Z (XOR2_X1)
   0.06    1.31 ^ _64707_/ZN (XNOR2_X1)
   0.06    1.37 ^ _64708_/ZN (XNOR2_X1)
   0.10    1.47 ^ _64889_/Z (XOR2_X1)
   0.07    1.54 v _64906_/ZN (XNOR2_X1)
   0.05    1.59 v _64908_/ZN (XNOR2_X1)
   0.05    1.64 v _64910_/ZN (XNOR2_X1)
   0.11    1.75 ^ _64911_/ZN (XNOR2_X1)
   0.07    1.82 ^ _64912_/ZN (XNOR2_X1)
   0.07    1.89 ^ _64923_/Z (XOR2_X1)
   0.02    1.91 v _64989_/ZN (AOI21_X1)
   0.03    1.94 ^ _64990_/ZN (OAI21_X1)
   0.00    1.94 ^ _80003_/D (DFF_X1)
           1.94   data arrival time

   1.90    1.90   clock clk_e (rise edge)
   0.00    1.90   clock network delay (ideal)
  -0.05    1.85   clock uncertainty
   0.00    1.85   clock reconvergence pessimism
           1.85 ^ _80003_/CK (DFF_X1)
  -0.03    1.82   library setup time
           1.82   data required time
---------------------------------------------------------
           1.82   data required time
          -1.94   data arrival time
---------------------------------------------------------
          -0.13   slack (VIOLATED)


