Startpoint: _6645_ (rising edge-triggered flip-flop clocked by clk)
Endpoint: _6725_ (rising edge-triggered flip-flop clocked by clk)
Path Group: clk
Path Type: max

  Delay    Time   Description
---------------------------------------------------------
   0.00    0.00   clock clk (rise edge)
   0.00    0.00   clock network delay (ideal)
   0.00    0.00 ^ _6645_/CK (DFF_X1)
   0.12    0.12 ^ _6645_/Q (DFF_X1)
   0.04    0.16 v _4927_/ZN (NAND2_X1)
   0.06    0.22 v _4959_/Z (XOR2_X1)
   0.04    0.26 ^ _4984_/ZN (XNOR2_X1)
   0.06    0.32 ^ _4992_/Z (XOR2_X1)
   0.05    0.37 ^ _5021_/ZN (XNOR2_X1)
   0.06    0.44 ^ _5029_/Z (XOR2_X1)
   0.05    0.49 ^ _5057_/ZN (XNOR2_X1)
   0.06    0.55 ^ _5060_/Z (XOR2_X1)
   0.05    0.60 ^ _5084_/ZN (XNOR2_X1)
   0.05    0.65 ^ _5086_/ZN (XNOR2_X1)
   0.06    0.71 ^ _5186_/Z (XOR2_X1)
   0.06    0.77 ^ _5225_/Z (XOR2_X1)
   0.06    0.83 ^ _5267_/Z (XOR2_X1)
   0.06    0.89 ^ _5313_/Z (XOR2_X1)
   0.05    0.94 ^ _5354_/ZN (XNOR2_X1)
   0.06    1.00 ^ _5356_/Z (XOR2_X1)
   0.02    1.03 v _5396_/ZN (AOI21_X1)
   0.06    1.08 v _5433_/Z (XOR2_X1)
   0.05    1.13 v _5480_/ZN (XNOR2_X1)
   0.06    1.19 v _5514_/Z (XOR2_X1)
   0.05    1.24 v _5558_/ZN (XNOR2_X1)
   0.07    1.31 v _5596_/Z (XOR2_X1)
   0.06    1.37 v _5657_/Z (XOR2_X1)
   0.05    1.42 ^ _5658_/ZN (AOI21_X1)
   0.05    1.47 ^ _5741_/ZN (XNOR2_X1)
   0.07    1.53 ^ _5743_/Z (XOR2_X1)
   0.03    1.56 v _5789_/ZN (AOI21_X1)
   0.05    1.61 ^ _5790_/ZN (OAI21_X1)
   0.03    1.64 v _5792_/ZN (AOI21_X1)
   0.06    1.70 ^ _5793_/ZN (OAI21_X1)
   0.03    1.72 v _5796_/ZN (AOI21_X1)
   0.05    1.78 ^ _5799_/ZN (OAI21_X1)
   0.03    1.80 v _5800_/ZN (AOI21_X1)
   0.07    1.87 v _5826_/ZN (OR3_X1)
   0.03    1.91 v _5830_/ZN (AND3_X1)
   0.00    1.91 v _6725_/D (DFF_X1)
           1.91   data arrival time

   1.70    1.70   clock clk (rise edge)
   0.00    1.70   clock network delay (ideal)
  -0.05    1.65   clock uncertainty
   0.00    1.65   clock reconvergence pessimism
           1.65 ^ _6725_/CK (DFF_X1)
  -0.04    1.61   library setup time
           1.61   data required time
---------------------------------------------------------
           1.61   data required time
          -1.91   data arrival time
---------------------------------------------------------
          -0.30   slack (VIOLATED)


