Startpoint: _4244_ (rising edge-triggered flip-flop clocked by clk)
Endpoint: _4300_ (rising edge-triggered flip-flop clocked by clk)
Path Group: clk
Path Type: max

  Delay    Time   Description
---------------------------------------------------------
   0.00    0.00   clock clk (rise edge)
   0.00    0.00   clock network delay (ideal)
   0.00    0.00 ^ _4244_/CK (DFF_X1)
   0.19    0.19 ^ _4244_/Q (DFF_X1)
   0.04    0.24 v _2719_/ZN (AOI22_X1)
   0.09    0.33 v _2721_/ZN (OR3_X1)
   0.04    0.37 v _2754_/ZN (AND3_X1)
   0.07    0.43 v _2762_/ZN (OR3_X1)
   0.04    0.47 v _2763_/ZN (AND2_X1)
   0.05    0.53 v _2776_/Z (XOR2_X1)
   0.04    0.57 v _2814_/ZN (XNOR2_X1)
   0.06    0.63 v _2817_/Z (XOR2_X1)
   0.06    0.69 v _2851_/Z (XOR2_X1)
   0.06    0.75 v _2932_/Z (XOR2_X1)
   0.08    0.83 v _2992_/ZN (OR3_X1)
   0.04    0.87 v _2993_/ZN (AND2_X1)
   0.04    0.91 v _3042_/ZN (XNOR2_X1)
   0.06    0.97 v _3078_/Z (XOR2_X1)
   0.06    1.03 v _3120_/Z (XOR2_X1)
   0.05    1.07 ^ _3121_/ZN (AOI21_X1)
   0.03    1.10 v _3122_/ZN (OAI21_X1)
   0.05    1.15 ^ _3123_/ZN (AOI21_X1)
   0.02    1.17 v _3125_/ZN (OAI21_X1)
   0.04    1.22 ^ _3126_/ZN (AOI21_X1)
   0.02    1.24 v _3128_/ZN (OAI21_X1)
   0.05    1.29 ^ _3129_/ZN (AOI21_X1)
   0.03    1.32 v _3130_/ZN (OAI21_X1)
   0.05    1.37 ^ _3133_/ZN (AOI211_X1)
   0.02    1.39 v _3135_/ZN (NOR3_X1)
   0.05    1.44 ^ _4213_/ZN (NOR3_X1)
   0.01    1.45 v _4214_/ZN (NOR2_X1)
   0.03    1.49 ^ _4216_/ZN (AOI211_X1)
   0.00    1.49 ^ _4300_/D (DFF_X1)
           1.49   data arrival time

   1.48    1.48   clock clk (rise edge)
   0.00    1.48   clock network delay (ideal)
   0.00    1.48   clock reconvergence pessimism
           1.48 ^ _4300_/CK (DFF_X1)
  -0.04    1.44   library setup time
           1.44   data required time
---------------------------------------------------------
           1.44   data required time
          -1.49   data arrival time
---------------------------------------------------------
          -0.04   slack (VIOLATED)


