
 /----------------------------------------------------------------------------\
 |  yosys -- Yosys Open SYnthesis Suite                                       |
 |  Copyright (C) 2012 - 2026  Claire Xenia Wolf <claire@yosyshq.com>         |
 |  Distributed under an ISC-like license, type "license" to see terms        |
 \----------------------------------------------------------------------------/
 Yosys 0.68+130 (git sha1 dd83bbad2-dirty, Release, Clang /usr/local/osxcross/target/bin/aarch64-apple-darwin25.5-clang++ 21.1.8)

-- Executing script file `/Users/ritikjindal/rtl-ai-project/runs/bm_butterfly_optimize_20260912T194321Z/attempt_2/candidate_2/formal/prepare.ys' --

1. Executing Verilog-2005 frontend: /Users/ritikjindal/rtl-ai-project/designs/bm_butterfly.v
Parsing SystemVerilog input from `/Users/ritikjindal/rtl-ai-project/designs/bm_butterfly.v' to AST representation.
Generating RTLIL representation for module `\bm_butterfly'.
Successfully finished Verilog frontend.

2. Executing HIERARCHY pass (managing design hierarchy).

2.1. Analyzing design hierarchy..
Top module:  \bm_butterfly

2.2. Analyzing design hierarchy..
Top module:  \bm_butterfly
Removed 0 unused modules.

3. Executing PROC pass (convert processes to netlists).

3.1. Executing PROC_CLEAN pass (remove empty switches from decision trees).
Cleaned up 0 empty switches.

3.2. Executing PROC_RMDEAD pass (remove dead branches from decision trees).
Marked 1 switch rules as full_case in process $proc$/Users/ritikjindal/rtl-ai-project/designs/bm_butterfly.v:44$8 in module bm_butterfly.
Marked 1 switch rules as full_case in process $proc$/Users/ritikjindal/rtl-ai-project/designs/bm_butterfly.v:25$1 in module bm_butterfly.
Removed a total of 0 dead cases.

3.3. Executing PROC_PRUNE pass (remove redundant assignments in processes).
Removed 6 redundant assignments.
Promoted 0 assignments to connections.

3.4. Executing PROC_INIT pass (extract init attributes).

3.5. Executing PROC_ARST pass (detect async resets in processes).

3.6. Executing PROC_ROM pass (convert switches to ROMs).
Converted 0 switches.
<suppressed ~3 debug messages>

3.7. Executing PROC_MUX pass (convert decision trees to multiplexers).
Creating decoders for process `\bm_butterfly.$proc$/Users/ritikjindal/rtl-ai-project/designs/bm_butterfly.v:44$8'.
     1/3: $0\out_valid[0:0]
     2/3: $0\ci[23:0]
     3/3: $0\cr[23:0]
Creating decoders for process `\bm_butterfly.$proc$/Users/ritikjindal/rtl-ai-project/designs/bm_butterfly.v:25$1'.
     1/5: $0\vld[0:0]
     2/5: $0\bi_r[9:0]
     3/5: $0\br_r[9:0]
     4/5: $0\ai_r[9:0]
     5/5: $0\ar_r[9:0]

3.8. Executing PROC_DLATCH pass (convert process syncs to latches).

3.9. Executing PROC_DFF pass (convert process syncs to FFs).
Creating register for signal `\bm_butterfly.\out_valid' using process `\bm_butterfly.$proc$/Users/ritikjindal/rtl-ai-project/designs/bm_butterfly.v:44$8'.
  created $dff cell `$procdff$39' with positive edge clock.
Creating register for signal `\bm_butterfly.\cr' using process `\bm_butterfly.$proc$/Users/ritikjindal/rtl-ai-project/designs/bm_butterfly.v:44$8'.
  created $dff cell `$procdff$40' with positive edge clock.
Creating register for signal `\bm_butterfly.\ci' using process `\bm_butterfly.$proc$/Users/ritikjindal/rtl-ai-project/designs/bm_butterfly.v:44$8'.
  created $dff cell `$procdff$41' with positive edge clock.
Creating register for signal `\bm_butterfly.\ar_r' using process `\bm_butterfly.$proc$/Users/ritikjindal/rtl-ai-project/designs/bm_butterfly.v:25$1'.
  created $dff cell `$procdff$42' with positive edge clock.
Creating register for signal `\bm_butterfly.\ai_r' using process `\bm_butterfly.$proc$/Users/ritikjindal/rtl-ai-project/designs/bm_butterfly.v:25$1'.
  created $dff cell `$procdff$43' with positive edge clock.
Creating register for signal `\bm_butterfly.\br_r' using process `\bm_butterfly.$proc$/Users/ritikjindal/rtl-ai-project/designs/bm_butterfly.v:25$1'.
  created $dff cell `$procdff$44' with positive edge clock.
Creating register for signal `\bm_butterfly.\bi_r' using process `\bm_butterfly.$proc$/Users/ritikjindal/rtl-ai-project/designs/bm_butterfly.v:25$1'.
  created $dff cell `$procdff$45' with positive edge clock.
Creating register for signal `\bm_butterfly.\vld' using process `\bm_butterfly.$proc$/Users/ritikjindal/rtl-ai-project/designs/bm_butterfly.v:25$1'.
  created $dff cell `$procdff$46' with positive edge clock.

3.10. Executing PROC_MEMWR pass (convert process memory writes to cells).

3.11. Executing PROC_CLEAN pass (remove empty switches from decision trees).
Found and cleaned up 2 empty switches in `\bm_butterfly.$proc$/Users/ritikjindal/rtl-ai-project/designs/bm_butterfly.v:44$8'.
Removing empty process `bm_butterfly.$proc$/Users/ritikjindal/rtl-ai-project/designs/bm_butterfly.v:44$8'.
Found and cleaned up 1 empty switch in `\bm_butterfly.$proc$/Users/ritikjindal/rtl-ai-project/designs/bm_butterfly.v:25$1'.
Removing empty process `bm_butterfly.$proc$/Users/ritikjindal/rtl-ai-project/designs/bm_butterfly.v:25$1'.
Cleaned up 3 empty switches.

3.12. Executing OPT_EXPR pass (perform const folding).
Optimizing module bm_butterfly.

4. Executing FLATTEN pass (flatten design).

5. Executing OPT_CLEAN pass (remove unused cells and wires).
Finding unused cells or wires in module \bm_butterfly..
Removed 0 unused cells and 24 unused wires.
<suppressed ~1 debug messages>
Renaming module \bm_butterfly to \gold.

6. Executing Verilog-2005 frontend: /Users/ritikjindal/rtl-ai-project/runs/bm_butterfly_optimize_20260912T194321Z/attempt_2/candidate_2/bm_butterfly_candidate.v
Parsing SystemVerilog input from `/Users/ritikjindal/rtl-ai-project/runs/bm_butterfly_optimize_20260912T194321Z/attempt_2/candidate_2/bm_butterfly_candidate.v' to AST representation.
Generating RTLIL representation for module `\bm_butterfly'.
Successfully finished Verilog frontend.

7. Executing HIERARCHY pass (managing design hierarchy).

7.1. Analyzing design hierarchy..
Top module:  \bm_butterfly

7.2. Analyzing design hierarchy..
Top module:  \bm_butterfly
Removed 0 unused modules.

8. Executing PROC pass (convert processes to netlists).

8.1. Executing PROC_CLEAN pass (remove empty switches from decision trees).
Cleaned up 0 empty switches.

8.2. Executing PROC_RMDEAD pass (remove dead branches from decision trees).
Marked 1 switch rules as full_case in process $proc$/Users/ritikjindal/rtl-ai-project/runs/bm_butterfly_optimize_20260912T194321Z/attempt_2/candidate_2/bm_butterfly_candidate.v:59$55 in module bm_butterfly.
Marked 1 switch rules as full_case in process $proc$/Users/ritikjindal/rtl-ai-project/runs/bm_butterfly_optimize_20260912T194321Z/attempt_2/candidate_2/bm_butterfly_candidate.v:47$54 in module bm_butterfly.
Marked 1 switch rules as full_case in process $proc$/Users/ritikjindal/rtl-ai-project/runs/bm_butterfly_optimize_20260912T194321Z/attempt_2/candidate_2/bm_butterfly_candidate.v:25$47 in module bm_butterfly.
Removed a total of 0 dead cases.

8.3. Executing PROC_PRUNE pass (remove redundant assignments in processes).
Removed 9 redundant assignments.
Promoted 0 assignments to connections.

8.4. Executing PROC_INIT pass (extract init attributes).

8.5. Executing PROC_ARST pass (detect async resets in processes).

8.6. Executing PROC_ROM pass (convert switches to ROMs).
Converted 0 switches.
<suppressed ~4 debug messages>

8.7. Executing PROC_MUX pass (convert decision trees to multiplexers).
Creating decoders for process `\bm_butterfly.$proc$/Users/ritikjindal/rtl-ai-project/runs/bm_butterfly_optimize_20260912T194321Z/attempt_2/candidate_2/bm_butterfly_candidate.v:59$55'.
     1/3: $0\out_valid[0:0]
     2/3: $0\ci[23:0]
     3/3: $0\cr[23:0]
Creating decoders for process `\bm_butterfly.$proc$/Users/ritikjindal/rtl-ai-project/runs/bm_butterfly_optimize_20260912T194321Z/attempt_2/candidate_2/bm_butterfly_candidate.v:47$54'.
     1/3: $0\vld2[0:0]
     2/3: $0\imag_part_r[20:0]
     3/3: $0\real_part_r[20:0]
Creating decoders for process `\bm_butterfly.$proc$/Users/ritikjindal/rtl-ai-project/runs/bm_butterfly_optimize_20260912T194321Z/attempt_2/candidate_2/bm_butterfly_candidate.v:25$47'.
     1/5: $0\vld[0:0]
     2/5: $0\bi_r[9:0]
     3/5: $0\br_r[9:0]
     4/5: $0\ai_r[9:0]
     5/5: $0\ar_r[9:0]

8.8. Executing PROC_DLATCH pass (convert process syncs to latches).

8.9. Executing PROC_DFF pass (convert process syncs to FFs).
Creating register for signal `\bm_butterfly.\out_valid' using process `\bm_butterfly.$proc$/Users/ritikjindal/rtl-ai-project/runs/bm_butterfly_optimize_20260912T194321Z/attempt_2/candidate_2/bm_butterfly_candidate.v:59$55'.
  created $dff cell `$procdff$95' with positive edge clock.
Creating register for signal `\bm_butterfly.\cr' using process `\bm_butterfly.$proc$/Users/ritikjindal/rtl-ai-project/runs/bm_butterfly_optimize_20260912T194321Z/attempt_2/candidate_2/bm_butterfly_candidate.v:59$55'.
  created $dff cell `$procdff$96' with positive edge clock.
Creating register for signal `\bm_butterfly.\ci' using process `\bm_butterfly.$proc$/Users/ritikjindal/rtl-ai-project/runs/bm_butterfly_optimize_20260912T194321Z/attempt_2/candidate_2/bm_butterfly_candidate.v:59$55'.
  created $dff cell `$procdff$97' with positive edge clock.
Creating register for signal `\bm_butterfly.\vld2' using process `\bm_butterfly.$proc$/Users/ritikjindal/rtl-ai-project/runs/bm_butterfly_optimize_20260912T194321Z/attempt_2/candidate_2/bm_butterfly_candidate.v:47$54'.
  created $dff cell `$procdff$98' with positive edge clock.
Creating register for signal `\bm_butterfly.\imag_part_r' using process `\bm_butterfly.$proc$/Users/ritikjindal/rtl-ai-project/runs/bm_butterfly_optimize_20260912T194321Z/attempt_2/candidate_2/bm_butterfly_candidate.v:47$54'.
  created $dff cell `$procdff$99' with positive edge clock.
Creating register for signal `\bm_butterfly.\real_part_r' using process `\bm_butterfly.$proc$/Users/ritikjindal/rtl-ai-project/runs/bm_butterfly_optimize_20260912T194321Z/attempt_2/candidate_2/bm_butterfly_candidate.v:47$54'.
  created $dff cell `$procdff$100' with positive edge clock.
Creating register for signal `\bm_butterfly.\ar_r' using process `\bm_butterfly.$proc$/Users/ritikjindal/rtl-ai-project/runs/bm_butterfly_optimize_20260912T194321Z/attempt_2/candidate_2/bm_butterfly_candidate.v:25$47'.
  created $dff cell `$procdff$101' with positive edge clock.
Creating register for signal `\bm_butterfly.\ai_r' using process `\bm_butterfly.$proc$/Users/ritikjindal/rtl-ai-project/runs/bm_butterfly_optimize_20260912T194321Z/attempt_2/candidate_2/bm_butterfly_candidate.v:25$47'.
  created $dff cell `$procdff$102' with positive edge clock.
Creating register for signal `\bm_butterfly.\br_r' using process `\bm_butterfly.$proc$/Users/ritikjindal/rtl-ai-project/runs/bm_butterfly_optimize_20260912T194321Z/attempt_2/candidate_2/bm_butterfly_candidate.v:25$47'.
  created $dff cell `$procdff$103' with positive edge clock.
Creating register for signal `\bm_butterfly.\bi_r' using process `\bm_butterfly.$proc$/Users/ritikjindal/rtl-ai-project/runs/bm_butterfly_optimize_20260912T194321Z/attempt_2/candidate_2/bm_butterfly_candidate.v:25$47'.
  created $dff cell `$procdff$104' with positive edge clock.
Creating register for signal `\bm_butterfly.\vld' using process `\bm_butterfly.$proc$/Users/ritikjindal/rtl-ai-project/runs/bm_butterfly_optimize_20260912T194321Z/attempt_2/candidate_2/bm_butterfly_candidate.v:25$47'.
  created $dff cell `$procdff$105' with positive edge clock.

8.10. Executing PROC_MEMWR pass (convert process memory writes to cells).

8.11. Executing PROC_CLEAN pass (remove empty switches from decision trees).
Found and cleaned up 2 empty switches in `\bm_butterfly.$proc$/Users/ritikjindal/rtl-ai-project/runs/bm_butterfly_optimize_20260912T194321Z/attempt_2/candidate_2/bm_butterfly_candidate.v:59$55'.
Removing empty process `bm_butterfly.$proc$/Users/ritikjindal/rtl-ai-project/runs/bm_butterfly_optimize_20260912T194321Z/attempt_2/candidate_2/bm_butterfly_candidate.v:59$55'.
Found and cleaned up 1 empty switch in `\bm_butterfly.$proc$/Users/ritikjindal/rtl-ai-project/runs/bm_butterfly_optimize_20260912T194321Z/attempt_2/candidate_2/bm_butterfly_candidate.v:47$54'.
Removing empty process `bm_butterfly.$proc$/Users/ritikjindal/rtl-ai-project/runs/bm_butterfly_optimize_20260912T194321Z/attempt_2/candidate_2/bm_butterfly_candidate.v:47$54'.
Found and cleaned up 1 empty switch in `\bm_butterfly.$proc$/Users/ritikjindal/rtl-ai-project/runs/bm_butterfly_optimize_20260912T194321Z/attempt_2/candidate_2/bm_butterfly_candidate.v:25$47'.
Removing empty process `bm_butterfly.$proc$/Users/ritikjindal/rtl-ai-project/runs/bm_butterfly_optimize_20260912T194321Z/attempt_2/candidate_2/bm_butterfly_candidate.v:25$47'.
Cleaned up 4 empty switches.

8.12. Executing OPT_EXPR pass (perform const folding).
Optimizing module bm_butterfly.

9. Executing FLATTEN pass (flatten design).

10. Executing OPT_CLEAN pass (remove unused cells and wires).
Finding unused cells or wires in module \bm_butterfly..
Removed 0 unused cells and 30 unused wires.
<suppressed ~1 debug messages>
Renaming module \bm_butterfly to \gate.

11. Executing Verilog backend.

11.1. Executing BMUXMAP pass.

11.2. Executing DEMUXMAP pass.
Dumping module `\gate'.
Dumping module `\gold'.

12. Executing JSON backend.

End of script. Logfile hash: b4acce9377, time: 0.02s, user: 0.01s, system: 0.02s, MEM: 14.52 MB peak
Yosys 0.68+130 (git sha1 dd83bbad2-dirty, Release, Clang /usr/local/osxcross/target/bin/aarch64-apple-darwin25.5-clang++ 21.1.8)
Time spent: 42% 4x read_verilog (0 sec), 11% 2x opt_clean (0 sec), ...
