
 /----------------------------------------------------------------------------\
 |  yosys -- Yosys Open SYnthesis Suite                                       |
 |  Copyright (C) 2012 - 2026  Claire Xenia Wolf <claire@yosyshq.com>         |
 |  Distributed under an ISC-like license, type "license" to see terms        |
 \----------------------------------------------------------------------------/
 Yosys 0.68+195 (git sha1 435977e97-dirty, Release, Clang /usr/bin/clang++ 21.1.8)

-- Executing script file `run.ys' --

1. Executing Verilog-2005 frontend: ../../../partitions/bm_fir6.s5.sv
Parsing SystemVerilog input from `../../../partitions/bm_fir6.s5.sv' to AST representation.
Generating RTLIL representation for module `\miter'.
Generating RTLIL representation for module `\miter_cmp_prop'.
Generating RTLIL representation for module `\miter_def_prop'.
Generating RTLIL representation for module `\gold.bm_fir6.s5'.
Generating RTLIL representation for module `\gate.bm_fir6.s5'.
Successfully finished Verilog frontend.

2. Executing RTLIL frontend.
Input filename: ../../../partitions/bm_fir6.s5.il
Replacing existing blackbox module \gold.bm_fir6.s5.
Replacing existing blackbox module \gate.bm_fir6.s5.

3. Executing HIERARCHY pass (managing design hierarchy).

3.1. Analyzing design hierarchy..
Top module:  \miter
Used module:     \miter_cmp_prop
Used module:     \gate.bm_fir6.s5
Used module:     \gold.bm_fir6.s5
Parameter 1 (\WIDTH) = 19
Parameter 2 (\TYPE) = 48'011000010111001101110011011001010111001001110100

3.2. Executing AST frontend in derive mode using pre-parsed AST for module `\miter_cmp_prop'.
Parameter 1 (\WIDTH) = 19
Parameter 2 (\TYPE) = 48'011000010111001101110011011001010111001001110100
Generating RTLIL representation for module `$paramod$63b57eee06c3a2bf1cc89e7b289433a700626545\miter_cmp_prop'.

3.3. Analyzing design hierarchy..
Top module:  \miter
Used module:     $paramod$63b57eee06c3a2bf1cc89e7b289433a700626545\miter_cmp_prop
Used module:     \gate.bm_fir6.s5
Used module:     \gold.bm_fir6.s5

3.4. Analyzing design hierarchy..
Top module:  \miter
Used module:     $paramod$63b57eee06c3a2bf1cc89e7b289433a700626545\miter_cmp_prop
Used module:     \gate.bm_fir6.s5
Used module:     \gold.bm_fir6.s5
Removing unused module `\miter_def_prop'.
Removing unused module `\miter_cmp_prop'.
Removed 2 unused modules.
Module $paramod$63b57eee06c3a2bf1cc89e7b289433a700626545\miter_cmp_prop directly or indirectly contains formal properties -> setting "keep" attribute.
Module miter directly or indirectly contains formal properties -> setting "keep" attribute.
Mapping positional arguments of cell miter.__po_s5__assert ($paramod$63b57eee06c3a2bf1cc89e7b289433a700626545\miter_cmp_prop).

4. Executing PROC pass (convert processes to netlists).

4.1. Executing PROC_CLEAN pass (remove empty switches from decision trees).
Cleaned up 0 empty switches.

4.2. Executing PROC_RMDEAD pass (remove dead branches from decision trees).
Removed a total of 0 dead cases.

4.3. Executing PROC_PRUNE pass (remove redundant assignments in processes).
Removed 1 redundant assignment.
Promoted 3 assignments to connections.

4.4. Executing PROC_INIT pass (extract init attributes).

4.5. Executing PROC_ARST pass (detect async resets in processes).

4.6. Executing PROC_ROM pass (convert switches to ROMs).
Converted 0 switches.

4.7. Executing PROC_MUX pass (convert decision trees to multiplexers).
Creating decoders for process `$paramod$63b57eee06c3a2bf1cc89e7b289433a700626545\miter_cmp_prop.$proc$../../../partitions/bm_fir6.s5.sv:74$245'.
Creating decoders for process `$paramod$63b57eee06c3a2bf1cc89e7b289433a700626545\miter_cmp_prop.$proc$../../../partitions/bm_fir6.s5.sv:68$168'.

4.8. Executing PROC_DLATCH pass (convert process syncs to latches).
No latch inferred for signal `$paramod$63b57eee06c3a2bf1cc89e7b289433a700626545\miter_cmp_prop.\i' from process `$paramod$63b57eee06c3a2bf1cc89e7b289433a700626545\miter_cmp_prop.$proc$../../../partitions/bm_fir6.s5.sv:68$168'.
No latch inferred for signal `$paramod$63b57eee06c3a2bf1cc89e7b289433a700626545\miter_cmp_prop.\okay' from process `$paramod$63b57eee06c3a2bf1cc89e7b289433a700626545\miter_cmp_prop.$proc$../../../partitions/bm_fir6.s5.sv:68$168'.

4.9. Executing PROC_DFF pass (convert process syncs to FFs).

4.10. Executing PROC_MEMWR pass (convert process memory writes to cells).

4.11. Executing PROC_CLEAN pass (remove empty switches from decision trees).
Removing empty process `$paramod$63b57eee06c3a2bf1cc89e7b289433a700626545\miter_cmp_prop.$proc$../../../partitions/bm_fir6.s5.sv:74$245'.
Removing empty process `$paramod$63b57eee06c3a2bf1cc89e7b289433a700626545\miter_cmp_prop.$proc$../../../partitions/bm_fir6.s5.sv:68$168'.
Cleaned up 0 empty switches.

4.12. Executing OPT_EXPR pass (perform const folding).
Optimizing module gold.bm_fir6.s5.
Optimizing module $paramod$63b57eee06c3a2bf1cc89e7b289433a700626545\miter_cmp_prop.
<suppressed ~1 debug messages>
Optimizing module gate.bm_fir6.s5.
Optimizing module miter.

5. Executing ASYNC2SYNC pass.

6. Executing FORMALFF pass.

7. Executing SETUNDEF pass (replace undef values with defined constants).

8. Executing FLATTEN pass (flatten design).
Deleting now unused module gold.bm_fir6.s5.
Deleting now unused module $paramod$63b57eee06c3a2bf1cc89e7b289433a700626545\miter_cmp_prop.
Deleting now unused module gate.bm_fir6.s5.
<suppressed ~3 debug messages>

9. Executing DFFUNMAP pass (unmap clock enable and synchronous reset from FFs).

10. Executing OPT_EXPR pass (perform const folding).
Optimizing module miter.
<suppressed ~1 debug messages>

11. Executing OPT_CLEAN pass (remove unused cells and wires).
Finding unused cells or wires in module \miter..
Removed 1 unused cells and 7 unused wires.
<suppressed ~2 debug messages>

12. Executing SAT pass (solving SAT problems in the circuit).
Using SAT solver `minisat`.

Setting up time step 1:
Final constraint equation: { } = { }
Import def constraint for this timestep: \__pi_p5__18
Import def constraint for this timestep: \__pi_s3__18
Import def constraint for this timestep: \__pi_p5__12_0
Import def constraint for this timestep: \__pi_s3__14_0
Import def constraint for this timestep: \__pi_s4
Imported 81 cells to SAT database.
Import proof for assert: \__po_s5__assert.okay when 1'1.

** Trying induction with length 1 **

Setting up time step 1:
Final constraint equation: { } = { }
Import def constraint for this timestep: \__pi_p5__18
Import def constraint for this timestep: \__pi_s3__18
Import def constraint for this timestep: \__pi_p5__12_0
Import def constraint for this timestep: \__pi_s3__14_0
Import def constraint for this timestep: \__pi_s4
Imported 81 cells to SAT database.
No constraints for initial state found.

Import proof for assert: \__po_s5__assert.okay when 1'1.
Import show expression: \__po_s5__assert.i
Import show expression: \__po_s5__assert.okay
Import show expression: \__po_s5__assert.in_gate
Import show expression: \__po_s5__assert.in_gold
Import show expression: \gate.s5
Import show expression: \gate.p5
Import show expression: \gate.s4
Import show expression: \gate.s3
Import show expression: \gate.__pi_p5__12_0
Import show expression: \gate.__pi_p5__18
Import show expression: \gate.__pi_s3__14_0
Import show expression: \gate.__pi_s3__18
Import show expression: \gate.__pi_s4
Import show expression: \gate.__po_s5
Import show expression: \gold.s5
Import show expression: \gold.p5
Import show expression: \gold.s4
Import show expression: \gold.s3
Import show expression: \gold.__pi_p5__12_0
Import show expression: \gold.__pi_p5__18
Import show expression: \gold.__pi_s3__14_0
Import show expression: \gold.__pi_s3__18
Import show expression: \gold.__pi_s4
Import show expression: \gold.__po_s5
Import show expression: \__po_s5__gate
Import show expression: \__po_s5__gold
Import show expression: \__pi_s4
Import show expression: \__pi_s3__18
Import show expression: \__pi_s3__14_0
Import show expression: \__pi_p5__18
Import show expression: \__pi_p5__12_0

[base case 1] Solving problem with 2410 variables and 6361 clauses..
SAT temporal induction proof finished - model found for base case: FAIL!

   ______                   ___       ___       _ _            _ _ 
  (_____ \                 / __)     / __)     (_) |          | | |
   _____) )___ ___   ___ _| |__    _| |__ _____ _| | _____  __| | |
  |  ____/ ___) _ \ / _ (_   __)  (_   __|____ | | || ___ |/ _  |_|
  | |   | |  | |_| | |_| || |       | |  / ___ | | || ____( (_| |_ 
  |_|   |_|   \___/ \___/ |_|       |_|  \_____|_|\_)_____)\____|_|


  Time Signal Name                           Dec       Hex                                 Bin
  ---- ----------------------------- ----------- --------- -----------------------------------
     1 \__pi_p5__12_0                          0         0                       0000000000000
     1 \__pi_p5__18                            0         0                                   0
     1 \__pi_s3__14_0                          1         1                     000000000000001
     1 \__pi_s3__18                            0         0                                   0
     1 \__pi_s4                                0         0                 0000000000000000000
     1 \__po_s5__assert.i                     19        13    00000000000000000000000000010011
     1 \__po_s5__assert.in_gate                1         1                 0000000000000000001
     1 \__po_s5__assert.in_gold                0         0                 0000000000000000000
     1 \__po_s5__assert.okay                   0         0                                   0
     1 \__po_s5__gate                          1         1                 0000000000000000001
     1 \__po_s5__gold                          0         0                 0000000000000000000
     1 \gate.__pi_p5__12_0                     0         0                       0000000000000
     1 \gate.__pi_p5__18                       0         0                                   0
     1 \gate.__pi_s3__14_0                     1         1                     000000000000001
     1 \gate.__pi_s3__18                       0         0                                   0
     1 \gate.__pi_s4                           0         0                 0000000000000000000
     1 \gate.__po_s5                           1         1                 0000000000000000001
     1 \gate.p5                                0         0                 0000000000000000000
     1 \gate.s3                                1         1                 0000000000000000001
     1 \gate.s4                                0         0                 0000000000000000000
     1 \gate.s5                                1         1                 0000000000000000001
     1 \gold.__pi_p5__12_0                     0         0                       0000000000000
     1 \gold.__pi_p5__18                       0         0                                   0
     1 \gold.__pi_s3__14_0                     1         1                     000000000000001
     1 \gold.__pi_s3__18                       0         0                                   0
     1 \gold.__pi_s4                           0         0                 0000000000000000000
     1 \gold.__po_s5                           0         0                 0000000000000000000
     1 \gold.p5                                0         0                 0000000000000000000
     1 \gold.s3                                1         1                 0000000000000000001
     1 \gold.s4                                0         0                 0000000000000000000
     1 \gold.s5                                0         0                 0000000000000000000
Dumping SAT model to VCD file trace.vcd

End of script. Logfile hash: 5656ffa721, time: 0.04s, user: 0.01s, system: 0.01s, MEM: 21.00 MB peak
Yosys 0.68+195 (git sha1 435977e97-dirty, Release, Clang /usr/bin/clang++ 21.1.8)
Time spent: 65% 1x sat (0 sec), 10% 2x read_verilog (0 sec), ...
