SBY  1:18:55 [/Users/ritikjindal/rtl-ai-project/runs/bm_butterfly_optimize_20260912T194321Z/attempt_1/candidate_3/formal/equiv] Removing directory '/Users/ritikjindal/rtl-ai-project/runs/bm_butterfly_optimize_20260912T194321Z/attempt_1/candidate_3/formal/equiv'.
SBY  1:18:55 [/Users/ritikjindal/rtl-ai-project/runs/bm_butterfly_optimize_20260912T194321Z/attempt_1/candidate_3/formal/equiv] Copy '/Users/ritikjindal/rtl-ai-project/runs/bm_butterfly_optimize_20260912T194321Z/attempt_1/candidate_3/formal/gold_gate.v' to '/Users/ritikjindal/rtl-ai-project/runs/bm_butterfly_optimize_20260912T194321Z/attempt_1/candidate_3/formal/equiv/src/gold_gate.v'.
SBY  1:18:55 [/Users/ritikjindal/rtl-ai-project/runs/bm_butterfly_optimize_20260912T194321Z/attempt_1/candidate_3/formal/equiv] Copy '/Users/ritikjindal/rtl-ai-project/runs/bm_butterfly_optimize_20260912T194321Z/attempt_1/candidate_3/formal/eqcheck_wrapper.v' to '/Users/ritikjindal/rtl-ai-project/runs/bm_butterfly_optimize_20260912T194321Z/attempt_1/candidate_3/formal/equiv/src/eqcheck_wrapper.v'.
SBY  1:18:55 [/Users/ritikjindal/rtl-ai-project/runs/bm_butterfly_optimize_20260912T194321Z/attempt_1/candidate_3/formal/equiv] engine_0: smtbmc
SBY  1:18:55 [/Users/ritikjindal/rtl-ai-project/runs/bm_butterfly_optimize_20260912T194321Z/attempt_1/candidate_3/formal/equiv] base: starting process "cd /Users/ritikjindal/rtl-ai-project/runs/bm_butterfly_optimize_20260912T194321Z/attempt_1/candidate_3/formal/equiv/src; yosys -ql ../model/design.log ../model/design.ys"
SBY  1:18:55 [/Users/ritikjindal/rtl-ai-project/runs/bm_butterfly_optimize_20260912T194321Z/attempt_1/candidate_3/formal/equiv] base: finished (returncode=0)
SBY  1:18:55 [/Users/ritikjindal/rtl-ai-project/runs/bm_butterfly_optimize_20260912T194321Z/attempt_1/candidate_3/formal/equiv] prep: starting process "cd /Users/ritikjindal/rtl-ai-project/runs/bm_butterfly_optimize_20260912T194321Z/attempt_1/candidate_3/formal/equiv/model; yosys -ql design_prep.log design_prep.ys"
SBY  1:18:55 [/Users/ritikjindal/rtl-ai-project/runs/bm_butterfly_optimize_20260912T194321Z/attempt_1/candidate_3/formal/equiv] prep: finished (returncode=0)
SBY  1:18:55 [/Users/ritikjindal/rtl-ai-project/runs/bm_butterfly_optimize_20260912T194321Z/attempt_1/candidate_3/formal/equiv] smt2: starting process "cd /Users/ritikjindal/rtl-ai-project/runs/bm_butterfly_optimize_20260912T194321Z/attempt_1/candidate_3/formal/equiv/model; yosys -ql design_smt2.log design_smt2.ys"
SBY  1:18:55 [/Users/ritikjindal/rtl-ai-project/runs/bm_butterfly_optimize_20260912T194321Z/attempt_1/candidate_3/formal/equiv] smt2: finished (returncode=0)
SBY  1:18:55 [/Users/ritikjindal/rtl-ai-project/runs/bm_butterfly_optimize_20260912T194321Z/attempt_1/candidate_3/formal/equiv] engine_0.basecase: starting process "cd /Users/ritikjindal/rtl-ai-project/runs/bm_butterfly_optimize_20260912T194321Z/attempt_1/candidate_3/formal/equiv; yosys-smtbmc --presat --unroll --noprogress -t 20  --append 0 --dump-vcd engine_0/trace.vcd --dump-yw engine_0/trace.yw --dump-vlogtb engine_0/trace_tb.v --dump-smtc engine_0/trace.smtc model/design_smt2.smt2"
SBY  1:18:55 [/Users/ritikjindal/rtl-ai-project/runs/bm_butterfly_optimize_20260912T194321Z/attempt_1/candidate_3/formal/equiv] engine_0.induction: starting process "cd /Users/ritikjindal/rtl-ai-project/runs/bm_butterfly_optimize_20260912T194321Z/attempt_1/candidate_3/formal/equiv; yosys-smtbmc --presat --unroll -i --noprogress -t 20  --append 0 --dump-vcd engine_0/trace_induct.vcd --dump-yw engine_0/trace_induct.yw --dump-vlogtb engine_0/trace_induct_tb.v --dump-smtc engine_0/trace_induct.smtc model/design_smt2.smt2"
SBY  1:18:55 [/Users/ritikjindal/rtl-ai-project/runs/bm_butterfly_optimize_20260912T194321Z/attempt_1/candidate_3/formal/equiv] engine_0.basecase: ##   0:00:00  Solver: yices
SBY  1:18:55 [/Users/ritikjindal/rtl-ai-project/runs/bm_butterfly_optimize_20260912T194321Z/attempt_1/candidate_3/formal/equiv] engine_0.induction: ##   0:00:00  Solver: yices
SBY  1:18:55 [/Users/ritikjindal/rtl-ai-project/runs/bm_butterfly_optimize_20260912T194321Z/attempt_1/candidate_3/formal/equiv] engine_0.basecase: ##   0:00:00  Checking assumptions in step 0..
SBY  1:18:55 [/Users/ritikjindal/rtl-ai-project/runs/bm_butterfly_optimize_20260912T194321Z/attempt_1/candidate_3/formal/equiv] engine_0.induction: ##   0:00:00  Trying induction in step 20..
SBY  1:18:55 [/Users/ritikjindal/rtl-ai-project/runs/bm_butterfly_optimize_20260912T194321Z/attempt_1/candidate_3/formal/equiv] engine_0.basecase: ##   0:00:00  Checking assertions in step 0..
SBY  1:18:55 [/Users/ritikjindal/rtl-ai-project/runs/bm_butterfly_optimize_20260912T194321Z/attempt_1/candidate_3/formal/equiv] engine_0.induction: ##   0:00:00  Trying induction in step 19..
SBY  1:18:55 [/Users/ritikjindal/rtl-ai-project/runs/bm_butterfly_optimize_20260912T194321Z/attempt_1/candidate_3/formal/equiv] engine_0.basecase: ##   0:00:00  Checking assumptions in step 1..
SBY  1:18:55 [/Users/ritikjindal/rtl-ai-project/runs/bm_butterfly_optimize_20260912T194321Z/attempt_1/candidate_3/formal/equiv] engine_0.basecase: ##   0:00:00  Checking assertions in step 1..
SBY  1:18:55 [/Users/ritikjindal/rtl-ai-project/runs/bm_butterfly_optimize_20260912T194321Z/attempt_1/candidate_3/formal/equiv] engine_0.induction: ##   0:00:00  Trying induction in step 18..
SBY  1:18:55 [/Users/ritikjindal/rtl-ai-project/runs/bm_butterfly_optimize_20260912T194321Z/attempt_1/candidate_3/formal/equiv] engine_0.basecase: ##   0:00:00  Checking assumptions in step 2..
SBY  1:18:55 [/Users/ritikjindal/rtl-ai-project/runs/bm_butterfly_optimize_20260912T194321Z/attempt_1/candidate_3/formal/equiv] engine_0.basecase: ##   0:00:00  Checking assertions in step 2..
SBY  1:18:55 [/Users/ritikjindal/rtl-ai-project/runs/bm_butterfly_optimize_20260912T194321Z/attempt_1/candidate_3/formal/equiv] engine_0.induction: ##   0:00:00  Trying induction in step 17..
SBY  1:18:55 [/Users/ritikjindal/rtl-ai-project/runs/bm_butterfly_optimize_20260912T194321Z/attempt_1/candidate_3/formal/equiv] engine_0.basecase: ##   0:00:00  Checking assumptions in step 3..
SBY  1:18:55 [/Users/ritikjindal/rtl-ai-project/runs/bm_butterfly_optimize_20260912T194321Z/attempt_1/candidate_3/formal/equiv] engine_0.basecase: ##   0:00:00  Checking assertions in step 3..
SBY  1:18:55 [/Users/ritikjindal/rtl-ai-project/runs/bm_butterfly_optimize_20260912T194321Z/attempt_1/candidate_3/formal/equiv] engine_0.basecase: ##   0:00:00  Checking assumptions in step 4..
SBY  1:18:55 [/Users/ritikjindal/rtl-ai-project/runs/bm_butterfly_optimize_20260912T194321Z/attempt_1/candidate_3/formal/equiv] engine_0.basecase: ##   0:00:00  Checking assertions in step 4..
SBY  1:18:55 [/Users/ritikjindal/rtl-ai-project/runs/bm_butterfly_optimize_20260912T194321Z/attempt_1/candidate_3/formal/equiv] engine_0.basecase: ##   0:00:00  Checking assumptions in step 5..
SBY  1:18:55 [/Users/ritikjindal/rtl-ai-project/runs/bm_butterfly_optimize_20260912T194321Z/attempt_1/candidate_3/formal/equiv] engine_0.basecase: ##   0:00:00  Checking assertions in step 5..
SBY  1:18:55 [/Users/ritikjindal/rtl-ai-project/runs/bm_butterfly_optimize_20260912T194321Z/attempt_1/candidate_3/formal/equiv] engine_0.induction: ##   0:00:00  Trying induction in step 16..
SBY  1:18:55 [/Users/ritikjindal/rtl-ai-project/runs/bm_butterfly_optimize_20260912T194321Z/attempt_1/candidate_3/formal/equiv] engine_0.basecase: ##   0:00:00  Checking assumptions in step 6..
SBY  1:18:55 [/Users/ritikjindal/rtl-ai-project/runs/bm_butterfly_optimize_20260912T194321Z/attempt_1/candidate_3/formal/equiv] engine_0.basecase: ##   0:00:00  Checking assertions in step 6..
SBY  1:18:58 [/Users/ritikjindal/rtl-ai-project/runs/bm_butterfly_optimize_20260912T194321Z/attempt_1/candidate_3/formal/equiv] engine_0.basecase: ##   0:00:02  Checking assumptions in step 7..
SBY  1:18:58 [/Users/ritikjindal/rtl-ai-project/runs/bm_butterfly_optimize_20260912T194321Z/attempt_1/candidate_3/formal/equiv] engine_0.basecase: ##   0:00:02  Checking assertions in step 7..
SBY  1:18:58 [/Users/ritikjindal/rtl-ai-project/runs/bm_butterfly_optimize_20260912T194321Z/attempt_1/candidate_3/formal/equiv] engine_0.basecase: ##   0:00:02  Checking assumptions in step 8..
SBY  1:18:58 [/Users/ritikjindal/rtl-ai-project/runs/bm_butterfly_optimize_20260912T194321Z/attempt_1/candidate_3/formal/equiv] engine_0.basecase: ##   0:00:02  Checking assertions in step 8..
SBY  1:18:59 [/Users/ritikjindal/rtl-ai-project/runs/bm_butterfly_optimize_20260912T194321Z/attempt_1/candidate_3/formal/equiv] engine_0.basecase: ##   0:00:03  Checking assumptions in step 9..
SBY  1:18:59 [/Users/ritikjindal/rtl-ai-project/runs/bm_butterfly_optimize_20260912T194321Z/attempt_1/candidate_3/formal/equiv] engine_0.basecase: ##   0:00:03  Checking assertions in step 9..
SBY  1:19:01 [/Users/ritikjindal/rtl-ai-project/runs/bm_butterfly_optimize_20260912T194321Z/attempt_1/candidate_3/formal/equiv] engine_0.basecase: ##   0:00:06  Checking assumptions in step 10..
SBY  1:19:01 [/Users/ritikjindal/rtl-ai-project/runs/bm_butterfly_optimize_20260912T194321Z/attempt_1/candidate_3/formal/equiv] engine_0.basecase: ##   0:00:06  Checking assertions in step 10..
SBY  1:19:02 [/Users/ritikjindal/rtl-ai-project/runs/bm_butterfly_optimize_20260912T194321Z/attempt_1/candidate_3/formal/equiv] engine_0.basecase: ##   0:00:07  Checking assumptions in step 11..
SBY  1:19:02 [/Users/ritikjindal/rtl-ai-project/runs/bm_butterfly_optimize_20260912T194321Z/attempt_1/candidate_3/formal/equiv] engine_0.basecase: ##   0:00:07  Checking assertions in step 11..
SBY  1:19:04 [/Users/ritikjindal/rtl-ai-project/runs/bm_butterfly_optimize_20260912T194321Z/attempt_1/candidate_3/formal/equiv] engine_0.basecase: ##   0:00:08  Checking assumptions in step 12..
SBY  1:19:04 [/Users/ritikjindal/rtl-ai-project/runs/bm_butterfly_optimize_20260912T194321Z/attempt_1/candidate_3/formal/equiv] engine_0.basecase: ##   0:00:08  Checking assertions in step 12..
SBY  1:19:05 [/Users/ritikjindal/rtl-ai-project/runs/bm_butterfly_optimize_20260912T194321Z/attempt_1/candidate_3/formal/equiv] engine_0.basecase: ##   0:00:10  Checking assumptions in step 13..
SBY  1:19:05 [/Users/ritikjindal/rtl-ai-project/runs/bm_butterfly_optimize_20260912T194321Z/attempt_1/candidate_3/formal/equiv] engine_0.basecase: ##   0:00:10  Checking assertions in step 13..
SBY  1:19:07 [/Users/ritikjindal/rtl-ai-project/runs/bm_butterfly_optimize_20260912T194321Z/attempt_1/candidate_3/formal/equiv] engine_0.basecase: ##   0:00:11  Checking assumptions in step 14..
SBY  1:19:07 [/Users/ritikjindal/rtl-ai-project/runs/bm_butterfly_optimize_20260912T194321Z/attempt_1/candidate_3/formal/equiv] engine_0.basecase: ##   0:00:11  Checking assertions in step 14..
SBY  1:19:09 [/Users/ritikjindal/rtl-ai-project/runs/bm_butterfly_optimize_20260912T194321Z/attempt_1/candidate_3/formal/equiv] engine_0.basecase: ##   0:00:13  Checking assumptions in step 15..
SBY  1:19:09 [/Users/ritikjindal/rtl-ai-project/runs/bm_butterfly_optimize_20260912T194321Z/attempt_1/candidate_3/formal/equiv] engine_0.basecase: ##   0:00:13  Checking assertions in step 15..
SBY  1:19:10 [/Users/ritikjindal/rtl-ai-project/runs/bm_butterfly_optimize_20260912T194321Z/attempt_1/candidate_3/formal/equiv] engine_0.basecase: ##   0:00:15  Checking assumptions in step 16..
SBY  1:19:10 [/Users/ritikjindal/rtl-ai-project/runs/bm_butterfly_optimize_20260912T194321Z/attempt_1/candidate_3/formal/equiv] engine_0.basecase: ##   0:00:15  Checking assertions in step 16..
SBY  1:19:11 [/Users/ritikjindal/rtl-ai-project/runs/bm_butterfly_optimize_20260912T194321Z/attempt_1/candidate_3/formal/equiv] engine_0.basecase: ##   0:00:16  Checking assumptions in step 17..
SBY  1:19:11 [/Users/ritikjindal/rtl-ai-project/runs/bm_butterfly_optimize_20260912T194321Z/attempt_1/candidate_3/formal/equiv] engine_0.basecase: ##   0:00:16  Checking assertions in step 17..
SBY  1:19:14 [/Users/ritikjindal/rtl-ai-project/runs/bm_butterfly_optimize_20260912T194321Z/attempt_1/candidate_3/formal/equiv] engine_0.basecase: ##   0:00:18  Checking assumptions in step 18..
SBY  1:19:14 [/Users/ritikjindal/rtl-ai-project/runs/bm_butterfly_optimize_20260912T194321Z/attempt_1/candidate_3/formal/equiv] engine_0.basecase: ##   0:00:18  Checking assertions in step 18..
SBY  1:19:16 [/Users/ritikjindal/rtl-ai-project/runs/bm_butterfly_optimize_20260912T194321Z/attempt_1/candidate_3/formal/equiv] engine_0.basecase: ##   0:00:20  Checking assumptions in step 19..
SBY  1:19:16 [/Users/ritikjindal/rtl-ai-project/runs/bm_butterfly_optimize_20260912T194321Z/attempt_1/candidate_3/formal/equiv] engine_0.basecase: ##   0:00:21  Checking assertions in step 19..
SBY  1:19:18 [/Users/ritikjindal/rtl-ai-project/runs/bm_butterfly_optimize_20260912T194321Z/attempt_1/candidate_3/formal/equiv] engine_0.basecase: ##   0:00:23  Status: passed
SBY  1:19:18 [/Users/ritikjindal/rtl-ai-project/runs/bm_butterfly_optimize_20260912T194321Z/attempt_1/candidate_3/formal/equiv] engine_0.basecase: finished (returncode=0)
SBY  1:19:18 [/Users/ritikjindal/rtl-ai-project/runs/bm_butterfly_optimize_20260912T194321Z/attempt_1/candidate_3/formal/equiv] engine_0.basecase: Status returned by engine for basecase: pass
SBY  1:19:55 [/Users/ritikjindal/rtl-ai-project/runs/bm_butterfly_optimize_20260912T194321Z/attempt_1/candidate_3/formal/equiv] engine_0.induction: ##   0:01:00  waiting for solver (1 minute)
SBY  1:23:55 [/Users/ritikjindal/rtl-ai-project/runs/bm_butterfly_optimize_20260912T194321Z/attempt_1/candidate_3/formal/equiv] engine_0.induction: ##   0:05:00  waiting for solver (5 minutes)
SBY  1:23:56 [/Users/ritikjindal/rtl-ai-project/runs/bm_butterfly_optimize_20260912T194321Z/attempt_1/candidate_3/formal/equiv] Reached TIMEOUT (300 seconds). Terminating all subprocesses.
SBY  1:23:56 [/Users/ritikjindal/rtl-ai-project/runs/bm_butterfly_optimize_20260912T194321Z/attempt_1/candidate_3/formal/equiv] engine_0.induction: terminating process
SBY  1:23:56 [/Users/ritikjindal/rtl-ai-project/runs/bm_butterfly_optimize_20260912T194321Z/attempt_1/candidate_3/formal/equiv] summary: Elapsed clock time [H:MM:SS (secs)]: 0:05:01 (301)
SBY  1:23:56 [/Users/ritikjindal/rtl-ai-project/runs/bm_butterfly_optimize_20260912T194321Z/attempt_1/candidate_3/formal/equiv] summary: Elapsed process time [H:MM:SS (secs)]: 0:00:23 (23)
SBY  1:23:56 [/Users/ritikjindal/rtl-ai-project/runs/bm_butterfly_optimize_20260912T194321Z/attempt_1/candidate_3/formal/equiv] summary: engine_0 (smtbmc) returned pass for basecase
SBY  1:23:56 [/Users/ritikjindal/rtl-ai-project/runs/bm_butterfly_optimize_20260912T194321Z/attempt_1/candidate_3/formal/equiv] summary: engine_0 did not produce any traces
SBY  1:23:56 [/Users/ritikjindal/rtl-ai-project/runs/bm_butterfly_optimize_20260912T194321Z/attempt_1/candidate_3/formal/equiv] DONE (TIMEOUT, rc=8)
