Startpoint: _95398_ (rising edge-triggered flip-flop clocked by clk_a)
Endpoint: _95049_ (rising edge-triggered flip-flop clocked by clk_a)
Path Group: clk_a
Path Type: max

  Delay    Time   Description
---------------------------------------------------------
   0.00    0.00   clock clk_a (rise edge)
   0.00    0.00   clock network delay (ideal)
   0.00    0.00 ^ _95398_/CK (DFF_X1)
   0.16    0.16 ^ _95398_/Q (DFF_X1)
   0.12    0.27 v _51017_/ZN (NAND2_X1)
   0.08    0.36 v _59979_/Z (XOR2_X1)
   0.05    0.41 v _59980_/ZN (XNOR2_X1)
   0.06    0.47 v _60007_/Z (XOR2_X1)
   0.05    0.53 v _60026_/ZN (XNOR2_X1)
   0.06    0.59 v _60027_/Z (XOR2_X1)
   0.08    0.66 v _60043_/ZN (OR3_X1)
   0.04    0.70 v _60044_/ZN (AND2_X1)
   0.05    0.75 ^ _60056_/ZN (NOR3_X1)
   0.02    0.76 v _60057_/ZN (NOR2_X1)
   0.04    0.81 ^ _60058_/ZN (AOI21_X1)
   0.02    0.83 v _60059_/ZN (NOR3_X1)
   0.08    0.90 v _60116_/ZN (OR3_X1)
   0.04    0.94 v _60117_/ZN (AND2_X1)
   0.06    1.00 v _60140_/Z (XOR2_X1)
   0.08    1.08 v _60662_/ZN (OR3_X1)
   0.04    1.11 v _60663_/ZN (AND2_X1)
   0.05    1.16 v _60689_/Z (XOR2_X1)
   0.03    1.20 v _60690_/ZN (AND2_X1)
   0.04    1.24 ^ _60691_/ZN (AOI21_X1)
   0.03    1.27 ^ _60693_/ZN (OR2_X1)
   0.02    1.29 v _60694_/ZN (NAND2_X1)
   0.03    1.32 v _60696_/ZN (AND2_X1)
   0.03    1.35 ^ _60697_/ZN (NOR2_X1)
   0.01    1.37 v _60698_/ZN (NOR2_X1)
   0.04    1.41 ^ _60699_/ZN (AOI21_X1)
   0.01    1.42 v _60700_/ZN (NOR2_X1)
   0.06    1.48 v _60701_/ZN (OR2_X1)
   0.02    1.50 ^ _60702_/ZN (NAND2_X1)
   0.02    1.51 v _60703_/ZN (NAND2_X1)
   0.03    1.55 v _60704_/ZN (AND2_X1)
   0.03    1.58 ^ _60705_/ZN (NOR2_X1)
   0.01    1.59 v _60706_/ZN (NOR2_X1)
   0.04    1.64 ^ _60707_/ZN (AOI21_X1)
   0.01    1.65 v _60709_/ZN (NOR2_X1)
   0.05    1.70 v _60710_/ZN (OR2_X1)
   0.03    1.73 v _60715_/ZN (AND2_X1)
   0.04    1.77 ^ _93632_/ZN (AOI21_X1)
   0.01    1.78 v _93633_/ZN (NOR2_X1)
   0.00    1.78 v _95049_/D (DFF_X1)
           1.78   data arrival time

   1.50    1.50   clock clk_a (rise edge)
   0.00    1.50   clock network delay (ideal)
  -0.05    1.45   clock uncertainty
   0.00    1.45   clock reconvergence pessimism
           1.45 ^ _95049_/CK (DFF_X1)
  -0.06    1.39   library setup time
           1.39   data required time
---------------------------------------------------------
           1.39   data required time
          -1.78   data arrival time
---------------------------------------------------------
          -0.39   slack (VIOLATED)


Startpoint: _94757_ (rising edge-triggered flip-flop clocked by clk_b)
Endpoint: _94860_ (rising edge-triggered flip-flop clocked by clk_b)
Path Group: clk_b
Path Type: max

  Delay    Time   Description
---------------------------------------------------------
   0.00    0.00   clock clk_b (rise edge)
   0.00    0.00   clock network delay (ideal)
   0.00    0.00 ^ _94757_/CK (DFF_X1)
   0.46    0.46 ^ _94757_/Q (DFF_X1)
   0.23    0.69 v _47911_/ZN (INV_X1)
   0.06    0.75 ^ _64372_/ZN (NAND3_X1)
   0.03    0.78 v _64373_/ZN (OAI21_X1)
   0.06    0.83 ^ _64374_/ZN (AOI21_X1)
   0.03    0.86 v _64376_/ZN (XNOR2_X1)
   0.07    0.93 v _64378_/Z (XOR2_X1)
   0.06    1.00 v _64458_/ZN (OR3_X1)
   0.04    1.03 v _64459_/ZN (AND2_X1)
   0.06    1.09 v _64505_/Z (XOR2_X1)
   0.03    1.12 ^ _64506_/ZN (OAI21_X1)
   0.02    1.14 v _64507_/ZN (AOI21_X1)
   0.05    1.19 ^ _64508_/ZN (OAI21_X1)
   0.02    1.21 v _64509_/ZN (AOI21_X1)
   0.02    1.23 ^ _64510_/ZN (INV_X1)
   0.01    1.24 v _64513_/ZN (NOR2_X1)
   0.08    1.33 ^ _64514_/ZN (AOI211_X1)
   0.06    1.39 ^ _64522_/Z (XOR2_X1)
   0.03    1.42 v _64668_/ZN (XNOR2_X1)
   0.09    1.51 v _64815_/Z (XOR2_X1)
   0.05    1.56 v _64817_/ZN (XNOR2_X1)
   0.06    1.62 ^ _64818_/ZN (NOR2_X1)
   0.02    1.64 v _64827_/ZN (AOI21_X1)
   0.07    1.71 v _64828_/ZN (XNOR2_X1)
   0.07    1.77 v _64830_/Z (XOR2_X1)
   0.06    1.83 v _65092_/Z (XOR2_X1)
   0.05    1.88 v _65094_/ZN (XNOR2_X1)
   0.13    2.00 ^ _65095_/ZN (NOR4_X1)
   0.03    2.04 v _65100_/ZN (OAI21_X1)
   0.05    2.08 ^ _65101_/ZN (OAI21_X1)
   0.02    2.10 v _65102_/ZN (AOI21_X1)
   0.00    2.10 v _94860_/D (DFF_X1)
           2.10   data arrival time

   1.45    1.45   clock clk_b (rise edge)
   0.00    1.45   clock network delay (ideal)
  -0.05    1.40   clock uncertainty
   0.00    1.40   clock reconvergence pessimism
           1.40 ^ _94860_/CK (DFF_X1)
  -0.05    1.35   library setup time
           1.35   data required time
---------------------------------------------------------
           1.35   data required time
          -2.10   data arrival time
---------------------------------------------------------
          -0.75   slack (VIOLATED)


Startpoint: _94615_ (rising edge-triggered flip-flop clocked by clk_c)
Endpoint: _94606_ (rising edge-triggered flip-flop clocked by clk_c)
Path Group: clk_c
Path Type: max

  Delay    Time   Description
---------------------------------------------------------
   0.00    0.00   clock clk_c (rise edge)
   0.00    0.00   clock network delay (ideal)
   0.00    0.00 ^ _94615_/CK (DFF_X1)
   0.90    0.90 ^ _94615_/Q (DFF_X1)
   0.39    1.29 v _47896_/ZN (INV_X1)
   0.17    1.46 ^ _73897_/ZN (NOR3_X1)
   0.02    1.47 v _73898_/ZN (NOR2_X1)
   0.07    1.54 ^ _73900_/ZN (XNOR2_X1)
   0.05    1.59 ^ _73901_/ZN (XNOR2_X1)
   0.05    1.64 ^ _73919_/ZN (XNOR2_X1)
   0.06    1.71 ^ _73923_/Z (XOR2_X1)
   0.05    1.76 ^ _73928_/ZN (XNOR2_X1)
   0.05    1.81 ^ _73945_/ZN (XNOR2_X1)
   0.05    1.86 ^ _73991_/ZN (XNOR2_X1)
   0.06    1.92 ^ _73993_/Z (XOR2_X1)
   0.05    1.97 ^ _74409_/ZN (XNOR2_X1)
   0.05    2.02 ^ _74448_/ZN (XNOR2_X1)
   0.06    2.08 ^ _74502_/Z (XOR2_X1)
   0.05    2.13 ^ _74504_/Z (XOR2_X1)
   0.02    2.15 v _74524_/ZN (AOI21_X1)
   0.05    2.20 ^ _74525_/ZN (AOI21_X1)
   0.01    2.22 v _74526_/ZN (NOR2_X1)
   0.05    2.27 ^ _74527_/ZN (AOI21_X1)
   0.01    2.28 v _74528_/ZN (NOR2_X1)
   0.05    2.33 ^ _74529_/ZN (AOI21_X1)
   0.01    2.34 v _74531_/ZN (NOR2_X1)
   0.05    2.40 ^ _74532_/ZN (AOI21_X1)
   0.01    2.41 v _74534_/ZN (NOR2_X1)
   0.05    2.46 ^ _74535_/ZN (AOI21_X1)
   0.01    2.47 v _74537_/ZN (NOR2_X1)
   0.05    2.52 ^ _74538_/ZN (AOI21_X1)
   0.03    2.55 ^ _74539_/ZN (OR2_X1)
   0.02    2.57 v _74540_/ZN (AOI21_X1)
   0.05    2.61 ^ _74541_/ZN (AOI21_X1)
   0.03    2.64 ^ _74543_/ZN (OR2_X1)
   0.02    2.66 v _74544_/ZN (AOI21_X1)
   0.05    2.71 ^ _74545_/ZN (AOI21_X1)
   0.03    2.74 ^ _74547_/ZN (OR2_X1)
   0.01    2.75 v _74549_/ZN (AOI21_X1)
   0.05    2.81 v _74550_/ZN (OR2_X1)
   0.02    2.83 ^ _74551_/ZN (OAI21_X1)
   0.04    2.87 ^ _74552_/ZN (AND2_X1)
   0.01    2.89 v _93527_/ZN (AOI21_X1)
   0.08    2.97 ^ _93529_/ZN (AOI211_X1)
   0.02    2.99 v _93530_/ZN (OAI21_X1)
   0.06    3.04 ^ _93531_/ZN (AOI21_X1)
   0.00    3.04 ^ _94606_/D (DFF_X1)
           3.04   data arrival time

   1.75    1.75   clock clk_c (rise edge)
   0.00    1.75   clock network delay (ideal)
  -0.05    1.70   clock uncertainty
   0.00    1.70   clock reconvergence pessimism
           1.70 ^ _94606_/CK (DFF_X1)
  -0.04    1.66   library setup time
           1.66   data required time
---------------------------------------------------------
           1.66   data required time
          -3.04   data arrival time
---------------------------------------------------------
          -1.38   slack (VIOLATED)


Startpoint: _94468_ (rising edge-triggered flip-flop clocked by clk_d)
Endpoint: _94448_ (rising edge-triggered flip-flop clocked by clk_d)
Path Group: clk_d
Path Type: max

  Delay    Time   Description
---------------------------------------------------------
   0.00    0.00   clock clk_d (rise edge)
   0.00    0.00   clock network delay (ideal)
   0.00    0.00 ^ _94468_/CK (DFF_X1)
   0.23    0.23 ^ _94468_/Q (DFF_X1)
   0.08    0.32 v _79050_/ZN (NAND2_X1)
   0.05    0.37 ^ _79085_/ZN (NOR2_X1)
   0.04    0.40 ^ _79110_/ZN (OR3_X1)
   0.08    0.48 ^ _79132_/ZN (AND4_X1)
   0.03    0.51 ^ _79138_/ZN (OR3_X1)
   0.05    0.56 ^ _79153_/ZN (AND3_X1)
   0.01    0.58 v _79162_/ZN (NOR2_X1)
   0.06    0.64 v _79170_/Z (XOR2_X1)
   0.12    0.76 ^ _79171_/ZN (OAI33_X1)
   0.01    0.77 v _79172_/ZN (NOR2_X1)
   0.05    0.82 ^ _79173_/ZN (NOR2_X1)
   0.02    0.84 v _79174_/ZN (AOI21_X1)
   0.05    0.89 ^ _79175_/ZN (OAI21_X1)
   0.12    1.01 ^ _79578_/Z (XOR2_X1)
   0.03    1.04 v _79579_/ZN (INV_X1)
   0.05    1.09 v _79580_/ZN (XNOR2_X1)
   0.03    1.12 ^ _79636_/ZN (OAI211_X1)
   0.03    1.15 v _79637_/ZN (OAI21_X1)
   0.05    1.20 v _79659_/ZN (XNOR2_X1)
   0.04    1.24 v _79662_/ZN (XNOR2_X1)
   0.06    1.31 v _79746_/ZN (OR3_X1)
   0.04    1.34 v _79747_/ZN (AND2_X1)
   0.06    1.40 v _79807_/Z (XOR2_X1)
   0.06    1.46 v _79824_/Z (XOR2_X1)
   0.04    1.50 v _79825_/ZN (XNOR2_X1)
   0.07    1.57 v _79892_/ZN (OR3_X1)
   0.02    1.60 ^ _79893_/ZN (NAND2_X1)
   0.02    1.62 v _79942_/ZN (XNOR2_X1)
   0.08    1.70 v _79962_/ZN (OR3_X1)
   0.02    1.72 ^ _79963_/ZN (NAND2_X1)
   0.04    1.76 ^ _80032_/ZN (XNOR2_X1)
   0.05    1.81 ^ _80093_/ZN (XNOR2_X1)
   0.05    1.86 ^ _80164_/ZN (XNOR2_X1)
   0.01    1.87 v _80165_/ZN (NOR2_X1)
   0.05    1.93 v _80166_/ZN (OR2_X1)
   0.03    1.96 v _80168_/ZN (AND2_X1)
   0.04    2.00 ^ _80169_/ZN (AOI21_X1)
   0.01    2.02 v _80170_/ZN (NOR2_X1)
   0.05    2.07 v _80171_/ZN (OR2_X1)
   0.03    2.10 v _80173_/ZN (AND2_X1)
   0.04    2.14 ^ _80174_/ZN (NOR2_X1)
   0.02    2.16 v _80175_/ZN (OAI21_X1)
   0.04    2.20 v _80190_/ZN (AND2_X1)
   0.08    2.28 ^ _80197_/ZN (AOI221_X1)
   0.01    2.29 v _80198_/ZN (NOR2_X1)
   0.00    2.29 v _94448_/D (DFF_X1)
           2.29   data arrival time

   1.70    1.70   clock clk_d (rise edge)
   0.00    1.70   clock network delay (ideal)
  -0.05    1.65   clock uncertainty
   0.00    1.65   clock reconvergence pessimism
           1.65 ^ _94448_/CK (DFF_X1)
  -0.05    1.60   library setup time
           1.60   data required time
---------------------------------------------------------
           1.60   data required time
          -2.29   data arrival time
---------------------------------------------------------
          -0.69   slack (VIOLATED)


Startpoint: _95835_ (rising edge-triggered flip-flop clocked by clk_e)
Endpoint: _94166_ (rising edge-triggered flip-flop clocked by clk_e)
Path Group: clk_e
Path Type: max

  Delay    Time   Description
---------------------------------------------------------
   0.00    0.00   clock clk_e (rise edge)
   0.00    0.00   clock network delay (ideal)
   0.00    0.00 ^ _95835_/CK (DFF_X1)
   0.57    0.57 ^ _95835_/Q (DFF_X1)
   0.66    1.22 v _47921_/ZN (INV_X1)
   0.15    1.38 ^ _88941_/ZN (NOR2_X1)
   0.01    1.39 v _88942_/ZN (INV_X1)
   0.04    1.43 ^ _88957_/ZN (AOI21_X1)
   0.03    1.46 v _88960_/ZN (OAI21_X1)
   0.06    1.51 ^ _88961_/ZN (AOI21_X1)
   0.04    1.55 v _88966_/ZN (OAI211_X1)
   0.03    1.58 ^ _88985_/ZN (NAND3_X1)
   0.03    1.61 v _88986_/ZN (OAI22_X1)
   0.05    1.67 v _89125_/ZN (XNOR2_X1)
   0.05    1.71 v _89126_/ZN (XNOR2_X1)
   0.07    1.78 v _89127_/Z (MUX2_X1)
   0.05    1.82 v _89129_/ZN (XNOR2_X1)
   0.06    1.88 v _89245_/Z (XOR2_X1)
   0.07    1.95 v _89246_/Z (MUX2_X1)
   0.04    1.99 ^ _89249_/ZN (XNOR2_X1)
   0.04    2.03 ^ _89382_/ZN (XNOR2_X1)
   0.04    2.07 ^ _89383_/Z (MUX2_X1)
   0.03    2.10 v _89478_/ZN (NAND4_X1)
   0.07    2.17 ^ _89479_/ZN (NOR2_X1)
   0.02    2.19 v _89498_/ZN (NOR2_X1)
   0.04    2.23 v _89499_/ZN (XNOR2_X1)
   0.09    2.33 ^ _89603_/ZN (OAI33_X1)
   0.03    2.36 v _89604_/ZN (AOI21_X1)
   0.06    2.41 ^ _89605_/ZN (OAI21_X1)
   0.03    2.44 v _89607_/ZN (OAI211_X1)
   0.04    2.48 v _89872_/ZN (AND3_X1)
   0.05    2.53 v _89873_/ZN (OR2_X1)
   0.09    2.61 v _89874_/ZN (OR3_X1)
   0.03    2.64 v _89876_/ZN (AND2_X1)
   0.06    2.70 v _89877_/Z (MUX2_X1)
   0.05    2.76 ^ _89878_/ZN (XNOR2_X1)
   0.05    2.80 ^ _89880_/ZN (XNOR2_X1)
   0.03    2.83 v _89881_/ZN (OAI21_X1)
   0.07    2.91 ^ _90029_/ZN (AOI211_X1)
   0.05    2.96 ^ _90052_/Z (XOR2_X1)
   0.01    2.98 v _90053_/ZN (INV_X1)
   0.12    3.10 ^ _90054_/ZN (NOR4_X1)
   0.06    3.16 v _90112_/ZN (NAND4_X1)
   0.05    3.21 v _90131_/ZN (XNOR2_X1)
   0.07    3.27 ^ _90134_/ZN (AOI221_X1)
   0.03    3.31 ^ _90136_/ZN (OR3_X1)
   0.02    3.32 v _90137_/ZN (AOI21_X1)
   0.00    3.32 v _94166_/D (DFF_X1)
           3.32   data arrival time

   2.15    2.15   clock clk_e (rise edge)
   0.00    2.15   clock network delay (ideal)
  -0.05    2.10   clock uncertainty
   0.00    2.10   clock reconvergence pessimism
           2.10 ^ _94166_/CK (DFF_X1)
  -0.11    1.99   library setup time
           1.99   data required time
---------------------------------------------------------
           1.99   data required time
          -3.32   data arrival time
---------------------------------------------------------
          -1.33   slack (VIOLATED)


