Startpoint: refblk[8] (input port clocked by clk)
Endpoint: _14921_ (rising edge-triggered flip-flop clocked by clk)
Path Group: clk
Path Type: max

  Delay    Time   Description
---------------------------------------------------------
   0.00    0.00   clock clk (rise edge)
   0.00    0.00   clock network delay (ideal)
   0.50    0.50 ^ input external delay
   0.00    0.50 ^ refblk[8] (in)
   0.01    0.51 v _07848_/ZN (INV_X1)
   0.04    0.55 ^ _08164_/ZN (OAI22_X1)
   0.02    0.57 v _08166_/ZN (AOI21_X1)
   0.09    0.66 v _08169_/ZN (OR3_X1)
   0.05    0.71 ^ _08171_/ZN (AOI21_X1)
   0.04    0.75 v _08175_/ZN (OAI211_X1)
   0.09    0.84 ^ _08181_/ZN (AOI21_X1)
   0.07    0.90 v _08206_/Z (MUX2_X1)
   0.05    0.95 v _08207_/ZN (XNOR2_X1)
   0.06    1.01 v _08239_/Z (XOR2_X1)
   0.06    1.07 ^ _08311_/ZN (XNOR2_X1)
   0.07    1.13 ^ _08338_/Z (XOR2_X1)
   0.05    1.18 ^ _08395_/ZN (XNOR2_X1)
   0.06    1.25 ^ _08418_/Z (XOR2_X1)
   0.06    1.30 ^ _08475_/Z (XOR2_X1)
   0.06    1.37 ^ _08498_/Z (XOR2_X1)
   0.06    1.42 ^ _08556_/Z (XOR2_X1)
   0.06    1.49 ^ _08577_/Z (XOR2_X1)
   0.06    1.54 ^ _08637_/Z (XOR2_X1)
   0.06    1.61 ^ _08658_/Z (XOR2_X1)
   0.06    1.66 ^ _08717_/Z (XOR2_X1)
   0.06    1.73 ^ _08738_/Z (XOR2_X1)
   0.07    1.80 ^ _08797_/Z (XOR2_X1)
   0.07    1.87 ^ _08822_/Z (XOR2_X1)
   0.05    1.92 ^ _08879_/ZN (XNOR2_X1)
   0.06    1.98 ^ _08901_/Z (XOR2_X1)
   0.06    2.04 ^ _08961_/Z (XOR2_X1)
   0.06    2.10 ^ _08982_/Z (XOR2_X1)
   0.06    2.16 ^ _09041_/Z (XOR2_X1)
   0.06    2.22 ^ _09062_/Z (XOR2_X1)
   0.06    2.28 ^ _09120_/Z (XOR2_X1)
   0.06    2.34 ^ _09141_/Z (XOR2_X1)
   0.06    2.40 ^ _09200_/Z (XOR2_X1)
   0.06    2.46 ^ _09221_/Z (XOR2_X1)
   0.06    2.52 ^ _09279_/Z (XOR2_X1)
   0.06    2.58 ^ _09300_/Z (XOR2_X1)
   0.06    2.64 ^ _09360_/Z (XOR2_X1)
   0.06    2.70 ^ _09381_/Z (XOR2_X1)
   0.06    2.76 ^ _09438_/Z (XOR2_X1)
   0.06    2.82 ^ _09459_/Z (XOR2_X1)
   0.06    2.88 ^ _09517_/Z (XOR2_X1)
   0.06    2.94 ^ _09538_/Z (XOR2_X1)
   0.06    3.00 ^ _09595_/Z (XOR2_X1)
   0.06    3.06 ^ _09616_/Z (XOR2_X1)
   0.06    3.12 ^ _09672_/Z (XOR2_X1)
   0.06    3.18 ^ _09693_/Z (XOR2_X1)
   0.06    3.24 ^ _09751_/Z (XOR2_X1)
   0.06    3.30 ^ _09772_/Z (XOR2_X1)
   0.06    3.36 ^ _09832_/Z (XOR2_X1)
   0.06    3.42 ^ _09853_/Z (XOR2_X1)
   0.06    3.48 ^ _09911_/Z (XOR2_X1)
   0.06    3.54 ^ _09932_/Z (XOR2_X1)
   0.06    3.60 ^ _09990_/Z (XOR2_X1)
   0.06    3.66 ^ _10011_/Z (XOR2_X1)
   0.06    3.72 ^ _10068_/Z (XOR2_X1)
   0.06    3.78 ^ _10089_/Z (XOR2_X1)
   0.06    3.84 ^ _10147_/Z (XOR2_X1)
   0.06    3.90 ^ _10168_/Z (XOR2_X1)
   0.06    3.96 ^ _10226_/Z (XOR2_X1)
   0.06    4.02 ^ _10247_/Z (XOR2_X1)
   0.06    4.08 ^ _10303_/Z (XOR2_X1)
   0.06    4.15 ^ _10324_/Z (XOR2_X1)
   0.06    4.20 ^ _10382_/Z (XOR2_X1)
   0.06    4.27 ^ _10403_/Z (XOR2_X1)
   0.06    4.32 ^ _10463_/Z (XOR2_X1)
   0.06    4.39 ^ _10484_/Z (XOR2_X1)
   0.06    4.44 ^ _10541_/Z (XOR2_X1)
   0.06    4.51 ^ _10562_/Z (XOR2_X1)
   0.06    4.56 ^ _10620_/Z (XOR2_X1)
   0.06    4.63 ^ _10641_/Z (XOR2_X1)
   0.06    4.68 ^ _10699_/Z (XOR2_X1)
   0.06    4.75 ^ _10720_/Z (XOR2_X1)
   0.06    4.81 ^ _10777_/Z (XOR2_X1)
   0.06    4.87 ^ _10798_/Z (XOR2_X1)
   0.06    4.93 ^ _10854_/Z (XOR2_X1)
   0.06    4.99 ^ _10875_/Z (XOR2_X1)
   0.06    5.05 ^ _10936_/Z (XOR2_X1)
   0.06    5.11 ^ _10957_/Z (XOR2_X1)
   0.06    5.17 ^ _11016_/Z (XOR2_X1)
   0.06    5.23 ^ _11037_/Z (XOR2_X1)
   0.06    5.29 ^ _11094_/Z (XOR2_X1)
   0.06    5.35 ^ _11115_/Z (XOR2_X1)
   0.06    5.41 ^ _11173_/Z (XOR2_X1)
   0.06    5.47 ^ _11194_/Z (XOR2_X1)
   0.06    5.53 ^ _11254_/Z (XOR2_X1)
   0.06    5.59 ^ _11275_/Z (XOR2_X1)
   0.06    5.65 ^ _11332_/Z (XOR2_X1)
   0.06    5.71 ^ _11353_/Z (XOR2_X1)
   0.06    5.77 ^ _11409_/Z (XOR2_X1)
   0.06    5.83 ^ _11430_/Z (XOR2_X1)
   0.06    5.89 ^ _11488_/Z (XOR2_X1)
   0.06    5.95 ^ _11509_/Z (XOR2_X1)
   0.06    6.01 ^ _11566_/Z (XOR2_X1)
   0.06    6.07 ^ _11587_/Z (XOR2_X1)
   0.06    6.13 ^ _11643_/Z (XOR2_X1)
   0.06    6.19 ^ _11664_/Z (XOR2_X1)
   0.06    6.25 ^ _11722_/Z (XOR2_X1)
   0.06    6.31 ^ _11743_/Z (XOR2_X1)
   0.06    6.37 ^ _11803_/Z (XOR2_X1)
   0.06    6.43 ^ _11824_/Z (XOR2_X1)
   0.06    6.49 ^ _11881_/Z (XOR2_X1)
   0.06    6.55 ^ _11902_/Z (XOR2_X1)
   0.06    6.61 ^ _11961_/Z (XOR2_X1)
   0.06    6.67 ^ _11982_/Z (XOR2_X1)
   0.06    6.73 ^ _12042_/Z (XOR2_X1)
   0.06    6.79 ^ _12063_/Z (XOR2_X1)
   0.06    6.85 ^ _12119_/Z (XOR2_X1)
   0.06    6.92 ^ _12140_/Z (XOR2_X1)
   0.06    6.97 ^ _12197_/Z (XOR2_X1)
   0.06    7.04 ^ _12218_/Z (XOR2_X1)
   0.06    7.09 ^ _12278_/Z (XOR2_X1)
   0.06    7.16 ^ _12299_/Z (XOR2_X1)
   0.06    7.21 ^ _12356_/Z (XOR2_X1)
   0.06    7.28 ^ _12377_/Z (XOR2_X1)
   0.06    7.33 ^ _12434_/Z (XOR2_X1)
   0.06    7.40 ^ _12456_/Z (XOR2_X1)
   0.06    7.45 ^ _12511_/Z (XOR2_X1)
   0.06    7.52 ^ _12534_/Z (XOR2_X1)
   0.06    7.58 ^ _12592_/Z (XOR2_X1)
   0.06    7.64 ^ _12613_/Z (XOR2_X1)
   0.06    7.70 ^ _12670_/Z (XOR2_X1)
   0.06    7.76 ^ _12691_/Z (XOR2_X1)
   0.06    7.82 ^ _12750_/Z (XOR2_X1)
   0.06    7.88 ^ _12771_/Z (XOR2_X1)
   0.06    7.94 ^ _12832_/Z (XOR2_X1)
   0.06    8.00 ^ _12853_/Z (XOR2_X1)
   0.06    8.06 ^ _12913_/Z (XOR2_X1)
   0.06    8.12 ^ _12934_/Z (XOR2_X1)
   0.06    8.18 ^ _12993_/Z (XOR2_X1)
   0.02    8.20 v _13016_/Z (XOR2_X1)
   0.05    8.25 ^ _13017_/ZN (AOI21_X1)
   0.03    8.27 v _13018_/ZN (OAI21_X1)
   0.04    8.32 ^ _13020_/ZN (AOI21_X1)
   0.03    8.34 v _13021_/ZN (OAI21_X1)
   0.05    8.39 ^ _13654_/ZN (AOI21_X1)
   0.06    8.45 ^ _14192_/Z (XOR2_X1)
   0.06    8.52 ^ _14199_/Z (XOR2_X1)
   0.03    8.55 v _14293_/ZN (AOI21_X1)
   0.09    8.64 ^ _14700_/ZN (OAI33_X1)
   0.03    8.67 v _14703_/ZN (XNOR2_X1)
   0.14    8.81 ^ _14704_/ZN (NOR4_X1)
   0.02    8.83 v _14868_/ZN (AOI21_X1)
   0.06    8.89 ^ _14870_/ZN (AOI211_X1)
   0.00    8.89 ^ _14921_/D (DFF_X1)
           8.89   data arrival time

  10.00   10.00   clock clk (rise edge)
   0.00   10.00   clock network delay (ideal)
  -0.05    9.95   clock uncertainty
   0.00    9.95   clock reconvergence pessimism
           9.95 ^ _14921_/CK (DFF_X1)
  -0.04    9.91   library setup time
           9.91   data required time
---------------------------------------------------------
           9.91   data required time
          -8.89   data arrival time
---------------------------------------------------------
           1.02   slack (MET)


