Startpoint: _3574_ (rising edge-triggered flip-flop clocked by clk)
Endpoint: _3663_ (rising edge-triggered flip-flop clocked by clk)
Path Group: clk
Path Type: max

  Delay    Time   Description
---------------------------------------------------------
   0.00    0.00   clock clk (rise edge)
   0.00    0.00   clock network delay (ideal)
   0.00    0.00 ^ _3574_/CK (DFF_X1)
   0.41    0.41 ^ _3574_/Q (DFF_X1)
   0.07    0.48 v _2348_/ZN (NAND3_X1)
   0.08    0.56 v _2378_/Z (XOR2_X1)
   0.05    0.61 ^ _2379_/ZN (AOI21_X1)
   0.06    0.67 ^ _2382_/Z (XOR2_X1)
   0.06    0.73 ^ _2383_/Z (XOR2_X1)
   0.05    0.78 ^ _2406_/ZN (XNOR2_X1)
   0.06    0.84 ^ _2408_/Z (XOR2_X1)
   0.06    0.91 ^ _2426_/Z (XOR2_X1)
   0.06    0.97 ^ _2428_/Z (XOR2_X1)
   0.07    1.04 ^ _2511_/Z (XOR2_X1)
   0.01    1.05 v _2513_/ZN (NOR2_X1)
   0.05    1.11 ^ _2535_/ZN (AOI21_X1)
   0.05    1.16 ^ _3323_/ZN (XNOR2_X1)
   0.06    1.22 ^ _3326_/Z (XOR2_X1)
   0.06    1.28 ^ _3406_/Z (XOR2_X1)
   0.07    1.34 ^ _3408_/Z (XOR2_X1)
   0.03    1.37 v _3435_/ZN (AOI21_X1)
   0.05    1.42 ^ _3436_/ZN (OAI21_X1)
   0.03    1.45 v _3438_/ZN (AOI21_X1)
   0.05    1.50 ^ _3439_/ZN (OAI21_X1)
   0.03    1.53 v _3441_/ZN (AOI21_X1)
   0.05    1.57 ^ _3442_/ZN (OAI21_X1)
   0.03    1.60 v _3444_/ZN (AOI21_X1)
   0.05    1.65 ^ _3445_/ZN (OAI21_X1)
   0.03    1.67 v _3447_/ZN (AOI21_X1)
   0.05    1.72 ^ _3448_/ZN (OAI21_X1)
   0.03    1.75 v _3451_/ZN (AOI21_X1)
   0.06    1.81 ^ _3452_/ZN (OAI21_X1)
   0.05    1.85 v _3456_/ZN (NAND4_X1)
   0.08    1.93 ^ _3459_/ZN (NOR3_X1)
   0.05    1.97 ^ _3568_/ZN (XNOR2_X1)
   0.01    1.98 v _3569_/ZN (NOR2_X1)
   0.00    1.98 v _3663_/D (DFF_X1)
           1.98   data arrival time

  10.00   10.00   clock clk (rise edge)
   0.00   10.00   clock network delay (ideal)
  -0.10    9.90   clock uncertainty
   0.00    9.90   clock reconvergence pessimism
           9.90 ^ _3663_/CK (DFF_X1)
  -0.04    9.86   library setup time
           9.86   data required time
---------------------------------------------------------
           9.86   data required time
          -1.98   data arrival time
---------------------------------------------------------
           7.88   slack (MET)


