Startpoint: _09_ (rising edge-triggered flip-flop clocked by clk)
Endpoint: _11_ (rising edge-triggered flip-flop clocked by clk)
Path Group: clk
Path Type: max

  Delay    Time   Description
---------------------------------------------------------
   0.00    0.00   clock clk (rise edge)
   0.00    0.00   clock network delay (ideal)
   0.00    0.00 ^ _09_/CK (DFF_X1)
   0.08    0.08 v _09_/Q (DFF_X1)
   0.09    0.17 ^ _07_/ZN (NOR4_X1)
   0.01    0.18 v _08_/ZN (NOR2_X1)
   0.00    0.18 v _11_/D (DFF_X1)
           0.18   data arrival time

  10.00   10.00   clock clk (rise edge)
   0.00   10.00   clock network delay (ideal)
  -0.10    9.90   clock uncertainty
   0.00    9.90   clock reconvergence pessimism
           9.90 ^ _11_/CK (DFF_X1)
  -0.04    9.86   library setup time
           9.86   data required time
---------------------------------------------------------
           9.86   data required time
          -0.18   data arrival time
---------------------------------------------------------
           9.68   slack (MET)


