SBY 13:32:43 [/mnt/d/tushar/Downloads/RTL.ai/runs/vec_proc_optimize_20260911T133126Z/attempt_2/formal/equiv] Removing directory '/mnt/d/tushar/Downloads/RTL.ai/runs/vec_proc_optimize_20260911T133126Z/attempt_2/formal/equiv'.
SBY 13:32:43 [/mnt/d/tushar/Downloads/RTL.ai/runs/vec_proc_optimize_20260911T133126Z/attempt_2/formal/equiv] Copy '/mnt/d/tushar/Downloads/RTL.ai/runs/vec_proc_optimize_20260911T133126Z/attempt_2/formal/gold_gate.v' to '/mnt/d/tushar/Downloads/RTL.ai/runs/vec_proc_optimize_20260911T133126Z/attempt_2/formal/equiv/src/gold_gate.v'.
SBY 13:32:43 [/mnt/d/tushar/Downloads/RTL.ai/runs/vec_proc_optimize_20260911T133126Z/attempt_2/formal/equiv] Copy '/mnt/d/tushar/Downloads/RTL.ai/runs/vec_proc_optimize_20260911T133126Z/attempt_2/formal/eqcheck_wrapper.v' to '/mnt/d/tushar/Downloads/RTL.ai/runs/vec_proc_optimize_20260911T133126Z/attempt_2/formal/equiv/src/eqcheck_wrapper.v'.
SBY 13:32:43 [/mnt/d/tushar/Downloads/RTL.ai/runs/vec_proc_optimize_20260911T133126Z/attempt_2/formal/equiv] engine_0: smtbmc
SBY 13:32:43 [/mnt/d/tushar/Downloads/RTL.ai/runs/vec_proc_optimize_20260911T133126Z/attempt_2/formal/equiv] base: starting process "cd /mnt/d/tushar/Downloads/RTL.ai/runs/vec_proc_optimize_20260911T133126Z/attempt_2/formal/equiv/src; yosys -ql ../model/design.log ../model/design.ys"
SBY 13:32:43 [/mnt/d/tushar/Downloads/RTL.ai/runs/vec_proc_optimize_20260911T133126Z/attempt_2/formal/equiv] base: Warning: Encountered `parallel_case' comment! Such legacy hot comments are supported by Yosys, but are not part of any formal language specification. Using the Verilog `parallel_case' attribute or the SystemVerilog `unique' or `priority' keywords is recommended!
SBY 13:32:44 [/mnt/d/tushar/Downloads/RTL.ai/runs/vec_proc_optimize_20260911T133126Z/attempt_2/formal/equiv] base: finished (returncode=0)
SBY 13:32:44 [/mnt/d/tushar/Downloads/RTL.ai/runs/vec_proc_optimize_20260911T133126Z/attempt_2/formal/equiv] prep: starting process "cd /mnt/d/tushar/Downloads/RTL.ai/runs/vec_proc_optimize_20260911T133126Z/attempt_2/formal/equiv/model; yosys -ql design_prep.log design_prep.ys"
SBY 13:32:44 [/mnt/d/tushar/Downloads/RTL.ai/runs/vec_proc_optimize_20260911T133126Z/attempt_2/formal/equiv] prep: finished (returncode=0)
SBY 13:32:44 [/mnt/d/tushar/Downloads/RTL.ai/runs/vec_proc_optimize_20260911T133126Z/attempt_2/formal/equiv] smt2: starting process "cd /mnt/d/tushar/Downloads/RTL.ai/runs/vec_proc_optimize_20260911T133126Z/attempt_2/formal/equiv/model; yosys -ql design_smt2.log design_smt2.ys"
SBY 13:32:44 [/mnt/d/tushar/Downloads/RTL.ai/runs/vec_proc_optimize_20260911T133126Z/attempt_2/formal/equiv] smt2: finished (returncode=0)
SBY 13:32:44 [/mnt/d/tushar/Downloads/RTL.ai/runs/vec_proc_optimize_20260911T133126Z/attempt_2/formal/equiv] engine_0.basecase: starting process "cd /mnt/d/tushar/Downloads/RTL.ai/runs/vec_proc_optimize_20260911T133126Z/attempt_2/formal/equiv; yosys-smtbmc --presat --unroll --noprogress -t 20  --append 0 --dump-vcd engine_0/trace.vcd --dump-yw engine_0/trace.yw --dump-vlogtb engine_0/trace_tb.v --dump-smtc engine_0/trace.smtc model/design_smt2.smt2"
SBY 13:32:44 [/mnt/d/tushar/Downloads/RTL.ai/runs/vec_proc_optimize_20260911T133126Z/attempt_2/formal/equiv] engine_0.induction: starting process "cd /mnt/d/tushar/Downloads/RTL.ai/runs/vec_proc_optimize_20260911T133126Z/attempt_2/formal/equiv; yosys-smtbmc --presat --unroll -i --noprogress -t 20  --append 0 --dump-vcd engine_0/trace_induct.vcd --dump-yw engine_0/trace_induct.yw --dump-vlogtb engine_0/trace_induct_tb.v --dump-smtc engine_0/trace_induct.smtc model/design_smt2.smt2"
SBY 13:32:44 [/mnt/d/tushar/Downloads/RTL.ai/runs/vec_proc_optimize_20260911T133126Z/attempt_2/formal/equiv] engine_0.basecase: ##   0:00:00  Solver: yices
SBY 13:32:44 [/mnt/d/tushar/Downloads/RTL.ai/runs/vec_proc_optimize_20260911T133126Z/attempt_2/formal/equiv] engine_0.induction: ##   0:00:00  Solver: yices
SBY 13:32:45 [/mnt/d/tushar/Downloads/RTL.ai/runs/vec_proc_optimize_20260911T133126Z/attempt_2/formal/equiv] engine_0.basecase: ##   0:00:00  Checking assumptions in step 0..
SBY 13:32:45 [/mnt/d/tushar/Downloads/RTL.ai/runs/vec_proc_optimize_20260911T133126Z/attempt_2/formal/equiv] engine_0.basecase: ##   0:00:00  Checking assertions in step 0..
SBY 13:32:45 [/mnt/d/tushar/Downloads/RTL.ai/runs/vec_proc_optimize_20260911T133126Z/attempt_2/formal/equiv] engine_0.basecase: ##   0:00:00  Checking assumptions in step 1..
SBY 13:32:45 [/mnt/d/tushar/Downloads/RTL.ai/runs/vec_proc_optimize_20260911T133126Z/attempt_2/formal/equiv] engine_0.basecase: ##   0:00:00  Checking assertions in step 1..
SBY 13:32:45 [/mnt/d/tushar/Downloads/RTL.ai/runs/vec_proc_optimize_20260911T133126Z/attempt_2/formal/equiv] engine_0.basecase: ##   0:00:00  Checking assumptions in step 2..
SBY 13:32:45 [/mnt/d/tushar/Downloads/RTL.ai/runs/vec_proc_optimize_20260911T133126Z/attempt_2/formal/equiv] engine_0.basecase: ##   0:00:00  Checking assertions in step 2..
SBY 13:32:45 [/mnt/d/tushar/Downloads/RTL.ai/runs/vec_proc_optimize_20260911T133126Z/attempt_2/formal/equiv] engine_0.basecase: ##   0:00:00  Checking assumptions in step 3..
SBY 13:32:45 [/mnt/d/tushar/Downloads/RTL.ai/runs/vec_proc_optimize_20260911T133126Z/attempt_2/formal/equiv] engine_0.basecase: ##   0:00:00  Checking assertions in step 3..
SBY 13:32:45 [/mnt/d/tushar/Downloads/RTL.ai/runs/vec_proc_optimize_20260911T133126Z/attempt_2/formal/equiv] engine_0.basecase: ##   0:00:00  Checking assumptions in step 4..
SBY 13:32:45 [/mnt/d/tushar/Downloads/RTL.ai/runs/vec_proc_optimize_20260911T133126Z/attempt_2/formal/equiv] engine_0.basecase: ##   0:00:00  Checking assertions in step 4..
SBY 13:32:45 [/mnt/d/tushar/Downloads/RTL.ai/runs/vec_proc_optimize_20260911T133126Z/attempt_2/formal/equiv] engine_0.basecase: ##   0:00:00  Checking assumptions in step 5..
SBY 13:32:45 [/mnt/d/tushar/Downloads/RTL.ai/runs/vec_proc_optimize_20260911T133126Z/attempt_2/formal/equiv] engine_0.basecase: ##   0:00:00  Checking assertions in step 5..
SBY 13:32:45 [/mnt/d/tushar/Downloads/RTL.ai/runs/vec_proc_optimize_20260911T133126Z/attempt_2/formal/equiv] engine_0.basecase: ##   0:00:00  Checking assumptions in step 6..
SBY 13:32:45 [/mnt/d/tushar/Downloads/RTL.ai/runs/vec_proc_optimize_20260911T133126Z/attempt_2/formal/equiv] engine_0.basecase: ##   0:00:00  Checking assertions in step 6..
SBY 13:32:45 [/mnt/d/tushar/Downloads/RTL.ai/runs/vec_proc_optimize_20260911T133126Z/attempt_2/formal/equiv] engine_0.basecase: ##   0:00:00  Checking assumptions in step 7..
SBY 13:32:45 [/mnt/d/tushar/Downloads/RTL.ai/runs/vec_proc_optimize_20260911T133126Z/attempt_2/formal/equiv] engine_0.basecase: ##   0:00:00  Checking assertions in step 7..
SBY 13:32:45 [/mnt/d/tushar/Downloads/RTL.ai/runs/vec_proc_optimize_20260911T133126Z/attempt_2/formal/equiv] engine_0.basecase: ##   0:00:00  Checking assumptions in step 8..
SBY 13:32:45 [/mnt/d/tushar/Downloads/RTL.ai/runs/vec_proc_optimize_20260911T133126Z/attempt_2/formal/equiv] engine_0.basecase: ##   0:00:00  Checking assertions in step 8..
SBY 13:32:45 [/mnt/d/tushar/Downloads/RTL.ai/runs/vec_proc_optimize_20260911T133126Z/attempt_2/formal/equiv] engine_0.basecase: ##   0:00:00  Checking assumptions in step 9..
SBY 13:32:45 [/mnt/d/tushar/Downloads/RTL.ai/runs/vec_proc_optimize_20260911T133126Z/attempt_2/formal/equiv] engine_0.basecase: ##   0:00:00  Checking assertions in step 9..
SBY 13:32:45 [/mnt/d/tushar/Downloads/RTL.ai/runs/vec_proc_optimize_20260911T133126Z/attempt_2/formal/equiv] engine_0.basecase: ##   0:00:00  Checking assumptions in step 10..
SBY 13:32:45 [/mnt/d/tushar/Downloads/RTL.ai/runs/vec_proc_optimize_20260911T133126Z/attempt_2/formal/equiv] engine_0.basecase: ##   0:00:00  Checking assertions in step 10..
SBY 13:32:45 [/mnt/d/tushar/Downloads/RTL.ai/runs/vec_proc_optimize_20260911T133126Z/attempt_2/formal/equiv] engine_0.induction: ##   0:00:00  Trying induction in step 20..
SBY 13:32:45 [/mnt/d/tushar/Downloads/RTL.ai/runs/vec_proc_optimize_20260911T133126Z/attempt_2/formal/equiv] engine_0.induction: ##   0:00:00  Trying induction in step 19..
SBY 13:32:45 [/mnt/d/tushar/Downloads/RTL.ai/runs/vec_proc_optimize_20260911T133126Z/attempt_2/formal/equiv] engine_0.induction: ##   0:00:00  Trying induction in step 18..
SBY 13:32:45 [/mnt/d/tushar/Downloads/RTL.ai/runs/vec_proc_optimize_20260911T133126Z/attempt_2/formal/equiv] engine_0.induction: ##   0:00:00  Trying induction in step 17..
SBY 13:32:45 [/mnt/d/tushar/Downloads/RTL.ai/runs/vec_proc_optimize_20260911T133126Z/attempt_2/formal/equiv] engine_0.induction: ##   0:00:00  Trying induction in step 16..
SBY 13:32:45 [/mnt/d/tushar/Downloads/RTL.ai/runs/vec_proc_optimize_20260911T133126Z/attempt_2/formal/equiv] engine_0.induction: ##   0:00:00  Trying induction in step 15..
SBY 13:32:45 [/mnt/d/tushar/Downloads/RTL.ai/runs/vec_proc_optimize_20260911T133126Z/attempt_2/formal/equiv] engine_0.induction: ##   0:00:00  Trying induction in step 14..
SBY 13:32:45 [/mnt/d/tushar/Downloads/RTL.ai/runs/vec_proc_optimize_20260911T133126Z/attempt_2/formal/equiv] engine_0.induction: ##   0:00:00  Trying induction in step 13..
SBY 13:32:45 [/mnt/d/tushar/Downloads/RTL.ai/runs/vec_proc_optimize_20260911T133126Z/attempt_2/formal/equiv] engine_0.induction: ##   0:00:00  Trying induction in step 12..
SBY 13:32:45 [/mnt/d/tushar/Downloads/RTL.ai/runs/vec_proc_optimize_20260911T133126Z/attempt_2/formal/equiv] engine_0.basecase: ##   0:00:00  Checking assumptions in step 11..
SBY 13:32:45 [/mnt/d/tushar/Downloads/RTL.ai/runs/vec_proc_optimize_20260911T133126Z/attempt_2/formal/equiv] engine_0.induction: ##   0:00:00  Trying induction in step 11..
SBY 13:32:45 [/mnt/d/tushar/Downloads/RTL.ai/runs/vec_proc_optimize_20260911T133126Z/attempt_2/formal/equiv] engine_0.basecase: ##   0:00:00  Checking assertions in step 11..
SBY 13:32:45 [/mnt/d/tushar/Downloads/RTL.ai/runs/vec_proc_optimize_20260911T133126Z/attempt_2/formal/equiv] engine_0.induction: ##   0:00:00  Trying induction in step 10..
SBY 13:32:45 [/mnt/d/tushar/Downloads/RTL.ai/runs/vec_proc_optimize_20260911T133126Z/attempt_2/formal/equiv] engine_0.induction: ##   0:00:00  Trying induction in step 9..
SBY 13:32:45 [/mnt/d/tushar/Downloads/RTL.ai/runs/vec_proc_optimize_20260911T133126Z/attempt_2/formal/equiv] engine_0.induction: ##   0:00:00  Trying induction in step 8..
SBY 13:32:50 [/mnt/d/tushar/Downloads/RTL.ai/runs/vec_proc_optimize_20260911T133126Z/attempt_2/formal/equiv] engine_0.induction: ##   0:00:05  Trying induction in step 7..
SBY 13:32:57 [/mnt/d/tushar/Downloads/RTL.ai/runs/vec_proc_optimize_20260911T133126Z/attempt_2/formal/equiv] engine_0.basecase: ##   0:00:12  Checking assumptions in step 12..
SBY 13:32:57 [/mnt/d/tushar/Downloads/RTL.ai/runs/vec_proc_optimize_20260911T133126Z/attempt_2/formal/equiv] engine_0.basecase: ##   0:00:12  Checking assertions in step 12..
SBY 13:33:05 [/mnt/d/tushar/Downloads/RTL.ai/runs/vec_proc_optimize_20260911T133126Z/attempt_2/formal/equiv] engine_0.induction: ##   0:00:20  Temporal induction successful.
SBY 13:33:06 [/mnt/d/tushar/Downloads/RTL.ai/runs/vec_proc_optimize_20260911T133126Z/attempt_2/formal/equiv] engine_0.induction: ##   0:00:20  Status: passed
SBY 13:33:06 [/mnt/d/tushar/Downloads/RTL.ai/runs/vec_proc_optimize_20260911T133126Z/attempt_2/formal/equiv] engine_0.induction: finished (returncode=0)
SBY 13:33:06 [/mnt/d/tushar/Downloads/RTL.ai/runs/vec_proc_optimize_20260911T133126Z/attempt_2/formal/equiv] engine_0.induction: Status returned by engine for induction: pass
SBY 13:33:09 [/mnt/d/tushar/Downloads/RTL.ai/runs/vec_proc_optimize_20260911T133126Z/attempt_2/formal/equiv] engine_0.basecase: ##   0:00:24  Checking assumptions in step 13..
SBY 13:33:09 [/mnt/d/tushar/Downloads/RTL.ai/runs/vec_proc_optimize_20260911T133126Z/attempt_2/formal/equiv] engine_0.basecase: ##   0:00:24  Checking assertions in step 13..
SBY 13:33:23 [/mnt/d/tushar/Downloads/RTL.ai/runs/vec_proc_optimize_20260911T133126Z/attempt_2/formal/equiv] engine_0.basecase: ##   0:00:38  Checking assumptions in step 14..
SBY 13:33:23 [/mnt/d/tushar/Downloads/RTL.ai/runs/vec_proc_optimize_20260911T133126Z/attempt_2/formal/equiv] engine_0.basecase: ##   0:00:38  Checking assertions in step 14..
SBY 13:33:41 [/mnt/d/tushar/Downloads/RTL.ai/runs/vec_proc_optimize_20260911T133126Z/attempt_2/formal/equiv] engine_0.basecase: ##   0:00:56  Checking assumptions in step 15..
SBY 13:33:41 [/mnt/d/tushar/Downloads/RTL.ai/runs/vec_proc_optimize_20260911T133126Z/attempt_2/formal/equiv] engine_0.basecase: ##   0:00:56  Checking assertions in step 15..
SBY 13:34:02 [/mnt/d/tushar/Downloads/RTL.ai/runs/vec_proc_optimize_20260911T133126Z/attempt_2/formal/equiv] engine_0.basecase: ##   0:01:17  Checking assumptions in step 16..
SBY 13:34:02 [/mnt/d/tushar/Downloads/RTL.ai/runs/vec_proc_optimize_20260911T133126Z/attempt_2/formal/equiv] engine_0.basecase: ##   0:01:17  Checking assertions in step 16..
SBY 13:34:25 [/mnt/d/tushar/Downloads/RTL.ai/runs/vec_proc_optimize_20260911T133126Z/attempt_2/formal/equiv] engine_0.basecase: ##   0:01:40  Checking assumptions in step 17..
SBY 13:34:25 [/mnt/d/tushar/Downloads/RTL.ai/runs/vec_proc_optimize_20260911T133126Z/attempt_2/formal/equiv] engine_0.basecase: ##   0:01:40  Checking assertions in step 17..
SBY 13:35:04 [/mnt/d/tushar/Downloads/RTL.ai/runs/vec_proc_optimize_20260911T133126Z/attempt_2/formal/equiv] engine_0.basecase: ##   0:02:19  Checking assumptions in step 18..
SBY 13:35:04 [/mnt/d/tushar/Downloads/RTL.ai/runs/vec_proc_optimize_20260911T133126Z/attempt_2/formal/equiv] engine_0.basecase: ##   0:02:19  Checking assertions in step 18..
SBY 13:35:37 [/mnt/d/tushar/Downloads/RTL.ai/runs/vec_proc_optimize_20260911T133126Z/attempt_2/formal/equiv] engine_0.basecase: ##   0:02:52  Checking assumptions in step 19..
SBY 13:35:37 [/mnt/d/tushar/Downloads/RTL.ai/runs/vec_proc_optimize_20260911T133126Z/attempt_2/formal/equiv] engine_0.basecase: ##   0:02:52  Checking assertions in step 19..
SBY 13:36:18 [/mnt/d/tushar/Downloads/RTL.ai/runs/vec_proc_optimize_20260911T133126Z/attempt_2/formal/equiv] engine_0.basecase: ##   0:03:33  Status: passed
SBY 13:36:18 [/mnt/d/tushar/Downloads/RTL.ai/runs/vec_proc_optimize_20260911T133126Z/attempt_2/formal/equiv] engine_0.basecase: finished (returncode=0)
SBY 13:36:18 [/mnt/d/tushar/Downloads/RTL.ai/runs/vec_proc_optimize_20260911T133126Z/attempt_2/formal/equiv] engine_0.basecase: Status returned by engine for basecase: pass
SBY 13:36:18 [/mnt/d/tushar/Downloads/RTL.ai/runs/vec_proc_optimize_20260911T133126Z/attempt_2/formal/equiv] summary: Elapsed clock time [H:MM:SS (secs)]: 0:03:34 (214)
SBY 13:36:18 [/mnt/d/tushar/Downloads/RTL.ai/runs/vec_proc_optimize_20260911T133126Z/attempt_2/formal/equiv] summary: Elapsed process time [H:MM:SS (secs)]: 0:03:54 (234)
SBY 13:36:18 [/mnt/d/tushar/Downloads/RTL.ai/runs/vec_proc_optimize_20260911T133126Z/attempt_2/formal/equiv] summary: engine_0 (smtbmc) returned pass for basecase
SBY 13:36:18 [/mnt/d/tushar/Downloads/RTL.ai/runs/vec_proc_optimize_20260911T133126Z/attempt_2/formal/equiv] summary: engine_0 (smtbmc) returned pass for induction
SBY 13:36:18 [/mnt/d/tushar/Downloads/RTL.ai/runs/vec_proc_optimize_20260911T133126Z/attempt_2/formal/equiv] summary: engine_0 did not produce any traces
SBY 13:36:18 [/mnt/d/tushar/Downloads/RTL.ai/runs/vec_proc_optimize_20260911T133126Z/attempt_2/formal/equiv] summary: successful proof by k-induction.
SBY 13:36:18 [/mnt/d/tushar/Downloads/RTL.ai/runs/vec_proc_optimize_20260911T133126Z/attempt_2/formal/equiv] DONE (PASS, rc=0)
