Startpoint: refblk[8] (input port clocked by clk)
Endpoint: _14921_ (rising edge-triggered flip-flop clocked by clk)
Path Group: clk
Path Type: max

  Delay    Time   Description
---------------------------------------------------------
   0.00    0.00   clock clk (rise edge)
   0.00    0.00   clock network delay (ideal)
   0.30    0.30 ^ input external delay
   0.00    0.30 ^ refblk[8] (in)
   0.01    0.31 v _07848_/ZN (INV_X1)
   0.04    0.35 ^ _08164_/ZN (OAI22_X1)
   0.02    0.37 v _08166_/ZN (AOI21_X1)
   0.09    0.46 v _08169_/ZN (OR3_X1)
   0.05    0.51 ^ _08171_/ZN (AOI21_X1)
   0.04    0.55 v _08175_/ZN (OAI211_X1)
   0.09    0.64 ^ _08181_/ZN (AOI21_X1)
   0.07    0.70 v _08206_/Z (MUX2_X1)
   0.05    0.75 v _08207_/ZN (XNOR2_X1)
   0.06    0.81 v _08239_/Z (XOR2_X1)
   0.06    0.87 ^ _08311_/ZN (XNOR2_X1)
   0.07    0.93 ^ _08338_/Z (XOR2_X1)
   0.05    0.98 ^ _08395_/ZN (XNOR2_X1)
   0.06    1.05 ^ _08418_/Z (XOR2_X1)
   0.06    1.10 ^ _08475_/Z (XOR2_X1)
   0.06    1.17 ^ _08498_/Z (XOR2_X1)
   0.06    1.22 ^ _08556_/Z (XOR2_X1)
   0.06    1.29 ^ _08577_/Z (XOR2_X1)
   0.06    1.34 ^ _08637_/Z (XOR2_X1)
   0.06    1.41 ^ _08658_/Z (XOR2_X1)
   0.06    1.46 ^ _08717_/Z (XOR2_X1)
   0.06    1.53 ^ _08738_/Z (XOR2_X1)
   0.07    1.60 ^ _08797_/Z (XOR2_X1)
   0.07    1.67 ^ _08822_/Z (XOR2_X1)
   0.05    1.72 ^ _08879_/ZN (XNOR2_X1)
   0.06    1.78 ^ _08901_/Z (XOR2_X1)
   0.06    1.84 ^ _08961_/Z (XOR2_X1)
   0.06    1.90 ^ _08982_/Z (XOR2_X1)
   0.06    1.96 ^ _09041_/Z (XOR2_X1)
   0.06    2.02 ^ _09062_/Z (XOR2_X1)
   0.06    2.08 ^ _09120_/Z (XOR2_X1)
   0.06    2.14 ^ _09141_/Z (XOR2_X1)
   0.06    2.20 ^ _09200_/Z (XOR2_X1)
   0.06    2.26 ^ _09221_/Z (XOR2_X1)
   0.06    2.32 ^ _09279_/Z (XOR2_X1)
   0.06    2.38 ^ _09300_/Z (XOR2_X1)
   0.06    2.44 ^ _09360_/Z (XOR2_X1)
   0.06    2.50 ^ _09381_/Z (XOR2_X1)
   0.06    2.56 ^ _09438_/Z (XOR2_X1)
   0.06    2.62 ^ _09459_/Z (XOR2_X1)
   0.06    2.68 ^ _09517_/Z (XOR2_X1)
   0.06    2.74 ^ _09538_/Z (XOR2_X1)
   0.06    2.80 ^ _09595_/Z (XOR2_X1)
   0.06    2.86 ^ _09616_/Z (XOR2_X1)
   0.06    2.92 ^ _09672_/Z (XOR2_X1)
   0.06    2.98 ^ _09693_/Z (XOR2_X1)
   0.06    3.04 ^ _09751_/Z (XOR2_X1)
   0.06    3.10 ^ _09772_/Z (XOR2_X1)
   0.06    3.16 ^ _09832_/Z (XOR2_X1)
   0.06    3.22 ^ _09853_/Z (XOR2_X1)
   0.06    3.28 ^ _09911_/Z (XOR2_X1)
   0.06    3.34 ^ _09932_/Z (XOR2_X1)
   0.06    3.40 ^ _09990_/Z (XOR2_X1)
   0.06    3.46 ^ _10011_/Z (XOR2_X1)
   0.06    3.52 ^ _10068_/Z (XOR2_X1)
   0.06    3.58 ^ _10089_/Z (XOR2_X1)
   0.06    3.64 ^ _10147_/Z (XOR2_X1)
   0.06    3.70 ^ _10168_/Z (XOR2_X1)
   0.06    3.76 ^ _10226_/Z (XOR2_X1)
   0.06    3.82 ^ _10247_/Z (XOR2_X1)
   0.06    3.88 ^ _10303_/Z (XOR2_X1)
   0.06    3.95 ^ _10324_/Z (XOR2_X1)
   0.06    4.00 ^ _10382_/Z (XOR2_X1)
   0.06    4.07 ^ _10403_/Z (XOR2_X1)
   0.06    4.12 ^ _10463_/Z (XOR2_X1)
   0.06    4.19 ^ _10484_/Z (XOR2_X1)
   0.06    4.24 ^ _10541_/Z (XOR2_X1)
   0.06    4.31 ^ _10562_/Z (XOR2_X1)
   0.06    4.36 ^ _10620_/Z (XOR2_X1)
   0.06    4.43 ^ _10641_/Z (XOR2_X1)
   0.06    4.48 ^ _10699_/Z (XOR2_X1)
   0.06    4.55 ^ _10720_/Z (XOR2_X1)
   0.06    4.61 ^ _10777_/Z (XOR2_X1)
   0.06    4.67 ^ _10798_/Z (XOR2_X1)
   0.06    4.73 ^ _10854_/Z (XOR2_X1)
   0.06    4.79 ^ _10875_/Z (XOR2_X1)
   0.06    4.85 ^ _10936_/Z (XOR2_X1)
   0.06    4.91 ^ _10957_/Z (XOR2_X1)
   0.06    4.97 ^ _11016_/Z (XOR2_X1)
   0.06    5.03 ^ _11037_/Z (XOR2_X1)
   0.06    5.09 ^ _11094_/Z (XOR2_X1)
   0.06    5.15 ^ _11115_/Z (XOR2_X1)
   0.06    5.21 ^ _11173_/Z (XOR2_X1)
   0.06    5.27 ^ _11194_/Z (XOR2_X1)
   0.06    5.33 ^ _11254_/Z (XOR2_X1)
   0.06    5.39 ^ _11275_/Z (XOR2_X1)
   0.06    5.45 ^ _11332_/Z (XOR2_X1)
   0.06    5.51 ^ _11353_/Z (XOR2_X1)
   0.06    5.57 ^ _11409_/Z (XOR2_X1)
   0.06    5.63 ^ _11430_/Z (XOR2_X1)
   0.06    5.69 ^ _11488_/Z (XOR2_X1)
   0.06    5.75 ^ _11509_/Z (XOR2_X1)
   0.06    5.81 ^ _11566_/Z (XOR2_X1)
   0.06    5.87 ^ _11587_/Z (XOR2_X1)
   0.06    5.93 ^ _11643_/Z (XOR2_X1)
   0.06    5.99 ^ _11664_/Z (XOR2_X1)
   0.06    6.05 ^ _11722_/Z (XOR2_X1)
   0.06    6.11 ^ _11743_/Z (XOR2_X1)
   0.06    6.17 ^ _11803_/Z (XOR2_X1)
   0.06    6.23 ^ _11824_/Z (XOR2_X1)
   0.06    6.29 ^ _11881_/Z (XOR2_X1)
   0.06    6.35 ^ _11902_/Z (XOR2_X1)
   0.06    6.41 ^ _11961_/Z (XOR2_X1)
   0.06    6.47 ^ _11982_/Z (XOR2_X1)
   0.06    6.53 ^ _12042_/Z (XOR2_X1)
   0.06    6.59 ^ _12063_/Z (XOR2_X1)
   0.06    6.65 ^ _12119_/Z (XOR2_X1)
   0.06    6.72 ^ _12140_/Z (XOR2_X1)
   0.06    6.77 ^ _12197_/Z (XOR2_X1)
   0.06    6.84 ^ _12218_/Z (XOR2_X1)
   0.06    6.89 ^ _12278_/Z (XOR2_X1)
   0.06    6.96 ^ _12299_/Z (XOR2_X1)
   0.06    7.01 ^ _12356_/Z (XOR2_X1)
   0.06    7.08 ^ _12377_/Z (XOR2_X1)
   0.06    7.13 ^ _12434_/Z (XOR2_X1)
   0.06    7.20 ^ _12456_/Z (XOR2_X1)
   0.06    7.25 ^ _12511_/Z (XOR2_X1)
   0.06    7.32 ^ _12534_/Z (XOR2_X1)
   0.06    7.38 ^ _12592_/Z (XOR2_X1)
   0.06    7.44 ^ _12613_/Z (XOR2_X1)
   0.06    7.50 ^ _12670_/Z (XOR2_X1)
   0.06    7.56 ^ _12691_/Z (XOR2_X1)
   0.06    7.62 ^ _12750_/Z (XOR2_X1)
   0.06    7.68 ^ _12771_/Z (XOR2_X1)
   0.06    7.74 ^ _12832_/Z (XOR2_X1)
   0.06    7.80 ^ _12853_/Z (XOR2_X1)
   0.06    7.86 ^ _12913_/Z (XOR2_X1)
   0.06    7.92 ^ _12934_/Z (XOR2_X1)
   0.06    7.98 ^ _12993_/Z (XOR2_X1)
   0.02    8.00 v _13016_/Z (XOR2_X1)
   0.05    8.05 ^ _13017_/ZN (AOI21_X1)
   0.03    8.07 v _13018_/ZN (OAI21_X1)
   0.04    8.12 ^ _13020_/ZN (AOI21_X1)
   0.03    8.14 v _13021_/ZN (OAI21_X1)
   0.05    8.19 ^ _13654_/ZN (AOI21_X1)
   0.06    8.25 ^ _14192_/Z (XOR2_X1)
   0.06    8.32 ^ _14199_/Z (XOR2_X1)
   0.03    8.35 v _14293_/ZN (AOI21_X1)
   0.09    8.44 ^ _14700_/ZN (OAI33_X1)
   0.03    8.47 v _14703_/ZN (XNOR2_X1)
   0.14    8.61 ^ _14704_/ZN (NOR4_X1)
   0.02    8.63 v _14868_/ZN (AOI21_X1)
   0.06    8.69 ^ _14870_/ZN (AOI211_X1)
   0.00    8.69 ^ _14921_/D (DFF_X1)
           8.69   data arrival time

   7.00    7.00   clock clk (rise edge)
   0.00    7.00   clock network delay (ideal)
  -0.05    6.95   clock uncertainty
   0.00    6.95   clock reconvergence pessimism
           6.95 ^ _14921_/CK (DFF_X1)
  -0.04    6.91   library setup time
           6.91   data required time
---------------------------------------------------------
           6.91   data required time
          -8.69   data arrival time
---------------------------------------------------------
          -1.78   slack (VIOLATED)


