
 /----------------------------------------------------------------------------\
 |  yosys -- Yosys Open SYnthesis Suite                                       |
 |  Copyright (C) 2012 - 2026  Claire Xenia Wolf <claire@yosyshq.com>         |
 |  Distributed under an ISC-like license, type "license" to see terms        |
 \----------------------------------------------------------------------------/
 Yosys 0.68+130 (git sha1 dd83bbad2-dirty, Release, Clang /usr/local/osxcross/target/bin/aarch64-apple-darwin25.5-clang++ 21.1.8)

-- Executing script file `design_smt2.ys' --

1. Executing RTLIL frontend.
Input filename: design_prep.il

2. Executing HIERARCHY pass (managing design hierarchy).
Attribute `top' found on module `__eqcheck_top'. Setting top module to __eqcheck_top.

2.1. Analyzing design hierarchy..
Top module:  \__eqcheck_top
Used module:     \gate
Used module:     \gold

2.2. Analyzing design hierarchy..
Top module:  \__eqcheck_top
Used module:     \gate
Used module:     \gold
Removed 0 unused modules.
Module __eqcheck_top directly or indirectly contains formal properties -> setting "keep" attribute.

3. Executing FORMALFF pass.

4. Executing DFFUNMAP pass (unmap clock enable and synchronous reset from FFs).

5. Printing statistics.

=== __eqcheck_top ===

        +----------Local Count, excluding submodules.
        | 
       32 wires
      156 wire bits
       15 public wires
      118 public wire bits
        5 ports
       23 port bits
       24 cells
        1   $add
        3   $anyinit
        1   $assert
        2   $assume
        3   $eq
        3   $ff
        1   $ge
        1   $initstate
        2   $logic_and
        1   $lt
        5   $mux
        1   $not
        2 submodules
        1   gate
        1   gold

=== gate ===

        +----------Local Count, excluding submodules.
        | 
      117 wires
     1713 wire bits
      116 public wires
     1712 public wire bits
        8 ports
       52 port bits
      109 cells
       10   $add
       16   $anyinit
        1   $assume
        5   $eq
        1   $ge
        3   $logic_and
        2   $logic_not
        1   $logic_or
       66   $mux
        1   $not
        3   $xor

=== gold ===

        +----------Local Count, excluding submodules.
        | 
      101 wires
     1431 wire bits
      100 public wires
     1430 public wire bits
        8 ports
       52 port bits
       93 cells
       10   $add
        8   $anyinit
        1   $assume
        5   $eq
        1   $ge
        3   $logic_and
        2   $logic_not
        1   $logic_or
       58   $mux
        1   $not
        3   $xor

=== design hierarchy ===

        +----------Count including submodules.
        | 
      226 __eqcheck_top
      109 gate
       93 gold

        +----------Count including submodules.
        | 
      250 wires
     3300 wire bits
      231 public wires
     3260 public wire bits
       21 ports
      127 port bits
        - memories
        - memory bits
        - processes
      226 cells
       21   $add
       27   $anyinit
        1   $assert
        4   $assume
       13   $eq
        3   $ff
        3   $ge
        1   $initstate
        8   $logic_and
        4   $logic_not
        2   $logic_or
        1   $lt
      129   $mux
        3   $not
        6   $xor
        2 submodules
        1   gate
        1   gold

6. Executing SMT2 backend.

6.1. Executing BMUXMAP pass.

6.2. Executing DEMUXMAP pass.
Creating SMT-LIBv2 representation of module gold.
Creating SMT-LIBv2 representation of module gate.
Creating SMT-LIBv2 representation of module __eqcheck_top.

End of script. Logfile hash: c54b888e00, time: 0.00s, user: 0.01s, system: 0.00s, MEM: 12.69 MB peak
Yosys 0.68+130 (git sha1 dd83bbad2-dirty, Release, Clang /usr/local/osxcross/target/bin/aarch64-apple-darwin25.5-clang++ 21.1.8)
Time spent: 80% 2x write_smt2 (0 sec), 10% 2x read_rtlil (0 sec), ...
