SBY  0:18:28 [/Users/ritikjindal/rtl-ai-project/runs/vec_proc_optimize_20260910T184716Z/attempt_2/formal/equiv] Removing directory '/Users/ritikjindal/rtl-ai-project/runs/vec_proc_optimize_20260910T184716Z/attempt_2/formal/equiv'.
SBY  0:18:28 [/Users/ritikjindal/rtl-ai-project/runs/vec_proc_optimize_20260910T184716Z/attempt_2/formal/equiv] Copy '/Users/ritikjindal/rtl-ai-project/runs/vec_proc_optimize_20260910T184716Z/attempt_2/formal/gold_gate.v' to '/Users/ritikjindal/rtl-ai-project/runs/vec_proc_optimize_20260910T184716Z/attempt_2/formal/equiv/src/gold_gate.v'.
SBY  0:18:28 [/Users/ritikjindal/rtl-ai-project/runs/vec_proc_optimize_20260910T184716Z/attempt_2/formal/equiv] Copy '/Users/ritikjindal/rtl-ai-project/runs/vec_proc_optimize_20260910T184716Z/attempt_2/formal/eqcheck_wrapper.v' to '/Users/ritikjindal/rtl-ai-project/runs/vec_proc_optimize_20260910T184716Z/attempt_2/formal/equiv/src/eqcheck_wrapper.v'.
SBY  0:18:28 [/Users/ritikjindal/rtl-ai-project/runs/vec_proc_optimize_20260910T184716Z/attempt_2/formal/equiv] engine_0: smtbmc
SBY  0:18:28 [/Users/ritikjindal/rtl-ai-project/runs/vec_proc_optimize_20260910T184716Z/attempt_2/formal/equiv] base: starting process "cd /Users/ritikjindal/rtl-ai-project/runs/vec_proc_optimize_20260910T184716Z/attempt_2/formal/equiv/src; yosys -ql ../model/design.log ../model/design.ys"
SBY  0:18:28 [/Users/ritikjindal/rtl-ai-project/runs/vec_proc_optimize_20260910T184716Z/attempt_2/formal/equiv] base: Warning: Encountered `parallel_case' comment! Such legacy hot comments are supported by Yosys, but are not part of any formal language specification. Using the Verilog `parallel_case' attribute or the SystemVerilog `unique' or `priority' keywords is recommended!
SBY  0:18:28 [/Users/ritikjindal/rtl-ai-project/runs/vec_proc_optimize_20260910T184716Z/attempt_2/formal/equiv] base: finished (returncode=0)
SBY  0:18:28 [/Users/ritikjindal/rtl-ai-project/runs/vec_proc_optimize_20260910T184716Z/attempt_2/formal/equiv] prep: starting process "cd /Users/ritikjindal/rtl-ai-project/runs/vec_proc_optimize_20260910T184716Z/attempt_2/formal/equiv/model; yosys -ql design_prep.log design_prep.ys"
SBY  0:18:28 [/Users/ritikjindal/rtl-ai-project/runs/vec_proc_optimize_20260910T184716Z/attempt_2/formal/equiv] prep: finished (returncode=0)
SBY  0:18:28 [/Users/ritikjindal/rtl-ai-project/runs/vec_proc_optimize_20260910T184716Z/attempt_2/formal/equiv] smt2: starting process "cd /Users/ritikjindal/rtl-ai-project/runs/vec_proc_optimize_20260910T184716Z/attempt_2/formal/equiv/model; yosys -ql design_smt2.log design_smt2.ys"
SBY  0:18:28 [/Users/ritikjindal/rtl-ai-project/runs/vec_proc_optimize_20260910T184716Z/attempt_2/formal/equiv] smt2: finished (returncode=0)
SBY  0:18:28 [/Users/ritikjindal/rtl-ai-project/runs/vec_proc_optimize_20260910T184716Z/attempt_2/formal/equiv] engine_0.basecase: starting process "cd /Users/ritikjindal/rtl-ai-project/runs/vec_proc_optimize_20260910T184716Z/attempt_2/formal/equiv; yosys-smtbmc --presat --unroll --noprogress -t 20  --append 0 --dump-vcd engine_0/trace.vcd --dump-yw engine_0/trace.yw --dump-vlogtb engine_0/trace_tb.v --dump-smtc engine_0/trace.smtc model/design_smt2.smt2"
SBY  0:18:28 [/Users/ritikjindal/rtl-ai-project/runs/vec_proc_optimize_20260910T184716Z/attempt_2/formal/equiv] engine_0.induction: starting process "cd /Users/ritikjindal/rtl-ai-project/runs/vec_proc_optimize_20260910T184716Z/attempt_2/formal/equiv; yosys-smtbmc --presat --unroll -i --noprogress -t 20  --append 0 --dump-vcd engine_0/trace_induct.vcd --dump-yw engine_0/trace_induct.yw --dump-vlogtb engine_0/trace_induct_tb.v --dump-smtc engine_0/trace_induct.smtc model/design_smt2.smt2"
SBY  0:18:28 [/Users/ritikjindal/rtl-ai-project/runs/vec_proc_optimize_20260910T184716Z/attempt_2/formal/equiv] engine_0.basecase: ##   0:00:00  Solver: yices
SBY  0:18:28 [/Users/ritikjindal/rtl-ai-project/runs/vec_proc_optimize_20260910T184716Z/attempt_2/formal/equiv] engine_0.induction: ##   0:00:00  Solver: yices
SBY  0:18:28 [/Users/ritikjindal/rtl-ai-project/runs/vec_proc_optimize_20260910T184716Z/attempt_2/formal/equiv] engine_0.basecase: ##   0:00:00  Checking assumptions in step 0..
SBY  0:18:28 [/Users/ritikjindal/rtl-ai-project/runs/vec_proc_optimize_20260910T184716Z/attempt_2/formal/equiv] engine_0.induction: ##   0:00:00  Trying induction in step 20..
SBY  0:18:28 [/Users/ritikjindal/rtl-ai-project/runs/vec_proc_optimize_20260910T184716Z/attempt_2/formal/equiv] engine_0.basecase: ##   0:00:00  Checking assertions in step 0..
SBY  0:18:28 [/Users/ritikjindal/rtl-ai-project/runs/vec_proc_optimize_20260910T184716Z/attempt_2/formal/equiv] engine_0.induction: ##   0:00:00  Trying induction in step 19..
SBY  0:18:28 [/Users/ritikjindal/rtl-ai-project/runs/vec_proc_optimize_20260910T184716Z/attempt_2/formal/equiv] engine_0.basecase: ##   0:00:00  Checking assumptions in step 1..
SBY  0:18:28 [/Users/ritikjindal/rtl-ai-project/runs/vec_proc_optimize_20260910T184716Z/attempt_2/formal/equiv] engine_0.basecase: ##   0:00:00  Checking assertions in step 1..
SBY  0:18:28 [/Users/ritikjindal/rtl-ai-project/runs/vec_proc_optimize_20260910T184716Z/attempt_2/formal/equiv] engine_0.basecase: ##   0:00:00  Checking assumptions in step 2..
SBY  0:18:28 [/Users/ritikjindal/rtl-ai-project/runs/vec_proc_optimize_20260910T184716Z/attempt_2/formal/equiv] engine_0.induction: ##   0:00:00  Trying induction in step 18..
SBY  0:18:28 [/Users/ritikjindal/rtl-ai-project/runs/vec_proc_optimize_20260910T184716Z/attempt_2/formal/equiv] engine_0.basecase: ##   0:00:00  Checking assertions in step 2..
SBY  0:18:28 [/Users/ritikjindal/rtl-ai-project/runs/vec_proc_optimize_20260910T184716Z/attempt_2/formal/equiv] engine_0.basecase: ##   0:00:00  Checking assumptions in step 3..
SBY  0:18:28 [/Users/ritikjindal/rtl-ai-project/runs/vec_proc_optimize_20260910T184716Z/attempt_2/formal/equiv] engine_0.induction: ##   0:00:00  Trying induction in step 17..
SBY  0:18:28 [/Users/ritikjindal/rtl-ai-project/runs/vec_proc_optimize_20260910T184716Z/attempt_2/formal/equiv] engine_0.basecase: ##   0:00:00  Checking assertions in step 3..
SBY  0:18:28 [/Users/ritikjindal/rtl-ai-project/runs/vec_proc_optimize_20260910T184716Z/attempt_2/formal/equiv] engine_0.basecase: ##   0:00:00  Checking assumptions in step 4..
SBY  0:18:28 [/Users/ritikjindal/rtl-ai-project/runs/vec_proc_optimize_20260910T184716Z/attempt_2/formal/equiv] engine_0.basecase: ##   0:00:00  Checking assertions in step 4..
SBY  0:18:28 [/Users/ritikjindal/rtl-ai-project/runs/vec_proc_optimize_20260910T184716Z/attempt_2/formal/equiv] engine_0.induction: ##   0:00:00  Trying induction in step 16..
SBY  0:18:28 [/Users/ritikjindal/rtl-ai-project/runs/vec_proc_optimize_20260910T184716Z/attempt_2/formal/equiv] engine_0.basecase: ##   0:00:00  Checking assumptions in step 5..
SBY  0:18:28 [/Users/ritikjindal/rtl-ai-project/runs/vec_proc_optimize_20260910T184716Z/attempt_2/formal/equiv] engine_0.basecase: ##   0:00:00  Checking assertions in step 5..
SBY  0:18:28 [/Users/ritikjindal/rtl-ai-project/runs/vec_proc_optimize_20260910T184716Z/attempt_2/formal/equiv] engine_0.basecase: ##   0:00:00  Checking assumptions in step 6..
SBY  0:18:28 [/Users/ritikjindal/rtl-ai-project/runs/vec_proc_optimize_20260910T184716Z/attempt_2/formal/equiv] engine_0.basecase: ##   0:00:00  Checking assertions in step 6..
SBY  0:18:28 [/Users/ritikjindal/rtl-ai-project/runs/vec_proc_optimize_20260910T184716Z/attempt_2/formal/equiv] engine_0.induction: ##   0:00:00  Trying induction in step 15..
SBY  0:18:28 [/Users/ritikjindal/rtl-ai-project/runs/vec_proc_optimize_20260910T184716Z/attempt_2/formal/equiv] engine_0.basecase: ##   0:00:00  Checking assumptions in step 7..
SBY  0:18:28 [/Users/ritikjindal/rtl-ai-project/runs/vec_proc_optimize_20260910T184716Z/attempt_2/formal/equiv] engine_0.basecase: ##   0:00:00  Checking assertions in step 7..
SBY  0:18:28 [/Users/ritikjindal/rtl-ai-project/runs/vec_proc_optimize_20260910T184716Z/attempt_2/formal/equiv] engine_0.induction: ##   0:00:00  Trying induction in step 14..
SBY  0:18:28 [/Users/ritikjindal/rtl-ai-project/runs/vec_proc_optimize_20260910T184716Z/attempt_2/formal/equiv] engine_0.basecase: ##   0:00:00  Checking assumptions in step 8..
SBY  0:18:28 [/Users/ritikjindal/rtl-ai-project/runs/vec_proc_optimize_20260910T184716Z/attempt_2/formal/equiv] engine_0.basecase: ##   0:00:00  Checking assertions in step 8..
SBY  0:18:28 [/Users/ritikjindal/rtl-ai-project/runs/vec_proc_optimize_20260910T184716Z/attempt_2/formal/equiv] engine_0.induction: ##   0:00:00  Trying induction in step 13..
SBY  0:18:28 [/Users/ritikjindal/rtl-ai-project/runs/vec_proc_optimize_20260910T184716Z/attempt_2/formal/equiv] engine_0.basecase: ##   0:00:00  Checking assumptions in step 9..
SBY  0:18:28 [/Users/ritikjindal/rtl-ai-project/runs/vec_proc_optimize_20260910T184716Z/attempt_2/formal/equiv] engine_0.basecase: ##   0:00:00  Checking assertions in step 9..
SBY  0:18:28 [/Users/ritikjindal/rtl-ai-project/runs/vec_proc_optimize_20260910T184716Z/attempt_2/formal/equiv] engine_0.induction: ##   0:00:00  Trying induction in step 12..
SBY  0:18:28 [/Users/ritikjindal/rtl-ai-project/runs/vec_proc_optimize_20260910T184716Z/attempt_2/formal/equiv] engine_0.basecase: ##   0:00:00  Checking assumptions in step 10..
SBY  0:18:28 [/Users/ritikjindal/rtl-ai-project/runs/vec_proc_optimize_20260910T184716Z/attempt_2/formal/equiv] engine_0.basecase: ##   0:00:00  Checking assertions in step 10..
SBY  0:18:28 [/Users/ritikjindal/rtl-ai-project/runs/vec_proc_optimize_20260910T184716Z/attempt_2/formal/equiv] engine_0.induction: ##   0:00:00  Trying induction in step 11..
SBY  0:18:28 [/Users/ritikjindal/rtl-ai-project/runs/vec_proc_optimize_20260910T184716Z/attempt_2/formal/equiv] engine_0.basecase: ##   0:00:00  Checking assumptions in step 11..
SBY  0:18:28 [/Users/ritikjindal/rtl-ai-project/runs/vec_proc_optimize_20260910T184716Z/attempt_2/formal/equiv] engine_0.basecase: ##   0:00:00  Checking assertions in step 11..
SBY  0:18:28 [/Users/ritikjindal/rtl-ai-project/runs/vec_proc_optimize_20260910T184716Z/attempt_2/formal/equiv] engine_0.induction: ##   0:00:00  Trying induction in step 10..
SBY  0:18:28 [/Users/ritikjindal/rtl-ai-project/runs/vec_proc_optimize_20260910T184716Z/attempt_2/formal/equiv] engine_0.induction: ##   0:00:00  Trying induction in step 9..
SBY  0:18:28 [/Users/ritikjindal/rtl-ai-project/runs/vec_proc_optimize_20260910T184716Z/attempt_2/formal/equiv] engine_0.induction: ##   0:00:00  Trying induction in step 8..
SBY  0:18:30 [/Users/ritikjindal/rtl-ai-project/runs/vec_proc_optimize_20260910T184716Z/attempt_2/formal/equiv] engine_0.induction: ##   0:00:01  Trying induction in step 7..
SBY  0:18:32 [/Users/ritikjindal/rtl-ai-project/runs/vec_proc_optimize_20260910T184716Z/attempt_2/formal/equiv] engine_0.basecase: ##   0:00:04  Checking assumptions in step 12..
SBY  0:18:32 [/Users/ritikjindal/rtl-ai-project/runs/vec_proc_optimize_20260910T184716Z/attempt_2/formal/equiv] engine_0.basecase: ##   0:00:04  Checking assertions in step 12..
SBY  0:18:35 [/Users/ritikjindal/rtl-ai-project/runs/vec_proc_optimize_20260910T184716Z/attempt_2/formal/equiv] engine_0.induction: ##   0:00:07  Temporal induction successful.
SBY  0:18:35 [/Users/ritikjindal/rtl-ai-project/runs/vec_proc_optimize_20260910T184716Z/attempt_2/formal/equiv] engine_0.induction: ##   0:00:07  Status: passed
SBY  0:18:35 [/Users/ritikjindal/rtl-ai-project/runs/vec_proc_optimize_20260910T184716Z/attempt_2/formal/equiv] engine_0.induction: finished (returncode=0)
SBY  0:18:35 [/Users/ritikjindal/rtl-ai-project/runs/vec_proc_optimize_20260910T184716Z/attempt_2/formal/equiv] engine_0.induction: Status returned by engine for induction: pass
SBY  0:18:36 [/Users/ritikjindal/rtl-ai-project/runs/vec_proc_optimize_20260910T184716Z/attempt_2/formal/equiv] engine_0.basecase: ##   0:00:08  Checking assumptions in step 13..
SBY  0:18:36 [/Users/ritikjindal/rtl-ai-project/runs/vec_proc_optimize_20260910T184716Z/attempt_2/formal/equiv] engine_0.basecase: ##   0:00:08  Checking assertions in step 13..
SBY  0:18:42 [/Users/ritikjindal/rtl-ai-project/runs/vec_proc_optimize_20260910T184716Z/attempt_2/formal/equiv] engine_0.basecase: ##   0:00:13  Checking assumptions in step 14..
SBY  0:18:42 [/Users/ritikjindal/rtl-ai-project/runs/vec_proc_optimize_20260910T184716Z/attempt_2/formal/equiv] engine_0.basecase: ##   0:00:13  Checking assertions in step 14..
SBY  0:18:48 [/Users/ritikjindal/rtl-ai-project/runs/vec_proc_optimize_20260910T184716Z/attempt_2/formal/equiv] engine_0.basecase: ##   0:00:20  Checking assumptions in step 15..
SBY  0:18:48 [/Users/ritikjindal/rtl-ai-project/runs/vec_proc_optimize_20260910T184716Z/attempt_2/formal/equiv] engine_0.basecase: ##   0:00:20  Checking assertions in step 15..
SBY  0:18:55 [/Users/ritikjindal/rtl-ai-project/runs/vec_proc_optimize_20260910T184716Z/attempt_2/formal/equiv] engine_0.basecase: ##   0:00:27  Checking assumptions in step 16..
SBY  0:18:55 [/Users/ritikjindal/rtl-ai-project/runs/vec_proc_optimize_20260910T184716Z/attempt_2/formal/equiv] engine_0.basecase: ##   0:00:27  Checking assertions in step 16..
SBY  0:19:04 [/Users/ritikjindal/rtl-ai-project/runs/vec_proc_optimize_20260910T184716Z/attempt_2/formal/equiv] engine_0.basecase: ##   0:00:35  Checking assumptions in step 17..
SBY  0:19:04 [/Users/ritikjindal/rtl-ai-project/runs/vec_proc_optimize_20260910T184716Z/attempt_2/formal/equiv] engine_0.basecase: ##   0:00:35  Checking assertions in step 17..
SBY  0:19:16 [/Users/ritikjindal/rtl-ai-project/runs/vec_proc_optimize_20260910T184716Z/attempt_2/formal/equiv] engine_0.basecase: ##   0:00:47  Checking assumptions in step 18..
SBY  0:19:16 [/Users/ritikjindal/rtl-ai-project/runs/vec_proc_optimize_20260910T184716Z/attempt_2/formal/equiv] engine_0.basecase: ##   0:00:47  Checking assertions in step 18..
SBY  0:19:26 [/Users/ritikjindal/rtl-ai-project/runs/vec_proc_optimize_20260910T184716Z/attempt_2/formal/equiv] engine_0.basecase: ##   0:00:57  Checking assumptions in step 19..
SBY  0:19:26 [/Users/ritikjindal/rtl-ai-project/runs/vec_proc_optimize_20260910T184716Z/attempt_2/formal/equiv] engine_0.basecase: ##   0:00:57  Checking assertions in step 19..
SBY  0:19:38 [/Users/ritikjindal/rtl-ai-project/runs/vec_proc_optimize_20260910T184716Z/attempt_2/formal/equiv] engine_0.basecase: ##   0:01:10  Status: passed
SBY  0:19:38 [/Users/ritikjindal/rtl-ai-project/runs/vec_proc_optimize_20260910T184716Z/attempt_2/formal/equiv] engine_0.basecase: finished (returncode=0)
SBY  0:19:38 [/Users/ritikjindal/rtl-ai-project/runs/vec_proc_optimize_20260910T184716Z/attempt_2/formal/equiv] engine_0.basecase: Status returned by engine for basecase: pass
SBY  0:19:38 [/Users/ritikjindal/rtl-ai-project/runs/vec_proc_optimize_20260910T184716Z/attempt_2/formal/equiv] summary: Elapsed clock time [H:MM:SS (secs)]: 0:01:10 (70)
SBY  0:19:38 [/Users/ritikjindal/rtl-ai-project/runs/vec_proc_optimize_20260910T184716Z/attempt_2/formal/equiv] summary: Elapsed process time [H:MM:SS (secs)]: 0:01:17 (77)
SBY  0:19:38 [/Users/ritikjindal/rtl-ai-project/runs/vec_proc_optimize_20260910T184716Z/attempt_2/formal/equiv] summary: engine_0 (smtbmc) returned pass for basecase
SBY  0:19:38 [/Users/ritikjindal/rtl-ai-project/runs/vec_proc_optimize_20260910T184716Z/attempt_2/formal/equiv] summary: engine_0 (smtbmc) returned pass for induction
SBY  0:19:38 [/Users/ritikjindal/rtl-ai-project/runs/vec_proc_optimize_20260910T184716Z/attempt_2/formal/equiv] summary: engine_0 did not produce any traces
SBY  0:19:38 [/Users/ritikjindal/rtl-ai-project/runs/vec_proc_optimize_20260910T184716Z/attempt_2/formal/equiv] summary: successful proof by k-induction.
SBY  0:19:38 [/Users/ritikjindal/rtl-ai-project/runs/vec_proc_optimize_20260910T184716Z/attempt_2/formal/equiv] DONE (PASS, rc=0)
