
 /----------------------------------------------------------------------------\
 |  yosys -- Yosys Open SYnthesis Suite                                       |
 |  Copyright (C) 2012 - 2026  Claire Xenia Wolf <claire@yosyshq.com>         |
 |  Distributed under an ISC-like license, type "license" to see terms        |
 \----------------------------------------------------------------------------/
 Yosys 0.68+130 (git sha1 dd83bbad2-dirty, Release, Clang /usr/local/osxcross/target/bin/aarch64-apple-darwin25.5-clang++ 21.1.8)

-- Executing script file `/Users/ritikjindal/rtl-ai-project/runs/mac_unit_optimize_20260911T150402Z/attempt_1/formal/prepare.ys' --

1. Executing Verilog-2005 frontend: /Users/ritikjindal/rtl-ai-project/designs/mac_unit.v
Parsing SystemVerilog input from `/Users/ritikjindal/rtl-ai-project/designs/mac_unit.v' to AST representation.
Generating RTLIL representation for module `\mac_unit'.
Successfully finished Verilog frontend.
Renaming module \mac_unit to \gold.

2. Executing Verilog-2005 frontend: /Users/ritikjindal/rtl-ai-project/runs/mac_unit_optimize_20260911T150402Z/attempt_1/mac_unit_candidate.v
Parsing SystemVerilog input from `/Users/ritikjindal/rtl-ai-project/runs/mac_unit_optimize_20260911T150402Z/attempt_1/mac_unit_candidate.v' to AST representation.
Generating RTLIL representation for module `\mac_unit'.
Successfully finished Verilog frontend.
Renaming module \mac_unit to \gate.

3. Executing HIERARCHY pass (managing design hierarchy).

4. Executing PROC pass (convert processes to netlists).

4.1. Executing PROC_CLEAN pass (remove empty switches from decision trees).
Cleaned up 0 empty switches.

4.2. Executing PROC_RMDEAD pass (remove dead branches from decision trees).
Marked 2 switch rules as full_case in process $proc$/Users/ritikjindal/rtl-ai-project/runs/mac_unit_optimize_20260911T150402Z/attempt_1/mac_unit_candidate.v:56$20 in module gate.
Marked 1 switch rules as full_case in process $proc$/Users/ritikjindal/rtl-ai-project/runs/mac_unit_optimize_20260911T150402Z/attempt_1/mac_unit_candidate.v:45$19 in module gate.
Marked 1 switch rules as full_case in process $proc$/Users/ritikjindal/rtl-ai-project/runs/mac_unit_optimize_20260911T150402Z/attempt_1/mac_unit_candidate.v:21$11 in module gate.
Marked 2 switch rules as full_case in process $proc$/Users/ritikjindal/rtl-ai-project/designs/mac_unit.v:42$9 in module gold.
Marked 1 switch rules as full_case in process $proc$/Users/ritikjindal/rtl-ai-project/designs/mac_unit.v:19$1 in module gold.
Removed a total of 0 dead cases.

4.3. Executing PROC_PRUNE pass (remove redundant assignments in processes).
Removed 10 redundant assignments.
Promoted 0 assignments to connections.

4.4. Executing PROC_INIT pass (extract init attributes).

4.5. Executing PROC_ARST pass (detect async resets in processes).

4.6. Executing PROC_ROM pass (convert switches to ROMs).
Converted 0 switches.
<suppressed ~7 debug messages>

4.7. Executing PROC_MUX pass (convert decision trees to multiplexers).
Creating decoders for process `\gate.$proc$/Users/ritikjindal/rtl-ai-project/runs/mac_unit_optimize_20260911T150402Z/attempt_1/mac_unit_candidate.v:56$20'.
     1/2: $0\acc_valid[0:0]
     2/2: $0\acc[23:0]
Creating decoders for process `\gate.$proc$/Users/ritikjindal/rtl-ai-project/runs/mac_unit_optimize_20260911T150402Z/attempt_1/mac_unit_candidate.v:45$19'.
     1/2: $0\valid_reg2[0:0]
     2/2: $0\sum_reg[17:0]
Creating decoders for process `\gate.$proc$/Users/ritikjindal/rtl-ai-project/runs/mac_unit_optimize_20260911T150402Z/attempt_1/mac_unit_candidate.v:21$11'.
     1/3: $0\valid_reg[0:0]
     2/3: $0\b_reg[31:0]
     3/3: $0\a_reg[31:0]
Creating decoders for process `\gold.$proc$/Users/ritikjindal/rtl-ai-project/designs/mac_unit.v:42$9'.
     1/2: $0\acc_valid[0:0]
     2/2: $0\acc[23:0]
Creating decoders for process `\gold.$proc$/Users/ritikjindal/rtl-ai-project/designs/mac_unit.v:19$1'.
     1/3: $0\valid_reg[0:0]
     2/3: $0\b_reg[31:0]
     3/3: $0\a_reg[31:0]

4.8. Executing PROC_DLATCH pass (convert process syncs to latches).

4.9. Executing PROC_DFF pass (convert process syncs to FFs).
Creating register for signal `\gate.\acc' using process `\gate.$proc$/Users/ritikjindal/rtl-ai-project/runs/mac_unit_optimize_20260911T150402Z/attempt_1/mac_unit_candidate.v:56$20'.
  created $dff cell `$procdff$70' with positive edge clock.
Creating register for signal `\gate.\acc_valid' using process `\gate.$proc$/Users/ritikjindal/rtl-ai-project/runs/mac_unit_optimize_20260911T150402Z/attempt_1/mac_unit_candidate.v:56$20'.
  created $dff cell `$procdff$71' with positive edge clock.
Creating register for signal `\gate.\sum_reg' using process `\gate.$proc$/Users/ritikjindal/rtl-ai-project/runs/mac_unit_optimize_20260911T150402Z/attempt_1/mac_unit_candidate.v:45$19'.
  created $dff cell `$procdff$72' with positive edge clock.
Creating register for signal `\gate.\valid_reg2' using process `\gate.$proc$/Users/ritikjindal/rtl-ai-project/runs/mac_unit_optimize_20260911T150402Z/attempt_1/mac_unit_candidate.v:45$19'.
  created $dff cell `$procdff$73' with positive edge clock.
Creating register for signal `\gate.\a_reg' using process `\gate.$proc$/Users/ritikjindal/rtl-ai-project/runs/mac_unit_optimize_20260911T150402Z/attempt_1/mac_unit_candidate.v:21$11'.
  created $dff cell `$procdff$74' with positive edge clock.
Creating register for signal `\gate.\b_reg' using process `\gate.$proc$/Users/ritikjindal/rtl-ai-project/runs/mac_unit_optimize_20260911T150402Z/attempt_1/mac_unit_candidate.v:21$11'.
  created $dff cell `$procdff$75' with positive edge clock.
Creating register for signal `\gate.\valid_reg' using process `\gate.$proc$/Users/ritikjindal/rtl-ai-project/runs/mac_unit_optimize_20260911T150402Z/attempt_1/mac_unit_candidate.v:21$11'.
  created $dff cell `$procdff$76' with positive edge clock.
Creating register for signal `\gold.\acc' using process `\gold.$proc$/Users/ritikjindal/rtl-ai-project/designs/mac_unit.v:42$9'.
  created $dff cell `$procdff$77' with positive edge clock.
Creating register for signal `\gold.\acc_valid' using process `\gold.$proc$/Users/ritikjindal/rtl-ai-project/designs/mac_unit.v:42$9'.
  created $dff cell `$procdff$78' with positive edge clock.
Creating register for signal `\gold.\a_reg' using process `\gold.$proc$/Users/ritikjindal/rtl-ai-project/designs/mac_unit.v:19$1'.
  created $dff cell `$procdff$79' with positive edge clock.
Creating register for signal `\gold.\b_reg' using process `\gold.$proc$/Users/ritikjindal/rtl-ai-project/designs/mac_unit.v:19$1'.
  created $dff cell `$procdff$80' with positive edge clock.
Creating register for signal `\gold.\valid_reg' using process `\gold.$proc$/Users/ritikjindal/rtl-ai-project/designs/mac_unit.v:19$1'.
  created $dff cell `$procdff$81' with positive edge clock.

4.10. Executing PROC_MEMWR pass (convert process memory writes to cells).

4.11. Executing PROC_CLEAN pass (remove empty switches from decision trees).
Found and cleaned up 2 empty switches in `\gate.$proc$/Users/ritikjindal/rtl-ai-project/runs/mac_unit_optimize_20260911T150402Z/attempt_1/mac_unit_candidate.v:56$20'.
Removing empty process `gate.$proc$/Users/ritikjindal/rtl-ai-project/runs/mac_unit_optimize_20260911T150402Z/attempt_1/mac_unit_candidate.v:56$20'.
Found and cleaned up 1 empty switch in `\gate.$proc$/Users/ritikjindal/rtl-ai-project/runs/mac_unit_optimize_20260911T150402Z/attempt_1/mac_unit_candidate.v:45$19'.
Removing empty process `gate.$proc$/Users/ritikjindal/rtl-ai-project/runs/mac_unit_optimize_20260911T150402Z/attempt_1/mac_unit_candidate.v:45$19'.
Found and cleaned up 1 empty switch in `\gate.$proc$/Users/ritikjindal/rtl-ai-project/runs/mac_unit_optimize_20260911T150402Z/attempt_1/mac_unit_candidate.v:21$11'.
Removing empty process `gate.$proc$/Users/ritikjindal/rtl-ai-project/runs/mac_unit_optimize_20260911T150402Z/attempt_1/mac_unit_candidate.v:21$11'.
Found and cleaned up 2 empty switches in `\gold.$proc$/Users/ritikjindal/rtl-ai-project/designs/mac_unit.v:42$9'.
Removing empty process `gold.$proc$/Users/ritikjindal/rtl-ai-project/designs/mac_unit.v:42$9'.
Found and cleaned up 1 empty switch in `\gold.$proc$/Users/ritikjindal/rtl-ai-project/designs/mac_unit.v:19$1'.
Removing empty process `gold.$proc$/Users/ritikjindal/rtl-ai-project/designs/mac_unit.v:19$1'.
Cleaned up 7 empty switches.

4.12. Executing OPT_EXPR pass (perform const folding).
Optimizing module gate.
Optimizing module gold.

5. Executing Verilog backend.

5.1. Executing BMUXMAP pass.

5.2. Executing DEMUXMAP pass.
Dumping module `\gate'.
Dumping module `\gold'.

6. Executing JSON backend.

End of script. Logfile hash: d8e4477760, time: 0.01s, user: 0.01s, system: 0.01s, MEM: 13.67 MB peak
Yosys 0.68+130 (git sha1 dd83bbad2-dirty, Release, Clang /usr/local/osxcross/target/bin/aarch64-apple-darwin25.5-clang++ 21.1.8)
Time spent: 41% 4x read_verilog (0 sec), 16% 2x write_json (0 sec), ...
