Startpoint: in_data[0] (input port clocked by clk)
Endpoint: _2204_ (rising edge-triggered flip-flop clocked by clk)
Path Group: clk
Path Type: max

  Delay    Time   Description
---------------------------------------------------------
   0.00    0.00   clock clk (rise edge)
   0.00    0.00   clock network delay (ideal)
   0.50    0.50 v input external delay
   0.00    0.50 v in_data[0] (in)
   0.11    0.61 ^ _1155_/ZN (XNOR2_X1)
   0.05    0.66 v _1166_/ZN (XNOR2_X1)
   0.07    0.73 v _1167_/Z (XOR2_X1)
   0.07    0.80 v _1168_/Z (XOR2_X1)
   0.06    0.86 v _1169_/Z (XOR2_X1)
   0.13    0.99 ^ _1170_/ZN (XNOR2_X1)
   0.07    1.06 ^ _1186_/ZN (XNOR2_X1)
   0.05    1.11 ^ _1191_/ZN (XNOR2_X1)
   0.07    1.18 ^ _1192_/ZN (XNOR2_X1)
   0.09    1.28 ^ _1290_/Z (XOR2_X1)
   0.07    1.34 ^ _1323_/Z (XOR2_X1)
   0.07    1.41 ^ _1324_/ZN (XNOR2_X1)
   0.08    1.49 ^ _1522_/Z (XOR2_X1)
   0.05    1.55 ^ _1523_/ZN (XNOR2_X1)
   0.06    1.61 ^ _1524_/ZN (XNOR2_X1)
   0.11    1.72 ^ _1525_/Z (XOR2_X1)
   0.10    1.82 ^ _1526_/Z (XOR2_X1)
   0.06    1.88 ^ _1553_/ZN (XNOR2_X1)
   0.03    1.91 v _1554_/ZN (XNOR2_X1)
   0.12    2.03 ^ _1555_/ZN (XNOR2_X1)
   0.06    2.09 ^ _1556_/ZN (XNOR2_X1)
   0.06    2.15 ^ _1557_/ZN (XNOR2_X1)
   0.05    2.20 ^ _1656_/ZN (XNOR2_X1)
   0.05    2.25 ^ _1658_/ZN (XNOR2_X1)
   0.14    2.38 ^ _1659_/Z (XOR2_X1)
   0.07    2.45 ^ _1660_/ZN (XNOR2_X1)
   0.08    2.54 ^ _1695_/Z (XOR2_X1)
   0.06    2.60 ^ _1888_/Z (XOR2_X1)
   0.03    2.62 v _2136_/ZN (AOI221_X1)
   0.06    2.68 v _2137_/ZN (OR2_X1)
   0.00    2.68 v _2204_/D (DFF_X1)
           2.68   data arrival time

  10.00   10.00   clock clk (rise edge)
   0.00   10.00   clock network delay (ideal)
  -0.05    9.95   clock uncertainty
   0.00    9.95   clock reconvergence pessimism
           9.95 ^ _2204_/CK (DFF_X1)
  -0.04    9.91   library setup time
           9.91   data required time
---------------------------------------------------------
           9.91   data required time
          -2.68   data arrival time
---------------------------------------------------------
           7.23   slack (MET)


