SBY 13:31:56 [/mnt/d/tushar/Downloads/RTL.ai/runs/vec_proc_optimize_20260911T133126Z/attempt_1/formal/equiv] Removing directory '/mnt/d/tushar/Downloads/RTL.ai/runs/vec_proc_optimize_20260911T133126Z/attempt_1/formal/equiv'.
SBY 13:31:56 [/mnt/d/tushar/Downloads/RTL.ai/runs/vec_proc_optimize_20260911T133126Z/attempt_1/formal/equiv] Copy '/mnt/d/tushar/Downloads/RTL.ai/runs/vec_proc_optimize_20260911T133126Z/attempt_1/formal/gold_gate.v' to '/mnt/d/tushar/Downloads/RTL.ai/runs/vec_proc_optimize_20260911T133126Z/attempt_1/formal/equiv/src/gold_gate.v'.
SBY 13:31:56 [/mnt/d/tushar/Downloads/RTL.ai/runs/vec_proc_optimize_20260911T133126Z/attempt_1/formal/equiv] Copy '/mnt/d/tushar/Downloads/RTL.ai/runs/vec_proc_optimize_20260911T133126Z/attempt_1/formal/eqcheck_wrapper.v' to '/mnt/d/tushar/Downloads/RTL.ai/runs/vec_proc_optimize_20260911T133126Z/attempt_1/formal/equiv/src/eqcheck_wrapper.v'.
SBY 13:31:57 [/mnt/d/tushar/Downloads/RTL.ai/runs/vec_proc_optimize_20260911T133126Z/attempt_1/formal/equiv] engine_0: smtbmc
SBY 13:31:57 [/mnt/d/tushar/Downloads/RTL.ai/runs/vec_proc_optimize_20260911T133126Z/attempt_1/formal/equiv] base: starting process "cd /mnt/d/tushar/Downloads/RTL.ai/runs/vec_proc_optimize_20260911T133126Z/attempt_1/formal/equiv/src; yosys -ql ../model/design.log ../model/design.ys"
SBY 13:31:57 [/mnt/d/tushar/Downloads/RTL.ai/runs/vec_proc_optimize_20260911T133126Z/attempt_1/formal/equiv] base: Warning: Encountered `parallel_case' comment! Such legacy hot comments are supported by Yosys, but are not part of any formal language specification. Using the Verilog `parallel_case' attribute or the SystemVerilog `unique' or `priority' keywords is recommended!
SBY 13:31:58 [/mnt/d/tushar/Downloads/RTL.ai/runs/vec_proc_optimize_20260911T133126Z/attempt_1/formal/equiv] base: finished (returncode=0)
SBY 13:31:58 [/mnt/d/tushar/Downloads/RTL.ai/runs/vec_proc_optimize_20260911T133126Z/attempt_1/formal/equiv] prep: starting process "cd /mnt/d/tushar/Downloads/RTL.ai/runs/vec_proc_optimize_20260911T133126Z/attempt_1/formal/equiv/model; yosys -ql design_prep.log design_prep.ys"
SBY 13:31:59 [/mnt/d/tushar/Downloads/RTL.ai/runs/vec_proc_optimize_20260911T133126Z/attempt_1/formal/equiv] prep: finished (returncode=0)
SBY 13:31:59 [/mnt/d/tushar/Downloads/RTL.ai/runs/vec_proc_optimize_20260911T133126Z/attempt_1/formal/equiv] smt2: starting process "cd /mnt/d/tushar/Downloads/RTL.ai/runs/vec_proc_optimize_20260911T133126Z/attempt_1/formal/equiv/model; yosys -ql design_smt2.log design_smt2.ys"
SBY 13:31:59 [/mnt/d/tushar/Downloads/RTL.ai/runs/vec_proc_optimize_20260911T133126Z/attempt_1/formal/equiv] smt2: finished (returncode=0)
SBY 13:31:59 [/mnt/d/tushar/Downloads/RTL.ai/runs/vec_proc_optimize_20260911T133126Z/attempt_1/formal/equiv] engine_0.basecase: starting process "cd /mnt/d/tushar/Downloads/RTL.ai/runs/vec_proc_optimize_20260911T133126Z/attempt_1/formal/equiv; yosys-smtbmc --presat --unroll --noprogress -t 20  --append 0 --dump-vcd engine_0/trace.vcd --dump-yw engine_0/trace.yw --dump-vlogtb engine_0/trace_tb.v --dump-smtc engine_0/trace.smtc model/design_smt2.smt2"
SBY 13:31:59 [/mnt/d/tushar/Downloads/RTL.ai/runs/vec_proc_optimize_20260911T133126Z/attempt_1/formal/equiv] engine_0.induction: starting process "cd /mnt/d/tushar/Downloads/RTL.ai/runs/vec_proc_optimize_20260911T133126Z/attempt_1/formal/equiv; yosys-smtbmc --presat --unroll -i --noprogress -t 20  --append 0 --dump-vcd engine_0/trace_induct.vcd --dump-yw engine_0/trace_induct.yw --dump-vlogtb engine_0/trace_induct_tb.v --dump-smtc engine_0/trace_induct.smtc model/design_smt2.smt2"
SBY 13:31:59 [/mnt/d/tushar/Downloads/RTL.ai/runs/vec_proc_optimize_20260911T133126Z/attempt_1/formal/equiv] engine_0.induction: ##   0:00:00  Solver: yices
SBY 13:31:59 [/mnt/d/tushar/Downloads/RTL.ai/runs/vec_proc_optimize_20260911T133126Z/attempt_1/formal/equiv] engine_0.basecase: ##   0:00:00  Solver: yices
SBY 13:31:59 [/mnt/d/tushar/Downloads/RTL.ai/runs/vec_proc_optimize_20260911T133126Z/attempt_1/formal/equiv] engine_0.induction: ##   0:00:00  Trying induction in step 20..
SBY 13:32:00 [/mnt/d/tushar/Downloads/RTL.ai/runs/vec_proc_optimize_20260911T133126Z/attempt_1/formal/equiv] engine_0.induction: ##   0:00:00  Trying induction in step 19..
SBY 13:32:00 [/mnt/d/tushar/Downloads/RTL.ai/runs/vec_proc_optimize_20260911T133126Z/attempt_1/formal/equiv] engine_0.induction: ##   0:00:00  Trying induction in step 18..
SBY 13:32:00 [/mnt/d/tushar/Downloads/RTL.ai/runs/vec_proc_optimize_20260911T133126Z/attempt_1/formal/equiv] engine_0.induction: ##   0:00:00  Trying induction in step 17..
SBY 13:32:00 [/mnt/d/tushar/Downloads/RTL.ai/runs/vec_proc_optimize_20260911T133126Z/attempt_1/formal/equiv] engine_0.induction: ##   0:00:00  Trying induction in step 16..
SBY 13:32:00 [/mnt/d/tushar/Downloads/RTL.ai/runs/vec_proc_optimize_20260911T133126Z/attempt_1/formal/equiv] engine_0.induction: ##   0:00:00  Trying induction in step 15..
SBY 13:32:00 [/mnt/d/tushar/Downloads/RTL.ai/runs/vec_proc_optimize_20260911T133126Z/attempt_1/formal/equiv] engine_0.induction: ##   0:00:00  Trying induction in step 14..
SBY 13:32:00 [/mnt/d/tushar/Downloads/RTL.ai/runs/vec_proc_optimize_20260911T133126Z/attempt_1/formal/equiv] engine_0.induction: ##   0:00:00  Trying induction in step 13..
SBY 13:32:00 [/mnt/d/tushar/Downloads/RTL.ai/runs/vec_proc_optimize_20260911T133126Z/attempt_1/formal/equiv] engine_0.induction: ##   0:00:00  Trying induction in step 12..
SBY 13:32:00 [/mnt/d/tushar/Downloads/RTL.ai/runs/vec_proc_optimize_20260911T133126Z/attempt_1/formal/equiv] engine_0.induction: ##   0:00:00  Trying induction in step 11..
SBY 13:32:00 [/mnt/d/tushar/Downloads/RTL.ai/runs/vec_proc_optimize_20260911T133126Z/attempt_1/formal/equiv] engine_0.induction: ##   0:00:00  Trying induction in step 10..
SBY 13:32:00 [/mnt/d/tushar/Downloads/RTL.ai/runs/vec_proc_optimize_20260911T133126Z/attempt_1/formal/equiv] engine_0.induction: ##   0:00:00  Trying induction in step 9..
SBY 13:32:00 [/mnt/d/tushar/Downloads/RTL.ai/runs/vec_proc_optimize_20260911T133126Z/attempt_1/formal/equiv] engine_0.induction: ##   0:00:00  Trying induction in step 8..
SBY 13:32:00 [/mnt/d/tushar/Downloads/RTL.ai/runs/vec_proc_optimize_20260911T133126Z/attempt_1/formal/equiv] engine_0.basecase: ##   0:00:00  Checking assumptions in step 0..
SBY 13:32:00 [/mnt/d/tushar/Downloads/RTL.ai/runs/vec_proc_optimize_20260911T133126Z/attempt_1/formal/equiv] engine_0.basecase: ##   0:00:00  Checking assertions in step 0..
SBY 13:32:00 [/mnt/d/tushar/Downloads/RTL.ai/runs/vec_proc_optimize_20260911T133126Z/attempt_1/formal/equiv] engine_0.basecase: ##   0:00:00  Checking assumptions in step 1..
SBY 13:32:00 [/mnt/d/tushar/Downloads/RTL.ai/runs/vec_proc_optimize_20260911T133126Z/attempt_1/formal/equiv] engine_0.basecase: ##   0:00:00  Checking assertions in step 1..
SBY 13:32:00 [/mnt/d/tushar/Downloads/RTL.ai/runs/vec_proc_optimize_20260911T133126Z/attempt_1/formal/equiv] engine_0.basecase: ##   0:00:00  Checking assumptions in step 2..
SBY 13:32:00 [/mnt/d/tushar/Downloads/RTL.ai/runs/vec_proc_optimize_20260911T133126Z/attempt_1/formal/equiv] engine_0.basecase: ##   0:00:00  Checking assertions in step 2..
SBY 13:32:00 [/mnt/d/tushar/Downloads/RTL.ai/runs/vec_proc_optimize_20260911T133126Z/attempt_1/formal/equiv] engine_0.basecase: ##   0:00:00  Checking assumptions in step 3..
SBY 13:32:00 [/mnt/d/tushar/Downloads/RTL.ai/runs/vec_proc_optimize_20260911T133126Z/attempt_1/formal/equiv] engine_0.basecase: ##   0:00:00  Checking assertions in step 3..
SBY 13:32:00 [/mnt/d/tushar/Downloads/RTL.ai/runs/vec_proc_optimize_20260911T133126Z/attempt_1/formal/equiv] engine_0.basecase: ##   0:00:00  Checking assumptions in step 4..
SBY 13:32:00 [/mnt/d/tushar/Downloads/RTL.ai/runs/vec_proc_optimize_20260911T133126Z/attempt_1/formal/equiv] engine_0.basecase: ##   0:00:00  Checking assertions in step 4..
SBY 13:32:00 [/mnt/d/tushar/Downloads/RTL.ai/runs/vec_proc_optimize_20260911T133126Z/attempt_1/formal/equiv] engine_0.basecase: ##   0:00:00  BMC failed!
SBY 13:32:00 [/mnt/d/tushar/Downloads/RTL.ai/runs/vec_proc_optimize_20260911T133126Z/attempt_1/formal/equiv] engine_0.basecase: ##   0:00:00  Assert failed in __eqcheck_top: eqcheck_wrapper.v:48.14-48.83 (_witness_.check_assert_eqcheck_wrapper_v_48_515)
SBY 13:32:00 [/mnt/d/tushar/Downloads/RTL.ai/runs/vec_proc_optimize_20260911T133126Z/attempt_1/formal/equiv] engine_0.basecase: ##   0:00:00  Writing trace to VCD file: engine_0/trace.vcd
SBY 13:32:00 [/mnt/d/tushar/Downloads/RTL.ai/runs/vec_proc_optimize_20260911T133126Z/attempt_1/formal/equiv] engine_0.induction: ##   0:00:00  Trying induction in step 7..
SBY 13:32:00 [/mnt/d/tushar/Downloads/RTL.ai/runs/vec_proc_optimize_20260911T133126Z/attempt_1/formal/equiv] engine_0.induction: ##   0:00:00  Trying induction in step 6..
SBY 13:32:00 [/mnt/d/tushar/Downloads/RTL.ai/runs/vec_proc_optimize_20260911T133126Z/attempt_1/formal/equiv] engine_0.induction: ##   0:00:00  Trying induction in step 5..
SBY 13:32:00 [/mnt/d/tushar/Downloads/RTL.ai/runs/vec_proc_optimize_20260911T133126Z/attempt_1/formal/equiv] engine_0.induction: ##   0:00:00  Trying induction in step 4..
SBY 13:32:00 [/mnt/d/tushar/Downloads/RTL.ai/runs/vec_proc_optimize_20260911T133126Z/attempt_1/formal/equiv] engine_0.induction: ##   0:00:00  Trying induction in step 3..
SBY 13:32:00 [/mnt/d/tushar/Downloads/RTL.ai/runs/vec_proc_optimize_20260911T133126Z/attempt_1/formal/equiv] engine_0.induction: ##   0:00:01  Trying induction in step 2..
SBY 13:32:00 [/mnt/d/tushar/Downloads/RTL.ai/runs/vec_proc_optimize_20260911T133126Z/attempt_1/formal/equiv] engine_0.induction: ##   0:00:01  Trying induction in step 1..
SBY 13:32:00 [/mnt/d/tushar/Downloads/RTL.ai/runs/vec_proc_optimize_20260911T133126Z/attempt_1/formal/equiv] engine_0.basecase: ##   0:00:01  Writing trace to Verilog testbench: engine_0/trace_tb.v
SBY 13:32:00 [/mnt/d/tushar/Downloads/RTL.ai/runs/vec_proc_optimize_20260911T133126Z/attempt_1/formal/equiv] engine_0.basecase: ##   0:00:01  Writing trace to constraints file: engine_0/trace.smtc
SBY 13:32:01 [/mnt/d/tushar/Downloads/RTL.ai/runs/vec_proc_optimize_20260911T133126Z/attempt_1/formal/equiv] engine_0.induction: ##   0:00:01  Trying induction in step 0..
SBY 13:32:01 [/mnt/d/tushar/Downloads/RTL.ai/runs/vec_proc_optimize_20260911T133126Z/attempt_1/formal/equiv] engine_0.induction: ##   0:00:01  Temporal induction failed!
SBY 13:32:01 [/mnt/d/tushar/Downloads/RTL.ai/runs/vec_proc_optimize_20260911T133126Z/attempt_1/formal/equiv] engine_0.induction: ##   0:00:01  Assert failed in __eqcheck_top: eqcheck_wrapper.v:48.14-48.83 (_witness_.check_assert_eqcheck_wrapper_v_48_515)
SBY 13:32:01 [/mnt/d/tushar/Downloads/RTL.ai/runs/vec_proc_optimize_20260911T133126Z/attempt_1/formal/equiv] engine_0.induction: ##   0:00:01  Writing trace to VCD file: engine_0/trace_induct.vcd
SBY 13:32:01 [/mnt/d/tushar/Downloads/RTL.ai/runs/vec_proc_optimize_20260911T133126Z/attempt_1/formal/equiv] engine_0.basecase: ##   0:00:01  Writing trace to Yosys witness file: engine_0/trace.yw
SBY 13:32:01 [/mnt/d/tushar/Downloads/RTL.ai/runs/vec_proc_optimize_20260911T133126Z/attempt_1/formal/equiv] engine_0.basecase: ##   0:00:01  Status: failed
SBY 13:32:01 [/mnt/d/tushar/Downloads/RTL.ai/runs/vec_proc_optimize_20260911T133126Z/attempt_1/formal/equiv] engine_0.basecase: finished (returncode=1)
SBY 13:32:01 [/mnt/d/tushar/Downloads/RTL.ai/runs/vec_proc_optimize_20260911T133126Z/attempt_1/formal/equiv] engine_0.basecase: Status returned by engine for basecase: FAIL
SBY 13:32:01 [/mnt/d/tushar/Downloads/RTL.ai/runs/vec_proc_optimize_20260911T133126Z/attempt_1/formal/equiv] engine_0.induction: terminating process
SBY 13:32:01 [/mnt/d/tushar/Downloads/RTL.ai/runs/vec_proc_optimize_20260911T133126Z/attempt_1/formal/equiv] summary: Elapsed clock time [H:MM:SS (secs)]: 0:00:04 (4)
SBY 13:32:01 [/mnt/d/tushar/Downloads/RTL.ai/runs/vec_proc_optimize_20260911T133126Z/attempt_1/formal/equiv] summary: Elapsed process time [H:MM:SS (secs)]: 0:00:00 (0)
SBY 13:32:01 [/mnt/d/tushar/Downloads/RTL.ai/runs/vec_proc_optimize_20260911T133126Z/attempt_1/formal/equiv] summary: engine_0 (smtbmc) returned FAIL for basecase
SBY 13:32:01 [/mnt/d/tushar/Downloads/RTL.ai/runs/vec_proc_optimize_20260911T133126Z/attempt_1/formal/equiv] summary: counterexample trace [basecase]: /mnt/d/tushar/Downloads/RTL.ai/runs/vec_proc_optimize_20260911T133126Z/attempt_1/formal/equiv/engine_0/trace.vcd
SBY 13:32:01 [/mnt/d/tushar/Downloads/RTL.ai/runs/vec_proc_optimize_20260911T133126Z/attempt_1/formal/equiv] summary:   failed assertion __eqcheck_top._witness_.check_assert_eqcheck_wrapper_v_48_515 at eqcheck_wrapper.v:48.14-48.83 step 4
SBY 13:32:01 [/mnt/d/tushar/Downloads/RTL.ai/runs/vec_proc_optimize_20260911T133126Z/attempt_1/formal/equiv] summary: counterexample trace [induction]: /mnt/d/tushar/Downloads/RTL.ai/runs/vec_proc_optimize_20260911T133126Z/attempt_1/formal/equiv/engine_0/trace_induct.vcd
SBY 13:32:01 [/mnt/d/tushar/Downloads/RTL.ai/runs/vec_proc_optimize_20260911T133126Z/attempt_1/formal/equiv] summary:   failed assertion __eqcheck_top._witness_.check_assert_eqcheck_wrapper_v_48_515 at eqcheck_wrapper.v:48.14-48.83
SBY 13:32:01 [/mnt/d/tushar/Downloads/RTL.ai/runs/vec_proc_optimize_20260911T133126Z/attempt_1/formal/equiv] DONE (FAIL, rc=2)
