
 /----------------------------------------------------------------------------\
 |  yosys -- Yosys Open SYnthesis Suite                                       |
 |  Copyright (C) 2012 - 2026  Claire Xenia Wolf <claire@yosyshq.com>         |
 |  Distributed under an ISC-like license, type "license" to see terms        |
 \----------------------------------------------------------------------------/
 Yosys 0.68+195 (git sha1 435977e97-dirty, Release, Clang /usr/bin/clang++ 21.1.8)

-- Executing script file `/mnt/d/tushar/Downloads/RTL.ai/runs/vec_proc_optimize_20260911T133126Z/attempt_1/formal/prepare.ys' --

1. Executing Verilog-2005 frontend: /mnt/d/tushar/Downloads/RTL.ai/designs/vec_proc.v
Parsing SystemVerilog input from `/mnt/d/tushar/Downloads/RTL.ai/designs/vec_proc.v' to AST representation.
Generating RTLIL representation for module `\vec_proc'.
Successfully finished Verilog frontend.
Renaming module \vec_proc to \gold.

2. Executing Verilog-2005 frontend: /mnt/d/tushar/Downloads/RTL.ai/runs/vec_proc_optimize_20260911T133126Z/attempt_1/vec_proc_candidate.v
Parsing SystemVerilog input from `/mnt/d/tushar/Downloads/RTL.ai/runs/vec_proc_optimize_20260911T133126Z/attempt_1/vec_proc_candidate.v' to AST representation.
Generating RTLIL representation for module `\vec_proc'.
Successfully finished Verilog frontend.
Renaming module \vec_proc to \gate.

3. Executing HIERARCHY pass (managing design hierarchy).

4. Executing PROC pass (convert processes to netlists).

4.1. Executing PROC_CLEAN pass (remove empty switches from decision trees).
Cleaned up 0 empty switches.

4.2. Executing PROC_RMDEAD pass (remove dead branches from decision trees).
Removed 1 dead cases from process $proc$/mnt/d/tushar/Downloads/RTL.ai/runs/vec_proc_optimize_20260911T133126Z/attempt_1/vec_proc_candidate.v:44$168 in module gate.
Marked 1 switch rules as full_case in process $proc$/mnt/d/tushar/Downloads/RTL.ai/runs/vec_proc_optimize_20260911T133126Z/attempt_1/vec_proc_candidate.v:44$168 in module gate.
Removed 1 dead cases from process $proc$/mnt/d/tushar/Downloads/RTL.ai/runs/vec_proc_optimize_20260911T133126Z/attempt_1/vec_proc_candidate.v:44$157 in module gate.
Marked 1 switch rules as full_case in process $proc$/mnt/d/tushar/Downloads/RTL.ai/runs/vec_proc_optimize_20260911T133126Z/attempt_1/vec_proc_candidate.v:44$157 in module gate.
Removed 1 dead cases from process $proc$/mnt/d/tushar/Downloads/RTL.ai/runs/vec_proc_optimize_20260911T133126Z/attempt_1/vec_proc_candidate.v:44$146 in module gate.
Marked 1 switch rules as full_case in process $proc$/mnt/d/tushar/Downloads/RTL.ai/runs/vec_proc_optimize_20260911T133126Z/attempt_1/vec_proc_candidate.v:44$146 in module gate.
Removed 1 dead cases from process $proc$/mnt/d/tushar/Downloads/RTL.ai/runs/vec_proc_optimize_20260911T133126Z/attempt_1/vec_proc_candidate.v:44$135 in module gate.
Marked 1 switch rules as full_case in process $proc$/mnt/d/tushar/Downloads/RTL.ai/runs/vec_proc_optimize_20260911T133126Z/attempt_1/vec_proc_candidate.v:44$135 in module gate.
Removed 1 dead cases from process $proc$/mnt/d/tushar/Downloads/RTL.ai/runs/vec_proc_optimize_20260911T133126Z/attempt_1/vec_proc_candidate.v:44$124 in module gate.
Marked 1 switch rules as full_case in process $proc$/mnt/d/tushar/Downloads/RTL.ai/runs/vec_proc_optimize_20260911T133126Z/attempt_1/vec_proc_candidate.v:44$124 in module gate.
Removed 1 dead cases from process $proc$/mnt/d/tushar/Downloads/RTL.ai/runs/vec_proc_optimize_20260911T133126Z/attempt_1/vec_proc_candidate.v:44$113 in module gate.
Marked 1 switch rules as full_case in process $proc$/mnt/d/tushar/Downloads/RTL.ai/runs/vec_proc_optimize_20260911T133126Z/attempt_1/vec_proc_candidate.v:44$113 in module gate.
Removed 1 dead cases from process $proc$/mnt/d/tushar/Downloads/RTL.ai/runs/vec_proc_optimize_20260911T133126Z/attempt_1/vec_proc_candidate.v:44$102 in module gate.
Marked 1 switch rules as full_case in process $proc$/mnt/d/tushar/Downloads/RTL.ai/runs/vec_proc_optimize_20260911T133126Z/attempt_1/vec_proc_candidate.v:44$102 in module gate.
Removed 1 dead cases from process $proc$/mnt/d/tushar/Downloads/RTL.ai/runs/vec_proc_optimize_20260911T133126Z/attempt_1/vec_proc_candidate.v:44$91 in module gate.
Marked 1 switch rules as full_case in process $proc$/mnt/d/tushar/Downloads/RTL.ai/runs/vec_proc_optimize_20260911T133126Z/attempt_1/vec_proc_candidate.v:44$91 in module gate.
Removed 1 dead cases from process $proc$/mnt/d/tushar/Downloads/RTL.ai/runs/vec_proc_optimize_20260911T133126Z/attempt_1/vec_proc_candidate.v:62$90 in module gate.
Marked 2 switch rules as full_case in process $proc$/mnt/d/tushar/Downloads/RTL.ai/runs/vec_proc_optimize_20260911T133126Z/attempt_1/vec_proc_candidate.v:62$90 in module gate.
Removed 1 dead cases from process $proc$/mnt/d/tushar/Downloads/RTL.ai/designs/vec_proc.v:52$79 in module gold.
Marked 1 switch rules as full_case in process $proc$/mnt/d/tushar/Downloads/RTL.ai/designs/vec_proc.v:52$79 in module gold.
Removed 1 dead cases from process $proc$/mnt/d/tushar/Downloads/RTL.ai/designs/vec_proc.v:52$68 in module gold.
Marked 1 switch rules as full_case in process $proc$/mnt/d/tushar/Downloads/RTL.ai/designs/vec_proc.v:52$68 in module gold.
Removed 1 dead cases from process $proc$/mnt/d/tushar/Downloads/RTL.ai/designs/vec_proc.v:52$57 in module gold.
Marked 1 switch rules as full_case in process $proc$/mnt/d/tushar/Downloads/RTL.ai/designs/vec_proc.v:52$57 in module gold.
Removed 1 dead cases from process $proc$/mnt/d/tushar/Downloads/RTL.ai/designs/vec_proc.v:52$46 in module gold.
Marked 1 switch rules as full_case in process $proc$/mnt/d/tushar/Downloads/RTL.ai/designs/vec_proc.v:52$46 in module gold.
Removed 1 dead cases from process $proc$/mnt/d/tushar/Downloads/RTL.ai/designs/vec_proc.v:52$35 in module gold.
Marked 1 switch rules as full_case in process $proc$/mnt/d/tushar/Downloads/RTL.ai/designs/vec_proc.v:52$35 in module gold.
Removed 1 dead cases from process $proc$/mnt/d/tushar/Downloads/RTL.ai/designs/vec_proc.v:52$24 in module gold.
Marked 1 switch rules as full_case in process $proc$/mnt/d/tushar/Downloads/RTL.ai/designs/vec_proc.v:52$24 in module gold.
Removed 1 dead cases from process $proc$/mnt/d/tushar/Downloads/RTL.ai/designs/vec_proc.v:52$13 in module gold.
Marked 1 switch rules as full_case in process $proc$/mnt/d/tushar/Downloads/RTL.ai/designs/vec_proc.v:52$13 in module gold.
Removed 1 dead cases from process $proc$/mnt/d/tushar/Downloads/RTL.ai/designs/vec_proc.v:52$2 in module gold.
Marked 1 switch rules as full_case in process $proc$/mnt/d/tushar/Downloads/RTL.ai/designs/vec_proc.v:52$2 in module gold.
Marked 2 switch rules as full_case in process $proc$/mnt/d/tushar/Downloads/RTL.ai/designs/vec_proc.v:70$1 in module gold.
Removed a total of 17 dead cases.

4.3. Executing PROC_PRUNE pass (remove redundant assignments in processes).
Removed 0 redundant assignments.
Promoted 16 assignments to connections.

4.4. Executing PROC_INIT pass (extract init attributes).

4.5. Executing PROC_ARST pass (detect async resets in processes).

4.6. Executing PROC_ROM pass (convert switches to ROMs).
Converted 0 switches.
<suppressed ~22 debug messages>

4.7. Executing PROC_MUX pass (convert decision trees to multiplexers).
Creating decoders for process `\gate.$proc$/mnt/d/tushar/Downloads/RTL.ai/runs/vec_proc_optimize_20260911T133126Z/attempt_1/vec_proc_candidate.v:44$168'.
     1/1: $1\lanes[7].r_i[15:0]
Creating decoders for process `\gate.$proc$/mnt/d/tushar/Downloads/RTL.ai/runs/vec_proc_optimize_20260911T133126Z/attempt_1/vec_proc_candidate.v:44$157'.
     1/1: $1\lanes[6].r_i[15:0]
Creating decoders for process `\gate.$proc$/mnt/d/tushar/Downloads/RTL.ai/runs/vec_proc_optimize_20260911T133126Z/attempt_1/vec_proc_candidate.v:44$146'.
     1/1: $1\lanes[5].r_i[15:0]
Creating decoders for process `\gate.$proc$/mnt/d/tushar/Downloads/RTL.ai/runs/vec_proc_optimize_20260911T133126Z/attempt_1/vec_proc_candidate.v:44$135'.
     1/1: $1\lanes[4].r_i[15:0]
Creating decoders for process `\gate.$proc$/mnt/d/tushar/Downloads/RTL.ai/runs/vec_proc_optimize_20260911T133126Z/attempt_1/vec_proc_candidate.v:44$124'.
     1/1: $1\lanes[3].r_i[15:0]
Creating decoders for process `\gate.$proc$/mnt/d/tushar/Downloads/RTL.ai/runs/vec_proc_optimize_20260911T133126Z/attempt_1/vec_proc_candidate.v:44$113'.
     1/1: $1\lanes[2].r_i[15:0]
Creating decoders for process `\gate.$proc$/mnt/d/tushar/Downloads/RTL.ai/runs/vec_proc_optimize_20260911T133126Z/attempt_1/vec_proc_candidate.v:44$102'.
     1/1: $1\lanes[1].r_i[15:0]
Creating decoders for process `\gate.$proc$/mnt/d/tushar/Downloads/RTL.ai/runs/vec_proc_optimize_20260911T133126Z/attempt_1/vec_proc_candidate.v:44$91'.
     1/1: $1\lanes[0].r_i[15:0]
Creating decoders for process `\gate.$proc$/mnt/d/tushar/Downloads/RTL.ai/runs/vec_proc_optimize_20260911T133126Z/attempt_1/vec_proc_candidate.v:62$90'.
     1/6: $0\op_reg[2:0]
     2/6: $0\b_reg[127:0]
     3/6: $0\a_reg[127:0]
     4/6: $0\state[1:0]
     5/6: $0\done[0:0]
     6/6: $0\result_vec[127:0]
Creating decoders for process `\gold.$proc$/mnt/d/tushar/Downloads/RTL.ai/designs/vec_proc.v:52$79'.
     1/1: $1\lanes[7].r_i[15:0]
Creating decoders for process `\gold.$proc$/mnt/d/tushar/Downloads/RTL.ai/designs/vec_proc.v:52$68'.
     1/1: $1\lanes[6].r_i[15:0]
Creating decoders for process `\gold.$proc$/mnt/d/tushar/Downloads/RTL.ai/designs/vec_proc.v:52$57'.
     1/1: $1\lanes[5].r_i[15:0]
Creating decoders for process `\gold.$proc$/mnt/d/tushar/Downloads/RTL.ai/designs/vec_proc.v:52$46'.
     1/1: $1\lanes[4].r_i[15:0]
Creating decoders for process `\gold.$proc$/mnt/d/tushar/Downloads/RTL.ai/designs/vec_proc.v:52$35'.
     1/1: $1\lanes[3].r_i[15:0]
Creating decoders for process `\gold.$proc$/mnt/d/tushar/Downloads/RTL.ai/designs/vec_proc.v:52$24'.
     1/1: $1\lanes[2].r_i[15:0]
Creating decoders for process `\gold.$proc$/mnt/d/tushar/Downloads/RTL.ai/designs/vec_proc.v:52$13'.
     1/1: $1\lanes[1].r_i[15:0]
Creating decoders for process `\gold.$proc$/mnt/d/tushar/Downloads/RTL.ai/designs/vec_proc.v:52$2'.
     1/1: $1\lanes[0].r_i[15:0]
Creating decoders for process `\gold.$proc$/mnt/d/tushar/Downloads/RTL.ai/designs/vec_proc.v:70$1'.
     1/6: $0\op_reg[2:0]
     2/6: $0\b_reg[127:0]
     3/6: $0\a_reg[127:0]
     4/6: $0\state[11:0]
     5/6: $0\done[0:0]
     6/6: $0\result_vec[127:0]

4.8. Executing PROC_DLATCH pass (convert process syncs to latches).
No latch inferred for signal `\gate.\lanes[7].r_i' from process `\gate.$proc$/mnt/d/tushar/Downloads/RTL.ai/runs/vec_proc_optimize_20260911T133126Z/attempt_1/vec_proc_candidate.v:44$168'.
No latch inferred for signal `\gate.\lanes[6].r_i' from process `\gate.$proc$/mnt/d/tushar/Downloads/RTL.ai/runs/vec_proc_optimize_20260911T133126Z/attempt_1/vec_proc_candidate.v:44$157'.
No latch inferred for signal `\gate.\lanes[5].r_i' from process `\gate.$proc$/mnt/d/tushar/Downloads/RTL.ai/runs/vec_proc_optimize_20260911T133126Z/attempt_1/vec_proc_candidate.v:44$146'.
No latch inferred for signal `\gate.\lanes[4].r_i' from process `\gate.$proc$/mnt/d/tushar/Downloads/RTL.ai/runs/vec_proc_optimize_20260911T133126Z/attempt_1/vec_proc_candidate.v:44$135'.
No latch inferred for signal `\gate.\lanes[3].r_i' from process `\gate.$proc$/mnt/d/tushar/Downloads/RTL.ai/runs/vec_proc_optimize_20260911T133126Z/attempt_1/vec_proc_candidate.v:44$124'.
No latch inferred for signal `\gate.\lanes[2].r_i' from process `\gate.$proc$/mnt/d/tushar/Downloads/RTL.ai/runs/vec_proc_optimize_20260911T133126Z/attempt_1/vec_proc_candidate.v:44$113'.
No latch inferred for signal `\gate.\lanes[1].r_i' from process `\gate.$proc$/mnt/d/tushar/Downloads/RTL.ai/runs/vec_proc_optimize_20260911T133126Z/attempt_1/vec_proc_candidate.v:44$102'.
No latch inferred for signal `\gate.\lanes[0].r_i' from process `\gate.$proc$/mnt/d/tushar/Downloads/RTL.ai/runs/vec_proc_optimize_20260911T133126Z/attempt_1/vec_proc_candidate.v:44$91'.
No latch inferred for signal `\gold.\lanes[7].r_i' from process `\gold.$proc$/mnt/d/tushar/Downloads/RTL.ai/designs/vec_proc.v:52$79'.
No latch inferred for signal `\gold.\lanes[6].r_i' from process `\gold.$proc$/mnt/d/tushar/Downloads/RTL.ai/designs/vec_proc.v:52$68'.
No latch inferred for signal `\gold.\lanes[5].r_i' from process `\gold.$proc$/mnt/d/tushar/Downloads/RTL.ai/designs/vec_proc.v:52$57'.
No latch inferred for signal `\gold.\lanes[4].r_i' from process `\gold.$proc$/mnt/d/tushar/Downloads/RTL.ai/designs/vec_proc.v:52$46'.
No latch inferred for signal `\gold.\lanes[3].r_i' from process `\gold.$proc$/mnt/d/tushar/Downloads/RTL.ai/designs/vec_proc.v:52$35'.
No latch inferred for signal `\gold.\lanes[2].r_i' from process `\gold.$proc$/mnt/d/tushar/Downloads/RTL.ai/designs/vec_proc.v:52$24'.
No latch inferred for signal `\gold.\lanes[1].r_i' from process `\gold.$proc$/mnt/d/tushar/Downloads/RTL.ai/designs/vec_proc.v:52$13'.
No latch inferred for signal `\gold.\lanes[0].r_i' from process `\gold.$proc$/mnt/d/tushar/Downloads/RTL.ai/designs/vec_proc.v:52$2'.

4.9. Executing PROC_DFF pass (convert process syncs to FFs).
Creating register for signal `\gate.\result_vec' using process `\gate.$proc$/mnt/d/tushar/Downloads/RTL.ai/runs/vec_proc_optimize_20260911T133126Z/attempt_1/vec_proc_candidate.v:62$90'.
  created $dff cell `$procdff$448' with positive edge clock.
Creating register for signal `\gate.\done' using process `\gate.$proc$/mnt/d/tushar/Downloads/RTL.ai/runs/vec_proc_optimize_20260911T133126Z/attempt_1/vec_proc_candidate.v:62$90'.
  created $dff cell `$procdff$449' with positive edge clock.
Creating register for signal `\gate.\state' using process `\gate.$proc$/mnt/d/tushar/Downloads/RTL.ai/runs/vec_proc_optimize_20260911T133126Z/attempt_1/vec_proc_candidate.v:62$90'.
  created $dff cell `$procdff$450' with positive edge clock.
Creating register for signal `\gate.\a_reg' using process `\gate.$proc$/mnt/d/tushar/Downloads/RTL.ai/runs/vec_proc_optimize_20260911T133126Z/attempt_1/vec_proc_candidate.v:62$90'.
  created $dff cell `$procdff$451' with positive edge clock.
Creating register for signal `\gate.\b_reg' using process `\gate.$proc$/mnt/d/tushar/Downloads/RTL.ai/runs/vec_proc_optimize_20260911T133126Z/attempt_1/vec_proc_candidate.v:62$90'.
  created $dff cell `$procdff$452' with positive edge clock.
Creating register for signal `\gate.\op_reg' using process `\gate.$proc$/mnt/d/tushar/Downloads/RTL.ai/runs/vec_proc_optimize_20260911T133126Z/attempt_1/vec_proc_candidate.v:62$90'.
  created $dff cell `$procdff$453' with positive edge clock.
Creating register for signal `\gold.\result_vec' using process `\gold.$proc$/mnt/d/tushar/Downloads/RTL.ai/designs/vec_proc.v:70$1'.
  created $dff cell `$procdff$454' with positive edge clock.
Creating register for signal `\gold.\done' using process `\gold.$proc$/mnt/d/tushar/Downloads/RTL.ai/designs/vec_proc.v:70$1'.
  created $dff cell `$procdff$455' with positive edge clock.
Creating register for signal `\gold.\state' using process `\gold.$proc$/mnt/d/tushar/Downloads/RTL.ai/designs/vec_proc.v:70$1'.
  created $dff cell `$procdff$456' with positive edge clock.
Creating register for signal `\gold.\a_reg' using process `\gold.$proc$/mnt/d/tushar/Downloads/RTL.ai/designs/vec_proc.v:70$1'.
  created $dff cell `$procdff$457' with positive edge clock.
Creating register for signal `\gold.\b_reg' using process `\gold.$proc$/mnt/d/tushar/Downloads/RTL.ai/designs/vec_proc.v:70$1'.
  created $dff cell `$procdff$458' with positive edge clock.
Creating register for signal `\gold.\op_reg' using process `\gold.$proc$/mnt/d/tushar/Downloads/RTL.ai/designs/vec_proc.v:70$1'.
  created $dff cell `$procdff$459' with positive edge clock.

4.10. Executing PROC_MEMWR pass (convert process memory writes to cells).

4.11. Executing PROC_CLEAN pass (remove empty switches from decision trees).
Found and cleaned up 1 empty switch in `\gate.$proc$/mnt/d/tushar/Downloads/RTL.ai/runs/vec_proc_optimize_20260911T133126Z/attempt_1/vec_proc_candidate.v:44$168'.
Removing empty process `gate.$proc$/mnt/d/tushar/Downloads/RTL.ai/runs/vec_proc_optimize_20260911T133126Z/attempt_1/vec_proc_candidate.v:44$168'.
Found and cleaned up 1 empty switch in `\gate.$proc$/mnt/d/tushar/Downloads/RTL.ai/runs/vec_proc_optimize_20260911T133126Z/attempt_1/vec_proc_candidate.v:44$157'.
Removing empty process `gate.$proc$/mnt/d/tushar/Downloads/RTL.ai/runs/vec_proc_optimize_20260911T133126Z/attempt_1/vec_proc_candidate.v:44$157'.
Found and cleaned up 1 empty switch in `\gate.$proc$/mnt/d/tushar/Downloads/RTL.ai/runs/vec_proc_optimize_20260911T133126Z/attempt_1/vec_proc_candidate.v:44$146'.
Removing empty process `gate.$proc$/mnt/d/tushar/Downloads/RTL.ai/runs/vec_proc_optimize_20260911T133126Z/attempt_1/vec_proc_candidate.v:44$146'.
Found and cleaned up 1 empty switch in `\gate.$proc$/mnt/d/tushar/Downloads/RTL.ai/runs/vec_proc_optimize_20260911T133126Z/attempt_1/vec_proc_candidate.v:44$135'.
Removing empty process `gate.$proc$/mnt/d/tushar/Downloads/RTL.ai/runs/vec_proc_optimize_20260911T133126Z/attempt_1/vec_proc_candidate.v:44$135'.
Found and cleaned up 1 empty switch in `\gate.$proc$/mnt/d/tushar/Downloads/RTL.ai/runs/vec_proc_optimize_20260911T133126Z/attempt_1/vec_proc_candidate.v:44$124'.
Removing empty process `gate.$proc$/mnt/d/tushar/Downloads/RTL.ai/runs/vec_proc_optimize_20260911T133126Z/attempt_1/vec_proc_candidate.v:44$124'.
Found and cleaned up 1 empty switch in `\gate.$proc$/mnt/d/tushar/Downloads/RTL.ai/runs/vec_proc_optimize_20260911T133126Z/attempt_1/vec_proc_candidate.v:44$113'.
Removing empty process `gate.$proc$/mnt/d/tushar/Downloads/RTL.ai/runs/vec_proc_optimize_20260911T133126Z/attempt_1/vec_proc_candidate.v:44$113'.
Found and cleaned up 1 empty switch in `\gate.$proc$/mnt/d/tushar/Downloads/RTL.ai/runs/vec_proc_optimize_20260911T133126Z/attempt_1/vec_proc_candidate.v:44$102'.
Removing empty process `gate.$proc$/mnt/d/tushar/Downloads/RTL.ai/runs/vec_proc_optimize_20260911T133126Z/attempt_1/vec_proc_candidate.v:44$102'.
Found and cleaned up 1 empty switch in `\gate.$proc$/mnt/d/tushar/Downloads/RTL.ai/runs/vec_proc_optimize_20260911T133126Z/attempt_1/vec_proc_candidate.v:44$91'.
Removing empty process `gate.$proc$/mnt/d/tushar/Downloads/RTL.ai/runs/vec_proc_optimize_20260911T133126Z/attempt_1/vec_proc_candidate.v:44$91'.
Found and cleaned up 3 empty switches in `\gate.$proc$/mnt/d/tushar/Downloads/RTL.ai/runs/vec_proc_optimize_20260911T133126Z/attempt_1/vec_proc_candidate.v:62$90'.
Removing empty process `gate.$proc$/mnt/d/tushar/Downloads/RTL.ai/runs/vec_proc_optimize_20260911T133126Z/attempt_1/vec_proc_candidate.v:62$90'.
Found and cleaned up 1 empty switch in `\gold.$proc$/mnt/d/tushar/Downloads/RTL.ai/designs/vec_proc.v:52$79'.
Removing empty process `gold.$proc$/mnt/d/tushar/Downloads/RTL.ai/designs/vec_proc.v:52$79'.
Found and cleaned up 1 empty switch in `\gold.$proc$/mnt/d/tushar/Downloads/RTL.ai/designs/vec_proc.v:52$68'.
Removing empty process `gold.$proc$/mnt/d/tushar/Downloads/RTL.ai/designs/vec_proc.v:52$68'.
Found and cleaned up 1 empty switch in `\gold.$proc$/mnt/d/tushar/Downloads/RTL.ai/designs/vec_proc.v:52$57'.
Removing empty process `gold.$proc$/mnt/d/tushar/Downloads/RTL.ai/designs/vec_proc.v:52$57'.
Found and cleaned up 1 empty switch in `\gold.$proc$/mnt/d/tushar/Downloads/RTL.ai/designs/vec_proc.v:52$46'.
Removing empty process `gold.$proc$/mnt/d/tushar/Downloads/RTL.ai/designs/vec_proc.v:52$46'.
Found and cleaned up 1 empty switch in `\gold.$proc$/mnt/d/tushar/Downloads/RTL.ai/designs/vec_proc.v:52$35'.
Removing empty process `gold.$proc$/mnt/d/tushar/Downloads/RTL.ai/designs/vec_proc.v:52$35'.
Found and cleaned up 1 empty switch in `\gold.$proc$/mnt/d/tushar/Downloads/RTL.ai/designs/vec_proc.v:52$24'.
Removing empty process `gold.$proc$/mnt/d/tushar/Downloads/RTL.ai/designs/vec_proc.v:52$24'.
Found and cleaned up 1 empty switch in `\gold.$proc$/mnt/d/tushar/Downloads/RTL.ai/designs/vec_proc.v:52$13'.
Removing empty process `gold.$proc$/mnt/d/tushar/Downloads/RTL.ai/designs/vec_proc.v:52$13'.
Found and cleaned up 1 empty switch in `\gold.$proc$/mnt/d/tushar/Downloads/RTL.ai/designs/vec_proc.v:52$2'.
Removing empty process `gold.$proc$/mnt/d/tushar/Downloads/RTL.ai/designs/vec_proc.v:52$2'.
Found and cleaned up 3 empty switches in `\gold.$proc$/mnt/d/tushar/Downloads/RTL.ai/designs/vec_proc.v:70$1'.
Removing empty process `gold.$proc$/mnt/d/tushar/Downloads/RTL.ai/designs/vec_proc.v:70$1'.
Cleaned up 22 empty switches.

4.12. Executing OPT_EXPR pass (perform const folding).
Optimizing module gate.
<suppressed ~10 debug messages>
Optimizing module gold.
<suppressed ~8 debug messages>

5. Executing Verilog backend.

5.1. Executing BMUXMAP pass.

5.2. Executing DEMUXMAP pass.
Dumping module `\gate'.
Dumping module `\gold'.

6. Executing JSON backend.

End of script. Logfile hash: 3c4fbab496, time: 0.72s, user: 0.06s, system: 0.01s, MEM: 63.39 MB peak
Yosys 0.68+195 (git sha1 435977e97-dirty, Release, Clang /usr/bin/clang++ 21.1.8)
Time spent: 23% 4x read_verilog (0 sec), 22% 1x proc_dff (0 sec), ...
