SBY  2:45:50 [/Users/ritikjindal/rtl-ai-project/runs/benchmark_top_optimize_20260912T211401Z/attempt_1/candidate_2/formal/equiv] Removing directory '/Users/ritikjindal/rtl-ai-project/runs/benchmark_top_optimize_20260912T211401Z/attempt_1/candidate_2/formal/equiv'.
SBY  2:45:50 [/Users/ritikjindal/rtl-ai-project/runs/benchmark_top_optimize_20260912T211401Z/attempt_1/candidate_2/formal/equiv] Copy '/Users/ritikjindal/rtl-ai-project/runs/benchmark_top_optimize_20260912T211401Z/attempt_1/candidate_2/formal/gold_gate.v' to '/Users/ritikjindal/rtl-ai-project/runs/benchmark_top_optimize_20260912T211401Z/attempt_1/candidate_2/formal/equiv/src/gold_gate.v'.
SBY  2:45:50 [/Users/ritikjindal/rtl-ai-project/runs/benchmark_top_optimize_20260912T211401Z/attempt_1/candidate_2/formal/equiv] Copy '/Users/ritikjindal/rtl-ai-project/runs/benchmark_top_optimize_20260912T211401Z/attempt_1/candidate_2/formal/eqcheck_wrapper.v' to '/Users/ritikjindal/rtl-ai-project/runs/benchmark_top_optimize_20260912T211401Z/attempt_1/candidate_2/formal/equiv/src/eqcheck_wrapper.v'.
SBY  2:45:50 [/Users/ritikjindal/rtl-ai-project/runs/benchmark_top_optimize_20260912T211401Z/attempt_1/candidate_2/formal/equiv] engine_0: smtbmc
SBY  2:45:50 [/Users/ritikjindal/rtl-ai-project/runs/benchmark_top_optimize_20260912T211401Z/attempt_1/candidate_2/formal/equiv] base: starting process "cd /Users/ritikjindal/rtl-ai-project/runs/benchmark_top_optimize_20260912T211401Z/attempt_1/candidate_2/formal/equiv/src; yosys -ql ../model/design.log ../model/design.ys"
SBY  2:45:50 [/Users/ritikjindal/rtl-ai-project/runs/benchmark_top_optimize_20260912T211401Z/attempt_1/candidate_2/formal/equiv] base: finished (returncode=0)
SBY  2:45:50 [/Users/ritikjindal/rtl-ai-project/runs/benchmark_top_optimize_20260912T211401Z/attempt_1/candidate_2/formal/equiv] prep: starting process "cd /Users/ritikjindal/rtl-ai-project/runs/benchmark_top_optimize_20260912T211401Z/attempt_1/candidate_2/formal/equiv/model; yosys -ql design_prep.log design_prep.ys"
SBY  2:45:50 [/Users/ritikjindal/rtl-ai-project/runs/benchmark_top_optimize_20260912T211401Z/attempt_1/candidate_2/formal/equiv] prep: finished (returncode=0)
SBY  2:45:50 [/Users/ritikjindal/rtl-ai-project/runs/benchmark_top_optimize_20260912T211401Z/attempt_1/candidate_2/formal/equiv] smt2: starting process "cd /Users/ritikjindal/rtl-ai-project/runs/benchmark_top_optimize_20260912T211401Z/attempt_1/candidate_2/formal/equiv/model; yosys -ql design_smt2.log design_smt2.ys"
SBY  2:45:50 [/Users/ritikjindal/rtl-ai-project/runs/benchmark_top_optimize_20260912T211401Z/attempt_1/candidate_2/formal/equiv] smt2: finished (returncode=0)
SBY  2:45:50 [/Users/ritikjindal/rtl-ai-project/runs/benchmark_top_optimize_20260912T211401Z/attempt_1/candidate_2/formal/equiv] engine_0.basecase: starting process "cd /Users/ritikjindal/rtl-ai-project/runs/benchmark_top_optimize_20260912T211401Z/attempt_1/candidate_2/formal/equiv; yosys-smtbmc --presat --unroll --noprogress -t 20  --append 0 --dump-vcd engine_0/trace.vcd --dump-yw engine_0/trace.yw --dump-vlogtb engine_0/trace_tb.v --dump-smtc engine_0/trace.smtc model/design_smt2.smt2"
SBY  2:45:50 [/Users/ritikjindal/rtl-ai-project/runs/benchmark_top_optimize_20260912T211401Z/attempt_1/candidate_2/formal/equiv] engine_0.induction: starting process "cd /Users/ritikjindal/rtl-ai-project/runs/benchmark_top_optimize_20260912T211401Z/attempt_1/candidate_2/formal/equiv; yosys-smtbmc --presat --unroll -i --noprogress -t 20  --append 0 --dump-vcd engine_0/trace_induct.vcd --dump-yw engine_0/trace_induct.yw --dump-vlogtb engine_0/trace_induct_tb.v --dump-smtc engine_0/trace_induct.smtc model/design_smt2.smt2"
SBY  2:45:50 [/Users/ritikjindal/rtl-ai-project/runs/benchmark_top_optimize_20260912T211401Z/attempt_1/candidate_2/formal/equiv] engine_0.basecase: ##   0:00:00  Solver: yices
SBY  2:45:50 [/Users/ritikjindal/rtl-ai-project/runs/benchmark_top_optimize_20260912T211401Z/attempt_1/candidate_2/formal/equiv] engine_0.induction: ##   0:00:00  Solver: yices
SBY  2:45:50 [/Users/ritikjindal/rtl-ai-project/runs/benchmark_top_optimize_20260912T211401Z/attempt_1/candidate_2/formal/equiv] engine_0.basecase: ##   0:00:00  Checking assumptions in step 0..
SBY  2:45:50 [/Users/ritikjindal/rtl-ai-project/runs/benchmark_top_optimize_20260912T211401Z/attempt_1/candidate_2/formal/equiv] engine_0.induction: ##   0:00:00  Trying induction in step 20..
SBY  2:45:50 [/Users/ritikjindal/rtl-ai-project/runs/benchmark_top_optimize_20260912T211401Z/attempt_1/candidate_2/formal/equiv] engine_0.basecase: ##   0:00:00  Checking assertions in step 0..
SBY  2:45:50 [/Users/ritikjindal/rtl-ai-project/runs/benchmark_top_optimize_20260912T211401Z/attempt_1/candidate_2/formal/equiv] engine_0.induction: ##   0:00:00  Trying induction in step 19..
SBY  2:45:50 [/Users/ritikjindal/rtl-ai-project/runs/benchmark_top_optimize_20260912T211401Z/attempt_1/candidate_2/formal/equiv] engine_0.basecase: ##   0:00:00  Checking assumptions in step 1..
SBY  2:45:50 [/Users/ritikjindal/rtl-ai-project/runs/benchmark_top_optimize_20260912T211401Z/attempt_1/candidate_2/formal/equiv] engine_0.basecase: ##   0:00:00  Checking assertions in step 1..
SBY  2:45:50 [/Users/ritikjindal/rtl-ai-project/runs/benchmark_top_optimize_20260912T211401Z/attempt_1/candidate_2/formal/equiv] engine_0.induction: ##   0:00:00  Trying induction in step 18..
SBY  2:45:50 [/Users/ritikjindal/rtl-ai-project/runs/benchmark_top_optimize_20260912T211401Z/attempt_1/candidate_2/formal/equiv] engine_0.basecase: ##   0:00:00  Checking assumptions in step 2..
SBY  2:45:50 [/Users/ritikjindal/rtl-ai-project/runs/benchmark_top_optimize_20260912T211401Z/attempt_1/candidate_2/formal/equiv] engine_0.basecase: ##   0:00:00  Checking assertions in step 2..
SBY  2:45:50 [/Users/ritikjindal/rtl-ai-project/runs/benchmark_top_optimize_20260912T211401Z/attempt_1/candidate_2/formal/equiv] engine_0.induction: ##   0:00:00  Trying induction in step 17..
SBY  2:45:50 [/Users/ritikjindal/rtl-ai-project/runs/benchmark_top_optimize_20260912T211401Z/attempt_1/candidate_2/formal/equiv] engine_0.basecase: ##   0:00:00  Checking assumptions in step 3..
SBY  2:45:50 [/Users/ritikjindal/rtl-ai-project/runs/benchmark_top_optimize_20260912T211401Z/attempt_1/candidate_2/formal/equiv] engine_0.basecase: ##   0:00:00  Checking assertions in step 3..
SBY  2:45:50 [/Users/ritikjindal/rtl-ai-project/runs/benchmark_top_optimize_20260912T211401Z/attempt_1/candidate_2/formal/equiv] engine_0.basecase: ##   0:00:00  Checking assumptions in step 4..
SBY  2:45:50 [/Users/ritikjindal/rtl-ai-project/runs/benchmark_top_optimize_20260912T211401Z/attempt_1/candidate_2/formal/equiv] engine_0.basecase: ##   0:00:00  Checking assertions in step 4..
SBY  2:45:50 [/Users/ritikjindal/rtl-ai-project/runs/benchmark_top_optimize_20260912T211401Z/attempt_1/candidate_2/formal/equiv] engine_0.induction: ##   0:00:00  Trying induction in step 16..
SBY  2:45:50 [/Users/ritikjindal/rtl-ai-project/runs/benchmark_top_optimize_20260912T211401Z/attempt_1/candidate_2/formal/equiv] engine_0.basecase: ##   0:00:00  Checking assumptions in step 5..
SBY  2:45:50 [/Users/ritikjindal/rtl-ai-project/runs/benchmark_top_optimize_20260912T211401Z/attempt_1/candidate_2/formal/equiv] engine_0.basecase: ##   0:00:00  Checking assertions in step 5..
SBY  2:45:50 [/Users/ritikjindal/rtl-ai-project/runs/benchmark_top_optimize_20260912T211401Z/attempt_1/candidate_2/formal/equiv] engine_0.basecase: ##   0:00:00  Checking assumptions in step 6..
SBY  2:45:50 [/Users/ritikjindal/rtl-ai-project/runs/benchmark_top_optimize_20260912T211401Z/attempt_1/candidate_2/formal/equiv] engine_0.basecase: ##   0:00:00  Checking assertions in step 6..
SBY  2:45:50 [/Users/ritikjindal/rtl-ai-project/runs/benchmark_top_optimize_20260912T211401Z/attempt_1/candidate_2/formal/equiv] engine_0.basecase: ##   0:00:00  Checking assumptions in step 7..
SBY  2:45:50 [/Users/ritikjindal/rtl-ai-project/runs/benchmark_top_optimize_20260912T211401Z/attempt_1/candidate_2/formal/equiv] engine_0.basecase: ##   0:00:00  Checking assertions in step 7..
SBY  2:45:50 [/Users/ritikjindal/rtl-ai-project/runs/benchmark_top_optimize_20260912T211401Z/attempt_1/candidate_2/formal/equiv] engine_0.basecase: ##   0:00:00  Checking assumptions in step 8..
SBY  2:45:50 [/Users/ritikjindal/rtl-ai-project/runs/benchmark_top_optimize_20260912T211401Z/attempt_1/candidate_2/formal/equiv] engine_0.basecase: ##   0:00:00  Checking assertions in step 8..
SBY  2:45:50 [/Users/ritikjindal/rtl-ai-project/runs/benchmark_top_optimize_20260912T211401Z/attempt_1/candidate_2/formal/equiv] engine_0.basecase: ##   0:00:00  Checking assumptions in step 9..
SBY  2:45:50 [/Users/ritikjindal/rtl-ai-project/runs/benchmark_top_optimize_20260912T211401Z/attempt_1/candidate_2/formal/equiv] engine_0.basecase: ##   0:00:00  Checking assertions in step 9..
SBY  2:45:50 [/Users/ritikjindal/rtl-ai-project/runs/benchmark_top_optimize_20260912T211401Z/attempt_1/candidate_2/formal/equiv] engine_0.basecase: ##   0:00:00  Checking assumptions in step 10..
SBY  2:45:50 [/Users/ritikjindal/rtl-ai-project/runs/benchmark_top_optimize_20260912T211401Z/attempt_1/candidate_2/formal/equiv] engine_0.basecase: ##   0:00:00  Checking assertions in step 10..
SBY  2:45:50 [/Users/ritikjindal/rtl-ai-project/runs/benchmark_top_optimize_20260912T211401Z/attempt_1/candidate_2/formal/equiv] engine_0.basecase: ##   0:00:00  Checking assumptions in step 11..
SBY  2:45:50 [/Users/ritikjindal/rtl-ai-project/runs/benchmark_top_optimize_20260912T211401Z/attempt_1/candidate_2/formal/equiv] engine_0.basecase: ##   0:00:00  Checking assertions in step 11..
SBY  2:45:50 [/Users/ritikjindal/rtl-ai-project/runs/benchmark_top_optimize_20260912T211401Z/attempt_1/candidate_2/formal/equiv] engine_0.basecase: ##   0:00:00  Checking assumptions in step 12..
SBY  2:45:50 [/Users/ritikjindal/rtl-ai-project/runs/benchmark_top_optimize_20260912T211401Z/attempt_1/candidate_2/formal/equiv] engine_0.basecase: ##   0:00:00  Checking assertions in step 12..
SBY  2:45:50 [/Users/ritikjindal/rtl-ai-project/runs/benchmark_top_optimize_20260912T211401Z/attempt_1/candidate_2/formal/equiv] engine_0.basecase: ##   0:00:00  Checking assumptions in step 13..
SBY  2:45:50 [/Users/ritikjindal/rtl-ai-project/runs/benchmark_top_optimize_20260912T211401Z/attempt_1/candidate_2/formal/equiv] engine_0.basecase: ##   0:00:00  Checking assertions in step 13..
SBY  2:45:50 [/Users/ritikjindal/rtl-ai-project/runs/benchmark_top_optimize_20260912T211401Z/attempt_1/candidate_2/formal/equiv] engine_0.basecase: ##   0:00:00  Checking assumptions in step 14..
SBY  2:45:50 [/Users/ritikjindal/rtl-ai-project/runs/benchmark_top_optimize_20260912T211401Z/attempt_1/candidate_2/formal/equiv] engine_0.basecase: ##   0:00:00  Checking assertions in step 14..
SBY  2:45:50 [/Users/ritikjindal/rtl-ai-project/runs/benchmark_top_optimize_20260912T211401Z/attempt_1/candidate_2/formal/equiv] engine_0.basecase: ##   0:00:00  Checking assumptions in step 15..
SBY  2:45:50 [/Users/ritikjindal/rtl-ai-project/runs/benchmark_top_optimize_20260912T211401Z/attempt_1/candidate_2/formal/equiv] engine_0.basecase: ##   0:00:00  Checking assertions in step 15..
SBY  2:45:50 [/Users/ritikjindal/rtl-ai-project/runs/benchmark_top_optimize_20260912T211401Z/attempt_1/candidate_2/formal/equiv] engine_0.basecase: ##   0:00:00  Checking assumptions in step 16..
SBY  2:45:50 [/Users/ritikjindal/rtl-ai-project/runs/benchmark_top_optimize_20260912T211401Z/attempt_1/candidate_2/formal/equiv] engine_0.basecase: ##   0:00:00  Checking assertions in step 16..
SBY  2:45:50 [/Users/ritikjindal/rtl-ai-project/runs/benchmark_top_optimize_20260912T211401Z/attempt_1/candidate_2/formal/equiv] engine_0.basecase: ##   0:00:00  Checking assumptions in step 17..
SBY  2:45:50 [/Users/ritikjindal/rtl-ai-project/runs/benchmark_top_optimize_20260912T211401Z/attempt_1/candidate_2/formal/equiv] engine_0.basecase: ##   0:00:00  Checking assertions in step 17..
SBY  2:45:50 [/Users/ritikjindal/rtl-ai-project/runs/benchmark_top_optimize_20260912T211401Z/attempt_1/candidate_2/formal/equiv] engine_0.basecase: ##   0:00:00  Checking assumptions in step 18..
SBY  2:45:50 [/Users/ritikjindal/rtl-ai-project/runs/benchmark_top_optimize_20260912T211401Z/attempt_1/candidate_2/formal/equiv] engine_0.basecase: ##   0:00:00  Checking assertions in step 18..
SBY  2:45:50 [/Users/ritikjindal/rtl-ai-project/runs/benchmark_top_optimize_20260912T211401Z/attempt_1/candidate_2/formal/equiv] engine_0.basecase: ##   0:00:00  Checking assumptions in step 19..
SBY  2:45:50 [/Users/ritikjindal/rtl-ai-project/runs/benchmark_top_optimize_20260912T211401Z/attempt_1/candidate_2/formal/equiv] engine_0.basecase: ##   0:00:00  Checking assertions in step 19..
SBY  2:45:50 [/Users/ritikjindal/rtl-ai-project/runs/benchmark_top_optimize_20260912T211401Z/attempt_1/candidate_2/formal/equiv] engine_0.basecase: ##   0:00:00  Status: passed
SBY  2:45:50 [/Users/ritikjindal/rtl-ai-project/runs/benchmark_top_optimize_20260912T211401Z/attempt_1/candidate_2/formal/equiv] engine_0.basecase: finished (returncode=0)
SBY  2:45:50 [/Users/ritikjindal/rtl-ai-project/runs/benchmark_top_optimize_20260912T211401Z/attempt_1/candidate_2/formal/equiv] engine_0.basecase: Status returned by engine for basecase: pass
SBY  2:46:08 [/Users/ritikjindal/rtl-ai-project/runs/benchmark_top_optimize_20260912T211401Z/attempt_1/candidate_2/formal/equiv] engine_0.induction: ##   0:00:18  Temporal induction successful.
SBY  2:46:08 [/Users/ritikjindal/rtl-ai-project/runs/benchmark_top_optimize_20260912T211401Z/attempt_1/candidate_2/formal/equiv] engine_0.induction: ##   0:00:18  Status: passed
SBY  2:46:08 [/Users/ritikjindal/rtl-ai-project/runs/benchmark_top_optimize_20260912T211401Z/attempt_1/candidate_2/formal/equiv] engine_0.induction: finished (returncode=0)
SBY  2:46:08 [/Users/ritikjindal/rtl-ai-project/runs/benchmark_top_optimize_20260912T211401Z/attempt_1/candidate_2/formal/equiv] engine_0.induction: Status returned by engine for induction: pass
SBY  2:46:08 [/Users/ritikjindal/rtl-ai-project/runs/benchmark_top_optimize_20260912T211401Z/attempt_1/candidate_2/formal/equiv] summary: Elapsed clock time [H:MM:SS (secs)]: 0:00:18 (18)
SBY  2:46:08 [/Users/ritikjindal/rtl-ai-project/runs/benchmark_top_optimize_20260912T211401Z/attempt_1/candidate_2/formal/equiv] summary: Elapsed process time [H:MM:SS (secs)]: 0:00:19 (19)
SBY  2:46:08 [/Users/ritikjindal/rtl-ai-project/runs/benchmark_top_optimize_20260912T211401Z/attempt_1/candidate_2/formal/equiv] summary: engine_0 (smtbmc) returned pass for basecase
SBY  2:46:08 [/Users/ritikjindal/rtl-ai-project/runs/benchmark_top_optimize_20260912T211401Z/attempt_1/candidate_2/formal/equiv] summary: engine_0 (smtbmc) returned pass for induction
SBY  2:46:08 [/Users/ritikjindal/rtl-ai-project/runs/benchmark_top_optimize_20260912T211401Z/attempt_1/candidate_2/formal/equiv] summary: engine_0 did not produce any traces
SBY  2:46:08 [/Users/ritikjindal/rtl-ai-project/runs/benchmark_top_optimize_20260912T211401Z/attempt_1/candidate_2/formal/equiv] summary: successful proof by k-induction.
SBY  2:46:08 [/Users/ritikjindal/rtl-ai-project/runs/benchmark_top_optimize_20260912T211401Z/attempt_1/candidate_2/formal/equiv] DONE (PASS, rc=0)
