
 /----------------------------------------------------------------------------\
 |  yosys -- Yosys Open SYnthesis Suite                                       |
 |  Copyright (C) 2012 - 2026  Claire Xenia Wolf <claire@yosyshq.com>         |
 |  Distributed under an ISC-like license, type "license" to see terms        |
 \----------------------------------------------------------------------------/
 Yosys 0.68+130 (git sha1 dd83bbad2-dirty, Release, Clang /usr/local/osxcross/target/bin/aarch64-apple-darwin25.5-clang++ 21.1.8)

-- Executing script file `../model/design.ys' --

1. Executing Verilog-2005 frontend: gold_gate.v
Parsing SystemVerilog input from `gold_gate.v' to AST representation.
Generating RTLIL representation for module `\gate'.
Generating RTLIL representation for module `\gold'.
Successfully finished Verilog frontend.

2. Executing Verilog-2005 frontend: eqcheck_wrapper.v
Parsing SystemVerilog input from `eqcheck_wrapper.v' to AST representation.
Generating RTLIL representation for module `\__eqcheck_top'.
Successfully finished Verilog frontend.

3. Executing PREP pass.

3.1. Executing HIERARCHY pass (managing design hierarchy).

3.1.1. Analyzing design hierarchy..
Top module:  \__eqcheck_top
Used module:     \gate
Used module:     \gold

3.1.2. Analyzing design hierarchy..
Top module:  \__eqcheck_top
Used module:     \gate
Used module:     \gold
Removed 0 unused modules.
Module __eqcheck_top directly or indirectly contains formal properties -> setting "keep" attribute.

3.2. Executing PROC pass (convert processes to netlists).

3.2.1. Executing PROC_CLEAN pass (remove empty switches from decision trees).
Cleaned up 0 empty switches.

3.2.2. Executing PROC_RMDEAD pass (remove dead branches from decision trees).
Marked 1 switch rules as full_case in process $proc$eqcheck_wrapper.v:66$68 in module __eqcheck_top.
Marked 1 switch rules as full_case in process $proc$eqcheck_wrapper.v:59$65 in module __eqcheck_top.
Removed a total of 0 dead cases.

3.2.3. Executing PROC_PRUNE pass (remove redundant assignments in processes).
Removed 0 redundant assignments.
Promoted 25 assignments to connections.

3.2.4. Executing PROC_INIT pass (extract init attributes).
Found init rule in `\__eqcheck_top.$proc$eqcheck_wrapper.v:58$77'.
  Set init value: \warmup = 8'00000000

3.2.5. Executing PROC_ARST pass (detect async resets in processes).

3.2.6. Executing PROC_ROM pass (convert switches to ROMs).
Converted 0 switches.
<suppressed ~4 debug messages>

3.2.7. Executing PROC_MUX pass (convert decision trees to multiplexers).
Creating decoders for process `\__eqcheck_top.$proc$eqcheck_wrapper.v:58$77'.
Creating decoders for process `\__eqcheck_top.$proc$eqcheck_wrapper.v:66$68'.
     1/2: $assert$eqcheck_wrapper.v:70$71_EN
     2/2: $assume$eqcheck_wrapper.v:68$69_EN
Creating decoders for process `\__eqcheck_top.$proc$eqcheck_wrapper.v:59$65'.
     1/1: $0\warmup[7:0]
Creating decoders for process `\__eqcheck_top.$proc$eqcheck_wrapper.v:51$64'.
Creating decoders for process `\gold.$proc$gold_gate.v:173$51'.
Creating decoders for process `\gold.$proc$gold_gate.v:171$50'.
Creating decoders for process `\gold.$proc$gold_gate.v:169$49'.
Creating decoders for process `\gold.$proc$gold_gate.v:167$48'.
Creating decoders for process `\gold.$proc$gold_gate.v:165$47'.
Creating decoders for process `\gold.$proc$gold_gate.v:163$46'.
Creating decoders for process `\gold.$proc$gold_gate.v:161$45'.
Creating decoders for process `\gold.$proc$gold_gate.v:159$44'.
Creating decoders for process `\gate.$proc$gold_gate.v:88$20'.
Creating decoders for process `\gate.$proc$gold_gate.v:86$19'.
Creating decoders for process `\gate.$proc$gold_gate.v:84$18'.
Creating decoders for process `\gate.$proc$gold_gate.v:82$17'.
Creating decoders for process `\gate.$proc$gold_gate.v:80$16'.
Creating decoders for process `\gate.$proc$gold_gate.v:78$15'.
Creating decoders for process `\gate.$proc$gold_gate.v:76$14'.
Creating decoders for process `\gate.$proc$gold_gate.v:74$13'.
Creating decoders for process `\gate.$proc$gold_gate.v:72$12'.
Creating decoders for process `\gate.$proc$gold_gate.v:70$11'.
Creating decoders for process `\gate.$proc$gold_gate.v:68$10'.
Creating decoders for process `\gate.$proc$gold_gate.v:66$9'.
Creating decoders for process `\gate.$proc$gold_gate.v:64$8'.

3.2.8. Executing PROC_DLATCH pass (convert process syncs to latches).

3.2.9. Executing PROC_DFF pass (convert process syncs to FFs).
Creating register for signal `\__eqcheck_top.\warmup' using process `\__eqcheck_top.$proc$eqcheck_wrapper.v:59$65'.
  created $dff cell `$procdff$91' with positive edge clock.
Creating register for signal `\__eqcheck_top.\gold_out_valid_d1' using process `\__eqcheck_top.$proc$eqcheck_wrapper.v:51$64'.
  created $dff cell `$procdff$92' with positive edge clock.
Creating register for signal `\__eqcheck_top.\gold_cr_d1' using process `\__eqcheck_top.$proc$eqcheck_wrapper.v:51$64'.
  created $dff cell `$procdff$93' with positive edge clock.
Creating register for signal `\__eqcheck_top.\gold_ci_d1' using process `\__eqcheck_top.$proc$eqcheck_wrapper.v:51$64'.
  created $dff cell `$procdff$94' with positive edge clock.
Creating register for signal `\gold.\vld' using process `\gold.$proc$gold_gate.v:173$51'.
  created $dff cell `$procdff$95' with positive edge clock.
Creating register for signal `\gold.\bi_r' using process `\gold.$proc$gold_gate.v:171$50'.
  created $dff cell `$procdff$96' with positive edge clock.
Creating register for signal `\gold.\br_r' using process `\gold.$proc$gold_gate.v:169$49'.
  created $dff cell `$procdff$97' with positive edge clock.
Creating register for signal `\gold.\ai_r' using process `\gold.$proc$gold_gate.v:167$48'.
  created $dff cell `$procdff$98' with positive edge clock.
Creating register for signal `\gold.\ar_r' using process `\gold.$proc$gold_gate.v:165$47'.
  created $dff cell `$procdff$99' with positive edge clock.
Creating register for signal `\gold.\ci' using process `\gold.$proc$gold_gate.v:163$46'.
  created $dff cell `$procdff$100' with positive edge clock.
Creating register for signal `\gold.\cr' using process `\gold.$proc$gold_gate.v:161$45'.
  created $dff cell `$procdff$101' with positive edge clock.
Creating register for signal `\gold.\out_valid' using process `\gold.$proc$gold_gate.v:159$44'.
  created $dff cell `$procdff$102' with positive edge clock.
Creating register for signal `\gate.\vld' using process `\gate.$proc$gold_gate.v:88$20'.
  created $dff cell `$procdff$103' with positive edge clock.
Creating register for signal `\gate.\bi_r' using process `\gate.$proc$gold_gate.v:86$19'.
  created $dff cell `$procdff$104' with positive edge clock.
Creating register for signal `\gate.\br_r' using process `\gate.$proc$gold_gate.v:84$18'.
  created $dff cell `$procdff$105' with positive edge clock.
Creating register for signal `\gate.\ai_r' using process `\gate.$proc$gold_gate.v:82$17'.
  created $dff cell `$procdff$106' with positive edge clock.
Creating register for signal `\gate.\ar_r' using process `\gate.$proc$gold_gate.v:80$16'.
  created $dff cell `$procdff$107' with positive edge clock.
Creating register for signal `\gate.\rr_r' using process `\gate.$proc$gold_gate.v:78$15'.
  created $dff cell `$procdff$108' with positive edge clock.
Creating register for signal `\gate.\ii_r' using process `\gate.$proc$gold_gate.v:76$14'.
  created $dff cell `$procdff$109' with positive edge clock.
Creating register for signal `\gate.\ri_r' using process `\gate.$proc$gold_gate.v:74$13'.
  created $dff cell `$procdff$110' with positive edge clock.
Creating register for signal `\gate.\ir_r' using process `\gate.$proc$gold_gate.v:72$12'.
  created $dff cell `$procdff$111' with positive edge clock.
Creating register for signal `\gate.\vld2' using process `\gate.$proc$gold_gate.v:70$11'.
  created $dff cell `$procdff$112' with positive edge clock.
Creating register for signal `\gate.\ci' using process `\gate.$proc$gold_gate.v:68$10'.
  created $dff cell `$procdff$113' with positive edge clock.
Creating register for signal `\gate.\cr' using process `\gate.$proc$gold_gate.v:66$9'.
  created $dff cell `$procdff$114' with positive edge clock.
Creating register for signal `\gate.\out_valid' using process `\gate.$proc$gold_gate.v:64$8'.
  created $dff cell `$procdff$115' with positive edge clock.

3.2.10. Executing PROC_MEMWR pass (convert process memory writes to cells).

3.2.11. Executing PROC_CLEAN pass (remove empty switches from decision trees).
Removing empty process `__eqcheck_top.$proc$eqcheck_wrapper.v:58$77'.
Found and cleaned up 2 empty switches in `\__eqcheck_top.$proc$eqcheck_wrapper.v:66$68'.
Removing empty process `__eqcheck_top.$proc$eqcheck_wrapper.v:66$68'.
Found and cleaned up 2 empty switches in `\__eqcheck_top.$proc$eqcheck_wrapper.v:59$65'.
Removing empty process `__eqcheck_top.$proc$eqcheck_wrapper.v:59$65'.
Removing empty process `__eqcheck_top.$proc$eqcheck_wrapper.v:51$64'.
Removing empty process `gold.$proc$gold_gate.v:173$51'.
Removing empty process `gold.$proc$gold_gate.v:171$50'.
Removing empty process `gold.$proc$gold_gate.v:169$49'.
Removing empty process `gold.$proc$gold_gate.v:167$48'.
Removing empty process `gold.$proc$gold_gate.v:165$47'.
Removing empty process `gold.$proc$gold_gate.v:163$46'.
Removing empty process `gold.$proc$gold_gate.v:161$45'.
Removing empty process `gold.$proc$gold_gate.v:159$44'.
Removing empty process `gate.$proc$gold_gate.v:88$20'.
Removing empty process `gate.$proc$gold_gate.v:86$19'.
Removing empty process `gate.$proc$gold_gate.v:84$18'.
Removing empty process `gate.$proc$gold_gate.v:82$17'.
Removing empty process `gate.$proc$gold_gate.v:80$16'.
Removing empty process `gate.$proc$gold_gate.v:78$15'.
Removing empty process `gate.$proc$gold_gate.v:76$14'.
Removing empty process `gate.$proc$gold_gate.v:74$13'.
Removing empty process `gate.$proc$gold_gate.v:72$12'.
Removing empty process `gate.$proc$gold_gate.v:70$11'.
Removing empty process `gate.$proc$gold_gate.v:68$10'.
Removing empty process `gate.$proc$gold_gate.v:66$9'.
Removing empty process `gate.$proc$gold_gate.v:64$8'.
Cleaned up 4 empty switches.

3.2.12. Executing OPT_EXPR pass (perform const folding).
Optimizing module __eqcheck_top.
Optimizing module gold.
Optimizing module gate.

3.3. Executing FUTURE pass.

3.4. Executing OPT_EXPR pass (perform const folding).
Optimizing module __eqcheck_top.
Optimizing module gold.
Optimizing module gate.

3.5. Executing OPT_CLEAN pass (remove unused cells and wires).
Finding unused cells or wires in module \__eqcheck_top..
Finding unused cells or wires in module \gold..
Finding unused cells or wires in module \gate..
Removed 0 unused cells and 74 unused wires.
<suppressed ~3 debug messages>

3.6. Executing CHECK pass (checking for obvious problems).
Checking module __eqcheck_top...
Checking module gold...
Checking module gate...
Found and reported 0 problems.

3.7. Executing OPT pass (performing simple optimizations).

3.7.1. Executing OPT_EXPR pass (perform const folding).
Optimizing module __eqcheck_top.
Optimizing module gold.
Optimizing module gate.

3.7.2. Executing OPT_MERGE pass (detect identical cells).
Finding identical cells in module `\__eqcheck_top'.
Computing hashes of 22 cells of `\__eqcheck_top'.
Finding duplicate cells in `\__eqcheck_top'.
Finding identical cells in module `\gold'.
Computing hashes of 26 cells of `\gold'.
Finding duplicate cells in `\gold'.
Finding identical cells in module `\gate'.
Computing hashes of 36 cells of `\gate'.
Finding duplicate cells in `\gate'.
Removed a total of 0 cells.

3.7.3. Executing OPT_MUXTREE pass (detect dead branches in mux trees).
Running muxtree optimizer on module \__eqcheck_top..
  Creating internal representation of mux trees.
  Evaluating internal representation of mux trees.
  Analyzing evaluation results.
Running muxtree optimizer on module \gold..
  Creating internal representation of mux trees.
  Evaluating internal representation of mux trees.
  Analyzing evaluation results.
Running muxtree optimizer on module \gate..
  Creating internal representation of mux trees.
  Evaluating internal representation of mux trees.
  Analyzing evaluation results.
Removed 0 multiplexer ports.
<suppressed ~54 debug messages>

3.7.4. Executing OPT_REDUCE pass (consolidate $*mux and $reduce_* inputs).
  Optimizing cells in module \__eqcheck_top.
  Optimizing cells in module \gold.
  Optimizing cells in module \gate.
Performed a total of 0 changes.

3.7.5. Executing OPT_MERGE pass (detect identical cells).
Finding identical cells in module `\__eqcheck_top'.
Computing hashes of 22 cells of `\__eqcheck_top'.
Finding duplicate cells in `\__eqcheck_top'.
Finding identical cells in module `\gold'.
Computing hashes of 26 cells of `\gold'.
Finding duplicate cells in `\gold'.
Finding identical cells in module `\gate'.
Computing hashes of 36 cells of `\gate'.
Finding duplicate cells in `\gate'.
Removed a total of 0 cells.

3.7.6. Executing OPT_CLEAN pass (remove unused cells and wires).
Finding unused cells or wires in module \__eqcheck_top..
Finding unused cells or wires in module \gold..
Finding unused cells or wires in module \gate..

3.7.7. Executing OPT_EXPR pass (perform const folding).
Optimizing module __eqcheck_top.
Optimizing module gold.
Optimizing module gate.

3.7.8. Finished fast OPT passes. (There is nothing left to do.)

3.8. Executing WREDUCE pass (reducing word size of cells).
Removed top 7 bits (of 8) from port B of cell __eqcheck_top.$lt$eqcheck_wrapper.v:61$66 ($lt).
Removed top 7 bits (of 8) from port B of cell __eqcheck_top.$add$eqcheck_wrapper.v:61$67 ($add).
Removed top 7 bits (of 8) from port B of cell __eqcheck_top.$ge$eqcheck_wrapper.v:70$70 ($ge).
Converting cell gold.$add$gold_gate.v:152$37 ($add) from unsigned to signed.
Removed top 1 bits (of 17) from port A of cell gold.$add$gold_gate.v:152$37 ($add).
Removed top 1 bits (of 17) from port B of cell gold.$add$gold_gate.v:152$37 ($add).
Converting cell gold.$mul$gold_gate.v:155$40 ($mul) from unsigned to signed.
Removed top 8 bits (of 16) from port A of cell gold.$mul$gold_gate.v:155$40 ($mul).
Removed top 8 bits (of 16) from port B of cell gold.$mul$gold_gate.v:155$40 ($mul).
Converting cell gold.$mul$gold_gate.v:156$41 ($mul) from unsigned to signed.
Removed top 8 bits (of 16) from port A of cell gold.$mul$gold_gate.v:156$41 ($mul).
Removed top 8 bits (of 16) from port B of cell gold.$mul$gold_gate.v:156$41 ($mul).
Converting cell gold.$mul$gold_gate.v:157$42 ($mul) from unsigned to signed.
Removed top 8 bits (of 16) from port A of cell gold.$mul$gold_gate.v:157$42 ($mul).
Removed top 8 bits (of 16) from port B of cell gold.$mul$gold_gate.v:157$42 ($mul).
Converting cell gold.$mul$gold_gate.v:158$43 ($mul) from unsigned to signed.
Removed top 8 bits (of 16) from port A of cell gold.$mul$gold_gate.v:158$43 ($mul).
Removed top 8 bits (of 16) from port B of cell gold.$mul$gold_gate.v:158$43 ($mul).
Converting cell gold.$sub$gold_gate.v:185$62 ($sub) from unsigned to signed.
Removed top 1 bits (of 17) from port A of cell gold.$sub$gold_gate.v:185$62 ($sub).
Removed top 1 bits (of 17) from port B of cell gold.$sub$gold_gate.v:185$62 ($sub).
Converting cell gate.$add$gold_gate.v:57$1 ($add) from unsigned to signed.
Removed top 1 bits (of 17) from port A of cell gate.$add$gold_gate.v:57$1 ($add).
Removed top 1 bits (of 17) from port B of cell gate.$add$gold_gate.v:57$1 ($add).
Converting cell gate.$mul$gold_gate.v:60$4 ($mul) from unsigned to signed.
Removed top 8 bits (of 16) from port A of cell gate.$mul$gold_gate.v:60$4 ($mul).
Removed top 8 bits (of 16) from port B of cell gate.$mul$gold_gate.v:60$4 ($mul).
Converting cell gate.$mul$gold_gate.v:61$5 ($mul) from unsigned to signed.
Removed top 8 bits (of 16) from port A of cell gate.$mul$gold_gate.v:61$5 ($mul).
Removed top 8 bits (of 16) from port B of cell gate.$mul$gold_gate.v:61$5 ($mul).
Converting cell gate.$mul$gold_gate.v:62$6 ($mul) from unsigned to signed.
Removed top 8 bits (of 16) from port A of cell gate.$mul$gold_gate.v:62$6 ($mul).
Removed top 8 bits (of 16) from port B of cell gate.$mul$gold_gate.v:62$6 ($mul).
Converting cell gate.$mul$gold_gate.v:63$7 ($mul) from unsigned to signed.
Removed top 8 bits (of 16) from port A of cell gate.$mul$gold_gate.v:63$7 ($mul).
Removed top 8 bits (of 16) from port B of cell gate.$mul$gold_gate.v:63$7 ($mul).
Converting cell gate.$sub$gold_gate.v:105$36 ($sub) from unsigned to signed.
Removed top 1 bits (of 17) from port A of cell gate.$sub$gold_gate.v:105$36 ($sub).
Removed top 1 bits (of 17) from port B of cell gate.$sub$gold_gate.v:105$36 ($sub).

3.9. Executing OPT_CLEAN pass (remove unused cells and wires).
Finding unused cells or wires in module \__eqcheck_top..
Finding unused cells or wires in module \gold..
Finding unused cells or wires in module \gate..

3.10. Executing MEMORY_COLLECT pass (generating $mem cells).

3.11. Executing OPT pass (performing simple optimizations).

3.11.1. Executing OPT_EXPR pass (perform const folding).
Optimizing module __eqcheck_top.
Optimizing module gold.
Optimizing module gate.

3.11.2. Executing OPT_MERGE pass (detect identical cells).
Finding identical cells in module `\__eqcheck_top'.
Computing hashes of 22 cells of `\__eqcheck_top'.
Finding duplicate cells in `\__eqcheck_top'.
Finding identical cells in module `\gold'.
Computing hashes of 26 cells of `\gold'.
Finding duplicate cells in `\gold'.
Finding identical cells in module `\gate'.
Computing hashes of 36 cells of `\gate'.
Finding duplicate cells in `\gate'.
Removed a total of 0 cells.

3.11.3. Executing OPT_CLEAN pass (remove unused cells and wires).
Finding unused cells or wires in module \__eqcheck_top..
Finding unused cells or wires in module \gold..
Finding unused cells or wires in module \gate..

3.11.4. Finished fast OPT passes.

3.12. Executing SORT pass.

3.13. Printing statistics.

=== __eqcheck_top ===

        +----------Local Count, excluding submodules.
        | 
       31 wires
      201 wire bits
       17 public wires
      166 public wire bits
        7 ports
       35 port bits
       20 cells
        1   $add
        2   $check
        4   $dff
        3   $eq
        1   $ge
        1   $initstate
        2   $logic_and
        1   $lt
        5   $mux
        2 submodules
        1   gate
        1   gold

=== gate ===

        +----------Local Count, excluding submodules.
        | 
       43 wires
      491 wire bits
       43 public wires
      491 public wire bits
       10 ports
       76 port bits
       36 cells
        3   $add
       13   $dff
        4   $mul
       15   $mux
        1   $sub

=== gold ===

        +----------Local Count, excluding submodules.
        | 
       33 wires
      361 wire bits
       33 public wires
      361 public wire bits
       10 ports
       76 port bits
       26 cells
        3   $add
        8   $dff
        4   $mul
       10   $mux
        1   $sub

=== design hierarchy ===

        +----------Count including submodules.
        | 
       82 __eqcheck_top
       36 gate
       26 gold

        +----------Count including submodules.
        | 
      107 wires
     1053 wire bits
       93 public wires
     1018 public wire bits
       27 ports
      187 port bits
        - memories
        - memory bits
        - processes
       82 cells
        7   $add
        2   $check
       25   $dff
        3   $eq
        1   $ge
        1   $initstate
        2   $logic_and
        1   $lt
        8   $mul
       30   $mux
        2   $sub
        2 submodules
        1   gate
        1   gold

3.14. Executing CHECK pass (checking for obvious problems).
Checking module __eqcheck_top...
Checking module gate...
Checking module gold...
Found and reported 0 problems.

4. Executing HIERARCHY pass (managing design hierarchy).
Attribute `top' found on module `__eqcheck_top'. Setting top module to __eqcheck_top.

4.1. Analyzing design hierarchy..
Top module:  \__eqcheck_top
Used module:     \gate
Used module:     \gold

4.2. Analyzing design hierarchy..
Top module:  \__eqcheck_top
Used module:     \gate
Used module:     \gold
Removed 0 unused modules.
Module __eqcheck_top directly or indirectly contains formal properties -> setting "keep" attribute.

5. Executing jny backend.

6. Executing RTLIL backend.
Output filename: ../model/design.il

End of script. Logfile hash: d526d93dc4, time: 0.02s, user: 0.01s, system: 0.00s, MEM: 15.19 MB peak
Yosys 0.68+130 (git sha1 dd83bbad2-dirty, Release, Clang /usr/local/osxcross/target/bin/aarch64-apple-darwin25.5-clang++ 21.1.8)
Time spent: 24% 4x read_verilog (0 sec), 23% 2x check (0 sec), ...
