Startpoint: _6732_ (rising edge-triggered flip-flop clocked by clk)
Endpoint: _6816_ (rising edge-triggered flip-flop clocked by clk)
Path Group: clk
Path Type: max

  Delay    Time   Description
---------------------------------------------------------
   0.00    0.00   clock clk (rise edge)
   0.00    0.00   clock network delay (ideal)
   0.00    0.00 ^ _6732_/CK (DFF_X1)
   0.20    0.20 ^ _6732_/Q (DFF_X1)
   0.05    0.25 v _5615_/ZN (AOI22_X1)
   0.09    0.34 v _5617_/ZN (OR3_X1)
   0.04    0.38 v _5652_/ZN (AND3_X1)
   0.08    0.46 v _5656_/ZN (OR3_X1)
   0.04    0.50 v _5684_/ZN (AND3_X1)
   0.07    0.57 v _5690_/ZN (OR3_X1)
   0.04    0.61 v _5691_/ZN (AND2_X1)
   0.09    0.69 v _5693_/ZN (OR3_X1)
   0.04    0.73 v _5695_/ZN (AND3_X1)
   0.08    0.81 v _5719_/ZN (OR3_X1)
   0.02    0.83 ^ _5752_/ZN (NAND3_X1)
   0.02    0.85 v _5754_/ZN (AOI21_X1)
   0.04    0.89 ^ _5757_/ZN (OAI21_X1)
   0.02    0.91 v _5758_/ZN (NAND2_X1)
   0.06    0.96 v _5841_/Z (XOR2_X1)
   0.06    1.03 v _5902_/Z (XOR2_X1)
   0.05    1.07 ^ _5903_/ZN (AOI21_X1)
   0.03    1.10 v _5904_/ZN (OAI21_X1)
   0.05    1.14 ^ _5905_/ZN (AOI21_X1)
   0.03    1.17 v _5906_/ZN (OAI21_X1)
   0.05    1.22 ^ _5907_/ZN (AOI21_X1)
   0.03    1.25 v _5908_/ZN (OAI21_X1)
   0.05    1.29 ^ _5909_/ZN (AOI21_X1)
   0.02    1.32 v _5911_/ZN (OAI21_X1)
   0.06    1.38 v _5930_/Z (XOR2_X1)
   0.06    1.44 v _6003_/Z (XOR2_X1)
   0.05    1.48 ^ _6004_/ZN (AOI21_X1)
   0.03    1.51 v _6005_/ZN (OAI21_X1)
   0.05    1.56 ^ _6006_/ZN (AOI21_X1)
   0.01    1.57 v _6008_/ZN (NOR2_X1)
   0.10    1.68 ^ _6010_/ZN (OAI33_X1)
   0.07    1.74 v _4414_/Z (MUX2_X1)
   0.04    1.78 v _4415_/ZN (AND3_X1)
   0.04    1.82 ^ _4417_/ZN (NOR3_X1)
   0.00    1.82 ^ _6816_/D (DFF_X1)
           1.82   data arrival time

   1.65    1.65   clock clk (rise edge)
   0.00    1.65   clock network delay (ideal)
  -0.05    1.60   clock uncertainty
   0.00    1.60   clock reconvergence pessimism
           1.60 ^ _6816_/CK (DFF_X1)
  -0.04    1.56   library setup time
           1.56   data required time
---------------------------------------------------------
           1.56   data required time
          -1.82   data arrival time
---------------------------------------------------------
          -0.25   slack (VIOLATED)


