Startpoint: _4116_ (rising edge-triggered flip-flop clocked by clk)
Endpoint: _4192_ (rising edge-triggered flip-flop clocked by clk)
Path Group: clk
Path Type: max

  Delay    Time   Description
---------------------------------------------------------
   0.00    0.00   clock clk (rise edge)
   0.00    0.00   clock network delay (ideal)
   0.00    0.00 ^ _4116_/CK (DFF_X1)
   0.14    0.14 ^ _4116_/Q (DFF_X1)
   0.04    0.17 v _2635_/ZN (AOI22_X1)
   0.09    0.26 v _2637_/ZN (OR3_X1)
   0.04    0.30 v _2670_/ZN (AND3_X1)
   0.07    0.37 v _2678_/ZN (OR3_X1)
   0.04    0.41 v _2715_/ZN (AND3_X1)
   0.07    0.47 v _2725_/ZN (OR3_X1)
   0.04    0.51 v _2759_/ZN (AND3_X1)
   0.07    0.58 v _2763_/ZN (OR3_X1)
   0.04    0.62 v _2791_/ZN (AND3_X1)
   0.08    0.70 ^ _2847_/ZN (AOI211_X1)
   0.03    0.73 v _2851_/ZN (OAI211_X1)
   0.05    0.78 ^ _2852_/ZN (AOI21_X1)
   0.03    0.82 v _2854_/ZN (OAI211_X1)
   0.04    0.86 ^ _2855_/ZN (AOI21_X1)
   0.02    0.88 v _2856_/ZN (NOR2_X1)
   0.04    0.92 ^ _2858_/ZN (OAI21_X1)
   0.06    0.98 ^ _2877_/Z (XOR2_X1)
   0.05    1.03 ^ _2953_/ZN (XNOR2_X1)
   0.06    1.09 ^ _3820_/Z (XOR2_X1)
   0.05    1.14 ^ _3895_/ZN (XNOR2_X1)
   0.03    1.17 v _3896_/ZN (OAI21_X1)
   0.05    1.22 ^ _3897_/ZN (AOI21_X1)
   0.07    1.28 ^ _3907_/Z (XOR2_X1)
   0.03    1.31 v _3971_/ZN (XNOR2_X1)
   0.05    1.37 ^ _3972_/ZN (OAI21_X1)
   0.04    1.41 v _3975_/ZN (AOI221_X1)
   0.12    1.53 v _4100_/ZN (OR4_X1)
   0.04    1.57 ^ _4102_/ZN (AOI21_X1)
   0.02    1.58 v _4103_/ZN (OAI21_X1)
   0.05    1.63 ^ _4104_/ZN (AOI21_X1)
   0.00    1.63 ^ _4192_/D (DFF_X1)
           1.63   data arrival time

   1.48    1.48   clock clk (rise edge)
   0.00    1.48   clock network delay (ideal)
   0.00    1.48   clock reconvergence pessimism
           1.48 ^ _4192_/CK (DFF_X1)
  -0.03    1.45   library setup time
           1.45   data required time
---------------------------------------------------------
           1.45   data required time
          -1.63   data arrival time
---------------------------------------------------------
          -0.18   slack (VIOLATED)


