Startpoint: _3440_ (rising edge-triggered flip-flop clocked by clk)
Endpoint: _3471_ (rising edge-triggered flip-flop clocked by clk)
Path Group: clk
Path Type: max

  Delay    Time   Description
---------------------------------------------------------
   0.00    0.00   clock clk (rise edge)
   0.00    0.00   clock network delay (ideal)
   0.00    0.00 ^ _3440_/CK (DFF_X1)
   0.12    0.12 ^ _3440_/Q (DFF_X1)
   0.03    0.15 v _2770_/ZN (NAND2_X1)
   0.06    0.21 v _2802_/Z (XOR2_X1)
   0.04    0.26 v _2827_/ZN (XNOR2_X1)
   0.06    0.32 v _2835_/Z (XOR2_X1)
   0.05    0.37 v _2864_/ZN (XNOR2_X1)
   0.06    0.43 v _2872_/Z (XOR2_X1)
   0.05    0.48 v _2900_/ZN (XNOR2_X1)
   0.06    0.54 v _2903_/Z (XOR2_X1)
   0.05    0.58 v _2927_/ZN (XNOR2_X1)
   0.05    0.63 v _2985_/ZN (XNOR2_X1)
   0.04    0.68 ^ _2986_/ZN (AOI21_X1)
   0.02    0.70 v _2989_/ZN (OAI21_X1)
   0.05    0.75 ^ _2990_/ZN (AOI21_X1)
   0.03    0.78 v _2991_/ZN (OAI21_X1)
   0.06    0.84 v _3023_/Z (XOR2_X1)
   0.06    0.90 v _3079_/Z (XOR2_X1)
   0.05    0.94 ^ _3080_/ZN (AOI21_X1)
   0.03    0.97 v _3081_/ZN (OAI21_X1)
   0.05    1.02 ^ _3082_/ZN (AOI21_X1)
   0.03    1.05 v _3083_/ZN (OAI21_X1)
   0.06    1.11 v _3087_/Z (XOR2_X1)
   0.06    1.17 v _3167_/Z (XOR2_X1)
   0.04    1.21 ^ _3168_/ZN (AOI21_X1)
   0.06    1.28 ^ _3175_/Z (XOR2_X1)
   0.03    1.31 v _3240_/ZN (XNOR2_X1)
   0.05    1.35 ^ _3241_/ZN (OAI21_X1)
   0.03    1.38 v _3242_/ZN (AOI21_X1)
   0.13    1.51 ^ _3245_/ZN (NOR4_X1)
   0.04    1.55 v _3248_/ZN (NAND4_X1)
   0.06    1.61 v _3376_/Z (XOR2_X1)
   0.03    1.63 ^ _3377_/ZN (NOR2_X1)
   0.00    1.63 ^ _3471_/D (DFF_X1)
           1.63   data arrival time

   1.50    1.50   clock clk (rise edge)
   0.00    1.50   clock network delay (ideal)
  -0.05    1.45   clock uncertainty
   0.00    1.45   clock reconvergence pessimism
           1.45 ^ _3471_/CK (DFF_X1)
  -0.03    1.42   library setup time
           1.42   data required time
---------------------------------------------------------
           1.42   data required time
          -1.63   data arrival time
---------------------------------------------------------
          -0.22   slack (VIOLATED)


