Startpoint: opcode[0] (input port clocked by clk)
Endpoint: _230_ (rising edge-triggered flip-flop clocked by clk)
Path Group: clk
Path Type: max

  Delay    Time   Description
---------------------------------------------------------
   0.00    0.00   clock clk (rise edge)
   0.00    0.00   clock network delay (ideal)
   0.00    0.00 ^ input external delay
   0.00    0.00 ^ opcode[0] (in)
   0.01    0.01 v _112_/ZN (INV_X1)
   0.23    0.24 ^ _123_/ZN (NOR3_X1)
   0.07    0.31 ^ _130_/Z (XOR2_X1)
   0.03    0.34 v ripple[0].fa/_5_/ZN (XNOR2_X1)
   0.04    0.38 ^ ripple[0].fa/_7_/ZN (OAI21_X1)
   0.01    0.39 v ripple[1].fa/_3_/ZN (INV_X1)
   0.04    0.43 ^ ripple[1].fa/_7_/ZN (OAI21_X1)
   0.01    0.44 v ripple[2].fa/_3_/ZN (INV_X1)
   0.04    0.48 ^ ripple[2].fa/_7_/ZN (OAI21_X1)
   0.01    0.49 v ripple[3].fa/_3_/ZN (INV_X1)
   0.04    0.53 ^ ripple[3].fa/_7_/ZN (OAI21_X1)
   0.01    0.54 v ripple[4].fa/_3_/ZN (INV_X1)
   0.04    0.58 ^ ripple[4].fa/_7_/ZN (OAI21_X1)
   0.01    0.59 v ripple[5].fa/_3_/ZN (INV_X1)
   0.04    0.64 ^ ripple[5].fa/_7_/ZN (OAI21_X1)
   0.01    0.64 v ripple[6].fa/_3_/ZN (INV_X1)
   0.04    0.69 ^ ripple[6].fa/_7_/ZN (OAI21_X1)
   0.01    0.70 v ripple[7].fa/_3_/ZN (INV_X1)
   0.04    0.74 ^ ripple[7].fa/_7_/ZN (OAI21_X1)
   0.01    0.74 v _122_/ZN (INV_X1)
   0.03    0.77 ^ _217_/ZN (AOI21_X1)
   0.03    0.80 v _218_/ZN (OAI211_X1)
   0.03    0.83 v _219_/ZN (AND2_X1)
   0.00    0.83 v _230_/D (DFF_X1)
           0.83   data arrival time

  10.00   10.00   clock clk (rise edge)
   0.00   10.00   clock network delay (ideal)
  -0.10    9.90   clock uncertainty
   0.00    9.90   clock reconvergence pessimism
           9.90 ^ _230_/CK (DFF_X1)
  -0.04    9.86   library setup time
           9.86   data required time
---------------------------------------------------------
           9.86   data required time
          -0.83   data arrival time
---------------------------------------------------------
           9.03   slack (MET)


