Startpoint: _96021_ (rising edge-triggered flip-flop clocked by clk_a)
Endpoint: _95818_ (rising edge-triggered flip-flop clocked by clk_a)
Path Group: clk_a
Path Type: max

  Delay    Time   Description
---------------------------------------------------------
   0.00    0.00   clock clk_a (rise edge)
   0.00    0.00   clock network delay (ideal)
   0.00    0.00 ^ _96021_/CK (DFF_X1)
   0.18    0.18 ^ _96021_/Q (DFF_X1)
   0.10    0.28 v _51074_/ZN (NAND2_X1)
   0.08    0.36 ^ _56103_/ZN (XNOR2_X1)
   0.03    0.39 v _56104_/ZN (AOI21_X1)
   0.06    0.45 v _56106_/Z (XOR2_X1)
   0.07    0.52 v _56107_/Z (XOR2_X1)
   0.05    0.57 v _56124_/ZN (XNOR2_X1)
   0.06    0.63 v _56125_/Z (XOR2_X1)
   0.08    0.71 v _56136_/ZN (OR3_X1)
   0.04    0.75 v _56137_/ZN (AND2_X1)
   0.05    0.79 ^ _56154_/ZN (NOR3_X1)
   0.02    0.81 v _56155_/ZN (NOR2_X1)
   0.04    0.86 ^ _56156_/ZN (AOI21_X1)
   0.01    0.86 v _56157_/ZN (INV_X1)
   0.04    0.91 ^ _56158_/ZN (AOI21_X1)
   0.01    0.92 v _56159_/ZN (NOR2_X1)
   0.05    0.97 ^ _56160_/ZN (AOI21_X1)
   0.01    0.99 v _56163_/ZN (NOR2_X1)
   0.08    1.06 v _56379_/ZN (OR3_X1)
   0.04    1.10 v _56380_/ZN (AND2_X1)
   0.05    1.15 v _56419_/Z (XOR2_X1)
   0.08    1.23 v _56461_/ZN (OR3_X1)
   0.02    1.26 ^ _56462_/ZN (NAND2_X1)
   0.05    1.31 ^ _56515_/Z (XOR2_X1)
   0.04    1.35 ^ _56516_/ZN (AND2_X1)
   0.01    1.36 v _56517_/ZN (NOR2_X1)
   0.05    1.41 v _56518_/ZN (OR2_X1)
   0.02    1.43 ^ _56519_/ZN (NAND2_X1)
   0.04    1.47 ^ _56521_/ZN (AND2_X1)
   0.01    1.48 v _56522_/ZN (NOR2_X1)
   0.05    1.53 v _56523_/ZN (OR2_X1)
   0.02    1.55 ^ _56524_/ZN (NAND2_X1)
   0.02    1.57 v _56525_/ZN (AOI21_X1)
   0.04    1.61 ^ _56526_/ZN (NOR2_X1)
   0.01    1.62 v _56527_/ZN (NOR2_X1)
   0.05    1.67 v _56529_/ZN (OR2_X1)
   0.03    1.70 ^ _56530_/ZN (NAND2_X1)
   0.02    1.71 v _56536_/ZN (OAI21_X1)
   0.07    1.79 ^ _56537_/ZN (AOI21_X1)
   0.00    1.79 ^ _95818_/D (DFF_X1)
           1.79   data arrival time

   1.50    1.50   clock clk_a (rise edge)
   0.00    1.50   clock network delay (ideal)
  -0.05    1.45   clock uncertainty
   0.00    1.45   clock reconvergence pessimism
           1.45 ^ _95818_/CK (DFF_X1)
  -0.04    1.41   library setup time
           1.41   data required time
---------------------------------------------------------
           1.41   data required time
          -1.79   data arrival time
---------------------------------------------------------
          -0.37   slack (VIOLATED)


Startpoint: _95370_ (rising edge-triggered flip-flop clocked by clk_b)
Endpoint: _95390_ (rising edge-triggered flip-flop clocked by clk_b)
Path Group: clk_b
Path Type: max

  Delay    Time   Description
---------------------------------------------------------
   0.00    0.00   clock clk_b (rise edge)
   0.00    0.00   clock network delay (ideal)
   0.00    0.00 ^ _95370_/CK (DFF_X1)
   0.52    0.52 ^ _95370_/Q (DFF_X1)
   0.08    0.61 ^ _68350_/ZN (XNOR2_X1)
   0.07    0.67 ^ _68355_/Z (XOR2_X1)
   0.05    0.72 ^ _68357_/ZN (XNOR2_X1)
   0.01    0.74 v _68358_/ZN (NOR3_X1)
   0.05    0.79 ^ _68359_/ZN (AOI21_X1)
   0.01    0.80 v _68361_/ZN (NOR2_X1)
   0.05    0.86 ^ _68362_/ZN (AOI21_X1)
   0.01    0.87 v _68363_/ZN (NOR2_X1)
   0.05    0.92 ^ _68364_/ZN (AOI21_X1)
   0.01    0.94 v _68365_/ZN (NOR2_X1)
   0.05    0.99 ^ _68366_/ZN (AOI21_X1)
   0.05    1.04 ^ _68453_/ZN (XNOR2_X1)
   0.05    1.09 ^ _68455_/ZN (XNOR2_X1)
   0.02    1.10 v _68503_/ZN (AOI21_X1)
   0.05    1.15 v _68592_/ZN (OR2_X1)
   0.05    1.21 v _68643_/Z (XOR2_X1)
   0.03    1.24 v _68644_/ZN (AND2_X1)
   0.08    1.32 v _68714_/ZN (OR3_X1)
   0.04    1.36 v _68715_/ZN (AND2_X1)
   0.04    1.39 v _68719_/ZN (XNOR2_X1)
   0.07    1.46 v _68804_/ZN (OR3_X1)
   0.02    1.48 ^ _68805_/ZN (NAND2_X1)
   0.06    1.54 ^ _68808_/Z (XOR2_X1)
   0.01    1.55 v _68809_/ZN (INV_X1)
   0.04    1.59 v _68866_/ZN (OR2_X1)
   0.03    1.62 ^ _68867_/ZN (OAI21_X1)
   0.06    1.68 ^ _68880_/Z (XOR2_X1)
   0.05    1.73 ^ _68881_/ZN (XNOR2_X1)
   0.05    1.77 ^ _69022_/ZN (AND2_X1)
   0.02    1.79 v _69023_/ZN (AOI21_X1)
   0.07    1.86 v _69024_/ZN (OR2_X1)
   0.06    1.92 ^ _69030_/ZN (NOR3_X1)
   0.01    1.94 v _69032_/ZN (NOR2_X1)
   0.05    1.98 ^ _69033_/ZN (NOR2_X1)
   0.03    2.01 v _69034_/ZN (OAI21_X1)
   0.06    2.07 ^ _69035_/ZN (AOI21_X1)
   0.00    2.07 ^ _95390_/D (DFF_X1)
           2.07   data arrival time

   1.45    1.45   clock clk_b (rise edge)
   0.00    1.45   clock network delay (ideal)
  -0.05    1.40   clock uncertainty
   0.00    1.40   clock reconvergence pessimism
           1.40 ^ _95390_/CK (DFF_X1)
  -0.04    1.36   library setup time
           1.36   data required time
---------------------------------------------------------
           1.36   data required time
          -2.07   data arrival time
---------------------------------------------------------
          -0.71   slack (VIOLATED)


Startpoint: _95263_ (rising edge-triggered flip-flop clocked by clk_c)
Endpoint: _95130_ (rising edge-triggered flip-flop clocked by clk_c)
Path Group: clk_c
Path Type: max

  Delay    Time   Description
---------------------------------------------------------
   0.00    0.00   clock clk_c (rise edge)
   0.00    0.00   clock network delay (ideal)
   0.00    0.00 ^ _95263_/CK (DFF_X1)
   0.12    0.12 ^ _95263_/Q (DFF_X1)
   0.06    0.18 ^ _74685_/Z (XOR2_X1)
   0.05    0.23 ^ _74777_/ZN (XNOR2_X1)
   0.05    0.28 ^ _74785_/ZN (XNOR2_X1)
   0.01    0.29 v _74786_/ZN (NOR2_X1)
   0.06    0.36 ^ _74787_/ZN (AOI21_X1)
   0.01    0.37 v _74788_/ZN (INV_X1)
   0.02    0.39 ^ _74790_/ZN (NAND2_X1)
   0.02    0.41 v _74791_/ZN (OAI21_X1)
   0.02    0.42 ^ _74792_/ZN (INV_X1)
   0.01    0.43 v _74794_/ZN (NOR2_X1)
   0.05    0.48 ^ _74795_/ZN (AOI21_X1)
   0.01    0.49 v _74796_/ZN (INV_X1)
   0.01    0.51 ^ _74798_/ZN (NAND2_X1)
   0.02    0.53 v _74799_/ZN (OAI21_X1)
   0.02    0.54 ^ _74800_/ZN (INV_X1)
   0.01    0.55 v _74802_/ZN (NOR2_X1)
   0.08    0.63 v _74854_/ZN (OR3_X1)
   0.04    0.67 v _74855_/ZN (AND2_X1)
   0.04    0.71 v _74882_/ZN (XNOR2_X1)
   0.05    0.76 v _74883_/ZN (OR2_X1)
   0.03    0.79 ^ _74885_/ZN (AOI21_X1)
   0.02    0.81 v _74886_/ZN (AOI21_X1)
   0.05    0.87 v _74887_/ZN (OR2_X1)
   0.03    0.90 ^ _74889_/ZN (AOI21_X1)
   0.02    0.92 v _74890_/ZN (AOI21_X1)
   0.05    0.97 v _74891_/ZN (OR2_X1)
   0.03    1.00 ^ _74893_/ZN (AOI21_X1)
   0.02    1.02 v _74894_/ZN (AOI21_X1)
   0.05    1.07 v _74895_/ZN (OR2_X1)
   0.03    1.10 ^ _74897_/ZN (AOI21_X1)
   0.02    1.12 v _74898_/ZN (AOI21_X1)
   0.04    1.16 ^ _74900_/ZN (OAI21_X1)
   0.03    1.19 v _74902_/ZN (AOI21_X1)
   0.03    1.23 ^ _93886_/ZN (OAI21_X1)
   0.03    1.26 v _93887_/ZN (OAI211_X1)
   0.08    1.34 ^ _93888_/ZN (AOI21_X1)
   0.02    1.35 v _93889_/ZN (OAI21_X1)
   0.06    1.42 ^ _93890_/ZN (AOI21_X1)
   0.00    1.42 ^ _95130_/D (DFF_X1)
           1.42   data arrival time

   1.75    1.75   clock clk_c (rise edge)
   0.00    1.75   clock network delay (ideal)
  -0.05    1.70   clock uncertainty
   0.00    1.70   clock reconvergence pessimism
           1.70 ^ _95130_/CK (DFF_X1)
  -0.04    1.66   library setup time
           1.66   data required time
---------------------------------------------------------
           1.66   data required time
          -1.42   data arrival time
---------------------------------------------------------
           0.25   slack (MET)


Startpoint: _94881_ (rising edge-triggered flip-flop clocked by clk_d)
Endpoint: _94861_ (rising edge-triggered flip-flop clocked by clk_d)
Path Group: clk_d
Path Type: max

  Delay    Time   Description
---------------------------------------------------------
   0.00    0.00   clock clk_d (rise edge)
   0.00    0.00   clock network delay (ideal)
   0.00    0.00 ^ _94881_/CK (DFF_X1)
   0.23    0.23 ^ _94881_/Q (DFF_X1)
   0.08    0.31 v _79462_/ZN (NAND2_X1)
   0.07    0.38 v _79467_/Z (XOR2_X1)
   0.05    0.43 v _79470_/ZN (XNOR2_X1)
   0.05    0.48 v _79484_/ZN (XNOR2_X1)
   0.06    0.54 v _79497_/Z (XOR2_X1)
   0.06    0.59 v _79507_/Z (XOR2_X1)
   0.05    0.64 v _79524_/ZN (XNOR2_X1)
   0.06    0.70 v _79528_/Z (XOR2_X1)
   0.04    0.75 v _79550_/ZN (XNOR2_X1)
   0.04    0.79 v _79552_/ZN (AND3_X1)
   0.04    0.82 ^ _79553_/ZN (NOR2_X1)
   0.02    0.85 v _79581_/ZN (AOI21_X1)
   0.04    0.89 ^ _79583_/ZN (OAI21_X1)
   0.15    1.04 ^ _79989_/Z (XOR2_X1)
   0.07    1.11 ^ _79991_/Z (XOR2_X1)
   0.04    1.15 v _80047_/ZN (OAI211_X1)
   0.04    1.18 v _80066_/ZN (AND3_X1)
   0.04    1.22 ^ _80067_/ZN (NOR2_X1)
   0.06    1.28 ^ _80069_/Z (XOR2_X1)
   0.06    1.35 ^ _80159_/Z (XOR2_X1)
   0.06    1.41 ^ _80219_/Z (XOR2_X1)
   0.06    1.47 ^ _80232_/Z (XOR2_X1)
   0.05    1.52 ^ _80234_/ZN (XNOR2_X1)
   0.06    1.58 ^ _80304_/Z (XOR2_X1)
   0.05    1.63 ^ _80353_/ZN (XNOR2_X1)
   0.03    1.66 v _80369_/ZN (XNOR2_X1)
   0.04    1.70 v _80437_/ZN (XNOR2_X1)
   0.08    1.78 v _80497_/ZN (OR3_X1)
   0.04    1.82 v _80498_/ZN (AND2_X1)
   0.04    1.86 v _80570_/ZN (XNOR2_X1)
   0.04    1.91 ^ _80571_/ZN (OAI21_X1)
   0.04    1.95 ^ _80573_/ZN (AND2_X1)
   0.01    1.96 v _80574_/ZN (AOI21_X1)
   0.06    2.02 v _80575_/ZN (OR2_X1)
   0.02    2.03 ^ _80576_/ZN (NAND2_X1)
   0.04    2.07 ^ _80577_/ZN (AND2_X1)
   0.01    2.09 v _80578_/ZN (AOI21_X1)
   0.06    2.14 v _80579_/ZN (OR2_X1)
   0.02    2.16 ^ _80580_/ZN (NAND2_X1)
   0.04    2.20 ^ _80597_/ZN (AND2_X1)
   0.04    2.24 ^ _80604_/ZN (AND2_X1)
   0.01    2.25 v _80605_/ZN (NOR2_X1)
   0.03    2.27 ^ _80606_/ZN (AOI21_X1)
   0.00    2.27 ^ _94861_/D (DFF_X1)
           2.27   data arrival time

   1.70    1.70   clock clk_d (rise edge)
   0.00    1.70   clock network delay (ideal)
  -0.05    1.65   clock uncertainty
   0.00    1.65   clock reconvergence pessimism
           1.65 ^ _94861_/CK (DFF_X1)
  -0.04    1.61   library setup time
           1.61   data required time
---------------------------------------------------------
           1.61   data required time
          -2.27   data arrival time
---------------------------------------------------------
          -0.66   slack (VIOLATED)


Startpoint: _96447_ (rising edge-triggered flip-flop clocked by clk_e)
Endpoint: _94579_ (rising edge-triggered flip-flop clocked by clk_e)
Path Group: clk_e
Path Type: max

  Delay    Time   Description
---------------------------------------------------------
   0.00    0.00   clock clk_e (rise edge)
   0.00    0.00   clock network delay (ideal)
   0.00    0.00 ^ _96447_/CK (DFF_X1)
   0.58    0.58 ^ _96447_/Q (DFF_X1)
   0.66    1.24 v _48225_/ZN (INV_X1)
   0.15    1.40 ^ _89226_/ZN (NOR2_X1)
   0.02    1.42 v _89372_/ZN (NOR3_X1)
   0.05    1.47 ^ _89374_/ZN (OAI21_X1)
   0.05    1.53 ^ _89377_/ZN (AND3_X1)
   0.02    1.55 v _89548_/ZN (OAI21_X1)
   0.04    1.59 v _89551_/ZN (AND3_X1)
   0.06    1.66 ^ _89553_/ZN (NOR3_X1)
   0.03    1.68 v _89607_/ZN (OAI21_X1)
   0.06    1.75 ^ _89609_/ZN (NOR3_X1)
   0.01    1.76 v _89719_/ZN (NOR3_X1)
   0.08    1.84 v _89726_/ZN (OR3_X1)
   0.02    1.87 ^ _89790_/ZN (NAND3_X1)
   0.02    1.89 v _89862_/ZN (AOI21_X1)
   0.07    1.96 ^ _89863_/ZN (NOR3_X1)
   0.02    1.98 v _89924_/ZN (AOI21_X1)
   0.08    2.06 ^ _89925_/ZN (NOR3_X1)
   0.04    2.10 v _89926_/ZN (OAI21_X1)
   0.13    2.22 ^ _89935_/ZN (NOR4_X1)
   0.03    2.25 v _89937_/ZN (NAND3_X1)
   0.06    2.32 ^ _89938_/ZN (AOI21_X1)
   0.03    2.34 v _89939_/ZN (NAND2_X1)
   0.06    2.40 v _89964_/Z (XOR2_X1)
   0.04    2.45 v _89966_/ZN (XNOR2_X1)
   0.04    2.49 v _90086_/ZN (AND3_X1)
   0.05    2.53 v _90088_/ZN (OR2_X1)
   0.05    2.58 v _90202_/Z (XOR2_X1)
   0.06    2.64 v _90203_/Z (MUX2_X1)
   0.05    2.69 ^ _90204_/ZN (AOI21_X1)
   0.02    2.71 v _90206_/ZN (NOR2_X1)
   0.04    2.75 v _90207_/ZN (XNOR2_X1)
   0.08    2.84 ^ _90326_/ZN (OAI33_X1)
   0.05    2.89 ^ _90334_/ZN (AND2_X1)
   0.02    2.91 v _90420_/ZN (OAI21_X1)
   0.07    2.97 ^ _90442_/ZN (NOR4_X1)
   0.03    3.00 v _90451_/ZN (NAND2_X1)
   0.05    3.05 v _90460_/ZN (XNOR2_X1)
   0.13    3.18 ^ _90461_/ZN (NOR4_X1)
   0.02    3.20 v _90465_/ZN (XNOR2_X1)
   0.07    3.27 ^ _90468_/ZN (AOI221_X1)
   0.03    3.30 ^ _90470_/ZN (OR3_X1)
   0.02    3.32 v _90471_/ZN (AOI21_X1)
   0.00    3.32 v _94579_/D (DFF_X1)
           3.32   data arrival time

   2.15    2.15   clock clk_e (rise edge)
   0.00    2.15   clock network delay (ideal)
  -0.05    2.10   clock uncertainty
   0.00    2.10   clock reconvergence pessimism
           2.10 ^ _94579_/CK (DFF_X1)
  -0.11    1.99   library setup time
           1.99   data required time
---------------------------------------------------------
           1.99   data required time
          -3.32   data arrival time
---------------------------------------------------------
          -1.33   slack (VIOLATED)


