
 /----------------------------------------------------------------------------\
 |  yosys -- Yosys Open SYnthesis Suite                                       |
 |  Copyright (C) 2012 - 2026  Claire Xenia Wolf <claire@yosyshq.com>         |
 |  Distributed under an ISC-like license, type "license" to see terms        |
 \----------------------------------------------------------------------------/
 Yosys 0.68+130 (git sha1 dd83bbad2-dirty, Release, Clang /usr/local/osxcross/target/bin/aarch64-apple-darwin25.5-clang++ 21.1.8)

-- Executing script file `../model/design.ys' --

1. Executing Verilog-2005 frontend: gold_gate.v
Parsing SystemVerilog input from `gold_gate.v' to AST representation.
Generating RTLIL representation for module `\gate'.
Generating RTLIL representation for module `\gold'.
Successfully finished Verilog frontend.

2. Executing Verilog-2005 frontend: eqcheck_wrapper.v
Parsing SystemVerilog input from `eqcheck_wrapper.v' to AST representation.
Generating RTLIL representation for module `\__eqcheck_top'.
Successfully finished Verilog frontend.

3. Executing PREP pass.

3.1. Executing HIERARCHY pass (managing design hierarchy).

3.1.1. Analyzing design hierarchy..
Top module:  \__eqcheck_top
Used module:     \gate
Used module:     \gold

3.1.2. Analyzing design hierarchy..
Top module:  \__eqcheck_top
Used module:     \gate
Used module:     \gold
Removed 0 unused modules.
Module __eqcheck_top directly or indirectly contains formal properties -> setting "keep" attribute.

3.2. Executing PROC pass (convert processes to netlists).

3.2.1. Executing PROC_CLEAN pass (remove empty switches from decision trees).
Cleaned up 0 empty switches.

3.2.2. Executing PROC_RMDEAD pass (remove dead branches from decision trees).
Marked 1 switch rules as full_case in process $proc$eqcheck_wrapper.v:51$185 in module __eqcheck_top.
Marked 1 switch rules as full_case in process $proc$eqcheck_wrapper.v:44$182 in module __eqcheck_top.
Removed a total of 0 dead cases.

3.2.3. Executing PROC_PRUNE pass (remove redundant assignments in processes).
Removed 0 redundant assignments.
Promoted 40 assignments to connections.

3.2.4. Executing PROC_INIT pass (extract init attributes).
Found init rule in `\__eqcheck_top.$proc$eqcheck_wrapper.v:43$192'.
  Set init value: \warmup = 8'00000000

3.2.5. Executing PROC_ARST pass (detect async resets in processes).

3.2.6. Executing PROC_ROM pass (convert switches to ROMs).
Converted 0 switches.
<suppressed ~4 debug messages>

3.2.7. Executing PROC_MUX pass (convert decision trees to multiplexers).
Creating decoders for process `\__eqcheck_top.$proc$eqcheck_wrapper.v:43$192'.
Creating decoders for process `\__eqcheck_top.$proc$eqcheck_wrapper.v:51$185'.
     1/2: $assert$eqcheck_wrapper.v:55$188_EN
     2/2: $assume$eqcheck_wrapper.v:53$186_EN
Creating decoders for process `\__eqcheck_top.$proc$eqcheck_wrapper.v:44$182'.
     1/1: $0\warmup[7:0]
Creating decoders for process `\__eqcheck_top.$proc$eqcheck_wrapper.v:37$181'.
Creating decoders for process `\gold.$proc$gold_gate.v:443$144'.
Creating decoders for process `\gold.$proc$gold_gate.v:441$143'.
Creating decoders for process `\gold.$proc$gold_gate.v:439$142'.
Creating decoders for process `\gold.$proc$gold_gate.v:437$141'.
Creating decoders for process `\gold.$proc$gold_gate.v:435$140'.
Creating decoders for process `\gold.$proc$gold_gate.v:433$139'.
Creating decoders for process `\gold.$proc$gold_gate.v:431$138'.
Creating decoders for process `\gold.$proc$gold_gate.v:429$137'.
Creating decoders for process `\gold.$proc$gold_gate.v:427$136'.
Creating decoders for process `\gold.$proc$gold_gate.v:425$135'.
Creating decoders for process `\gold.$proc$gold_gate.v:423$134'.
Creating decoders for process `\gold.$proc$gold_gate.v:421$133'.
Creating decoders for process `\gold.$proc$gold_gate.v:419$132'.
Creating decoders for process `\gold.$proc$gold_gate.v:417$131'.
Creating decoders for process `\gold.$proc$gold_gate.v:415$130'.
Creating decoders for process `\gold.$proc$gold_gate.v:413$129'.
Creating decoders for process `\gold.$proc$gold_gate.v:411$128'.
Creating decoders for process `\gate.$proc$gold_gate.v:200$54'.
Creating decoders for process `\gate.$proc$gold_gate.v:198$53'.
Creating decoders for process `\gate.$proc$gold_gate.v:196$52'.
Creating decoders for process `\gate.$proc$gold_gate.v:194$51'.
Creating decoders for process `\gate.$proc$gold_gate.v:192$50'.
Creating decoders for process `\gate.$proc$gold_gate.v:190$49'.
Creating decoders for process `\gate.$proc$gold_gate.v:188$48'.
Creating decoders for process `\gate.$proc$gold_gate.v:186$47'.
Creating decoders for process `\gate.$proc$gold_gate.v:184$46'.
Creating decoders for process `\gate.$proc$gold_gate.v:182$45'.
Creating decoders for process `\gate.$proc$gold_gate.v:180$44'.
Creating decoders for process `\gate.$proc$gold_gate.v:178$43'.
Creating decoders for process `\gate.$proc$gold_gate.v:176$42'.
Creating decoders for process `\gate.$proc$gold_gate.v:174$41'.
Creating decoders for process `\gate.$proc$gold_gate.v:172$40'.
Creating decoders for process `\gate.$proc$gold_gate.v:170$39'.
Creating decoders for process `\gate.$proc$gold_gate.v:168$38'.
Creating decoders for process `\gate.$proc$gold_gate.v:166$37'.
Creating decoders for process `\gate.$proc$gold_gate.v:164$36'.
Creating decoders for process `\gate.$proc$gold_gate.v:162$35'.

3.2.8. Executing PROC_DLATCH pass (convert process syncs to latches).

3.2.9. Executing PROC_DFF pass (convert process syncs to FFs).
Creating register for signal `\__eqcheck_top.\warmup' using process `\__eqcheck_top.$proc$eqcheck_wrapper.v:44$182'.
  created $dff cell `$procdff$206' with positive edge clock.
Creating register for signal `\__eqcheck_top.\gold_out_valid_d1' using process `\__eqcheck_top.$proc$eqcheck_wrapper.v:37$181'.
  created $dff cell `$procdff$207' with positive edge clock.
Creating register for signal `\__eqcheck_top.\gold_out_data_d1' using process `\__eqcheck_top.$proc$eqcheck_wrapper.v:37$181'.
  created $dff cell `$procdff$208' with positive edge clock.
Creating register for signal `\gold.\shift[14]' using process `\gold.$proc$gold_gate.v:443$144'.
  created $dff cell `$procdff$209' with positive edge clock.
Creating register for signal `\gold.\shift[13]' using process `\gold.$proc$gold_gate.v:441$143'.
  created $dff cell `$procdff$210' with positive edge clock.
Creating register for signal `\gold.\shift[12]' using process `\gold.$proc$gold_gate.v:439$142'.
  created $dff cell `$procdff$211' with positive edge clock.
Creating register for signal `\gold.\shift[11]' using process `\gold.$proc$gold_gate.v:437$141'.
  created $dff cell `$procdff$212' with positive edge clock.
Creating register for signal `\gold.\shift[10]' using process `\gold.$proc$gold_gate.v:435$140'.
  created $dff cell `$procdff$213' with positive edge clock.
Creating register for signal `\gold.\shift[9]' using process `\gold.$proc$gold_gate.v:433$139'.
  created $dff cell `$procdff$214' with positive edge clock.
Creating register for signal `\gold.\shift[8]' using process `\gold.$proc$gold_gate.v:431$138'.
  created $dff cell `$procdff$215' with positive edge clock.
Creating register for signal `\gold.\shift[7]' using process `\gold.$proc$gold_gate.v:429$137'.
  created $dff cell `$procdff$216' with positive edge clock.
Creating register for signal `\gold.\shift[6]' using process `\gold.$proc$gold_gate.v:427$136'.
  created $dff cell `$procdff$217' with positive edge clock.
Creating register for signal `\gold.\shift[5]' using process `\gold.$proc$gold_gate.v:425$135'.
  created $dff cell `$procdff$218' with positive edge clock.
Creating register for signal `\gold.\shift[4]' using process `\gold.$proc$gold_gate.v:423$134'.
  created $dff cell `$procdff$219' with positive edge clock.
Creating register for signal `\gold.\shift[3]' using process `\gold.$proc$gold_gate.v:421$133'.
  created $dff cell `$procdff$220' with positive edge clock.
Creating register for signal `\gold.\shift[2]' using process `\gold.$proc$gold_gate.v:419$132'.
  created $dff cell `$procdff$221' with positive edge clock.
Creating register for signal `\gold.\shift[1]' using process `\gold.$proc$gold_gate.v:417$131'.
  created $dff cell `$procdff$222' with positive edge clock.
Creating register for signal `\gold.\shift[0]' using process `\gold.$proc$gold_gate.v:415$130'.
  created $dff cell `$procdff$223' with positive edge clock.
Creating register for signal `\gold.\out_data' using process `\gold.$proc$gold_gate.v:413$129'.
  created $dff cell `$procdff$224' with positive edge clock.
Creating register for signal `\gold.\out_valid' using process `\gold.$proc$gold_gate.v:411$128'.
  created $dff cell `$procdff$225' with positive edge clock.
Creating register for signal `\gate.\partial_sum_reg_A' using process `\gate.$proc$gold_gate.v:200$54'.
  created $dff cell `$procdff$226' with positive edge clock.
Creating register for signal `\gate.\partial_sum_reg_B' using process `\gate.$proc$gold_gate.v:198$53'.
  created $dff cell `$procdff$227' with positive edge clock.
Creating register for signal `\gate.\in_valid_1' using process `\gate.$proc$gold_gate.v:196$52'.
  created $dff cell `$procdff$228' with positive edge clock.
Creating register for signal `\gate.\shift[14]' using process `\gate.$proc$gold_gate.v:194$51'.
  created $dff cell `$procdff$229' with positive edge clock.
Creating register for signal `\gate.\shift[13]' using process `\gate.$proc$gold_gate.v:192$50'.
  created $dff cell `$procdff$230' with positive edge clock.
Creating register for signal `\gate.\shift[12]' using process `\gate.$proc$gold_gate.v:190$49'.
  created $dff cell `$procdff$231' with positive edge clock.
Creating register for signal `\gate.\shift[11]' using process `\gate.$proc$gold_gate.v:188$48'.
  created $dff cell `$procdff$232' with positive edge clock.
Creating register for signal `\gate.\shift[10]' using process `\gate.$proc$gold_gate.v:186$47'.
  created $dff cell `$procdff$233' with positive edge clock.
Creating register for signal `\gate.\shift[9]' using process `\gate.$proc$gold_gate.v:184$46'.
  created $dff cell `$procdff$234' with positive edge clock.
Creating register for signal `\gate.\shift[8]' using process `\gate.$proc$gold_gate.v:182$45'.
  created $dff cell `$procdff$235' with positive edge clock.
Creating register for signal `\gate.\shift[7]' using process `\gate.$proc$gold_gate.v:180$44'.
  created $dff cell `$procdff$236' with positive edge clock.
Creating register for signal `\gate.\shift[6]' using process `\gate.$proc$gold_gate.v:178$43'.
  created $dff cell `$procdff$237' with positive edge clock.
Creating register for signal `\gate.\shift[5]' using process `\gate.$proc$gold_gate.v:176$42'.
  created $dff cell `$procdff$238' with positive edge clock.
Creating register for signal `\gate.\shift[4]' using process `\gate.$proc$gold_gate.v:174$41'.
  created $dff cell `$procdff$239' with positive edge clock.
Creating register for signal `\gate.\shift[3]' using process `\gate.$proc$gold_gate.v:172$40'.
  created $dff cell `$procdff$240' with positive edge clock.
Creating register for signal `\gate.\shift[2]' using process `\gate.$proc$gold_gate.v:170$39'.
  created $dff cell `$procdff$241' with positive edge clock.
Creating register for signal `\gate.\shift[1]' using process `\gate.$proc$gold_gate.v:168$38'.
  created $dff cell `$procdff$242' with positive edge clock.
Creating register for signal `\gate.\shift[0]' using process `\gate.$proc$gold_gate.v:166$37'.
  created $dff cell `$procdff$243' with positive edge clock.
Creating register for signal `\gate.\out_data' using process `\gate.$proc$gold_gate.v:164$36'.
  created $dff cell `$procdff$244' with positive edge clock.
Creating register for signal `\gate.\out_valid' using process `\gate.$proc$gold_gate.v:162$35'.
  created $dff cell `$procdff$245' with positive edge clock.

3.2.10. Executing PROC_MEMWR pass (convert process memory writes to cells).

3.2.11. Executing PROC_CLEAN pass (remove empty switches from decision trees).
Removing empty process `__eqcheck_top.$proc$eqcheck_wrapper.v:43$192'.
Found and cleaned up 2 empty switches in `\__eqcheck_top.$proc$eqcheck_wrapper.v:51$185'.
Removing empty process `__eqcheck_top.$proc$eqcheck_wrapper.v:51$185'.
Found and cleaned up 2 empty switches in `\__eqcheck_top.$proc$eqcheck_wrapper.v:44$182'.
Removing empty process `__eqcheck_top.$proc$eqcheck_wrapper.v:44$182'.
Removing empty process `__eqcheck_top.$proc$eqcheck_wrapper.v:37$181'.
Removing empty process `gold.$proc$gold_gate.v:443$144'.
Removing empty process `gold.$proc$gold_gate.v:441$143'.
Removing empty process `gold.$proc$gold_gate.v:439$142'.
Removing empty process `gold.$proc$gold_gate.v:437$141'.
Removing empty process `gold.$proc$gold_gate.v:435$140'.
Removing empty process `gold.$proc$gold_gate.v:433$139'.
Removing empty process `gold.$proc$gold_gate.v:431$138'.
Removing empty process `gold.$proc$gold_gate.v:429$137'.
Removing empty process `gold.$proc$gold_gate.v:427$136'.
Removing empty process `gold.$proc$gold_gate.v:425$135'.
Removing empty process `gold.$proc$gold_gate.v:423$134'.
Removing empty process `gold.$proc$gold_gate.v:421$133'.
Removing empty process `gold.$proc$gold_gate.v:419$132'.
Removing empty process `gold.$proc$gold_gate.v:417$131'.
Removing empty process `gold.$proc$gold_gate.v:415$130'.
Removing empty process `gold.$proc$gold_gate.v:413$129'.
Removing empty process `gold.$proc$gold_gate.v:411$128'.
Removing empty process `gate.$proc$gold_gate.v:200$54'.
Removing empty process `gate.$proc$gold_gate.v:198$53'.
Removing empty process `gate.$proc$gold_gate.v:196$52'.
Removing empty process `gate.$proc$gold_gate.v:194$51'.
Removing empty process `gate.$proc$gold_gate.v:192$50'.
Removing empty process `gate.$proc$gold_gate.v:190$49'.
Removing empty process `gate.$proc$gold_gate.v:188$48'.
Removing empty process `gate.$proc$gold_gate.v:186$47'.
Removing empty process `gate.$proc$gold_gate.v:184$46'.
Removing empty process `gate.$proc$gold_gate.v:182$45'.
Removing empty process `gate.$proc$gold_gate.v:180$44'.
Removing empty process `gate.$proc$gold_gate.v:178$43'.
Removing empty process `gate.$proc$gold_gate.v:176$42'.
Removing empty process `gate.$proc$gold_gate.v:174$41'.
Removing empty process `gate.$proc$gold_gate.v:172$40'.
Removing empty process `gate.$proc$gold_gate.v:170$39'.
Removing empty process `gate.$proc$gold_gate.v:168$38'.
Removing empty process `gate.$proc$gold_gate.v:166$37'.
Removing empty process `gate.$proc$gold_gate.v:164$36'.
Removing empty process `gate.$proc$gold_gate.v:162$35'.
Cleaned up 4 empty switches.

3.2.12. Executing OPT_EXPR pass (perform const folding).
Optimizing module __eqcheck_top.
Optimizing module gold.
Optimizing module gate.

3.3. Executing FUTURE pass.

3.4. Executing OPT_EXPR pass (perform const folding).
Optimizing module __eqcheck_top.
Optimizing module gold.
Optimizing module gate.

3.5. Executing OPT_CLEAN pass (remove unused cells and wires).
Finding unused cells or wires in module \__eqcheck_top..
Finding unused cells or wires in module \gold..
Finding unused cells or wires in module \gate..
Removed 0 unused cells and 190 unused wires.
<suppressed ~3 debug messages>

3.6. Executing CHECK pass (checking for obvious problems).
Checking module __eqcheck_top...
Checking module gold...
Checking module gate...
Found and reported 0 problems.

3.7. Executing OPT pass (performing simple optimizations).

3.7.1. Executing OPT_EXPR pass (perform const folding).
Optimizing module __eqcheck_top.
Optimizing module gold.
Optimizing module gate.

3.7.2. Executing OPT_MERGE pass (detect identical cells).
Finding identical cells in module `\__eqcheck_top'.
Computing hashes of 19 cells of `\__eqcheck_top'.
Finding duplicate cells in `\__eqcheck_top'.
Finding identical cells in module `\gold'.
Computing hashes of 85 cells of `\gold'.
Finding duplicate cells in `\gold'.
Finding identical cells in module `\gate'.
Computing hashes of 94 cells of `\gate'.
Finding duplicate cells in `\gate'.
Removed a total of 0 cells.

3.7.3. Executing OPT_MUXTREE pass (detect dead branches in mux trees).
Running muxtree optimizer on module \__eqcheck_top..
  Creating internal representation of mux trees.
  Evaluating internal representation of mux trees.
  Analyzing evaluation results.
Running muxtree optimizer on module \gold..
  Creating internal representation of mux trees.
  Evaluating internal representation of mux trees.
  Analyzing evaluation results.
Running muxtree optimizer on module \gate..
  Creating internal representation of mux trees.
  Evaluating internal representation of mux trees.
  Analyzing evaluation results.
Removed 0 multiplexer ports.
<suppressed ~120 debug messages>

3.7.4. Executing OPT_REDUCE pass (consolidate $*mux and $reduce_* inputs).
  Optimizing cells in module \__eqcheck_top.
  Optimizing cells in module \gold.
  Optimizing cells in module \gate.
Performed a total of 0 changes.

3.7.5. Executing OPT_MERGE pass (detect identical cells).
Finding identical cells in module `\__eqcheck_top'.
Computing hashes of 19 cells of `\__eqcheck_top'.
Finding duplicate cells in `\__eqcheck_top'.
Finding identical cells in module `\gold'.
Computing hashes of 85 cells of `\gold'.
Finding duplicate cells in `\gold'.
Finding identical cells in module `\gate'.
Computing hashes of 94 cells of `\gate'.
Finding duplicate cells in `\gate'.
Removed a total of 0 cells.

3.7.6. Executing OPT_CLEAN pass (remove unused cells and wires).
Finding unused cells or wires in module \__eqcheck_top..
Finding unused cells or wires in module \gold..
Finding unused cells or wires in module \gate..

3.7.7. Executing OPT_EXPR pass (perform const folding).
Optimizing module __eqcheck_top.
Optimizing module gold.
Optimizing module gate.

3.7.8. Finished fast OPT passes. (There is nothing left to do.)

3.8. Executing WREDUCE pass (reducing word size of cells).
Removed top 7 bits (of 8) from port B of cell __eqcheck_top.$lt$eqcheck_wrapper.v:46$183 ($lt).
Removed top 7 bits (of 8) from port B of cell __eqcheck_top.$add$eqcheck_wrapper.v:46$184 ($add).
Removed top 7 bits (of 8) from port B of cell __eqcheck_top.$ge$eqcheck_wrapper.v:55$187 ($ge).
Converting cell gold.$add$gold_gate.v:378$95 ($add) from unsigned to signed.
Removed top 35 bits (of 36) from port A of cell gold.$add$gold_gate.v:378$95 ($add).
Removed top 4 bits (of 36) from port B of cell gold.$add$gold_gate.v:378$95 ($add).
Removed top 3 bits (of 36) from port Y of cell gold.$add$gold_gate.v:378$95 ($add).
Converting cell gold.$add$gold_gate.v:379$96 ($add) from unsigned to signed.
Removed top 3 bits (of 36) from port A of cell gold.$add$gold_gate.v:379$96 ($add).
Removed top 4 bits (of 36) from port B of cell gold.$add$gold_gate.v:379$96 ($add).
Removed top 2 bits (of 36) from port Y of cell gold.$add$gold_gate.v:379$96 ($add).
Converting cell gold.$add$gold_gate.v:380$97 ($add) from unsigned to signed.
Removed top 2 bits (of 36) from port A of cell gold.$add$gold_gate.v:380$97 ($add).
Removed top 4 bits (of 36) from port B of cell gold.$add$gold_gate.v:380$97 ($add).
Removed top 1 bits (of 36) from port Y of cell gold.$add$gold_gate.v:380$97 ($add).
Converting cell gold.$add$gold_gate.v:381$98 ($add) from unsigned to signed.
Removed top 1 bits (of 36) from port A of cell gold.$add$gold_gate.v:381$98 ($add).
Removed top 4 bits (of 36) from port B of cell gold.$add$gold_gate.v:381$98 ($add).
Removed top 20 bits (of 36) from port B of cell gold.$add$gold_gate.v:393$110 ($add).
Removed top 15 bits (of 36) from port A of cell gold.$gt$gold_gate.v:394$111 ($gt).
Removed top 20 bits (of 36) from port B of cell gold.$gt$gold_gate.v:394$111 ($gt).
Removed top 15 bits (of 36) from port A of cell gold.$lt$gold_gate.v:395$112 ($lt).
Removed top 20 bits (of 36) from port B of cell gold.$lt$gold_gate.v:395$112 ($lt).
Removed top 16 bits (of 32) from port A of cell gold.$mul$gold_gate.v:396$113 ($mul).
Removed top 31 bits (of 32) from port B of cell gold.$mul$gold_gate.v:396$113 ($mul).
Removed top 15 bits (of 32) from port Y of cell gold.$mul$gold_gate.v:396$113 ($mul).
Removed top 16 bits (of 32) from port A of cell gold.$mul$gold_gate.v:397$114 ($mul).
Removed top 31 bits (of 32) from port B of cell gold.$mul$gold_gate.v:397$114 ($mul).
Removed top 15 bits (of 32) from port Y of cell gold.$mul$gold_gate.v:397$114 ($mul).
Removed top 16 bits (of 32) from port A of cell gold.$mul$gold_gate.v:398$115 ($mul).
Removed top 31 bits (of 32) from port B of cell gold.$mul$gold_gate.v:398$115 ($mul).
Removed top 15 bits (of 32) from port Y of cell gold.$mul$gold_gate.v:398$115 ($mul).
Removed top 16 bits (of 32) from port A of cell gold.$mul$gold_gate.v:399$116 ($mul).
Removed top 31 bits (of 32) from port B of cell gold.$mul$gold_gate.v:399$116 ($mul).
Removed top 15 bits (of 32) from port Y of cell gold.$mul$gold_gate.v:399$116 ($mul).
Removed top 16 bits (of 32) from port A of cell gold.$mul$gold_gate.v:400$117 ($mul).
Removed top 31 bits (of 32) from port B of cell gold.$mul$gold_gate.v:400$117 ($mul).
Removed top 15 bits (of 32) from port Y of cell gold.$mul$gold_gate.v:400$117 ($mul).
Removed top 16 bits (of 32) from port A of cell gold.$mul$gold_gate.v:401$118 ($mul).
Removed top 31 bits (of 32) from port B of cell gold.$mul$gold_gate.v:401$118 ($mul).
Removed top 15 bits (of 32) from port Y of cell gold.$mul$gold_gate.v:401$118 ($mul).
Removed top 16 bits (of 32) from port A of cell gold.$mul$gold_gate.v:402$119 ($mul).
Removed top 31 bits (of 32) from port B of cell gold.$mul$gold_gate.v:402$119 ($mul).
Removed top 15 bits (of 32) from port Y of cell gold.$mul$gold_gate.v:402$119 ($mul).
Converting cell gold.$mul$gold_gate.v:403$120 ($mul) from unsigned to signed.
Removed top 16 bits (of 32) from port A of cell gold.$mul$gold_gate.v:403$120 ($mul).
Removed top 16 bits (of 32) from port B of cell gold.$mul$gold_gate.v:403$120 ($mul).
Removed top 16 bits (of 32) from port A of cell gold.$mul$gold_gate.v:404$121 ($mul).
Removed top 31 bits (of 32) from port B of cell gold.$mul$gold_gate.v:404$121 ($mul).
Removed top 15 bits (of 32) from port Y of cell gold.$mul$gold_gate.v:404$121 ($mul).
Removed top 16 bits (of 32) from port A of cell gold.$mul$gold_gate.v:405$122 ($mul).
Removed top 31 bits (of 32) from port B of cell gold.$mul$gold_gate.v:405$122 ($mul).
Removed top 15 bits (of 32) from port Y of cell gold.$mul$gold_gate.v:405$122 ($mul).
Removed top 16 bits (of 32) from port A of cell gold.$mul$gold_gate.v:406$123 ($mul).
Removed top 31 bits (of 32) from port B of cell gold.$mul$gold_gate.v:406$123 ($mul).
Removed top 15 bits (of 32) from port Y of cell gold.$mul$gold_gate.v:406$123 ($mul).
Removed top 16 bits (of 32) from port A of cell gold.$mul$gold_gate.v:407$124 ($mul).
Removed top 31 bits (of 32) from port B of cell gold.$mul$gold_gate.v:407$124 ($mul).
Removed top 15 bits (of 32) from port Y of cell gold.$mul$gold_gate.v:407$124 ($mul).
Removed top 16 bits (of 32) from port A of cell gold.$mul$gold_gate.v:408$125 ($mul).
Removed top 31 bits (of 32) from port B of cell gold.$mul$gold_gate.v:408$125 ($mul).
Removed top 15 bits (of 32) from port Y of cell gold.$mul$gold_gate.v:408$125 ($mul).
Removed top 16 bits (of 32) from port A of cell gold.$mul$gold_gate.v:409$126 ($mul).
Removed top 31 bits (of 32) from port B of cell gold.$mul$gold_gate.v:409$126 ($mul).
Removed top 15 bits (of 32) from port Y of cell gold.$mul$gold_gate.v:409$126 ($mul).
Removed top 16 bits (of 32) from port A of cell gold.$mul$gold_gate.v:410$127 ($mul).
Removed top 31 bits (of 32) from port B of cell gold.$mul$gold_gate.v:410$127 ($mul).
Removed top 15 bits (of 32) from port Y of cell gold.$mul$gold_gate.v:410$127 ($mul).
Removed top 15 bits (of 32) from port B of cell gold.$add$gold_gate.v:378$95 ($add).
Removed top 15 bits (of 33) from port Y of cell gold.$add$gold_gate.v:378$95 ($add).
Removed top 15 bits (of 33) from port A of cell gold.$add$gold_gate.v:379$96 ($add).
Removed top 15 bits (of 32) from port B of cell gold.$add$gold_gate.v:379$96 ($add).
Removed top 15 bits (of 34) from port Y of cell gold.$add$gold_gate.v:379$96 ($add).
Removed top 15 bits (of 34) from port A of cell gold.$add$gold_gate.v:380$97 ($add).
Removed top 15 bits (of 32) from port B of cell gold.$add$gold_gate.v:380$97 ($add).
Removed top 15 bits (of 35) from port Y of cell gold.$add$gold_gate.v:380$97 ($add).
Removed top 15 bits (of 35) from port A of cell gold.$add$gold_gate.v:381$98 ($add).
Removed top 15 bits (of 32) from port B of cell gold.$add$gold_gate.v:381$98 ($add).
Removed top 15 bits (of 36) from port Y of cell gold.$add$gold_gate.v:381$98 ($add).
Removed top 20 bits (of 36) from port B of cell gate.$add$gold_gate.v:128$1 ($add).
Converting cell gate.$add$gold_gate.v:129$2 ($add) from unsigned to signed.
Removed top 35 bits (of 36) from port A of cell gate.$add$gold_gate.v:129$2 ($add).
Removed top 4 bits (of 36) from port B of cell gate.$add$gold_gate.v:129$2 ($add).
Removed top 3 bits (of 36) from port Y of cell gate.$add$gold_gate.v:129$2 ($add).
Converting cell gate.$add$gold_gate.v:130$3 ($add) from unsigned to signed.
Removed top 3 bits (of 36) from port A of cell gate.$add$gold_gate.v:130$3 ($add).
Removed top 4 bits (of 36) from port B of cell gate.$add$gold_gate.v:130$3 ($add).
Removed top 2 bits (of 36) from port Y of cell gate.$add$gold_gate.v:130$3 ($add).
Converting cell gate.$add$gold_gate.v:131$4 ($add) from unsigned to signed.
Removed top 2 bits (of 36) from port A of cell gate.$add$gold_gate.v:131$4 ($add).
Removed top 4 bits (of 36) from port B of cell gate.$add$gold_gate.v:131$4 ($add).
Removed top 1 bits (of 36) from port Y of cell gate.$add$gold_gate.v:131$4 ($add).
Converting cell gate.$add$gold_gate.v:132$5 ($add) from unsigned to signed.
Removed top 1 bits (of 36) from port A of cell gate.$add$gold_gate.v:132$5 ($add).
Removed top 4 bits (of 36) from port B of cell gate.$add$gold_gate.v:132$5 ($add).
Converting cell gate.$add$gold_gate.v:137$10 ($add) from unsigned to signed.
Removed top 35 bits (of 36) from port A of cell gate.$add$gold_gate.v:137$10 ($add).
Removed top 4 bits (of 36) from port B of cell gate.$add$gold_gate.v:137$10 ($add).
Removed top 3 bits (of 36) from port Y of cell gate.$add$gold_gate.v:137$10 ($add).
Converting cell gate.$add$gold_gate.v:138$11 ($add) from unsigned to signed.
Removed top 3 bits (of 36) from port A of cell gate.$add$gold_gate.v:138$11 ($add).
Removed top 4 bits (of 36) from port B of cell gate.$add$gold_gate.v:138$11 ($add).
Removed top 2 bits (of 36) from port Y of cell gate.$add$gold_gate.v:138$11 ($add).
Converting cell gate.$add$gold_gate.v:139$12 ($add) from unsigned to signed.
Removed top 2 bits (of 36) from port A of cell gate.$add$gold_gate.v:139$12 ($add).
Removed top 4 bits (of 36) from port B of cell gate.$add$gold_gate.v:139$12 ($add).
Removed top 1 bits (of 36) from port Y of cell gate.$add$gold_gate.v:139$12 ($add).
Converting cell gate.$add$gold_gate.v:140$13 ($add) from unsigned to signed.
Removed top 1 bits (of 36) from port A of cell gate.$add$gold_gate.v:140$13 ($add).
Removed top 4 bits (of 36) from port B of cell gate.$add$gold_gate.v:140$13 ($add).
Removed top 15 bits (of 36) from port A of cell gate.$gt$gold_gate.v:145$18 ($gt).
Removed top 20 bits (of 36) from port B of cell gate.$gt$gold_gate.v:145$18 ($gt).
Removed top 15 bits (of 36) from port A of cell gate.$lt$gold_gate.v:146$19 ($lt).
Removed top 20 bits (of 36) from port B of cell gate.$lt$gold_gate.v:146$19 ($lt).
Removed top 16 bits (of 32) from port A of cell gate.$mul$gold_gate.v:147$20 ($mul).
Removed top 31 bits (of 32) from port B of cell gate.$mul$gold_gate.v:147$20 ($mul).
Removed top 15 bits (of 32) from port Y of cell gate.$mul$gold_gate.v:147$20 ($mul).
Removed top 16 bits (of 32) from port A of cell gate.$mul$gold_gate.v:148$21 ($mul).
Removed top 31 bits (of 32) from port B of cell gate.$mul$gold_gate.v:148$21 ($mul).
Removed top 15 bits (of 32) from port Y of cell gate.$mul$gold_gate.v:148$21 ($mul).
Removed top 16 bits (of 32) from port A of cell gate.$mul$gold_gate.v:149$22 ($mul).
Removed top 31 bits (of 32) from port B of cell gate.$mul$gold_gate.v:149$22 ($mul).
Removed top 15 bits (of 32) from port Y of cell gate.$mul$gold_gate.v:149$22 ($mul).
Removed top 16 bits (of 32) from port A of cell gate.$mul$gold_gate.v:150$23 ($mul).
Removed top 31 bits (of 32) from port B of cell gate.$mul$gold_gate.v:150$23 ($mul).
Removed top 15 bits (of 32) from port Y of cell gate.$mul$gold_gate.v:150$23 ($mul).
Removed top 16 bits (of 32) from port A of cell gate.$mul$gold_gate.v:151$24 ($mul).
Removed top 31 bits (of 32) from port B of cell gate.$mul$gold_gate.v:151$24 ($mul).
Removed top 15 bits (of 32) from port Y of cell gate.$mul$gold_gate.v:151$24 ($mul).
Removed top 16 bits (of 32) from port A of cell gate.$mul$gold_gate.v:152$25 ($mul).
Removed top 31 bits (of 32) from port B of cell gate.$mul$gold_gate.v:152$25 ($mul).
Removed top 15 bits (of 32) from port Y of cell gate.$mul$gold_gate.v:152$25 ($mul).
Removed top 16 bits (of 32) from port A of cell gate.$mul$gold_gate.v:153$26 ($mul).
Removed top 31 bits (of 32) from port B of cell gate.$mul$gold_gate.v:153$26 ($mul).
Removed top 15 bits (of 32) from port Y of cell gate.$mul$gold_gate.v:153$26 ($mul).
Converting cell gate.$mul$gold_gate.v:154$27 ($mul) from unsigned to signed.
Removed top 16 bits (of 32) from port A of cell gate.$mul$gold_gate.v:154$27 ($mul).
Removed top 16 bits (of 32) from port B of cell gate.$mul$gold_gate.v:154$27 ($mul).
Removed top 16 bits (of 32) from port A of cell gate.$mul$gold_gate.v:155$28 ($mul).
Removed top 31 bits (of 32) from port B of cell gate.$mul$gold_gate.v:155$28 ($mul).
Removed top 15 bits (of 32) from port Y of cell gate.$mul$gold_gate.v:155$28 ($mul).
Removed top 16 bits (of 32) from port A of cell gate.$mul$gold_gate.v:156$29 ($mul).
Removed top 31 bits (of 32) from port B of cell gate.$mul$gold_gate.v:156$29 ($mul).
Removed top 15 bits (of 32) from port Y of cell gate.$mul$gold_gate.v:156$29 ($mul).
Removed top 16 bits (of 32) from port A of cell gate.$mul$gold_gate.v:157$30 ($mul).
Removed top 31 bits (of 32) from port B of cell gate.$mul$gold_gate.v:157$30 ($mul).
Removed top 15 bits (of 32) from port Y of cell gate.$mul$gold_gate.v:157$30 ($mul).
Removed top 16 bits (of 32) from port A of cell gate.$mul$gold_gate.v:158$31 ($mul).
Removed top 31 bits (of 32) from port B of cell gate.$mul$gold_gate.v:158$31 ($mul).
Removed top 15 bits (of 32) from port Y of cell gate.$mul$gold_gate.v:158$31 ($mul).
Removed top 16 bits (of 32) from port A of cell gate.$mul$gold_gate.v:159$32 ($mul).
Removed top 31 bits (of 32) from port B of cell gate.$mul$gold_gate.v:159$32 ($mul).
Removed top 15 bits (of 32) from port Y of cell gate.$mul$gold_gate.v:159$32 ($mul).
Removed top 16 bits (of 32) from port A of cell gate.$mul$gold_gate.v:160$33 ($mul).
Removed top 31 bits (of 32) from port B of cell gate.$mul$gold_gate.v:160$33 ($mul).
Removed top 15 bits (of 32) from port Y of cell gate.$mul$gold_gate.v:160$33 ($mul).
Removed top 16 bits (of 32) from port A of cell gate.$mul$gold_gate.v:161$34 ($mul).
Removed top 31 bits (of 32) from port B of cell gate.$mul$gold_gate.v:161$34 ($mul).
Removed top 15 bits (of 32) from port Y of cell gate.$mul$gold_gate.v:161$34 ($mul).
Removed top 15 bits (of 32) from port B of cell gate.$add$gold_gate.v:129$2 ($add).
Removed top 15 bits (of 33) from port Y of cell gate.$add$gold_gate.v:129$2 ($add).
Removed top 15 bits (of 33) from port A of cell gate.$add$gold_gate.v:130$3 ($add).
Removed top 15 bits (of 32) from port B of cell gate.$add$gold_gate.v:130$3 ($add).
Removed top 15 bits (of 34) from port Y of cell gate.$add$gold_gate.v:130$3 ($add).
Removed top 15 bits (of 34) from port A of cell gate.$add$gold_gate.v:131$4 ($add).
Removed top 15 bits (of 32) from port B of cell gate.$add$gold_gate.v:131$4 ($add).
Removed top 15 bits (of 35) from port Y of cell gate.$add$gold_gate.v:131$4 ($add).
Removed top 15 bits (of 35) from port A of cell gate.$add$gold_gate.v:132$5 ($add).
Removed top 15 bits (of 32) from port B of cell gate.$add$gold_gate.v:132$5 ($add).
Removed top 15 bits (of 36) from port Y of cell gate.$add$gold_gate.v:132$5 ($add).
Removed top 15 bits (of 32) from port B of cell gate.$add$gold_gate.v:137$10 ($add).
Removed top 15 bits (of 33) from port Y of cell gate.$add$gold_gate.v:137$10 ($add).
Removed top 15 bits (of 33) from port A of cell gate.$add$gold_gate.v:138$11 ($add).
Removed top 15 bits (of 32) from port B of cell gate.$add$gold_gate.v:138$11 ($add).
Removed top 15 bits (of 34) from port Y of cell gate.$add$gold_gate.v:138$11 ($add).
Removed top 15 bits (of 34) from port A of cell gate.$add$gold_gate.v:139$12 ($add).
Removed top 15 bits (of 32) from port B of cell gate.$add$gold_gate.v:139$12 ($add).
Removed top 15 bits (of 35) from port Y of cell gate.$add$gold_gate.v:139$12 ($add).
Removed top 15 bits (of 35) from port A of cell gate.$add$gold_gate.v:140$13 ($add).
Removed top 15 bits (of 32) from port B of cell gate.$add$gold_gate.v:140$13 ($add).
Removed top 15 bits (of 36) from port Y of cell gate.$add$gold_gate.v:140$13 ($add).

3.9. Executing OPT_CLEAN pass (remove unused cells and wires).
Finding unused cells or wires in module \__eqcheck_top..
Finding unused cells or wires in module \gold..
Finding unused cells or wires in module \gate..

3.10. Executing MEMORY_COLLECT pass (generating $mem cells).

3.11. Executing OPT pass (performing simple optimizations).

3.11.1. Executing OPT_EXPR pass (perform const folding).
Optimizing module __eqcheck_top.
Optimizing module gold.
Optimizing module gate.

3.11.2. Executing OPT_MERGE pass (detect identical cells).
Finding identical cells in module `\__eqcheck_top'.
Computing hashes of 19 cells of `\__eqcheck_top'.
Finding duplicate cells in `\__eqcheck_top'.
Finding identical cells in module `\gold'.
Computing hashes of 85 cells of `\gold'.
Finding duplicate cells in `\gold'.
Finding identical cells in module `\gate'.
Computing hashes of 94 cells of `\gate'.
Finding duplicate cells in `\gate'.
Removed a total of 0 cells.

3.11.3. Executing OPT_CLEAN pass (remove unused cells and wires).
Finding unused cells or wires in module \__eqcheck_top..
Finding unused cells or wires in module \gold..
Finding unused cells or wires in module \gate..

3.11.4. Finished fast OPT passes.

3.12. Executing SORT pass.

3.13. Printing statistics.

=== __eqcheck_top ===

        +----------Local Count, excluding submodules.
        | 
       23 wires
      111 wire bits
       11 public wires
       78 public wire bits
        4 ports
       19 port bits
       17 cells
        1   $add
        2   $check
        3   $dff
        2   $eq
        1   $ge
        1   $initstate
        1   $logic_and
        1   $lt
        5   $mux
        2 submodules
        1   gate
        1   gold

=== gate ===

        +----------Local Count, excluding submodules.
        | 
      118 wires
     2553 wire bits
      118 public wires
     2553 public wire bits
        6 ports
       36 port bits
       94 cells
       17   $add
       20   $dff
        1   $gt
        1   $lt
       15   $mul
       40   $mux

=== gold ===

        +----------Local Count, excluding submodules.
        | 
      107 wires
     2227 wire bits
      107 public wires
     2227 public wire bits
        6 ports
       36 port bits
       85 cells
       16   $add
       17   $dff
        1   $gt
        1   $lt
       15   $mul
       35   $mux

=== design hierarchy ===

        +----------Count including submodules.
        | 
      196 __eqcheck_top
       94 gate
       85 gold

        +----------Count including submodules.
        | 
      248 wires
     4891 wire bits
      236 public wires
     4858 public wire bits
       16 ports
       91 port bits
        - memories
        - memory bits
        - processes
      196 cells
       34   $add
        2   $check
       40   $dff
        2   $eq
        1   $ge
        2   $gt
        1   $initstate
        1   $logic_and
        3   $lt
       30   $mul
       80   $mux
        2 submodules
        1   gate
        1   gold

3.14. Executing CHECK pass (checking for obvious problems).
Checking module __eqcheck_top...
Checking module gate...
Checking module gold...
Found and reported 0 problems.

4. Executing HIERARCHY pass (managing design hierarchy).
Attribute `top' found on module `__eqcheck_top'. Setting top module to __eqcheck_top.

4.1. Analyzing design hierarchy..
Top module:  \__eqcheck_top
Used module:     \gate
Used module:     \gold

4.2. Analyzing design hierarchy..
Top module:  \__eqcheck_top
Used module:     \gate
Used module:     \gold
Removed 0 unused modules.
Module __eqcheck_top directly or indirectly contains formal properties -> setting "keep" attribute.

5. Executing jny backend.

6. Executing RTLIL backend.
Output filename: ../model/design.il

End of script. Logfile hash: 0c0b99dacc, time: 0.04s, user: 0.04s, system: 0.00s, MEM: 19.98 MB peak
Yosys 0.68+130 (git sha1 dd83bbad2-dirty, Release, Clang /usr/local/osxcross/target/bin/aarch64-apple-darwin25.5-clang++ 21.1.8)
Time spent: 35% 2x check (0 sec), 17% 4x read_verilog (0 sec), ...
