
 /----------------------------------------------------------------------------\
 |  yosys -- Yosys Open SYnthesis Suite                                       |
 |  Copyright (C) 2012 - 2026  Claire Xenia Wolf <claire@yosyshq.com>         |
 |  Distributed under an ISC-like license, type "license" to see terms        |
 \----------------------------------------------------------------------------/
 Yosys 0.68+130 (git sha1 dd83bbad2-dirty, Release, Clang /usr/local/osxcross/target/bin/aarch64-apple-darwin25.5-clang++ 21.1.8)

-- Executing script file `../model/design.ys' --

1. Executing Verilog-2005 frontend: gold_gate.v
Parsing SystemVerilog input from `gold_gate.v' to AST representation.
Generating RTLIL representation for module `\gate'.
Generating RTLIL representation for module `\gold'.
Successfully finished Verilog frontend.

2. Executing Verilog-2005 frontend: eqcheck_wrapper.v
Parsing SystemVerilog input from `eqcheck_wrapper.v' to AST representation.
Generating RTLIL representation for module `\__eqcheck_top'.
Successfully finished Verilog frontend.

3. Executing PREP pass.

3.1. Executing HIERARCHY pass (managing design hierarchy).

3.1.1. Analyzing design hierarchy..
Top module:  \__eqcheck_top
Used module:     \gate
Used module:     \gold

3.1.2. Analyzing design hierarchy..
Top module:  \__eqcheck_top
Used module:     \gate
Used module:     \gold
Removed 0 unused modules.
Module __eqcheck_top directly or indirectly contains formal properties -> setting "keep" attribute.

3.2. Executing PROC pass (convert processes to netlists).

3.2.1. Executing PROC_CLEAN pass (remove empty switches from decision trees).
Cleaned up 0 empty switches.

3.2.2. Executing PROC_RMDEAD pass (remove dead branches from decision trees).
Marked 1 switch rules as full_case in process $proc$eqcheck_wrapper.v:36$44 in module __eqcheck_top.
Removed a total of 0 dead cases.

3.2.3. Executing PROC_PRUNE pass (remove redundant assignments in processes).
Removed 0 redundant assignments.
Promoted 10 assignments to connections.

3.2.4. Executing PROC_INIT pass (extract init attributes).

3.2.5. Executing PROC_ARST pass (detect async resets in processes).

3.2.6. Executing PROC_ROM pass (convert switches to ROMs).
Converted 0 switches.
<suppressed ~1 debug messages>

3.2.7. Executing PROC_MUX pass (convert decision trees to multiplexers).
Creating decoders for process `\__eqcheck_top.$proc$eqcheck_wrapper.v:36$44'.
     1/2: $assert$eqcheck_wrapper.v:40$46_EN
     2/2: $assume$eqcheck_wrapper.v:38$45_EN
Creating decoders for process `\gold.$proc$gold_gate.v:177$35'.
Creating decoders for process `\gold.$proc$gold_gate.v:175$34'.
Creating decoders for process `\gold.$proc$gold_gate.v:173$33'.
Creating decoders for process `\gold.$proc$gold_gate.v:171$32'.
Creating decoders for process `\gold.$proc$gold_gate.v:169$31'.
Creating decoders for process `\gate.$proc$gold_gate.v:75$13'.
Creating decoders for process `\gate.$proc$gold_gate.v:73$12'.
Creating decoders for process `\gate.$proc$gold_gate.v:71$11'.
Creating decoders for process `\gate.$proc$gold_gate.v:69$10'.
Creating decoders for process `\gate.$proc$gold_gate.v:67$9'.

3.2.8. Executing PROC_DLATCH pass (convert process syncs to latches).

3.2.9. Executing PROC_DFF pass (convert process syncs to FFs).
Creating register for signal `\gold.\valid_reg' using process `\gold.$proc$gold_gate.v:177$35'.
  created $dff cell `$procdff$56' with positive edge clock.
Creating register for signal `\gold.\b_reg' using process `\gold.$proc$gold_gate.v:175$34'.
  created $dff cell `$procdff$57' with positive edge clock.
Creating register for signal `\gold.\a_reg' using process `\gold.$proc$gold_gate.v:173$33'.
  created $dff cell `$procdff$58' with positive edge clock.
Creating register for signal `\gold.\acc_valid' using process `\gold.$proc$gold_gate.v:171$32'.
  created $dff cell `$procdff$59' with positive edge clock.
Creating register for signal `\gold.\acc' using process `\gold.$proc$gold_gate.v:169$31'.
  created $dff cell `$procdff$60' with positive edge clock.
Creating register for signal `\gate.\valid_reg' using process `\gate.$proc$gold_gate.v:75$13'.
  created $dff cell `$procdff$61' with positive edge clock.
Creating register for signal `\gate.\b_reg' using process `\gate.$proc$gold_gate.v:73$12'.
  created $dff cell `$procdff$62' with positive edge clock.
Creating register for signal `\gate.\a_reg' using process `\gate.$proc$gold_gate.v:71$11'.
  created $dff cell `$procdff$63' with positive edge clock.
Creating register for signal `\gate.\acc_valid' using process `\gate.$proc$gold_gate.v:69$10'.
  created $dff cell `$procdff$64' with positive edge clock.
Creating register for signal `\gate.\acc' using process `\gate.$proc$gold_gate.v:67$9'.
  created $dff cell `$procdff$65' with positive edge clock.

3.2.10. Executing PROC_MEMWR pass (convert process memory writes to cells).

3.2.11. Executing PROC_CLEAN pass (remove empty switches from decision trees).
Found and cleaned up 1 empty switch in `\__eqcheck_top.$proc$eqcheck_wrapper.v:36$44'.
Removing empty process `__eqcheck_top.$proc$eqcheck_wrapper.v:36$44'.
Removing empty process `gold.$proc$gold_gate.v:177$35'.
Removing empty process `gold.$proc$gold_gate.v:175$34'.
Removing empty process `gold.$proc$gold_gate.v:173$33'.
Removing empty process `gold.$proc$gold_gate.v:171$32'.
Removing empty process `gold.$proc$gold_gate.v:169$31'.
Removing empty process `gate.$proc$gold_gate.v:75$13'.
Removing empty process `gate.$proc$gold_gate.v:73$12'.
Removing empty process `gate.$proc$gold_gate.v:71$11'.
Removing empty process `gate.$proc$gold_gate.v:69$10'.
Removing empty process `gate.$proc$gold_gate.v:67$9'.
Cleaned up 1 empty switch.

3.2.12. Executing OPT_EXPR pass (perform const folding).
Optimizing module __eqcheck_top.
Optimizing module gold.
Optimizing module gate.

3.3. Executing FUTURE pass.

3.4. Executing OPT_EXPR pass (perform const folding).
Optimizing module __eqcheck_top.
Optimizing module gold.
Optimizing module gate.

3.5. Executing OPT_CLEAN pass (remove unused cells and wires).
Finding unused cells or wires in module \__eqcheck_top..
Finding unused cells or wires in module \gold..
Finding unused cells or wires in module \gate..
Removed 0 unused cells and 86 unused wires.
<suppressed ~3 debug messages>

3.6. Executing CHECK pass (checking for obvious problems).
Checking module __eqcheck_top...
Checking module gold...
Checking module gate...
Found and reported 0 problems.

3.7. Executing OPT pass (performing simple optimizations).

3.7.1. Executing OPT_EXPR pass (perform const folding).
Optimizing module __eqcheck_top.
Optimizing module gold.
Optimizing module gate.

3.7.2. Executing OPT_MERGE pass (detect identical cells).
Finding identical cells in module `\__eqcheck_top'.
Computing hashes of 10 cells of `\__eqcheck_top'.
Finding duplicate cells in `\__eqcheck_top'.
Finding identical cells in module `\gold'.
Computing hashes of 20 cells of `\gold'.
Finding duplicate cells in `\gold'.
Finding identical cells in module `\gate'.
Computing hashes of 22 cells of `\gate'.
Finding duplicate cells in `\gate'.
Removed a total of 0 cells.

3.7.3. Executing OPT_MUXTREE pass (detect dead branches in mux trees).
Running muxtree optimizer on module \__eqcheck_top..
  Creating internal representation of mux trees.
  Evaluating internal representation of mux trees.
  Analyzing evaluation results.
Running muxtree optimizer on module \gold..
  Creating internal representation of mux trees.
  Evaluating internal representation of mux trees.
  Analyzing evaluation results.
Running muxtree optimizer on module \gate..
  Creating internal representation of mux trees.
  Evaluating internal representation of mux trees.
  Analyzing evaluation results.
Removed 0 multiplexer ports.
<suppressed ~32 debug messages>

3.7.4. Executing OPT_REDUCE pass (consolidate $*mux and $reduce_* inputs).
  Optimizing cells in module \__eqcheck_top.
  Optimizing cells in module \gold.
  Optimizing cells in module \gate.
Performed a total of 0 changes.

3.7.5. Executing OPT_MERGE pass (detect identical cells).
Finding identical cells in module `\__eqcheck_top'.
Computing hashes of 10 cells of `\__eqcheck_top'.
Finding duplicate cells in `\__eqcheck_top'.
Finding identical cells in module `\gold'.
Computing hashes of 20 cells of `\gold'.
Finding duplicate cells in `\gold'.
Finding identical cells in module `\gate'.
Computing hashes of 22 cells of `\gate'.
Finding duplicate cells in `\gate'.
Removed a total of 0 cells.

3.7.6. Executing OPT_CLEAN pass (remove unused cells and wires).
Finding unused cells or wires in module \__eqcheck_top..
Finding unused cells or wires in module \gold..
Finding unused cells or wires in module \gate..

3.7.7. Executing OPT_EXPR pass (perform const folding).
Optimizing module __eqcheck_top.
Optimizing module gold.
Optimizing module gate.

3.7.8. Finished fast OPT passes. (There is nothing left to do.)

3.8. Executing WREDUCE pass (reducing word size of cells).
Removed top 6 bits (of 24) from port B of cell gold.$add$gold_gate.v:164$26 ($add).
Removed top 6 bits (of 24) from port B of cell gate.$add$gold_gate.v:62$4 ($add).

3.9. Executing OPT_CLEAN pass (remove unused cells and wires).
Finding unused cells or wires in module \__eqcheck_top..
Finding unused cells or wires in module \gold..
Finding unused cells or wires in module \gate..

3.10. Executing MEMORY_COLLECT pass (generating $mem cells).

3.11. Executing OPT pass (performing simple optimizations).

3.11.1. Executing OPT_EXPR pass (perform const folding).
Optimizing module __eqcheck_top.
Optimizing module gold.
Optimizing module gate.

3.11.2. Executing OPT_MERGE pass (detect identical cells).
Finding identical cells in module `\__eqcheck_top'.
Computing hashes of 10 cells of `\__eqcheck_top'.
Finding duplicate cells in `\__eqcheck_top'.
Finding identical cells in module `\gold'.
Computing hashes of 20 cells of `\gold'.
Finding duplicate cells in `\gold'.
Finding identical cells in module `\gate'.
Computing hashes of 22 cells of `\gate'.
Finding duplicate cells in `\gate'.
Removed a total of 0 cells.

3.11.3. Executing OPT_CLEAN pass (remove unused cells and wires).
Finding unused cells or wires in module \__eqcheck_top..
Finding unused cells or wires in module \gold..
Finding unused cells or wires in module \gate..

3.11.4. Finished fast OPT passes.

3.12. Executing SORT pass.

3.13. Printing statistics.

=== __eqcheck_top ===

        +----------Local Count, excluding submodules.
        | 
       15 wires
      123 wire bits
        9 public wires
      117 public wire bits
        5 ports
       67 port bits
        8 cells
        2   $check
        2   $eq
        1   $initstate
        1   $logic_and
        2   $mux
        2 submodules
        1   gate
        1   gold

=== gate ===

        +----------Local Count, excluding submodules.
        | 
       27 wires
      476 wire bits
       27 public wires
      476 public wire bits
        7 ports
       92 port bits
       22 cells
        4   $add
        5   $dff
        4   $mul
        9   $mux

=== gold ===

        +----------Local Count, excluding submodules.
        | 
       25 wires
      412 wire bits
       25 public wires
      412 public wire bits
        7 ports
       92 port bits
       20 cells
        4   $add
        5   $dff
        4   $mul
        7   $mux

=== design hierarchy ===

        +----------Count including submodules.
        | 
       50 __eqcheck_top
       22 gate
       20 gold

        +----------Count including submodules.
        | 
       67 wires
     1011 wire bits
       61 public wires
     1005 public wire bits
       19 ports
      251 port bits
        - memories
        - memory bits
        - processes
       50 cells
        8   $add
        2   $check
       10   $dff
        2   $eq
        1   $initstate
        1   $logic_and
        8   $mul
       18   $mux
        2 submodules
        1   gate
        1   gold

3.14. Executing CHECK pass (checking for obvious problems).
Checking module __eqcheck_top...
Checking module gate...
Checking module gold...
Found and reported 0 problems.

4. Executing HIERARCHY pass (managing design hierarchy).
Attribute `top' found on module `__eqcheck_top'. Setting top module to __eqcheck_top.

4.1. Analyzing design hierarchy..
Top module:  \__eqcheck_top
Used module:     \gate
Used module:     \gold

4.2. Analyzing design hierarchy..
Top module:  \__eqcheck_top
Used module:     \gate
Used module:     \gold
Removed 0 unused modules.
Module __eqcheck_top directly or indirectly contains formal properties -> setting "keep" attribute.

5. Executing jny backend.

6. Executing RTLIL backend.
Output filename: ../model/design.il

End of script. Logfile hash: 2baf618115, time: 0.01s, user: 0.01s, system: 0.00s, MEM: 14.89 MB peak
Yosys 0.68+130 (git sha1 dd83bbad2-dirty, Release, Clang /usr/local/osxcross/target/bin/aarch64-apple-darwin25.5-clang++ 21.1.8)
Time spent: 24% 2x check (0 sec), 21% 4x read_verilog (0 sec), ...
