
 /----------------------------------------------------------------------------\
 |  yosys -- Yosys Open SYnthesis Suite                                       |
 |  Copyright (C) 2012 - 2026  Claire Xenia Wolf <claire@yosyshq.com>         |
 |  Distributed under an ISC-like license, type "license" to see terms        |
 \----------------------------------------------------------------------------/
 Yosys 0.68+195 (git sha1 435977e97-dirty, Release, Clang /usr/bin/clang++ 21.1.8)

-- Executing script file `equiv/gold.ys' --

1. Executing Verilog-2005 frontend: /mnt/d/tushar/Downloads/RTL.ai/designs/bm_mac8.v
Parsing SystemVerilog input from `/mnt/d/tushar/Downloads/RTL.ai/designs/bm_mac8.v' to AST representation.
Storing AST representation for module `$abstract\bm_mac8'.
Successfully finished Verilog frontend.

2. Executing PREP pass.

2.1. Executing HIERARCHY pass (managing design hierarchy).

2.2. Executing AST frontend in derive mode using pre-parsed AST for module `\bm_mac8'.
Generating RTLIL representation for module `\bm_mac8'.

2.2.1. Analyzing design hierarchy..
Top module:  \bm_mac8

2.2.2. Analyzing design hierarchy..
Top module:  \bm_mac8
Removing unused module `$abstract\bm_mac8'.
Removed 1 unused modules.

2.3. Executing PROC pass (convert processes to netlists).

2.3.1. Executing PROC_CLEAN pass (remove empty switches from decision trees).
Cleaned up 0 empty switches.

2.3.2. Executing PROC_RMDEAD pass (remove dead branches from decision trees).
Marked 1 switch rules as full_case in process $proc$/mnt/d/tushar/Downloads/RTL.ai/designs/bm_mac8.v:54$17 in module bm_mac8.
Marked 1 switch rules as full_case in process $proc$/mnt/d/tushar/Downloads/RTL.ai/designs/bm_mac8.v:23$1 in module bm_mac8.
Removed a total of 0 dead cases.

2.3.3. Executing PROC_PRUNE pass (remove redundant assignments in processes).
Removed 5 redundant assignments.
Promoted 0 assignments to connections.

2.3.4. Executing PROC_INIT pass (extract init attributes).

2.3.5. Executing PROC_ARST pass (detect async resets in processes).

2.3.6. Executing PROC_ROM pass (convert switches to ROMs).
Converted 0 switches.
<suppressed ~2 debug messages>

2.3.7. Executing PROC_MUX pass (convert decision trees to multiplexers).
Creating decoders for process `\bm_mac8.$proc$/mnt/d/tushar/Downloads/RTL.ai/designs/bm_mac8.v:54$17'.
     1/2: $0\out_valid[0:0]
     2/2: $0\acc[20:0]
Creating decoders for process `\bm_mac8.$proc$/mnt/d/tushar/Downloads/RTL.ai/designs/bm_mac8.v:23$1'.
     1/3: $0\vld[0:0]
     2/3: $0\b_reg[63:0]
     3/3: $0\a_reg[63:0]

2.3.8. Executing PROC_DLATCH pass (convert process syncs to latches).

2.3.9. Executing PROC_DFF pass (convert process syncs to FFs).
Creating register for signal `\bm_mac8.\out_valid' using process `\bm_mac8.$proc$/mnt/d/tushar/Downloads/RTL.ai/designs/bm_mac8.v:54$17'.
  created $dff cell `$procdff$33' with positive edge clock.
Creating register for signal `\bm_mac8.\acc' using process `\bm_mac8.$proc$/mnt/d/tushar/Downloads/RTL.ai/designs/bm_mac8.v:54$17'.
  created $dff cell `$procdff$34' with positive edge clock.
Creating register for signal `\bm_mac8.\a_reg' using process `\bm_mac8.$proc$/mnt/d/tushar/Downloads/RTL.ai/designs/bm_mac8.v:23$1'.
  created $dff cell `$procdff$35' with positive edge clock.
Creating register for signal `\bm_mac8.\b_reg' using process `\bm_mac8.$proc$/mnt/d/tushar/Downloads/RTL.ai/designs/bm_mac8.v:23$1'.
  created $dff cell `$procdff$36' with positive edge clock.
Creating register for signal `\bm_mac8.\vld' using process `\bm_mac8.$proc$/mnt/d/tushar/Downloads/RTL.ai/designs/bm_mac8.v:23$1'.
  created $dff cell `$procdff$37' with positive edge clock.

2.3.10. Executing PROC_MEMWR pass (convert process memory writes to cells).

2.3.11. Executing PROC_CLEAN pass (remove empty switches from decision trees).
Found and cleaned up 1 empty switch in `\bm_mac8.$proc$/mnt/d/tushar/Downloads/RTL.ai/designs/bm_mac8.v:54$17'.
Removing empty process `bm_mac8.$proc$/mnt/d/tushar/Downloads/RTL.ai/designs/bm_mac8.v:54$17'.
Found and cleaned up 1 empty switch in `\bm_mac8.$proc$/mnt/d/tushar/Downloads/RTL.ai/designs/bm_mac8.v:23$1'.
Removing empty process `bm_mac8.$proc$/mnt/d/tushar/Downloads/RTL.ai/designs/bm_mac8.v:23$1'.
Cleaned up 2 empty switches.

2.3.12. Executing OPT_EXPR pass (perform const folding).
Optimizing module bm_mac8.

2.4. Executing FUTURE pass.

2.5. Executing OPT_EXPR pass (perform const folding).
Optimizing module bm_mac8.

2.6. Executing OPT_CLEAN pass (remove unused cells and wires).
Finding unused cells or wires in module \bm_mac8..
Removed 0 unused cells and 25 unused wires.
<suppressed ~1 debug messages>

2.7. Executing CHECK pass (checking for obvious problems).
Checking module bm_mac8...
Found and reported 0 problems.

2.8. Executing OPT pass (performing simple optimizations).

2.8.1. Executing OPT_EXPR pass (perform const folding).
Optimizing module bm_mac8.

2.8.2. Executing OPT_MERGE pass (detect identical cells).
Finding identical cells in module `\bm_mac8'.
Computing hashes of 25 cells of `\bm_mac8'.
Finding duplicate cells in `\bm_mac8'.
Removed a total of 0 cells.

2.8.3. Executing OPT_MUXTREE pass (detect dead branches in mux trees).
Running muxtree optimizer on module \bm_mac8..
  Creating internal representation of mux trees.
  Evaluating internal representation of mux trees.
  Analyzing evaluation results.
Removed 0 multiplexer ports.
<suppressed ~10 debug messages>

2.8.4. Executing OPT_REDUCE pass (consolidate $*mux and $reduce_* inputs).
  Optimizing cells in module \bm_mac8.
Performed a total of 0 changes.

2.8.5. Executing OPT_MERGE pass (detect identical cells).
Finding identical cells in module `\bm_mac8'.
Computing hashes of 25 cells of `\bm_mac8'.
Finding duplicate cells in `\bm_mac8'.
Removed a total of 0 cells.

2.8.6. Executing OPT_CLEAN pass (remove unused cells and wires).
Finding unused cells or wires in module \bm_mac8..

2.8.7. Executing OPT_EXPR pass (perform const folding).
Optimizing module bm_mac8.

2.8.8. Finished fast OPT passes. (There is nothing left to do.)

2.9. Executing WREDUCE pass (reducing word size of cells).
Removed top 5 bits (of 21) from port A of cell bm_mac8.$add$/mnt/d/tushar/Downloads/RTL.ai/designs/bm_mac8.v:46$10 ($add).
Removed top 4 bits (of 21) from port Y of cell bm_mac8.$add$/mnt/d/tushar/Downloads/RTL.ai/designs/bm_mac8.v:46$10 ($add).
Removed top 4 bits (of 21) from port A of cell bm_mac8.$add$/mnt/d/tushar/Downloads/RTL.ai/designs/bm_mac8.v:47$11 ($add).
Removed top 3 bits (of 21) from port Y of cell bm_mac8.$add$/mnt/d/tushar/Downloads/RTL.ai/designs/bm_mac8.v:47$11 ($add).
Removed top 3 bits (of 21) from port A of cell bm_mac8.$add$/mnt/d/tushar/Downloads/RTL.ai/designs/bm_mac8.v:48$12 ($add).
Removed top 2 bits (of 21) from port Y of cell bm_mac8.$add$/mnt/d/tushar/Downloads/RTL.ai/designs/bm_mac8.v:48$12 ($add).
Removed top 2 bits (of 21) from port A of cell bm_mac8.$add$/mnt/d/tushar/Downloads/RTL.ai/designs/bm_mac8.v:49$13 ($add).
Removed top 1 bits (of 21) from port Y of cell bm_mac8.$add$/mnt/d/tushar/Downloads/RTL.ai/designs/bm_mac8.v:49$13 ($add).
Removed top 1 bits (of 21) from port A of cell bm_mac8.$add$/mnt/d/tushar/Downloads/RTL.ai/designs/bm_mac8.v:50$14 ($add).
Removed top 1 bits (of 21) from wire bm_mac8.c4.
Removed top 2 bits (of 21) from wire bm_mac8.c3.
Removed top 3 bits (of 21) from wire bm_mac8.c2.
Removed top 4 bits (of 21) from wire bm_mac8.c1.

2.10. Executing OPT_CLEAN pass (remove unused cells and wires).
Finding unused cells or wires in module \bm_mac8..
Removed 0 unused cells and 4 unused wires.
<suppressed ~1 debug messages>

2.11. Executing MEMORY_COLLECT pass (generating $mem cells).

2.12. Executing OPT pass (performing simple optimizations).

2.12.1. Executing OPT_EXPR pass (perform const folding).
Optimizing module bm_mac8.

2.12.2. Executing OPT_MERGE pass (detect identical cells).
Finding identical cells in module `\bm_mac8'.
Computing hashes of 25 cells of `\bm_mac8'.
Finding duplicate cells in `\bm_mac8'.
Removed a total of 0 cells.

2.12.3. Executing OPT_CLEAN pass (remove unused cells and wires).
Finding unused cells or wires in module \bm_mac8..

2.12.4. Finished fast OPT passes.

2.13. Executing SORT pass.

2.14. Printing statistics.

=== bm_mac8 ===

        +----------Local Count, excluding submodules.
        | 
       31 wires
      719 wire bits
       26 public wires
      568 public wire bits
        7 ports
      153 port bits
       25 cells
        7   $add
        5   $dff
        8   $mul
        5   $mux

2.15. Executing CHECK pass (checking for obvious problems).
Checking module bm_mac8...
Found and reported 0 problems.

3. Executing OPT_CLEAN pass (remove unused cells and wires).
Finding unused cells or wires in module \bm_mac8..

4. Executing CHECK pass (checking for obvious problems).
Checking module bm_mac8...
Found and reported 0 problems.

5. Executing SETUNDEF pass (replace undef values with defined constants).

6. Executing RTLIL backend.
Output filename: equiv/gold.il

End of script. Logfile hash: 3f470c5c3d, time: 0.05s, user: 0.02s, system: 0.01s, MEM: 18.88 MB peak
Yosys 0.68+195 (git sha1 435977e97-dirty, Release, Clang /usr/bin/clang++ 21.1.8)
Time spent: 29% 3x check (0 sec), 20% 5x opt_clean (0 sec), ...
