
 /----------------------------------------------------------------------------\
 |  yosys -- Yosys Open SYnthesis Suite                                       |
 |  Copyright (C) 2012 - 2026  Claire Xenia Wolf <claire@yosyshq.com>         |
 |  Distributed under an ISC-like license, type "license" to see terms        |
 \----------------------------------------------------------------------------/
 Yosys 0.68+130 (git sha1 dd83bbad2-dirty, Release, Clang /usr/local/osxcross/target/bin/aarch64-apple-darwin25.5-clang++ 21.1.8)

-- Executing script file `/Users/ritikjindal/rtl-ai-project/runs/benchmark_top_optimize_20260912T211401Z/attempt_1/candidate_1/formal/prepare.ys' --

1. Executing Verilog-2005 frontend: /Users/ritikjindal/rtl-ai-project/designs/benchmark_top.v
Parsing SystemVerilog input from `/Users/ritikjindal/rtl-ai-project/designs/benchmark_top.v' to AST representation.
Generating RTLIL representation for module `\benchmark_top'.
Successfully finished Verilog frontend.

2. Executing Verilog-2005 frontend: /Users/ritikjindal/rtl-ai-project/designs/mac_unit.v
Parsing SystemVerilog input from `/Users/ritikjindal/rtl-ai-project/designs/mac_unit.v' to AST representation.
Generating RTLIL representation for module `\mac_unit'.
Successfully finished Verilog frontend.

3. Executing Verilog-2005 frontend: /Users/ritikjindal/rtl-ai-project/designs/bm_fir6.v
Parsing SystemVerilog input from `/Users/ritikjindal/rtl-ai-project/designs/bm_fir6.v' to AST representation.
Generating RTLIL representation for module `\bm_fir6'.
Successfully finished Verilog frontend.

4. Executing Verilog-2005 frontend: /Users/ritikjindal/rtl-ai-project/designs/bm_dot4.v
Parsing SystemVerilog input from `/Users/ritikjindal/rtl-ai-project/designs/bm_dot4.v' to AST representation.
Generating RTLIL representation for module `\bm_dot4'.
Successfully finished Verilog frontend.

5. Executing Verilog-2005 frontend: /Users/ritikjindal/rtl-ai-project/designs/bm_mac8.v
Parsing SystemVerilog input from `/Users/ritikjindal/rtl-ai-project/designs/bm_mac8.v' to AST representation.
Generating RTLIL representation for module `\bm_mac8'.
Successfully finished Verilog frontend.

6. Executing Verilog-2005 frontend: /Users/ritikjindal/rtl-ai-project/designs/bm_fsm_ctrl.v
Parsing SystemVerilog input from `/Users/ritikjindal/rtl-ai-project/designs/bm_fsm_ctrl.v' to AST representation.
Generating RTLIL representation for module `\bm_fsm_ctrl'.
Successfully finished Verilog frontend.

7. Executing Verilog-2005 frontend: /Users/ritikjindal/rtl-ai-project/designs/clk_divider.v
Parsing SystemVerilog input from `/Users/ritikjindal/rtl-ai-project/designs/clk_divider.v' to AST representation.
Generating RTLIL representation for module `\clk_divider'.
Successfully finished Verilog frontend.

8. Executing Verilog-2005 frontend: /Users/ritikjindal/rtl-ai-project/designs/cdc_sync.v
Parsing SystemVerilog input from `/Users/ritikjindal/rtl-ai-project/designs/cdc_sync.v' to AST representation.
Generating RTLIL representation for module `\cdc_sync'.
Successfully finished Verilog frontend.

9. Executing Verilog-2005 frontend: /Users/ritikjindal/rtl-ai-project/designs/cdc_handshake.v
Parsing SystemVerilog input from `/Users/ritikjindal/rtl-ai-project/designs/cdc_handshake.v' to AST representation.
Generating RTLIL representation for module `\cdc_handshake'.
Successfully finished Verilog frontend.

10. Executing Verilog-2005 frontend: /Users/ritikjindal/rtl-ai-project/designs/reset_sync.v
Parsing SystemVerilog input from `/Users/ritikjindal/rtl-ai-project/designs/reset_sync.v' to AST representation.
Generating RTLIL representation for module `\reset_sync'.
Successfully finished Verilog frontend.

11. Executing HIERARCHY pass (managing design hierarchy).

11.1. Analyzing design hierarchy..
Top module:  \mac_unit

11.2. Analyzing design hierarchy..
Top module:  \mac_unit
Removing unused module `\reset_sync'.
Removing unused module `\cdc_handshake'.
Removing unused module `\cdc_sync'.
Removing unused module `\clk_divider'.
Removing unused module `\bm_fsm_ctrl'.
Removing unused module `\bm_mac8'.
Removing unused module `\bm_dot4'.
Removing unused module `\bm_fir6'.
Removing unused module `\benchmark_top'.
Removed 9 unused modules.

12. Executing PROC pass (convert processes to netlists).

12.1. Executing PROC_CLEAN pass (remove empty switches from decision trees).
Cleaned up 0 empty switches.

12.2. Executing PROC_RMDEAD pass (remove dead branches from decision trees).
Marked 2 switch rules as full_case in process $proc$/Users/ritikjindal/rtl-ai-project/designs/mac_unit.v:42$179 in module mac_unit.
Marked 1 switch rules as full_case in process $proc$/Users/ritikjindal/rtl-ai-project/designs/mac_unit.v:19$171 in module mac_unit.
Removed a total of 0 dead cases.

12.3. Executing PROC_PRUNE pass (remove redundant assignments in processes).
Removed 4 redundant assignments.
Promoted 0 assignments to connections.

12.4. Executing PROC_INIT pass (extract init attributes).

12.5. Executing PROC_ARST pass (detect async resets in processes).

12.6. Executing PROC_ROM pass (convert switches to ROMs).
Converted 0 switches.
<suppressed ~3 debug messages>

12.7. Executing PROC_MUX pass (convert decision trees to multiplexers).
Creating decoders for process `\mac_unit.$proc$/Users/ritikjindal/rtl-ai-project/designs/mac_unit.v:42$179'.
     1/2: $0\acc_valid[0:0]
     2/2: $0\acc[23:0]
Creating decoders for process `\mac_unit.$proc$/Users/ritikjindal/rtl-ai-project/designs/mac_unit.v:19$171'.
     1/3: $0\valid_reg[0:0]
     2/3: $0\b_reg[31:0]
     3/3: $0\a_reg[31:0]

12.8. Executing PROC_DLATCH pass (convert process syncs to latches).

12.9. Executing PROC_DFF pass (convert process syncs to FFs).
Creating register for signal `\mac_unit.\acc' using process `\mac_unit.$proc$/Users/ritikjindal/rtl-ai-project/designs/mac_unit.v:42$179'.
  created $dff cell `$procdff$315' with positive edge clock.
Creating register for signal `\mac_unit.\acc_valid' using process `\mac_unit.$proc$/Users/ritikjindal/rtl-ai-project/designs/mac_unit.v:42$179'.
  created $dff cell `$procdff$316' with positive edge clock.
Creating register for signal `\mac_unit.\a_reg' using process `\mac_unit.$proc$/Users/ritikjindal/rtl-ai-project/designs/mac_unit.v:19$171'.
  created $dff cell `$procdff$317' with positive edge clock.
Creating register for signal `\mac_unit.\b_reg' using process `\mac_unit.$proc$/Users/ritikjindal/rtl-ai-project/designs/mac_unit.v:19$171'.
  created $dff cell `$procdff$318' with positive edge clock.
Creating register for signal `\mac_unit.\valid_reg' using process `\mac_unit.$proc$/Users/ritikjindal/rtl-ai-project/designs/mac_unit.v:19$171'.
  created $dff cell `$procdff$319' with positive edge clock.

12.10. Executing PROC_MEMWR pass (convert process memory writes to cells).

12.11. Executing PROC_CLEAN pass (remove empty switches from decision trees).
Found and cleaned up 2 empty switches in `\mac_unit.$proc$/Users/ritikjindal/rtl-ai-project/designs/mac_unit.v:42$179'.
Removing empty process `mac_unit.$proc$/Users/ritikjindal/rtl-ai-project/designs/mac_unit.v:42$179'.
Found and cleaned up 1 empty switch in `\mac_unit.$proc$/Users/ritikjindal/rtl-ai-project/designs/mac_unit.v:19$171'.
Removing empty process `mac_unit.$proc$/Users/ritikjindal/rtl-ai-project/designs/mac_unit.v:19$171'.
Cleaned up 3 empty switches.

12.12. Executing OPT_EXPR pass (perform const folding).
Optimizing module mac_unit.

13. Executing FLATTEN pass (flatten design).

14. Executing OPT_CLEAN pass (remove unused cells and wires).
Finding unused cells or wires in module \mac_unit..
Removed 0 unused cells and 19 unused wires.
<suppressed ~1 debug messages>
Renaming module \mac_unit to \gold.

15. Executing Verilog-2005 frontend: /Users/ritikjindal/rtl-ai-project/runs/benchmark_top_optimize_20260912T211401Z/attempt_1/candidate_1/design/benchmark_top.v
Parsing SystemVerilog input from `/Users/ritikjindal/rtl-ai-project/runs/benchmark_top_optimize_20260912T211401Z/attempt_1/candidate_1/design/benchmark_top.v' to AST representation.
Generating RTLIL representation for module `\benchmark_top'.
Successfully finished Verilog frontend.

16. Executing Verilog-2005 frontend: /Users/ritikjindal/rtl-ai-project/runs/benchmark_top_optimize_20260912T211401Z/attempt_1/candidate_1/design/mac_unit.v
Parsing SystemVerilog input from `/Users/ritikjindal/rtl-ai-project/runs/benchmark_top_optimize_20260912T211401Z/attempt_1/candidate_1/design/mac_unit.v' to AST representation.
Generating RTLIL representation for module `\mac_unit'.
Successfully finished Verilog frontend.

17. Executing Verilog-2005 frontend: /Users/ritikjindal/rtl-ai-project/runs/benchmark_top_optimize_20260912T211401Z/attempt_1/candidate_1/design/bm_fir6.v
Parsing SystemVerilog input from `/Users/ritikjindal/rtl-ai-project/runs/benchmark_top_optimize_20260912T211401Z/attempt_1/candidate_1/design/bm_fir6.v' to AST representation.
Generating RTLIL representation for module `\bm_fir6'.
Successfully finished Verilog frontend.

18. Executing Verilog-2005 frontend: /Users/ritikjindal/rtl-ai-project/runs/benchmark_top_optimize_20260912T211401Z/attempt_1/candidate_1/design/bm_dot4.v
Parsing SystemVerilog input from `/Users/ritikjindal/rtl-ai-project/runs/benchmark_top_optimize_20260912T211401Z/attempt_1/candidate_1/design/bm_dot4.v' to AST representation.
Generating RTLIL representation for module `\bm_dot4'.
Successfully finished Verilog frontend.

19. Executing Verilog-2005 frontend: /Users/ritikjindal/rtl-ai-project/runs/benchmark_top_optimize_20260912T211401Z/attempt_1/candidate_1/design/bm_mac8.v
Parsing SystemVerilog input from `/Users/ritikjindal/rtl-ai-project/runs/benchmark_top_optimize_20260912T211401Z/attempt_1/candidate_1/design/bm_mac8.v' to AST representation.
Generating RTLIL representation for module `\bm_mac8'.
Successfully finished Verilog frontend.

20. Executing Verilog-2005 frontend: /Users/ritikjindal/rtl-ai-project/runs/benchmark_top_optimize_20260912T211401Z/attempt_1/candidate_1/design/bm_fsm_ctrl.v
Parsing SystemVerilog input from `/Users/ritikjindal/rtl-ai-project/runs/benchmark_top_optimize_20260912T211401Z/attempt_1/candidate_1/design/bm_fsm_ctrl.v' to AST representation.
Generating RTLIL representation for module `\bm_fsm_ctrl'.
Successfully finished Verilog frontend.

21. Executing Verilog-2005 frontend: /Users/ritikjindal/rtl-ai-project/runs/benchmark_top_optimize_20260912T211401Z/attempt_1/candidate_1/design/clk_divider.v
Parsing SystemVerilog input from `/Users/ritikjindal/rtl-ai-project/runs/benchmark_top_optimize_20260912T211401Z/attempt_1/candidate_1/design/clk_divider.v' to AST representation.
Generating RTLIL representation for module `\clk_divider'.
Successfully finished Verilog frontend.

22. Executing Verilog-2005 frontend: /Users/ritikjindal/rtl-ai-project/runs/benchmark_top_optimize_20260912T211401Z/attempt_1/candidate_1/design/cdc_sync.v
Parsing SystemVerilog input from `/Users/ritikjindal/rtl-ai-project/runs/benchmark_top_optimize_20260912T211401Z/attempt_1/candidate_1/design/cdc_sync.v' to AST representation.
Generating RTLIL representation for module `\cdc_sync'.
Successfully finished Verilog frontend.

23. Executing Verilog-2005 frontend: /Users/ritikjindal/rtl-ai-project/runs/benchmark_top_optimize_20260912T211401Z/attempt_1/candidate_1/design/cdc_handshake.v
Parsing SystemVerilog input from `/Users/ritikjindal/rtl-ai-project/runs/benchmark_top_optimize_20260912T211401Z/attempt_1/candidate_1/design/cdc_handshake.v' to AST representation.
Generating RTLIL representation for module `\cdc_handshake'.
Successfully finished Verilog frontend.

24. Executing Verilog-2005 frontend: /Users/ritikjindal/rtl-ai-project/runs/benchmark_top_optimize_20260912T211401Z/attempt_1/candidate_1/design/reset_sync.v
Parsing SystemVerilog input from `/Users/ritikjindal/rtl-ai-project/runs/benchmark_top_optimize_20260912T211401Z/attempt_1/candidate_1/design/reset_sync.v' to AST representation.
Generating RTLIL representation for module `\reset_sync'.
Successfully finished Verilog frontend.

25. Executing HIERARCHY pass (managing design hierarchy).

25.1. Analyzing design hierarchy..
Top module:  \mac_unit

25.2. Analyzing design hierarchy..
Top module:  \mac_unit
Removing unused module `\reset_sync'.
Removing unused module `\cdc_handshake'.
Removing unused module `\cdc_sync'.
Removing unused module `\clk_divider'.
Removing unused module `\bm_fsm_ctrl'.
Removing unused module `\bm_mac8'.
Removing unused module `\bm_dot4'.
Removing unused module `\bm_fir6'.
Removing unused module `\benchmark_top'.
Removed 9 unused modules.

26. Executing PROC pass (convert processes to netlists).

26.1. Executing PROC_CLEAN pass (remove empty switches from decision trees).
Cleaned up 0 empty switches.

26.2. Executing PROC_RMDEAD pass (remove dead branches from decision trees).
Marked 2 switch rules as full_case in process $proc$/Users/ritikjindal/rtl-ai-project/runs/benchmark_top_optimize_20260912T211401Z/attempt_1/candidate_1/design/mac_unit.v:56$499 in module mac_unit.
Marked 1 switch rules as full_case in process $proc$/Users/ritikjindal/rtl-ai-project/runs/benchmark_top_optimize_20260912T211401Z/attempt_1/candidate_1/design/mac_unit.v:45$498 in module mac_unit.
Marked 1 switch rules as full_case in process $proc$/Users/ritikjindal/rtl-ai-project/runs/benchmark_top_optimize_20260912T211401Z/attempt_1/candidate_1/design/mac_unit.v:22$490 in module mac_unit.
Removed a total of 0 dead cases.

26.3. Executing PROC_PRUNE pass (remove redundant assignments in processes).
Removed 6 redundant assignments.
Promoted 0 assignments to connections.

26.4. Executing PROC_INIT pass (extract init attributes).

26.5. Executing PROC_ARST pass (detect async resets in processes).

26.6. Executing PROC_ROM pass (convert switches to ROMs).
Converted 0 switches.
<suppressed ~4 debug messages>

26.7. Executing PROC_MUX pass (convert decision trees to multiplexers).
Creating decoders for process `\mac_unit.$proc$/Users/ritikjindal/rtl-ai-project/runs/benchmark_top_optimize_20260912T211401Z/attempt_1/candidate_1/design/mac_unit.v:56$499'.
     1/2: $0\acc_valid[0:0]
     2/2: $0\acc[23:0]
Creating decoders for process `\mac_unit.$proc$/Users/ritikjindal/rtl-ai-project/runs/benchmark_top_optimize_20260912T211401Z/attempt_1/candidate_1/design/mac_unit.v:45$498'.
     1/2: $0\valid_reg2[0:0]
     2/2: $0\sum_reg[17:0]
Creating decoders for process `\mac_unit.$proc$/Users/ritikjindal/rtl-ai-project/runs/benchmark_top_optimize_20260912T211401Z/attempt_1/candidate_1/design/mac_unit.v:22$490'.
     1/3: $0\valid_reg[0:0]
     2/3: $0\b_reg[31:0]
     3/3: $0\a_reg[31:0]

26.8. Executing PROC_DLATCH pass (convert process syncs to latches).

26.9. Executing PROC_DFF pass (convert process syncs to FFs).
Creating register for signal `\mac_unit.\acc' using process `\mac_unit.$proc$/Users/ritikjindal/rtl-ai-project/runs/benchmark_top_optimize_20260912T211401Z/attempt_1/candidate_1/design/mac_unit.v:56$499'.
  created $dff cell `$procdff$641' with positive edge clock.
Creating register for signal `\mac_unit.\acc_valid' using process `\mac_unit.$proc$/Users/ritikjindal/rtl-ai-project/runs/benchmark_top_optimize_20260912T211401Z/attempt_1/candidate_1/design/mac_unit.v:56$499'.
  created $dff cell `$procdff$642' with positive edge clock.
Creating register for signal `\mac_unit.\valid_reg2' using process `\mac_unit.$proc$/Users/ritikjindal/rtl-ai-project/runs/benchmark_top_optimize_20260912T211401Z/attempt_1/candidate_1/design/mac_unit.v:45$498'.
  created $dff cell `$procdff$643' with positive edge clock.
Creating register for signal `\mac_unit.\sum_reg' using process `\mac_unit.$proc$/Users/ritikjindal/rtl-ai-project/runs/benchmark_top_optimize_20260912T211401Z/attempt_1/candidate_1/design/mac_unit.v:45$498'.
  created $dff cell `$procdff$644' with positive edge clock.
Creating register for signal `\mac_unit.\a_reg' using process `\mac_unit.$proc$/Users/ritikjindal/rtl-ai-project/runs/benchmark_top_optimize_20260912T211401Z/attempt_1/candidate_1/design/mac_unit.v:22$490'.
  created $dff cell `$procdff$645' with positive edge clock.
Creating register for signal `\mac_unit.\b_reg' using process `\mac_unit.$proc$/Users/ritikjindal/rtl-ai-project/runs/benchmark_top_optimize_20260912T211401Z/attempt_1/candidate_1/design/mac_unit.v:22$490'.
  created $dff cell `$procdff$646' with positive edge clock.
Creating register for signal `\mac_unit.\valid_reg' using process `\mac_unit.$proc$/Users/ritikjindal/rtl-ai-project/runs/benchmark_top_optimize_20260912T211401Z/attempt_1/candidate_1/design/mac_unit.v:22$490'.
  created $dff cell `$procdff$647' with positive edge clock.

26.10. Executing PROC_MEMWR pass (convert process memory writes to cells).

26.11. Executing PROC_CLEAN pass (remove empty switches from decision trees).
Found and cleaned up 2 empty switches in `\mac_unit.$proc$/Users/ritikjindal/rtl-ai-project/runs/benchmark_top_optimize_20260912T211401Z/attempt_1/candidate_1/design/mac_unit.v:56$499'.
Removing empty process `mac_unit.$proc$/Users/ritikjindal/rtl-ai-project/runs/benchmark_top_optimize_20260912T211401Z/attempt_1/candidate_1/design/mac_unit.v:56$499'.
Found and cleaned up 1 empty switch in `\mac_unit.$proc$/Users/ritikjindal/rtl-ai-project/runs/benchmark_top_optimize_20260912T211401Z/attempt_1/candidate_1/design/mac_unit.v:45$498'.
Removing empty process `mac_unit.$proc$/Users/ritikjindal/rtl-ai-project/runs/benchmark_top_optimize_20260912T211401Z/attempt_1/candidate_1/design/mac_unit.v:45$498'.
Found and cleaned up 1 empty switch in `\mac_unit.$proc$/Users/ritikjindal/rtl-ai-project/runs/benchmark_top_optimize_20260912T211401Z/attempt_1/candidate_1/design/mac_unit.v:22$490'.
Removing empty process `mac_unit.$proc$/Users/ritikjindal/rtl-ai-project/runs/benchmark_top_optimize_20260912T211401Z/attempt_1/candidate_1/design/mac_unit.v:22$490'.
Cleaned up 4 empty switches.

26.12. Executing OPT_EXPR pass (perform const folding).
Optimizing module mac_unit.

27. Executing FLATTEN pass (flatten design).

28. Executing OPT_CLEAN pass (remove unused cells and wires).
Finding unused cells or wires in module \mac_unit..
Removed 0 unused cells and 23 unused wires.
<suppressed ~1 debug messages>
Renaming module \mac_unit to \gate.

29. Executing Verilog backend.

29.1. Executing BMUXMAP pass.

29.2. Executing DEMUXMAP pass.
Dumping module `\gate'.
Dumping module `\gold'.

30. Executing JSON backend.

End of script. Logfile hash: 4a700f2b8a, time: 0.04s, user: 0.04s, system: 0.01s, MEM: 16.73 MB peak
Yosys 0.68+130 (git sha1 dd83bbad2-dirty, Release, Clang /usr/local/osxcross/target/bin/aarch64-apple-darwin25.5-clang++ 21.1.8)
Time spent: 91% 40x read_verilog (0 sec), 1% 2x opt_clean (0 sec), ...
