
 /----------------------------------------------------------------------------\
 |  yosys -- Yosys Open SYnthesis Suite                                       |
 |  Copyright (C) 2012 - 2026  Claire Xenia Wolf <claire@yosyshq.com>         |
 |  Distributed under an ISC-like license, type "license" to see terms        |
 \----------------------------------------------------------------------------/
 Yosys 0.68+130 (git sha1 dd83bbad2-dirty, Release, Clang /usr/local/osxcross/target/bin/aarch64-apple-darwin25.5-clang++ 21.1.8)

-- Executing script file `/Users/ritikjindal/rtl-ai-project/runs/ddc_fir_optimize_20260912T163308Z/attempt_1/candidate_3/formal/prepare.ys' --

1. Executing Verilog-2005 frontend: /Users/ritikjindal/rtl-ai-project/designs/benchmark/ddc_fir.v
Parsing SystemVerilog input from `/Users/ritikjindal/rtl-ai-project/designs/benchmark/ddc_fir.v' to AST representation.
Generating RTLIL representation for module `\ddc_fir'.
Warning: Replacing memory \shift with list of registers. See /Users/ritikjindal/rtl-ai-project/designs/benchmark/ddc_fir.v:92
Successfully finished Verilog frontend.

2. Executing HIERARCHY pass (managing design hierarchy).

2.1. Analyzing design hierarchy..
Top module:  \ddc_fir

2.2. Analyzing design hierarchy..
Top module:  \ddc_fir
Removed 0 unused modules.

3. Executing PROC pass (convert processes to netlists).

3.1. Executing PROC_CLEAN pass (remove empty switches from decision trees).
Cleaned up 0 empty switches.

3.2. Executing PROC_RMDEAD pass (remove dead branches from decision trees).
Marked 2 switch rules as full_case in process $proc$/Users/ritikjindal/rtl-ai-project/designs/benchmark/ddc_fir.v:89$9 in module ddc_fir.
Removed a total of 0 dead cases.

3.3. Executing PROC_PRUNE pass (remove redundant assignments in processes).
Removed 1 redundant assignment.
Promoted 32 assignments to connections.

3.4. Executing PROC_INIT pass (extract init attributes).

3.5. Executing PROC_ARST pass (detect async resets in processes).

3.6. Executing PROC_ROM pass (convert switches to ROMs).
Converted 0 switches.
<suppressed ~2 debug messages>

3.7. Executing PROC_MUX pass (convert decision trees to multiplexers).
Creating decoders for process `\ddc_fir.$proc$/Users/ritikjindal/rtl-ai-project/designs/benchmark/ddc_fir.v:73$69'.
Creating decoders for process `\ddc_fir.$proc$/Users/ritikjindal/rtl-ai-project/designs/benchmark/ddc_fir.v:73$67'.
Creating decoders for process `\ddc_fir.$proc$/Users/ritikjindal/rtl-ai-project/designs/benchmark/ddc_fir.v:73$65'.
Creating decoders for process `\ddc_fir.$proc$/Users/ritikjindal/rtl-ai-project/designs/benchmark/ddc_fir.v:73$63'.
Creating decoders for process `\ddc_fir.$proc$/Users/ritikjindal/rtl-ai-project/designs/benchmark/ddc_fir.v:73$61'.
Creating decoders for process `\ddc_fir.$proc$/Users/ritikjindal/rtl-ai-project/designs/benchmark/ddc_fir.v:73$59'.
Creating decoders for process `\ddc_fir.$proc$/Users/ritikjindal/rtl-ai-project/designs/benchmark/ddc_fir.v:73$57'.
Creating decoders for process `\ddc_fir.$proc$/Users/ritikjindal/rtl-ai-project/designs/benchmark/ddc_fir.v:73$55'.
Creating decoders for process `\ddc_fir.$proc$/Users/ritikjindal/rtl-ai-project/designs/benchmark/ddc_fir.v:73$53'.
Creating decoders for process `\ddc_fir.$proc$/Users/ritikjindal/rtl-ai-project/designs/benchmark/ddc_fir.v:73$51'.
Creating decoders for process `\ddc_fir.$proc$/Users/ritikjindal/rtl-ai-project/designs/benchmark/ddc_fir.v:73$49'.
Creating decoders for process `\ddc_fir.$proc$/Users/ritikjindal/rtl-ai-project/designs/benchmark/ddc_fir.v:73$47'.
Creating decoders for process `\ddc_fir.$proc$/Users/ritikjindal/rtl-ai-project/designs/benchmark/ddc_fir.v:73$45'.
Creating decoders for process `\ddc_fir.$proc$/Users/ritikjindal/rtl-ai-project/designs/benchmark/ddc_fir.v:73$43'.
Creating decoders for process `\ddc_fir.$proc$/Users/ritikjindal/rtl-ai-project/designs/benchmark/ddc_fir.v:73$41'.
Creating decoders for process `\ddc_fir.$proc$/Users/ritikjindal/rtl-ai-project/designs/benchmark/ddc_fir.v:63$39'.
Creating decoders for process `\ddc_fir.$proc$/Users/ritikjindal/rtl-ai-project/designs/benchmark/ddc_fir.v:63$37'.
Creating decoders for process `\ddc_fir.$proc$/Users/ritikjindal/rtl-ai-project/designs/benchmark/ddc_fir.v:63$35'.
Creating decoders for process `\ddc_fir.$proc$/Users/ritikjindal/rtl-ai-project/designs/benchmark/ddc_fir.v:63$33'.
Creating decoders for process `\ddc_fir.$proc$/Users/ritikjindal/rtl-ai-project/designs/benchmark/ddc_fir.v:63$31'.
Creating decoders for process `\ddc_fir.$proc$/Users/ritikjindal/rtl-ai-project/designs/benchmark/ddc_fir.v:63$29'.
Creating decoders for process `\ddc_fir.$proc$/Users/ritikjindal/rtl-ai-project/designs/benchmark/ddc_fir.v:63$27'.
Creating decoders for process `\ddc_fir.$proc$/Users/ritikjindal/rtl-ai-project/designs/benchmark/ddc_fir.v:63$25'.
Creating decoders for process `\ddc_fir.$proc$/Users/ritikjindal/rtl-ai-project/designs/benchmark/ddc_fir.v:63$23'.
Creating decoders for process `\ddc_fir.$proc$/Users/ritikjindal/rtl-ai-project/designs/benchmark/ddc_fir.v:63$21'.
Creating decoders for process `\ddc_fir.$proc$/Users/ritikjindal/rtl-ai-project/designs/benchmark/ddc_fir.v:63$19'.
Creating decoders for process `\ddc_fir.$proc$/Users/ritikjindal/rtl-ai-project/designs/benchmark/ddc_fir.v:63$17'.
Creating decoders for process `\ddc_fir.$proc$/Users/ritikjindal/rtl-ai-project/designs/benchmark/ddc_fir.v:63$15'.
Creating decoders for process `\ddc_fir.$proc$/Users/ritikjindal/rtl-ai-project/designs/benchmark/ddc_fir.v:63$13'.
Creating decoders for process `\ddc_fir.$proc$/Users/ritikjindal/rtl-ai-project/designs/benchmark/ddc_fir.v:63$11'.
Creating decoders for process `\ddc_fir.$proc$/Users/ritikjindal/rtl-ai-project/designs/benchmark/ddc_fir.v:69$10'.
Creating decoders for process `\ddc_fir.$proc$/Users/ritikjindal/rtl-ai-project/designs/benchmark/ddc_fir.v:89$9'.
     1/19: $2\j[31:0]
     2/19: $0\out_valid[0:0]
     3/19: $1\j[31:0]
     4/19: $0\shift[14][15:0]
     5/19: $0\shift[13][15:0]
     6/19: $0\shift[12][15:0]
     7/19: $0\shift[11][15:0]
     8/19: $0\shift[10][15:0]
     9/19: $0\shift[9][15:0]
    10/19: $0\shift[8][15:0]
    11/19: $0\shift[7][15:0]
    12/19: $0\shift[6][15:0]
    13/19: $0\shift[5][15:0]
    14/19: $0\shift[4][15:0]
    15/19: $0\shift[3][15:0]
    16/19: $0\shift[2][15:0]
    17/19: $0\shift[1][15:0]
    18/19: $0\shift[0][15:0]
    19/19: $0\out_data[15:0]

3.8. Executing PROC_DLATCH pass (convert process syncs to latches).
No latch inferred for signal `\ddc_fir.\psum[15]' from process `\ddc_fir.$proc$/Users/ritikjindal/rtl-ai-project/designs/benchmark/ddc_fir.v:73$69'.
No latch inferred for signal `\ddc_fir.\psum[14]' from process `\ddc_fir.$proc$/Users/ritikjindal/rtl-ai-project/designs/benchmark/ddc_fir.v:73$67'.
No latch inferred for signal `\ddc_fir.\psum[13]' from process `\ddc_fir.$proc$/Users/ritikjindal/rtl-ai-project/designs/benchmark/ddc_fir.v:73$65'.
No latch inferred for signal `\ddc_fir.\psum[12]' from process `\ddc_fir.$proc$/Users/ritikjindal/rtl-ai-project/designs/benchmark/ddc_fir.v:73$63'.
No latch inferred for signal `\ddc_fir.\psum[11]' from process `\ddc_fir.$proc$/Users/ritikjindal/rtl-ai-project/designs/benchmark/ddc_fir.v:73$61'.
No latch inferred for signal `\ddc_fir.\psum[10]' from process `\ddc_fir.$proc$/Users/ritikjindal/rtl-ai-project/designs/benchmark/ddc_fir.v:73$59'.
No latch inferred for signal `\ddc_fir.\psum[9]' from process `\ddc_fir.$proc$/Users/ritikjindal/rtl-ai-project/designs/benchmark/ddc_fir.v:73$57'.
No latch inferred for signal `\ddc_fir.\psum[8]' from process `\ddc_fir.$proc$/Users/ritikjindal/rtl-ai-project/designs/benchmark/ddc_fir.v:73$55'.
No latch inferred for signal `\ddc_fir.\psum[7]' from process `\ddc_fir.$proc$/Users/ritikjindal/rtl-ai-project/designs/benchmark/ddc_fir.v:73$53'.
No latch inferred for signal `\ddc_fir.\psum[6]' from process `\ddc_fir.$proc$/Users/ritikjindal/rtl-ai-project/designs/benchmark/ddc_fir.v:73$51'.
No latch inferred for signal `\ddc_fir.\psum[5]' from process `\ddc_fir.$proc$/Users/ritikjindal/rtl-ai-project/designs/benchmark/ddc_fir.v:73$49'.
No latch inferred for signal `\ddc_fir.\psum[4]' from process `\ddc_fir.$proc$/Users/ritikjindal/rtl-ai-project/designs/benchmark/ddc_fir.v:73$47'.
No latch inferred for signal `\ddc_fir.\psum[3]' from process `\ddc_fir.$proc$/Users/ritikjindal/rtl-ai-project/designs/benchmark/ddc_fir.v:73$45'.
No latch inferred for signal `\ddc_fir.\psum[2]' from process `\ddc_fir.$proc$/Users/ritikjindal/rtl-ai-project/designs/benchmark/ddc_fir.v:73$43'.
No latch inferred for signal `\ddc_fir.\psum[1]' from process `\ddc_fir.$proc$/Users/ritikjindal/rtl-ai-project/designs/benchmark/ddc_fir.v:73$41'.
No latch inferred for signal `\ddc_fir.\prod[14]' from process `\ddc_fir.$proc$/Users/ritikjindal/rtl-ai-project/designs/benchmark/ddc_fir.v:63$39'.
No latch inferred for signal `\ddc_fir.\prod[13]' from process `\ddc_fir.$proc$/Users/ritikjindal/rtl-ai-project/designs/benchmark/ddc_fir.v:63$37'.
No latch inferred for signal `\ddc_fir.\prod[12]' from process `\ddc_fir.$proc$/Users/ritikjindal/rtl-ai-project/designs/benchmark/ddc_fir.v:63$35'.
No latch inferred for signal `\ddc_fir.\prod[11]' from process `\ddc_fir.$proc$/Users/ritikjindal/rtl-ai-project/designs/benchmark/ddc_fir.v:63$33'.
No latch inferred for signal `\ddc_fir.\prod[10]' from process `\ddc_fir.$proc$/Users/ritikjindal/rtl-ai-project/designs/benchmark/ddc_fir.v:63$31'.
No latch inferred for signal `\ddc_fir.\prod[9]' from process `\ddc_fir.$proc$/Users/ritikjindal/rtl-ai-project/designs/benchmark/ddc_fir.v:63$29'.
No latch inferred for signal `\ddc_fir.\prod[8]' from process `\ddc_fir.$proc$/Users/ritikjindal/rtl-ai-project/designs/benchmark/ddc_fir.v:63$27'.
No latch inferred for signal `\ddc_fir.\prod[7]' from process `\ddc_fir.$proc$/Users/ritikjindal/rtl-ai-project/designs/benchmark/ddc_fir.v:63$25'.
No latch inferred for signal `\ddc_fir.\prod[6]' from process `\ddc_fir.$proc$/Users/ritikjindal/rtl-ai-project/designs/benchmark/ddc_fir.v:63$23'.
No latch inferred for signal `\ddc_fir.\prod[5]' from process `\ddc_fir.$proc$/Users/ritikjindal/rtl-ai-project/designs/benchmark/ddc_fir.v:63$21'.
No latch inferred for signal `\ddc_fir.\prod[4]' from process `\ddc_fir.$proc$/Users/ritikjindal/rtl-ai-project/designs/benchmark/ddc_fir.v:63$19'.
No latch inferred for signal `\ddc_fir.\prod[3]' from process `\ddc_fir.$proc$/Users/ritikjindal/rtl-ai-project/designs/benchmark/ddc_fir.v:63$17'.
No latch inferred for signal `\ddc_fir.\prod[2]' from process `\ddc_fir.$proc$/Users/ritikjindal/rtl-ai-project/designs/benchmark/ddc_fir.v:63$15'.
No latch inferred for signal `\ddc_fir.\prod[1]' from process `\ddc_fir.$proc$/Users/ritikjindal/rtl-ai-project/designs/benchmark/ddc_fir.v:63$13'.
No latch inferred for signal `\ddc_fir.\prod[0]' from process `\ddc_fir.$proc$/Users/ritikjindal/rtl-ai-project/designs/benchmark/ddc_fir.v:63$11'.
No latch inferred for signal `\ddc_fir.\psum[0]' from process `\ddc_fir.$proc$/Users/ritikjindal/rtl-ai-project/designs/benchmark/ddc_fir.v:69$10'.

3.9. Executing PROC_DFF pass (convert process syncs to FFs).
Creating register for signal `\ddc_fir.\out_valid' using process `\ddc_fir.$proc$/Users/ritikjindal/rtl-ai-project/designs/benchmark/ddc_fir.v:89$9'.
  created $dff cell `$procdff$179' with positive edge clock.
Creating register for signal `\ddc_fir.\out_data' using process `\ddc_fir.$proc$/Users/ritikjindal/rtl-ai-project/designs/benchmark/ddc_fir.v:89$9'.
  created $dff cell `$procdff$180' with positive edge clock.
Creating register for signal `\ddc_fir.\j' using process `\ddc_fir.$proc$/Users/ritikjindal/rtl-ai-project/designs/benchmark/ddc_fir.v:89$9'.
  created $dff cell `$procdff$181' with positive edge clock.
Creating register for signal `\ddc_fir.\shift[0]' using process `\ddc_fir.$proc$/Users/ritikjindal/rtl-ai-project/designs/benchmark/ddc_fir.v:89$9'.
  created $dff cell `$procdff$182' with positive edge clock.
Creating register for signal `\ddc_fir.\shift[1]' using process `\ddc_fir.$proc$/Users/ritikjindal/rtl-ai-project/designs/benchmark/ddc_fir.v:89$9'.
  created $dff cell `$procdff$183' with positive edge clock.
Creating register for signal `\ddc_fir.\shift[2]' using process `\ddc_fir.$proc$/Users/ritikjindal/rtl-ai-project/designs/benchmark/ddc_fir.v:89$9'.
  created $dff cell `$procdff$184' with positive edge clock.
Creating register for signal `\ddc_fir.\shift[3]' using process `\ddc_fir.$proc$/Users/ritikjindal/rtl-ai-project/designs/benchmark/ddc_fir.v:89$9'.
  created $dff cell `$procdff$185' with positive edge clock.
Creating register for signal `\ddc_fir.\shift[4]' using process `\ddc_fir.$proc$/Users/ritikjindal/rtl-ai-project/designs/benchmark/ddc_fir.v:89$9'.
  created $dff cell `$procdff$186' with positive edge clock.
Creating register for signal `\ddc_fir.\shift[5]' using process `\ddc_fir.$proc$/Users/ritikjindal/rtl-ai-project/designs/benchmark/ddc_fir.v:89$9'.
  created $dff cell `$procdff$187' with positive edge clock.
Creating register for signal `\ddc_fir.\shift[6]' using process `\ddc_fir.$proc$/Users/ritikjindal/rtl-ai-project/designs/benchmark/ddc_fir.v:89$9'.
  created $dff cell `$procdff$188' with positive edge clock.
Creating register for signal `\ddc_fir.\shift[7]' using process `\ddc_fir.$proc$/Users/ritikjindal/rtl-ai-project/designs/benchmark/ddc_fir.v:89$9'.
  created $dff cell `$procdff$189' with positive edge clock.
Creating register for signal `\ddc_fir.\shift[8]' using process `\ddc_fir.$proc$/Users/ritikjindal/rtl-ai-project/designs/benchmark/ddc_fir.v:89$9'.
  created $dff cell `$procdff$190' with positive edge clock.
Creating register for signal `\ddc_fir.\shift[9]' using process `\ddc_fir.$proc$/Users/ritikjindal/rtl-ai-project/designs/benchmark/ddc_fir.v:89$9'.
  created $dff cell `$procdff$191' with positive edge clock.
Creating register for signal `\ddc_fir.\shift[10]' using process `\ddc_fir.$proc$/Users/ritikjindal/rtl-ai-project/designs/benchmark/ddc_fir.v:89$9'.
  created $dff cell `$procdff$192' with positive edge clock.
Creating register for signal `\ddc_fir.\shift[11]' using process `\ddc_fir.$proc$/Users/ritikjindal/rtl-ai-project/designs/benchmark/ddc_fir.v:89$9'.
  created $dff cell `$procdff$193' with positive edge clock.
Creating register for signal `\ddc_fir.\shift[12]' using process `\ddc_fir.$proc$/Users/ritikjindal/rtl-ai-project/designs/benchmark/ddc_fir.v:89$9'.
  created $dff cell `$procdff$194' with positive edge clock.
Creating register for signal `\ddc_fir.\shift[13]' using process `\ddc_fir.$proc$/Users/ritikjindal/rtl-ai-project/designs/benchmark/ddc_fir.v:89$9'.
  created $dff cell `$procdff$195' with positive edge clock.
Creating register for signal `\ddc_fir.\shift[14]' using process `\ddc_fir.$proc$/Users/ritikjindal/rtl-ai-project/designs/benchmark/ddc_fir.v:89$9'.
  created $dff cell `$procdff$196' with positive edge clock.

3.10. Executing PROC_MEMWR pass (convert process memory writes to cells).

3.11. Executing PROC_CLEAN pass (remove empty switches from decision trees).
Removing empty process `ddc_fir.$proc$/Users/ritikjindal/rtl-ai-project/designs/benchmark/ddc_fir.v:73$69'.
Removing empty process `ddc_fir.$proc$/Users/ritikjindal/rtl-ai-project/designs/benchmark/ddc_fir.v:73$67'.
Removing empty process `ddc_fir.$proc$/Users/ritikjindal/rtl-ai-project/designs/benchmark/ddc_fir.v:73$65'.
Removing empty process `ddc_fir.$proc$/Users/ritikjindal/rtl-ai-project/designs/benchmark/ddc_fir.v:73$63'.
Removing empty process `ddc_fir.$proc$/Users/ritikjindal/rtl-ai-project/designs/benchmark/ddc_fir.v:73$61'.
Removing empty process `ddc_fir.$proc$/Users/ritikjindal/rtl-ai-project/designs/benchmark/ddc_fir.v:73$59'.
Removing empty process `ddc_fir.$proc$/Users/ritikjindal/rtl-ai-project/designs/benchmark/ddc_fir.v:73$57'.
Removing empty process `ddc_fir.$proc$/Users/ritikjindal/rtl-ai-project/designs/benchmark/ddc_fir.v:73$55'.
Removing empty process `ddc_fir.$proc$/Users/ritikjindal/rtl-ai-project/designs/benchmark/ddc_fir.v:73$53'.
Removing empty process `ddc_fir.$proc$/Users/ritikjindal/rtl-ai-project/designs/benchmark/ddc_fir.v:73$51'.
Removing empty process `ddc_fir.$proc$/Users/ritikjindal/rtl-ai-project/designs/benchmark/ddc_fir.v:73$49'.
Removing empty process `ddc_fir.$proc$/Users/ritikjindal/rtl-ai-project/designs/benchmark/ddc_fir.v:73$47'.
Removing empty process `ddc_fir.$proc$/Users/ritikjindal/rtl-ai-project/designs/benchmark/ddc_fir.v:73$45'.
Removing empty process `ddc_fir.$proc$/Users/ritikjindal/rtl-ai-project/designs/benchmark/ddc_fir.v:73$43'.
Removing empty process `ddc_fir.$proc$/Users/ritikjindal/rtl-ai-project/designs/benchmark/ddc_fir.v:73$41'.
Removing empty process `ddc_fir.$proc$/Users/ritikjindal/rtl-ai-project/designs/benchmark/ddc_fir.v:63$39'.
Removing empty process `ddc_fir.$proc$/Users/ritikjindal/rtl-ai-project/designs/benchmark/ddc_fir.v:63$37'.
Removing empty process `ddc_fir.$proc$/Users/ritikjindal/rtl-ai-project/designs/benchmark/ddc_fir.v:63$35'.
Removing empty process `ddc_fir.$proc$/Users/ritikjindal/rtl-ai-project/designs/benchmark/ddc_fir.v:63$33'.
Removing empty process `ddc_fir.$proc$/Users/ritikjindal/rtl-ai-project/designs/benchmark/ddc_fir.v:63$31'.
Removing empty process `ddc_fir.$proc$/Users/ritikjindal/rtl-ai-project/designs/benchmark/ddc_fir.v:63$29'.
Removing empty process `ddc_fir.$proc$/Users/ritikjindal/rtl-ai-project/designs/benchmark/ddc_fir.v:63$27'.
Removing empty process `ddc_fir.$proc$/Users/ritikjindal/rtl-ai-project/designs/benchmark/ddc_fir.v:63$25'.
Removing empty process `ddc_fir.$proc$/Users/ritikjindal/rtl-ai-project/designs/benchmark/ddc_fir.v:63$23'.
Removing empty process `ddc_fir.$proc$/Users/ritikjindal/rtl-ai-project/designs/benchmark/ddc_fir.v:63$21'.
Removing empty process `ddc_fir.$proc$/Users/ritikjindal/rtl-ai-project/designs/benchmark/ddc_fir.v:63$19'.
Removing empty process `ddc_fir.$proc$/Users/ritikjindal/rtl-ai-project/designs/benchmark/ddc_fir.v:63$17'.
Removing empty process `ddc_fir.$proc$/Users/ritikjindal/rtl-ai-project/designs/benchmark/ddc_fir.v:63$15'.
Removing empty process `ddc_fir.$proc$/Users/ritikjindal/rtl-ai-project/designs/benchmark/ddc_fir.v:63$13'.
Removing empty process `ddc_fir.$proc$/Users/ritikjindal/rtl-ai-project/designs/benchmark/ddc_fir.v:63$11'.
Removing empty process `ddc_fir.$proc$/Users/ritikjindal/rtl-ai-project/designs/benchmark/ddc_fir.v:69$10'.
Found and cleaned up 2 empty switches in `\ddc_fir.$proc$/Users/ritikjindal/rtl-ai-project/designs/benchmark/ddc_fir.v:89$9'.
Removing empty process `ddc_fir.$proc$/Users/ritikjindal/rtl-ai-project/designs/benchmark/ddc_fir.v:89$9'.
Cleaned up 2 empty switches.

3.12. Executing OPT_EXPR pass (perform const folding).
Optimizing module ddc_fir.
<suppressed ~1 debug messages>

4. Executing FLATTEN pass (flatten design).

5. Executing OPT_CLEAN pass (remove unused cells and wires).
Finding unused cells or wires in module \ddc_fir..
Removed 4 unused cells and 124 unused wires.
<suppressed ~6 debug messages>
Renaming module \ddc_fir to \gold.

6. Executing Verilog-2005 frontend: /Users/ritikjindal/rtl-ai-project/runs/ddc_fir_optimize_20260912T163308Z/attempt_1/candidate_3/ddc_fir_candidate.v
Parsing SystemVerilog input from `/Users/ritikjindal/rtl-ai-project/runs/ddc_fir_optimize_20260912T163308Z/attempt_1/candidate_3/ddc_fir_candidate.v' to AST representation.
Generating RTLIL representation for module `\ddc_fir'.
Warning: Replacing memory \shift with list of registers. See /Users/ritikjindal/rtl-ai-project/runs/ddc_fir_optimize_20260912T163308Z/attempt_1/candidate_3/ddc_fir_candidate.v:115
Successfully finished Verilog frontend.

7. Executing HIERARCHY pass (managing design hierarchy).

7.1. Analyzing design hierarchy..
Top module:  \ddc_fir

7.2. Analyzing design hierarchy..
Top module:  \ddc_fir
Removed 0 unused modules.

8. Executing PROC pass (convert processes to netlists).

8.1. Executing PROC_CLEAN pass (remove empty switches from decision trees).
Cleaned up 0 empty switches.

8.2. Executing PROC_RMDEAD pass (remove dead branches from decision trees).
Marked 2 switch rules as full_case in process $proc$/Users/ritikjindal/rtl-ai-project/runs/ddc_fir_optimize_20260912T163308Z/attempt_1/candidate_3/ddc_fir_candidate.v:112$206 in module ddc_fir.
Removed a total of 0 dead cases.

8.3. Executing PROC_PRUNE pass (remove redundant assignments in processes).
Removed 5 redundant assignments.
Promoted 33 assignments to connections.

8.4. Executing PROC_INIT pass (extract init attributes).

8.5. Executing PROC_ARST pass (detect async resets in processes).

8.6. Executing PROC_ROM pass (convert switches to ROMs).
Converted 0 switches.
<suppressed ~2 debug messages>

8.7. Executing PROC_MUX pass (convert decision trees to multiplexers).
Creating decoders for process `\ddc_fir.$proc$/Users/ritikjindal/rtl-ai-project/runs/ddc_fir_optimize_20260912T163308Z/attempt_1/candidate_3/ddc_fir_candidate.v:88$267'.
Creating decoders for process `\ddc_fir.$proc$/Users/ritikjindal/rtl-ai-project/runs/ddc_fir_optimize_20260912T163308Z/attempt_1/candidate_3/ddc_fir_candidate.v:88$265'.
Creating decoders for process `\ddc_fir.$proc$/Users/ritikjindal/rtl-ai-project/runs/ddc_fir_optimize_20260912T163308Z/attempt_1/candidate_3/ddc_fir_candidate.v:88$263'.
Creating decoders for process `\ddc_fir.$proc$/Users/ritikjindal/rtl-ai-project/runs/ddc_fir_optimize_20260912T163308Z/attempt_1/candidate_3/ddc_fir_candidate.v:88$261'.
Creating decoders for process `\ddc_fir.$proc$/Users/ritikjindal/rtl-ai-project/runs/ddc_fir_optimize_20260912T163308Z/attempt_1/candidate_3/ddc_fir_candidate.v:88$259'.
Creating decoders for process `\ddc_fir.$proc$/Users/ritikjindal/rtl-ai-project/runs/ddc_fir_optimize_20260912T163308Z/attempt_1/candidate_3/ddc_fir_candidate.v:88$257'.
Creating decoders for process `\ddc_fir.$proc$/Users/ritikjindal/rtl-ai-project/runs/ddc_fir_optimize_20260912T163308Z/attempt_1/candidate_3/ddc_fir_candidate.v:88$255'.
Creating decoders for process `\ddc_fir.$proc$/Users/ritikjindal/rtl-ai-project/runs/ddc_fir_optimize_20260912T163308Z/attempt_1/candidate_3/ddc_fir_candidate.v:76$253'.
Creating decoders for process `\ddc_fir.$proc$/Users/ritikjindal/rtl-ai-project/runs/ddc_fir_optimize_20260912T163308Z/attempt_1/candidate_3/ddc_fir_candidate.v:76$251'.
Creating decoders for process `\ddc_fir.$proc$/Users/ritikjindal/rtl-ai-project/runs/ddc_fir_optimize_20260912T163308Z/attempt_1/candidate_3/ddc_fir_candidate.v:76$249'.
Creating decoders for process `\ddc_fir.$proc$/Users/ritikjindal/rtl-ai-project/runs/ddc_fir_optimize_20260912T163308Z/attempt_1/candidate_3/ddc_fir_candidate.v:76$247'.
Creating decoders for process `\ddc_fir.$proc$/Users/ritikjindal/rtl-ai-project/runs/ddc_fir_optimize_20260912T163308Z/attempt_1/candidate_3/ddc_fir_candidate.v:76$245'.
Creating decoders for process `\ddc_fir.$proc$/Users/ritikjindal/rtl-ai-project/runs/ddc_fir_optimize_20260912T163308Z/attempt_1/candidate_3/ddc_fir_candidate.v:76$243'.
Creating decoders for process `\ddc_fir.$proc$/Users/ritikjindal/rtl-ai-project/runs/ddc_fir_optimize_20260912T163308Z/attempt_1/candidate_3/ddc_fir_candidate.v:76$241'.
Creating decoders for process `\ddc_fir.$proc$/Users/ritikjindal/rtl-ai-project/runs/ddc_fir_optimize_20260912T163308Z/attempt_1/candidate_3/ddc_fir_candidate.v:76$239'.
Creating decoders for process `\ddc_fir.$proc$/Users/ritikjindal/rtl-ai-project/runs/ddc_fir_optimize_20260912T163308Z/attempt_1/candidate_3/ddc_fir_candidate.v:63$237'.
Creating decoders for process `\ddc_fir.$proc$/Users/ritikjindal/rtl-ai-project/runs/ddc_fir_optimize_20260912T163308Z/attempt_1/candidate_3/ddc_fir_candidate.v:63$235'.
Creating decoders for process `\ddc_fir.$proc$/Users/ritikjindal/rtl-ai-project/runs/ddc_fir_optimize_20260912T163308Z/attempt_1/candidate_3/ddc_fir_candidate.v:63$233'.
Creating decoders for process `\ddc_fir.$proc$/Users/ritikjindal/rtl-ai-project/runs/ddc_fir_optimize_20260912T163308Z/attempt_1/candidate_3/ddc_fir_candidate.v:63$231'.
Creating decoders for process `\ddc_fir.$proc$/Users/ritikjindal/rtl-ai-project/runs/ddc_fir_optimize_20260912T163308Z/attempt_1/candidate_3/ddc_fir_candidate.v:63$229'.
Creating decoders for process `\ddc_fir.$proc$/Users/ritikjindal/rtl-ai-project/runs/ddc_fir_optimize_20260912T163308Z/attempt_1/candidate_3/ddc_fir_candidate.v:63$227'.
Creating decoders for process `\ddc_fir.$proc$/Users/ritikjindal/rtl-ai-project/runs/ddc_fir_optimize_20260912T163308Z/attempt_1/candidate_3/ddc_fir_candidate.v:63$225'.
Creating decoders for process `\ddc_fir.$proc$/Users/ritikjindal/rtl-ai-project/runs/ddc_fir_optimize_20260912T163308Z/attempt_1/candidate_3/ddc_fir_candidate.v:63$223'.
Creating decoders for process `\ddc_fir.$proc$/Users/ritikjindal/rtl-ai-project/runs/ddc_fir_optimize_20260912T163308Z/attempt_1/candidate_3/ddc_fir_candidate.v:63$221'.
Creating decoders for process `\ddc_fir.$proc$/Users/ritikjindal/rtl-ai-project/runs/ddc_fir_optimize_20260912T163308Z/attempt_1/candidate_3/ddc_fir_candidate.v:63$219'.
Creating decoders for process `\ddc_fir.$proc$/Users/ritikjindal/rtl-ai-project/runs/ddc_fir_optimize_20260912T163308Z/attempt_1/candidate_3/ddc_fir_candidate.v:63$217'.
Creating decoders for process `\ddc_fir.$proc$/Users/ritikjindal/rtl-ai-project/runs/ddc_fir_optimize_20260912T163308Z/attempt_1/candidate_3/ddc_fir_candidate.v:63$215'.
Creating decoders for process `\ddc_fir.$proc$/Users/ritikjindal/rtl-ai-project/runs/ddc_fir_optimize_20260912T163308Z/attempt_1/candidate_3/ddc_fir_candidate.v:63$213'.
Creating decoders for process `\ddc_fir.$proc$/Users/ritikjindal/rtl-ai-project/runs/ddc_fir_optimize_20260912T163308Z/attempt_1/candidate_3/ddc_fir_candidate.v:63$211'.
Creating decoders for process `\ddc_fir.$proc$/Users/ritikjindal/rtl-ai-project/runs/ddc_fir_optimize_20260912T163308Z/attempt_1/candidate_3/ddc_fir_candidate.v:63$209'.
Creating decoders for process `\ddc_fir.$proc$/Users/ritikjindal/rtl-ai-project/runs/ddc_fir_optimize_20260912T163308Z/attempt_1/candidate_3/ddc_fir_candidate.v:84$208'.
Creating decoders for process `\ddc_fir.$proc$/Users/ritikjindal/rtl-ai-project/runs/ddc_fir_optimize_20260912T163308Z/attempt_1/candidate_3/ddc_fir_candidate.v:72$207'.
Creating decoders for process `\ddc_fir.$proc$/Users/ritikjindal/rtl-ai-project/runs/ddc_fir_optimize_20260912T163308Z/attempt_1/candidate_3/ddc_fir_candidate.v:112$206'.
     1/22: $2\j[31:0]
     2/22: $0\out_data[15:0]
     3/22: $0\out_valid[0:0]
     4/22: $0\valid_pipe1[0:0]
     5/22: $0\partial_sum_reg_B[35:0]
     6/22: $0\partial_sum_reg_A[35:0]
     7/22: $1\j[31:0]
     8/22: $0\shift[14][15:0]
     9/22: $0\shift[13][15:0]
    10/22: $0\shift[12][15:0]
    11/22: $0\shift[11][15:0]
    12/22: $0\shift[10][15:0]
    13/22: $0\shift[9][15:0]
    14/22: $0\shift[8][15:0]
    15/22: $0\shift[7][15:0]
    16/22: $0\shift[6][15:0]
    17/22: $0\shift[5][15:0]
    18/22: $0\shift[4][15:0]
    19/22: $0\shift[3][15:0]
    20/22: $0\shift[2][15:0]
    21/22: $0\shift[1][15:0]
    22/22: $0\shift[0][15:0]

8.8. Executing PROC_DLATCH pass (convert process syncs to latches).
No latch inferred for signal `\ddc_fir.\psumB[7]' from process `\ddc_fir.$proc$/Users/ritikjindal/rtl-ai-project/runs/ddc_fir_optimize_20260912T163308Z/attempt_1/candidate_3/ddc_fir_candidate.v:88$267'.
No latch inferred for signal `\ddc_fir.\psumB[6]' from process `\ddc_fir.$proc$/Users/ritikjindal/rtl-ai-project/runs/ddc_fir_optimize_20260912T163308Z/attempt_1/candidate_3/ddc_fir_candidate.v:88$265'.
No latch inferred for signal `\ddc_fir.\psumB[5]' from process `\ddc_fir.$proc$/Users/ritikjindal/rtl-ai-project/runs/ddc_fir_optimize_20260912T163308Z/attempt_1/candidate_3/ddc_fir_candidate.v:88$263'.
No latch inferred for signal `\ddc_fir.\psumB[4]' from process `\ddc_fir.$proc$/Users/ritikjindal/rtl-ai-project/runs/ddc_fir_optimize_20260912T163308Z/attempt_1/candidate_3/ddc_fir_candidate.v:88$261'.
No latch inferred for signal `\ddc_fir.\psumB[3]' from process `\ddc_fir.$proc$/Users/ritikjindal/rtl-ai-project/runs/ddc_fir_optimize_20260912T163308Z/attempt_1/candidate_3/ddc_fir_candidate.v:88$259'.
No latch inferred for signal `\ddc_fir.\psumB[2]' from process `\ddc_fir.$proc$/Users/ritikjindal/rtl-ai-project/runs/ddc_fir_optimize_20260912T163308Z/attempt_1/candidate_3/ddc_fir_candidate.v:88$257'.
No latch inferred for signal `\ddc_fir.\psumB[1]' from process `\ddc_fir.$proc$/Users/ritikjindal/rtl-ai-project/runs/ddc_fir_optimize_20260912T163308Z/attempt_1/candidate_3/ddc_fir_candidate.v:88$255'.
No latch inferred for signal `\ddc_fir.\psumA[8]' from process `\ddc_fir.$proc$/Users/ritikjindal/rtl-ai-project/runs/ddc_fir_optimize_20260912T163308Z/attempt_1/candidate_3/ddc_fir_candidate.v:76$253'.
No latch inferred for signal `\ddc_fir.\psumA[7]' from process `\ddc_fir.$proc$/Users/ritikjindal/rtl-ai-project/runs/ddc_fir_optimize_20260912T163308Z/attempt_1/candidate_3/ddc_fir_candidate.v:76$251'.
No latch inferred for signal `\ddc_fir.\psumA[6]' from process `\ddc_fir.$proc$/Users/ritikjindal/rtl-ai-project/runs/ddc_fir_optimize_20260912T163308Z/attempt_1/candidate_3/ddc_fir_candidate.v:76$249'.
No latch inferred for signal `\ddc_fir.\psumA[5]' from process `\ddc_fir.$proc$/Users/ritikjindal/rtl-ai-project/runs/ddc_fir_optimize_20260912T163308Z/attempt_1/candidate_3/ddc_fir_candidate.v:76$247'.
No latch inferred for signal `\ddc_fir.\psumA[4]' from process `\ddc_fir.$proc$/Users/ritikjindal/rtl-ai-project/runs/ddc_fir_optimize_20260912T163308Z/attempt_1/candidate_3/ddc_fir_candidate.v:76$245'.
No latch inferred for signal `\ddc_fir.\psumA[3]' from process `\ddc_fir.$proc$/Users/ritikjindal/rtl-ai-project/runs/ddc_fir_optimize_20260912T163308Z/attempt_1/candidate_3/ddc_fir_candidate.v:76$243'.
No latch inferred for signal `\ddc_fir.\psumA[2]' from process `\ddc_fir.$proc$/Users/ritikjindal/rtl-ai-project/runs/ddc_fir_optimize_20260912T163308Z/attempt_1/candidate_3/ddc_fir_candidate.v:76$241'.
No latch inferred for signal `\ddc_fir.\psumA[1]' from process `\ddc_fir.$proc$/Users/ritikjindal/rtl-ai-project/runs/ddc_fir_optimize_20260912T163308Z/attempt_1/candidate_3/ddc_fir_candidate.v:76$239'.
No latch inferred for signal `\ddc_fir.\prod[14]' from process `\ddc_fir.$proc$/Users/ritikjindal/rtl-ai-project/runs/ddc_fir_optimize_20260912T163308Z/attempt_1/candidate_3/ddc_fir_candidate.v:63$237'.
No latch inferred for signal `\ddc_fir.\prod[13]' from process `\ddc_fir.$proc$/Users/ritikjindal/rtl-ai-project/runs/ddc_fir_optimize_20260912T163308Z/attempt_1/candidate_3/ddc_fir_candidate.v:63$235'.
No latch inferred for signal `\ddc_fir.\prod[12]' from process `\ddc_fir.$proc$/Users/ritikjindal/rtl-ai-project/runs/ddc_fir_optimize_20260912T163308Z/attempt_1/candidate_3/ddc_fir_candidate.v:63$233'.
No latch inferred for signal `\ddc_fir.\prod[11]' from process `\ddc_fir.$proc$/Users/ritikjindal/rtl-ai-project/runs/ddc_fir_optimize_20260912T163308Z/attempt_1/candidate_3/ddc_fir_candidate.v:63$231'.
No latch inferred for signal `\ddc_fir.\prod[10]' from process `\ddc_fir.$proc$/Users/ritikjindal/rtl-ai-project/runs/ddc_fir_optimize_20260912T163308Z/attempt_1/candidate_3/ddc_fir_candidate.v:63$229'.
No latch inferred for signal `\ddc_fir.\prod[9]' from process `\ddc_fir.$proc$/Users/ritikjindal/rtl-ai-project/runs/ddc_fir_optimize_20260912T163308Z/attempt_1/candidate_3/ddc_fir_candidate.v:63$227'.
No latch inferred for signal `\ddc_fir.\prod[8]' from process `\ddc_fir.$proc$/Users/ritikjindal/rtl-ai-project/runs/ddc_fir_optimize_20260912T163308Z/attempt_1/candidate_3/ddc_fir_candidate.v:63$225'.
No latch inferred for signal `\ddc_fir.\prod[7]' from process `\ddc_fir.$proc$/Users/ritikjindal/rtl-ai-project/runs/ddc_fir_optimize_20260912T163308Z/attempt_1/candidate_3/ddc_fir_candidate.v:63$223'.
No latch inferred for signal `\ddc_fir.\prod[6]' from process `\ddc_fir.$proc$/Users/ritikjindal/rtl-ai-project/runs/ddc_fir_optimize_20260912T163308Z/attempt_1/candidate_3/ddc_fir_candidate.v:63$221'.
No latch inferred for signal `\ddc_fir.\prod[5]' from process `\ddc_fir.$proc$/Users/ritikjindal/rtl-ai-project/runs/ddc_fir_optimize_20260912T163308Z/attempt_1/candidate_3/ddc_fir_candidate.v:63$219'.
No latch inferred for signal `\ddc_fir.\prod[4]' from process `\ddc_fir.$proc$/Users/ritikjindal/rtl-ai-project/runs/ddc_fir_optimize_20260912T163308Z/attempt_1/candidate_3/ddc_fir_candidate.v:63$217'.
No latch inferred for signal `\ddc_fir.\prod[3]' from process `\ddc_fir.$proc$/Users/ritikjindal/rtl-ai-project/runs/ddc_fir_optimize_20260912T163308Z/attempt_1/candidate_3/ddc_fir_candidate.v:63$215'.
No latch inferred for signal `\ddc_fir.\prod[2]' from process `\ddc_fir.$proc$/Users/ritikjindal/rtl-ai-project/runs/ddc_fir_optimize_20260912T163308Z/attempt_1/candidate_3/ddc_fir_candidate.v:63$213'.
No latch inferred for signal `\ddc_fir.\prod[1]' from process `\ddc_fir.$proc$/Users/ritikjindal/rtl-ai-project/runs/ddc_fir_optimize_20260912T163308Z/attempt_1/candidate_3/ddc_fir_candidate.v:63$211'.
No latch inferred for signal `\ddc_fir.\prod[0]' from process `\ddc_fir.$proc$/Users/ritikjindal/rtl-ai-project/runs/ddc_fir_optimize_20260912T163308Z/attempt_1/candidate_3/ddc_fir_candidate.v:63$209'.
No latch inferred for signal `\ddc_fir.\psumB[0]' from process `\ddc_fir.$proc$/Users/ritikjindal/rtl-ai-project/runs/ddc_fir_optimize_20260912T163308Z/attempt_1/candidate_3/ddc_fir_candidate.v:84$208'.
No latch inferred for signal `\ddc_fir.\psumA[0]' from process `\ddc_fir.$proc$/Users/ritikjindal/rtl-ai-project/runs/ddc_fir_optimize_20260912T163308Z/attempt_1/candidate_3/ddc_fir_candidate.v:72$207'.

8.9. Executing PROC_DFF pass (convert process syncs to FFs).
Creating register for signal `\ddc_fir.\out_valid' using process `\ddc_fir.$proc$/Users/ritikjindal/rtl-ai-project/runs/ddc_fir_optimize_20260912T163308Z/attempt_1/candidate_3/ddc_fir_candidate.v:112$206'.
  created $dff cell `$procdff$383' with positive edge clock.
Creating register for signal `\ddc_fir.\out_data' using process `\ddc_fir.$proc$/Users/ritikjindal/rtl-ai-project/runs/ddc_fir_optimize_20260912T163308Z/attempt_1/candidate_3/ddc_fir_candidate.v:112$206'.
  created $dff cell `$procdff$384' with positive edge clock.
Creating register for signal `\ddc_fir.\shift[0]' using process `\ddc_fir.$proc$/Users/ritikjindal/rtl-ai-project/runs/ddc_fir_optimize_20260912T163308Z/attempt_1/candidate_3/ddc_fir_candidate.v:112$206'.
  created $dff cell `$procdff$385' with positive edge clock.
Creating register for signal `\ddc_fir.\shift[1]' using process `\ddc_fir.$proc$/Users/ritikjindal/rtl-ai-project/runs/ddc_fir_optimize_20260912T163308Z/attempt_1/candidate_3/ddc_fir_candidate.v:112$206'.
  created $dff cell `$procdff$386' with positive edge clock.
Creating register for signal `\ddc_fir.\shift[2]' using process `\ddc_fir.$proc$/Users/ritikjindal/rtl-ai-project/runs/ddc_fir_optimize_20260912T163308Z/attempt_1/candidate_3/ddc_fir_candidate.v:112$206'.
  created $dff cell `$procdff$387' with positive edge clock.
Creating register for signal `\ddc_fir.\shift[3]' using process `\ddc_fir.$proc$/Users/ritikjindal/rtl-ai-project/runs/ddc_fir_optimize_20260912T163308Z/attempt_1/candidate_3/ddc_fir_candidate.v:112$206'.
  created $dff cell `$procdff$388' with positive edge clock.
Creating register for signal `\ddc_fir.\shift[4]' using process `\ddc_fir.$proc$/Users/ritikjindal/rtl-ai-project/runs/ddc_fir_optimize_20260912T163308Z/attempt_1/candidate_3/ddc_fir_candidate.v:112$206'.
  created $dff cell `$procdff$389' with positive edge clock.
Creating register for signal `\ddc_fir.\shift[5]' using process `\ddc_fir.$proc$/Users/ritikjindal/rtl-ai-project/runs/ddc_fir_optimize_20260912T163308Z/attempt_1/candidate_3/ddc_fir_candidate.v:112$206'.
  created $dff cell `$procdff$390' with positive edge clock.
Creating register for signal `\ddc_fir.\shift[6]' using process `\ddc_fir.$proc$/Users/ritikjindal/rtl-ai-project/runs/ddc_fir_optimize_20260912T163308Z/attempt_1/candidate_3/ddc_fir_candidate.v:112$206'.
  created $dff cell `$procdff$391' with positive edge clock.
Creating register for signal `\ddc_fir.\shift[7]' using process `\ddc_fir.$proc$/Users/ritikjindal/rtl-ai-project/runs/ddc_fir_optimize_20260912T163308Z/attempt_1/candidate_3/ddc_fir_candidate.v:112$206'.
  created $dff cell `$procdff$392' with positive edge clock.
Creating register for signal `\ddc_fir.\shift[8]' using process `\ddc_fir.$proc$/Users/ritikjindal/rtl-ai-project/runs/ddc_fir_optimize_20260912T163308Z/attempt_1/candidate_3/ddc_fir_candidate.v:112$206'.
  created $dff cell `$procdff$393' with positive edge clock.
Creating register for signal `\ddc_fir.\shift[9]' using process `\ddc_fir.$proc$/Users/ritikjindal/rtl-ai-project/runs/ddc_fir_optimize_20260912T163308Z/attempt_1/candidate_3/ddc_fir_candidate.v:112$206'.
  created $dff cell `$procdff$394' with positive edge clock.
Creating register for signal `\ddc_fir.\shift[10]' using process `\ddc_fir.$proc$/Users/ritikjindal/rtl-ai-project/runs/ddc_fir_optimize_20260912T163308Z/attempt_1/candidate_3/ddc_fir_candidate.v:112$206'.
  created $dff cell `$procdff$395' with positive edge clock.
Creating register for signal `\ddc_fir.\shift[11]' using process `\ddc_fir.$proc$/Users/ritikjindal/rtl-ai-project/runs/ddc_fir_optimize_20260912T163308Z/attempt_1/candidate_3/ddc_fir_candidate.v:112$206'.
  created $dff cell `$procdff$396' with positive edge clock.
Creating register for signal `\ddc_fir.\shift[12]' using process `\ddc_fir.$proc$/Users/ritikjindal/rtl-ai-project/runs/ddc_fir_optimize_20260912T163308Z/attempt_1/candidate_3/ddc_fir_candidate.v:112$206'.
  created $dff cell `$procdff$397' with positive edge clock.
Creating register for signal `\ddc_fir.\shift[13]' using process `\ddc_fir.$proc$/Users/ritikjindal/rtl-ai-project/runs/ddc_fir_optimize_20260912T163308Z/attempt_1/candidate_3/ddc_fir_candidate.v:112$206'.
  created $dff cell `$procdff$398' with positive edge clock.
Creating register for signal `\ddc_fir.\shift[14]' using process `\ddc_fir.$proc$/Users/ritikjindal/rtl-ai-project/runs/ddc_fir_optimize_20260912T163308Z/attempt_1/candidate_3/ddc_fir_candidate.v:112$206'.
  created $dff cell `$procdff$399' with positive edge clock.
Creating register for signal `\ddc_fir.\valid_pipe1' using process `\ddc_fir.$proc$/Users/ritikjindal/rtl-ai-project/runs/ddc_fir_optimize_20260912T163308Z/attempt_1/candidate_3/ddc_fir_candidate.v:112$206'.
  created $dff cell `$procdff$400' with positive edge clock.
Creating register for signal `\ddc_fir.\partial_sum_reg_B' using process `\ddc_fir.$proc$/Users/ritikjindal/rtl-ai-project/runs/ddc_fir_optimize_20260912T163308Z/attempt_1/candidate_3/ddc_fir_candidate.v:112$206'.
  created $dff cell `$procdff$401' with positive edge clock.
Creating register for signal `\ddc_fir.\partial_sum_reg_A' using process `\ddc_fir.$proc$/Users/ritikjindal/rtl-ai-project/runs/ddc_fir_optimize_20260912T163308Z/attempt_1/candidate_3/ddc_fir_candidate.v:112$206'.
  created $dff cell `$procdff$402' with positive edge clock.
Creating register for signal `\ddc_fir.\j' using process `\ddc_fir.$proc$/Users/ritikjindal/rtl-ai-project/runs/ddc_fir_optimize_20260912T163308Z/attempt_1/candidate_3/ddc_fir_candidate.v:112$206'.
  created $dff cell `$procdff$403' with positive edge clock.

8.10. Executing PROC_MEMWR pass (convert process memory writes to cells).

8.11. Executing PROC_CLEAN pass (remove empty switches from decision trees).
Removing empty process `ddc_fir.$proc$/Users/ritikjindal/rtl-ai-project/runs/ddc_fir_optimize_20260912T163308Z/attempt_1/candidate_3/ddc_fir_candidate.v:88$267'.
Removing empty process `ddc_fir.$proc$/Users/ritikjindal/rtl-ai-project/runs/ddc_fir_optimize_20260912T163308Z/attempt_1/candidate_3/ddc_fir_candidate.v:88$265'.
Removing empty process `ddc_fir.$proc$/Users/ritikjindal/rtl-ai-project/runs/ddc_fir_optimize_20260912T163308Z/attempt_1/candidate_3/ddc_fir_candidate.v:88$263'.
Removing empty process `ddc_fir.$proc$/Users/ritikjindal/rtl-ai-project/runs/ddc_fir_optimize_20260912T163308Z/attempt_1/candidate_3/ddc_fir_candidate.v:88$261'.
Removing empty process `ddc_fir.$proc$/Users/ritikjindal/rtl-ai-project/runs/ddc_fir_optimize_20260912T163308Z/attempt_1/candidate_3/ddc_fir_candidate.v:88$259'.
Removing empty process `ddc_fir.$proc$/Users/ritikjindal/rtl-ai-project/runs/ddc_fir_optimize_20260912T163308Z/attempt_1/candidate_3/ddc_fir_candidate.v:88$257'.
Removing empty process `ddc_fir.$proc$/Users/ritikjindal/rtl-ai-project/runs/ddc_fir_optimize_20260912T163308Z/attempt_1/candidate_3/ddc_fir_candidate.v:88$255'.
Removing empty process `ddc_fir.$proc$/Users/ritikjindal/rtl-ai-project/runs/ddc_fir_optimize_20260912T163308Z/attempt_1/candidate_3/ddc_fir_candidate.v:76$253'.
Removing empty process `ddc_fir.$proc$/Users/ritikjindal/rtl-ai-project/runs/ddc_fir_optimize_20260912T163308Z/attempt_1/candidate_3/ddc_fir_candidate.v:76$251'.
Removing empty process `ddc_fir.$proc$/Users/ritikjindal/rtl-ai-project/runs/ddc_fir_optimize_20260912T163308Z/attempt_1/candidate_3/ddc_fir_candidate.v:76$249'.
Removing empty process `ddc_fir.$proc$/Users/ritikjindal/rtl-ai-project/runs/ddc_fir_optimize_20260912T163308Z/attempt_1/candidate_3/ddc_fir_candidate.v:76$247'.
Removing empty process `ddc_fir.$proc$/Users/ritikjindal/rtl-ai-project/runs/ddc_fir_optimize_20260912T163308Z/attempt_1/candidate_3/ddc_fir_candidate.v:76$245'.
Removing empty process `ddc_fir.$proc$/Users/ritikjindal/rtl-ai-project/runs/ddc_fir_optimize_20260912T163308Z/attempt_1/candidate_3/ddc_fir_candidate.v:76$243'.
Removing empty process `ddc_fir.$proc$/Users/ritikjindal/rtl-ai-project/runs/ddc_fir_optimize_20260912T163308Z/attempt_1/candidate_3/ddc_fir_candidate.v:76$241'.
Removing empty process `ddc_fir.$proc$/Users/ritikjindal/rtl-ai-project/runs/ddc_fir_optimize_20260912T163308Z/attempt_1/candidate_3/ddc_fir_candidate.v:76$239'.
Removing empty process `ddc_fir.$proc$/Users/ritikjindal/rtl-ai-project/runs/ddc_fir_optimize_20260912T163308Z/attempt_1/candidate_3/ddc_fir_candidate.v:63$237'.
Removing empty process `ddc_fir.$proc$/Users/ritikjindal/rtl-ai-project/runs/ddc_fir_optimize_20260912T163308Z/attempt_1/candidate_3/ddc_fir_candidate.v:63$235'.
Removing empty process `ddc_fir.$proc$/Users/ritikjindal/rtl-ai-project/runs/ddc_fir_optimize_20260912T163308Z/attempt_1/candidate_3/ddc_fir_candidate.v:63$233'.
Removing empty process `ddc_fir.$proc$/Users/ritikjindal/rtl-ai-project/runs/ddc_fir_optimize_20260912T163308Z/attempt_1/candidate_3/ddc_fir_candidate.v:63$231'.
Removing empty process `ddc_fir.$proc$/Users/ritikjindal/rtl-ai-project/runs/ddc_fir_optimize_20260912T163308Z/attempt_1/candidate_3/ddc_fir_candidate.v:63$229'.
Removing empty process `ddc_fir.$proc$/Users/ritikjindal/rtl-ai-project/runs/ddc_fir_optimize_20260912T163308Z/attempt_1/candidate_3/ddc_fir_candidate.v:63$227'.
Removing empty process `ddc_fir.$proc$/Users/ritikjindal/rtl-ai-project/runs/ddc_fir_optimize_20260912T163308Z/attempt_1/candidate_3/ddc_fir_candidate.v:63$225'.
Removing empty process `ddc_fir.$proc$/Users/ritikjindal/rtl-ai-project/runs/ddc_fir_optimize_20260912T163308Z/attempt_1/candidate_3/ddc_fir_candidate.v:63$223'.
Removing empty process `ddc_fir.$proc$/Users/ritikjindal/rtl-ai-project/runs/ddc_fir_optimize_20260912T163308Z/attempt_1/candidate_3/ddc_fir_candidate.v:63$221'.
Removing empty process `ddc_fir.$proc$/Users/ritikjindal/rtl-ai-project/runs/ddc_fir_optimize_20260912T163308Z/attempt_1/candidate_3/ddc_fir_candidate.v:63$219'.
Removing empty process `ddc_fir.$proc$/Users/ritikjindal/rtl-ai-project/runs/ddc_fir_optimize_20260912T163308Z/attempt_1/candidate_3/ddc_fir_candidate.v:63$217'.
Removing empty process `ddc_fir.$proc$/Users/ritikjindal/rtl-ai-project/runs/ddc_fir_optimize_20260912T163308Z/attempt_1/candidate_3/ddc_fir_candidate.v:63$215'.
Removing empty process `ddc_fir.$proc$/Users/ritikjindal/rtl-ai-project/runs/ddc_fir_optimize_20260912T163308Z/attempt_1/candidate_3/ddc_fir_candidate.v:63$213'.
Removing empty process `ddc_fir.$proc$/Users/ritikjindal/rtl-ai-project/runs/ddc_fir_optimize_20260912T163308Z/attempt_1/candidate_3/ddc_fir_candidate.v:63$211'.
Removing empty process `ddc_fir.$proc$/Users/ritikjindal/rtl-ai-project/runs/ddc_fir_optimize_20260912T163308Z/attempt_1/candidate_3/ddc_fir_candidate.v:63$209'.
Removing empty process `ddc_fir.$proc$/Users/ritikjindal/rtl-ai-project/runs/ddc_fir_optimize_20260912T163308Z/attempt_1/candidate_3/ddc_fir_candidate.v:84$208'.
Removing empty process `ddc_fir.$proc$/Users/ritikjindal/rtl-ai-project/runs/ddc_fir_optimize_20260912T163308Z/attempt_1/candidate_3/ddc_fir_candidate.v:72$207'.
Found and cleaned up 2 empty switches in `\ddc_fir.$proc$/Users/ritikjindal/rtl-ai-project/runs/ddc_fir_optimize_20260912T163308Z/attempt_1/candidate_3/ddc_fir_candidate.v:112$206'.
Removing empty process `ddc_fir.$proc$/Users/ritikjindal/rtl-ai-project/runs/ddc_fir_optimize_20260912T163308Z/attempt_1/candidate_3/ddc_fir_candidate.v:112$206'.
Cleaned up 2 empty switches.

8.12. Executing OPT_EXPR pass (perform const folding).
Optimizing module ddc_fir.
<suppressed ~1 debug messages>

9. Executing FLATTEN pass (flatten design).

10. Executing OPT_CLEAN pass (remove unused cells and wires).
Finding unused cells or wires in module \ddc_fir..
Removed 4 unused cells and 131 unused wires.
<suppressed ~6 debug messages>
Renaming module \ddc_fir to \gate.

11. Executing Verilog backend.

11.1. Executing BMUXMAP pass.

11.2. Executing DEMUXMAP pass.
Dumping module `\gate'.
Dumping module `\gold'.

12. Executing JSON backend.

Warnings: 2 unique messages, 2 total
End of script. Logfile hash: 184179ef46, time: 0.03s, user: 0.03s, system: 0.01s, MEM: 17.28 MB peak
Yosys 0.68+130 (git sha1 dd83bbad2-dirty, Release, Clang /usr/local/osxcross/target/bin/aarch64-apple-darwin25.5-clang++ 21.1.8)
Time spent: 49% 4x read_verilog (0 sec), 14% 2x opt_clean (0 sec), ...
