
 /----------------------------------------------------------------------------\
 |  yosys -- Yosys Open SYnthesis Suite                                       |
 |  Copyright (C) 2012 - 2026  Claire Xenia Wolf <claire@yosyshq.com>         |
 |  Distributed under an ISC-like license, type "license" to see terms        |
 \----------------------------------------------------------------------------/
 Yosys 0.68+195 (git sha1 435977e97-dirty, Release, Clang /usr/bin/clang++ 21.1.8)

-- Executing script file `/mnt/d/tushar/Downloads/RTL.ai/runs/sad8x8_20260911T215601Z/formal/prepare.ys' --

1. Executing Verilog-2005 frontend: /mnt/d/tushar/Downloads/RTL.ai/designs/benchmark/sad8x8.v
Parsing SystemVerilog input from `/mnt/d/tushar/Downloads/RTL.ai/designs/benchmark/sad8x8.v' to AST representation.
Generating RTLIL representation for module `\sad8x8'.
Successfully finished Verilog frontend.

2. Executing HIERARCHY pass (managing design hierarchy).

2.1. Analyzing design hierarchy..
Top module:  \sad8x8

2.2. Analyzing design hierarchy..
Top module:  \sad8x8
Removed 0 unused modules.

3. Executing PROC pass (convert processes to netlists).

3.1. Executing PROC_CLEAN pass (remove empty switches from decision trees).
Cleaned up 0 empty switches.

3.2. Executing PROC_RMDEAD pass (remove dead branches from decision trees).
Marked 1 switch rules as full_case in process $proc$/mnt/d/tushar/Downloads/RTL.ai/designs/benchmark/sad8x8.v:56$67 in module sad8x8.
Removed a total of 0 dead cases.

3.3. Executing PROC_PRUNE pass (remove redundant assignments in processes).
Removed 2 redundant assignments.
Promoted 66 assignments to connections.

3.4. Executing PROC_INIT pass (extract init attributes).

3.5. Executing PROC_ARST pass (detect async resets in processes).

3.6. Executing PROC_ROM pass (convert switches to ROMs).
Converted 0 switches.
<suppressed ~1 debug messages>

3.7. Executing PROC_MUX pass (convert decision trees to multiplexers).
Creating decoders for process `\sad8x8.$proc$/mnt/d/tushar/Downloads/RTL.ai/designs/benchmark/sad8x8.v:43$383'.
Creating decoders for process `\sad8x8.$proc$/mnt/d/tushar/Downloads/RTL.ai/designs/benchmark/sad8x8.v:43$378'.
Creating decoders for process `\sad8x8.$proc$/mnt/d/tushar/Downloads/RTL.ai/designs/benchmark/sad8x8.v:43$373'.
Creating decoders for process `\sad8x8.$proc$/mnt/d/tushar/Downloads/RTL.ai/designs/benchmark/sad8x8.v:43$368'.
Creating decoders for process `\sad8x8.$proc$/mnt/d/tushar/Downloads/RTL.ai/designs/benchmark/sad8x8.v:43$363'.
Creating decoders for process `\sad8x8.$proc$/mnt/d/tushar/Downloads/RTL.ai/designs/benchmark/sad8x8.v:43$358'.
Creating decoders for process `\sad8x8.$proc$/mnt/d/tushar/Downloads/RTL.ai/designs/benchmark/sad8x8.v:43$353'.
Creating decoders for process `\sad8x8.$proc$/mnt/d/tushar/Downloads/RTL.ai/designs/benchmark/sad8x8.v:43$348'.
Creating decoders for process `\sad8x8.$proc$/mnt/d/tushar/Downloads/RTL.ai/designs/benchmark/sad8x8.v:43$343'.
Creating decoders for process `\sad8x8.$proc$/mnt/d/tushar/Downloads/RTL.ai/designs/benchmark/sad8x8.v:43$338'.
Creating decoders for process `\sad8x8.$proc$/mnt/d/tushar/Downloads/RTL.ai/designs/benchmark/sad8x8.v:43$333'.
Creating decoders for process `\sad8x8.$proc$/mnt/d/tushar/Downloads/RTL.ai/designs/benchmark/sad8x8.v:43$328'.
Creating decoders for process `\sad8x8.$proc$/mnt/d/tushar/Downloads/RTL.ai/designs/benchmark/sad8x8.v:43$323'.
Creating decoders for process `\sad8x8.$proc$/mnt/d/tushar/Downloads/RTL.ai/designs/benchmark/sad8x8.v:43$318'.
Creating decoders for process `\sad8x8.$proc$/mnt/d/tushar/Downloads/RTL.ai/designs/benchmark/sad8x8.v:43$313'.
Creating decoders for process `\sad8x8.$proc$/mnt/d/tushar/Downloads/RTL.ai/designs/benchmark/sad8x8.v:43$308'.
Creating decoders for process `\sad8x8.$proc$/mnt/d/tushar/Downloads/RTL.ai/designs/benchmark/sad8x8.v:43$303'.
Creating decoders for process `\sad8x8.$proc$/mnt/d/tushar/Downloads/RTL.ai/designs/benchmark/sad8x8.v:43$298'.
Creating decoders for process `\sad8x8.$proc$/mnt/d/tushar/Downloads/RTL.ai/designs/benchmark/sad8x8.v:43$293'.
Creating decoders for process `\sad8x8.$proc$/mnt/d/tushar/Downloads/RTL.ai/designs/benchmark/sad8x8.v:43$288'.
Creating decoders for process `\sad8x8.$proc$/mnt/d/tushar/Downloads/RTL.ai/designs/benchmark/sad8x8.v:43$283'.
Creating decoders for process `\sad8x8.$proc$/mnt/d/tushar/Downloads/RTL.ai/designs/benchmark/sad8x8.v:43$278'.
Creating decoders for process `\sad8x8.$proc$/mnt/d/tushar/Downloads/RTL.ai/designs/benchmark/sad8x8.v:43$273'.
Creating decoders for process `\sad8x8.$proc$/mnt/d/tushar/Downloads/RTL.ai/designs/benchmark/sad8x8.v:43$268'.
Creating decoders for process `\sad8x8.$proc$/mnt/d/tushar/Downloads/RTL.ai/designs/benchmark/sad8x8.v:43$263'.
Creating decoders for process `\sad8x8.$proc$/mnt/d/tushar/Downloads/RTL.ai/designs/benchmark/sad8x8.v:43$258'.
Creating decoders for process `\sad8x8.$proc$/mnt/d/tushar/Downloads/RTL.ai/designs/benchmark/sad8x8.v:43$253'.
Creating decoders for process `\sad8x8.$proc$/mnt/d/tushar/Downloads/RTL.ai/designs/benchmark/sad8x8.v:43$248'.
Creating decoders for process `\sad8x8.$proc$/mnt/d/tushar/Downloads/RTL.ai/designs/benchmark/sad8x8.v:43$243'.
Creating decoders for process `\sad8x8.$proc$/mnt/d/tushar/Downloads/RTL.ai/designs/benchmark/sad8x8.v:43$238'.
Creating decoders for process `\sad8x8.$proc$/mnt/d/tushar/Downloads/RTL.ai/designs/benchmark/sad8x8.v:43$233'.
Creating decoders for process `\sad8x8.$proc$/mnt/d/tushar/Downloads/RTL.ai/designs/benchmark/sad8x8.v:43$228'.
Creating decoders for process `\sad8x8.$proc$/mnt/d/tushar/Downloads/RTL.ai/designs/benchmark/sad8x8.v:43$223'.
Creating decoders for process `\sad8x8.$proc$/mnt/d/tushar/Downloads/RTL.ai/designs/benchmark/sad8x8.v:43$218'.
Creating decoders for process `\sad8x8.$proc$/mnt/d/tushar/Downloads/RTL.ai/designs/benchmark/sad8x8.v:43$213'.
Creating decoders for process `\sad8x8.$proc$/mnt/d/tushar/Downloads/RTL.ai/designs/benchmark/sad8x8.v:43$208'.
Creating decoders for process `\sad8x8.$proc$/mnt/d/tushar/Downloads/RTL.ai/designs/benchmark/sad8x8.v:43$203'.
Creating decoders for process `\sad8x8.$proc$/mnt/d/tushar/Downloads/RTL.ai/designs/benchmark/sad8x8.v:43$198'.
Creating decoders for process `\sad8x8.$proc$/mnt/d/tushar/Downloads/RTL.ai/designs/benchmark/sad8x8.v:43$193'.
Creating decoders for process `\sad8x8.$proc$/mnt/d/tushar/Downloads/RTL.ai/designs/benchmark/sad8x8.v:43$188'.
Creating decoders for process `\sad8x8.$proc$/mnt/d/tushar/Downloads/RTL.ai/designs/benchmark/sad8x8.v:43$183'.
Creating decoders for process `\sad8x8.$proc$/mnt/d/tushar/Downloads/RTL.ai/designs/benchmark/sad8x8.v:43$178'.
Creating decoders for process `\sad8x8.$proc$/mnt/d/tushar/Downloads/RTL.ai/designs/benchmark/sad8x8.v:43$173'.
Creating decoders for process `\sad8x8.$proc$/mnt/d/tushar/Downloads/RTL.ai/designs/benchmark/sad8x8.v:43$168'.
Creating decoders for process `\sad8x8.$proc$/mnt/d/tushar/Downloads/RTL.ai/designs/benchmark/sad8x8.v:43$163'.
Creating decoders for process `\sad8x8.$proc$/mnt/d/tushar/Downloads/RTL.ai/designs/benchmark/sad8x8.v:43$158'.
Creating decoders for process `\sad8x8.$proc$/mnt/d/tushar/Downloads/RTL.ai/designs/benchmark/sad8x8.v:43$153'.
Creating decoders for process `\sad8x8.$proc$/mnt/d/tushar/Downloads/RTL.ai/designs/benchmark/sad8x8.v:43$148'.
Creating decoders for process `\sad8x8.$proc$/mnt/d/tushar/Downloads/RTL.ai/designs/benchmark/sad8x8.v:43$143'.
Creating decoders for process `\sad8x8.$proc$/mnt/d/tushar/Downloads/RTL.ai/designs/benchmark/sad8x8.v:43$138'.
Creating decoders for process `\sad8x8.$proc$/mnt/d/tushar/Downloads/RTL.ai/designs/benchmark/sad8x8.v:43$133'.
Creating decoders for process `\sad8x8.$proc$/mnt/d/tushar/Downloads/RTL.ai/designs/benchmark/sad8x8.v:43$128'.
Creating decoders for process `\sad8x8.$proc$/mnt/d/tushar/Downloads/RTL.ai/designs/benchmark/sad8x8.v:43$123'.
Creating decoders for process `\sad8x8.$proc$/mnt/d/tushar/Downloads/RTL.ai/designs/benchmark/sad8x8.v:43$118'.
Creating decoders for process `\sad8x8.$proc$/mnt/d/tushar/Downloads/RTL.ai/designs/benchmark/sad8x8.v:43$113'.
Creating decoders for process `\sad8x8.$proc$/mnt/d/tushar/Downloads/RTL.ai/designs/benchmark/sad8x8.v:43$108'.
Creating decoders for process `\sad8x8.$proc$/mnt/d/tushar/Downloads/RTL.ai/designs/benchmark/sad8x8.v:43$103'.
Creating decoders for process `\sad8x8.$proc$/mnt/d/tushar/Downloads/RTL.ai/designs/benchmark/sad8x8.v:43$98'.
Creating decoders for process `\sad8x8.$proc$/mnt/d/tushar/Downloads/RTL.ai/designs/benchmark/sad8x8.v:43$93'.
Creating decoders for process `\sad8x8.$proc$/mnt/d/tushar/Downloads/RTL.ai/designs/benchmark/sad8x8.v:43$88'.
Creating decoders for process `\sad8x8.$proc$/mnt/d/tushar/Downloads/RTL.ai/designs/benchmark/sad8x8.v:43$83'.
Creating decoders for process `\sad8x8.$proc$/mnt/d/tushar/Downloads/RTL.ai/designs/benchmark/sad8x8.v:43$78'.
Creating decoders for process `\sad8x8.$proc$/mnt/d/tushar/Downloads/RTL.ai/designs/benchmark/sad8x8.v:43$73'.
Creating decoders for process `\sad8x8.$proc$/mnt/d/tushar/Downloads/RTL.ai/designs/benchmark/sad8x8.v:43$68'.
Creating decoders for process `\sad8x8.$proc$/mnt/d/tushar/Downloads/RTL.ai/designs/benchmark/sad8x8.v:56$67'.
     1/2: $0\sad[13:0]
     2/2: $0\valid_out[0:0]
Creating decoders for process `\sad8x8.$proc$/mnt/d/tushar/Downloads/RTL.ai/designs/benchmark/sad8x8.v:50$2'.

3.8. Executing PROC_DLATCH pass (convert process syncs to latches).
No latch inferred for signal `\sad8x8.\ad[63]' from process `\sad8x8.$proc$/mnt/d/tushar/Downloads/RTL.ai/designs/benchmark/sad8x8.v:43$383'.
No latch inferred for signal `\sad8x8.\ad[62]' from process `\sad8x8.$proc$/mnt/d/tushar/Downloads/RTL.ai/designs/benchmark/sad8x8.v:43$378'.
No latch inferred for signal `\sad8x8.\ad[61]' from process `\sad8x8.$proc$/mnt/d/tushar/Downloads/RTL.ai/designs/benchmark/sad8x8.v:43$373'.
No latch inferred for signal `\sad8x8.\ad[60]' from process `\sad8x8.$proc$/mnt/d/tushar/Downloads/RTL.ai/designs/benchmark/sad8x8.v:43$368'.
No latch inferred for signal `\sad8x8.\ad[59]' from process `\sad8x8.$proc$/mnt/d/tushar/Downloads/RTL.ai/designs/benchmark/sad8x8.v:43$363'.
No latch inferred for signal `\sad8x8.\ad[58]' from process `\sad8x8.$proc$/mnt/d/tushar/Downloads/RTL.ai/designs/benchmark/sad8x8.v:43$358'.
No latch inferred for signal `\sad8x8.\ad[57]' from process `\sad8x8.$proc$/mnt/d/tushar/Downloads/RTL.ai/designs/benchmark/sad8x8.v:43$353'.
No latch inferred for signal `\sad8x8.\ad[56]' from process `\sad8x8.$proc$/mnt/d/tushar/Downloads/RTL.ai/designs/benchmark/sad8x8.v:43$348'.
No latch inferred for signal `\sad8x8.\ad[55]' from process `\sad8x8.$proc$/mnt/d/tushar/Downloads/RTL.ai/designs/benchmark/sad8x8.v:43$343'.
No latch inferred for signal `\sad8x8.\ad[54]' from process `\sad8x8.$proc$/mnt/d/tushar/Downloads/RTL.ai/designs/benchmark/sad8x8.v:43$338'.
No latch inferred for signal `\sad8x8.\ad[53]' from process `\sad8x8.$proc$/mnt/d/tushar/Downloads/RTL.ai/designs/benchmark/sad8x8.v:43$333'.
No latch inferred for signal `\sad8x8.\ad[52]' from process `\sad8x8.$proc$/mnt/d/tushar/Downloads/RTL.ai/designs/benchmark/sad8x8.v:43$328'.
No latch inferred for signal `\sad8x8.\ad[51]' from process `\sad8x8.$proc$/mnt/d/tushar/Downloads/RTL.ai/designs/benchmark/sad8x8.v:43$323'.
No latch inferred for signal `\sad8x8.\ad[50]' from process `\sad8x8.$proc$/mnt/d/tushar/Downloads/RTL.ai/designs/benchmark/sad8x8.v:43$318'.
No latch inferred for signal `\sad8x8.\ad[49]' from process `\sad8x8.$proc$/mnt/d/tushar/Downloads/RTL.ai/designs/benchmark/sad8x8.v:43$313'.
No latch inferred for signal `\sad8x8.\ad[48]' from process `\sad8x8.$proc$/mnt/d/tushar/Downloads/RTL.ai/designs/benchmark/sad8x8.v:43$308'.
No latch inferred for signal `\sad8x8.\ad[47]' from process `\sad8x8.$proc$/mnt/d/tushar/Downloads/RTL.ai/designs/benchmark/sad8x8.v:43$303'.
No latch inferred for signal `\sad8x8.\ad[46]' from process `\sad8x8.$proc$/mnt/d/tushar/Downloads/RTL.ai/designs/benchmark/sad8x8.v:43$298'.
No latch inferred for signal `\sad8x8.\ad[45]' from process `\sad8x8.$proc$/mnt/d/tushar/Downloads/RTL.ai/designs/benchmark/sad8x8.v:43$293'.
No latch inferred for signal `\sad8x8.\ad[44]' from process `\sad8x8.$proc$/mnt/d/tushar/Downloads/RTL.ai/designs/benchmark/sad8x8.v:43$288'.
No latch inferred for signal `\sad8x8.\ad[43]' from process `\sad8x8.$proc$/mnt/d/tushar/Downloads/RTL.ai/designs/benchmark/sad8x8.v:43$283'.
No latch inferred for signal `\sad8x8.\ad[42]' from process `\sad8x8.$proc$/mnt/d/tushar/Downloads/RTL.ai/designs/benchmark/sad8x8.v:43$278'.
No latch inferred for signal `\sad8x8.\ad[41]' from process `\sad8x8.$proc$/mnt/d/tushar/Downloads/RTL.ai/designs/benchmark/sad8x8.v:43$273'.
No latch inferred for signal `\sad8x8.\ad[40]' from process `\sad8x8.$proc$/mnt/d/tushar/Downloads/RTL.ai/designs/benchmark/sad8x8.v:43$268'.
No latch inferred for signal `\sad8x8.\ad[39]' from process `\sad8x8.$proc$/mnt/d/tushar/Downloads/RTL.ai/designs/benchmark/sad8x8.v:43$263'.
No latch inferred for signal `\sad8x8.\ad[38]' from process `\sad8x8.$proc$/mnt/d/tushar/Downloads/RTL.ai/designs/benchmark/sad8x8.v:43$258'.
No latch inferred for signal `\sad8x8.\ad[37]' from process `\sad8x8.$proc$/mnt/d/tushar/Downloads/RTL.ai/designs/benchmark/sad8x8.v:43$253'.
No latch inferred for signal `\sad8x8.\ad[36]' from process `\sad8x8.$proc$/mnt/d/tushar/Downloads/RTL.ai/designs/benchmark/sad8x8.v:43$248'.
No latch inferred for signal `\sad8x8.\ad[35]' from process `\sad8x8.$proc$/mnt/d/tushar/Downloads/RTL.ai/designs/benchmark/sad8x8.v:43$243'.
No latch inferred for signal `\sad8x8.\ad[34]' from process `\sad8x8.$proc$/mnt/d/tushar/Downloads/RTL.ai/designs/benchmark/sad8x8.v:43$238'.
No latch inferred for signal `\sad8x8.\ad[33]' from process `\sad8x8.$proc$/mnt/d/tushar/Downloads/RTL.ai/designs/benchmark/sad8x8.v:43$233'.
No latch inferred for signal `\sad8x8.\ad[32]' from process `\sad8x8.$proc$/mnt/d/tushar/Downloads/RTL.ai/designs/benchmark/sad8x8.v:43$228'.
No latch inferred for signal `\sad8x8.\ad[31]' from process `\sad8x8.$proc$/mnt/d/tushar/Downloads/RTL.ai/designs/benchmark/sad8x8.v:43$223'.
No latch inferred for signal `\sad8x8.\ad[30]' from process `\sad8x8.$proc$/mnt/d/tushar/Downloads/RTL.ai/designs/benchmark/sad8x8.v:43$218'.
No latch inferred for signal `\sad8x8.\ad[29]' from process `\sad8x8.$proc$/mnt/d/tushar/Downloads/RTL.ai/designs/benchmark/sad8x8.v:43$213'.
No latch inferred for signal `\sad8x8.\ad[28]' from process `\sad8x8.$proc$/mnt/d/tushar/Downloads/RTL.ai/designs/benchmark/sad8x8.v:43$208'.
No latch inferred for signal `\sad8x8.\ad[27]' from process `\sad8x8.$proc$/mnt/d/tushar/Downloads/RTL.ai/designs/benchmark/sad8x8.v:43$203'.
No latch inferred for signal `\sad8x8.\ad[26]' from process `\sad8x8.$proc$/mnt/d/tushar/Downloads/RTL.ai/designs/benchmark/sad8x8.v:43$198'.
No latch inferred for signal `\sad8x8.\ad[25]' from process `\sad8x8.$proc$/mnt/d/tushar/Downloads/RTL.ai/designs/benchmark/sad8x8.v:43$193'.
No latch inferred for signal `\sad8x8.\ad[24]' from process `\sad8x8.$proc$/mnt/d/tushar/Downloads/RTL.ai/designs/benchmark/sad8x8.v:43$188'.
No latch inferred for signal `\sad8x8.\ad[23]' from process `\sad8x8.$proc$/mnt/d/tushar/Downloads/RTL.ai/designs/benchmark/sad8x8.v:43$183'.
No latch inferred for signal `\sad8x8.\ad[22]' from process `\sad8x8.$proc$/mnt/d/tushar/Downloads/RTL.ai/designs/benchmark/sad8x8.v:43$178'.
No latch inferred for signal `\sad8x8.\ad[21]' from process `\sad8x8.$proc$/mnt/d/tushar/Downloads/RTL.ai/designs/benchmark/sad8x8.v:43$173'.
No latch inferred for signal `\sad8x8.\ad[20]' from process `\sad8x8.$proc$/mnt/d/tushar/Downloads/RTL.ai/designs/benchmark/sad8x8.v:43$168'.
No latch inferred for signal `\sad8x8.\ad[19]' from process `\sad8x8.$proc$/mnt/d/tushar/Downloads/RTL.ai/designs/benchmark/sad8x8.v:43$163'.
No latch inferred for signal `\sad8x8.\ad[18]' from process `\sad8x8.$proc$/mnt/d/tushar/Downloads/RTL.ai/designs/benchmark/sad8x8.v:43$158'.
No latch inferred for signal `\sad8x8.\ad[17]' from process `\sad8x8.$proc$/mnt/d/tushar/Downloads/RTL.ai/designs/benchmark/sad8x8.v:43$153'.
No latch inferred for signal `\sad8x8.\ad[16]' from process `\sad8x8.$proc$/mnt/d/tushar/Downloads/RTL.ai/designs/benchmark/sad8x8.v:43$148'.
No latch inferred for signal `\sad8x8.\ad[15]' from process `\sad8x8.$proc$/mnt/d/tushar/Downloads/RTL.ai/designs/benchmark/sad8x8.v:43$143'.
No latch inferred for signal `\sad8x8.\ad[14]' from process `\sad8x8.$proc$/mnt/d/tushar/Downloads/RTL.ai/designs/benchmark/sad8x8.v:43$138'.
No latch inferred for signal `\sad8x8.\ad[13]' from process `\sad8x8.$proc$/mnt/d/tushar/Downloads/RTL.ai/designs/benchmark/sad8x8.v:43$133'.
No latch inferred for signal `\sad8x8.\ad[12]' from process `\sad8x8.$proc$/mnt/d/tushar/Downloads/RTL.ai/designs/benchmark/sad8x8.v:43$128'.
No latch inferred for signal `\sad8x8.\ad[11]' from process `\sad8x8.$proc$/mnt/d/tushar/Downloads/RTL.ai/designs/benchmark/sad8x8.v:43$123'.
No latch inferred for signal `\sad8x8.\ad[10]' from process `\sad8x8.$proc$/mnt/d/tushar/Downloads/RTL.ai/designs/benchmark/sad8x8.v:43$118'.
No latch inferred for signal `\sad8x8.\ad[9]' from process `\sad8x8.$proc$/mnt/d/tushar/Downloads/RTL.ai/designs/benchmark/sad8x8.v:43$113'.
No latch inferred for signal `\sad8x8.\ad[8]' from process `\sad8x8.$proc$/mnt/d/tushar/Downloads/RTL.ai/designs/benchmark/sad8x8.v:43$108'.
No latch inferred for signal `\sad8x8.\ad[7]' from process `\sad8x8.$proc$/mnt/d/tushar/Downloads/RTL.ai/designs/benchmark/sad8x8.v:43$103'.
No latch inferred for signal `\sad8x8.\ad[6]' from process `\sad8x8.$proc$/mnt/d/tushar/Downloads/RTL.ai/designs/benchmark/sad8x8.v:43$98'.
No latch inferred for signal `\sad8x8.\ad[5]' from process `\sad8x8.$proc$/mnt/d/tushar/Downloads/RTL.ai/designs/benchmark/sad8x8.v:43$93'.
No latch inferred for signal `\sad8x8.\ad[4]' from process `\sad8x8.$proc$/mnt/d/tushar/Downloads/RTL.ai/designs/benchmark/sad8x8.v:43$88'.
No latch inferred for signal `\sad8x8.\ad[3]' from process `\sad8x8.$proc$/mnt/d/tushar/Downloads/RTL.ai/designs/benchmark/sad8x8.v:43$83'.
No latch inferred for signal `\sad8x8.\ad[2]' from process `\sad8x8.$proc$/mnt/d/tushar/Downloads/RTL.ai/designs/benchmark/sad8x8.v:43$78'.
No latch inferred for signal `\sad8x8.\ad[1]' from process `\sad8x8.$proc$/mnt/d/tushar/Downloads/RTL.ai/designs/benchmark/sad8x8.v:43$73'.
No latch inferred for signal `\sad8x8.\ad[0]' from process `\sad8x8.$proc$/mnt/d/tushar/Downloads/RTL.ai/designs/benchmark/sad8x8.v:43$68'.
No latch inferred for signal `\sad8x8.\acc' from process `\sad8x8.$proc$/mnt/d/tushar/Downloads/RTL.ai/designs/benchmark/sad8x8.v:50$2'.
No latch inferred for signal `\sad8x8.\k' from process `\sad8x8.$proc$/mnt/d/tushar/Downloads/RTL.ai/designs/benchmark/sad8x8.v:50$2'.

3.9. Executing PROC_DFF pass (convert process syncs to FFs).
Creating register for signal `\sad8x8.\valid_out' using process `\sad8x8.$proc$/mnt/d/tushar/Downloads/RTL.ai/designs/benchmark/sad8x8.v:56$67'.
  created $dff cell `$procdff$394' with positive edge clock.
Creating register for signal `\sad8x8.\sad' using process `\sad8x8.$proc$/mnt/d/tushar/Downloads/RTL.ai/designs/benchmark/sad8x8.v:56$67'.
  created $dff cell `$procdff$395' with positive edge clock.

3.10. Executing PROC_MEMWR pass (convert process memory writes to cells).

3.11. Executing PROC_CLEAN pass (remove empty switches from decision trees).
Removing empty process `sad8x8.$proc$/mnt/d/tushar/Downloads/RTL.ai/designs/benchmark/sad8x8.v:43$383'.
Removing empty process `sad8x8.$proc$/mnt/d/tushar/Downloads/RTL.ai/designs/benchmark/sad8x8.v:43$378'.
Removing empty process `sad8x8.$proc$/mnt/d/tushar/Downloads/RTL.ai/designs/benchmark/sad8x8.v:43$373'.
Removing empty process `sad8x8.$proc$/mnt/d/tushar/Downloads/RTL.ai/designs/benchmark/sad8x8.v:43$368'.
Removing empty process `sad8x8.$proc$/mnt/d/tushar/Downloads/RTL.ai/designs/benchmark/sad8x8.v:43$363'.
Removing empty process `sad8x8.$proc$/mnt/d/tushar/Downloads/RTL.ai/designs/benchmark/sad8x8.v:43$358'.
Removing empty process `sad8x8.$proc$/mnt/d/tushar/Downloads/RTL.ai/designs/benchmark/sad8x8.v:43$353'.
Removing empty process `sad8x8.$proc$/mnt/d/tushar/Downloads/RTL.ai/designs/benchmark/sad8x8.v:43$348'.
Removing empty process `sad8x8.$proc$/mnt/d/tushar/Downloads/RTL.ai/designs/benchmark/sad8x8.v:43$343'.
Removing empty process `sad8x8.$proc$/mnt/d/tushar/Downloads/RTL.ai/designs/benchmark/sad8x8.v:43$338'.
Removing empty process `sad8x8.$proc$/mnt/d/tushar/Downloads/RTL.ai/designs/benchmark/sad8x8.v:43$333'.
Removing empty process `sad8x8.$proc$/mnt/d/tushar/Downloads/RTL.ai/designs/benchmark/sad8x8.v:43$328'.
Removing empty process `sad8x8.$proc$/mnt/d/tushar/Downloads/RTL.ai/designs/benchmark/sad8x8.v:43$323'.
Removing empty process `sad8x8.$proc$/mnt/d/tushar/Downloads/RTL.ai/designs/benchmark/sad8x8.v:43$318'.
Removing empty process `sad8x8.$proc$/mnt/d/tushar/Downloads/RTL.ai/designs/benchmark/sad8x8.v:43$313'.
Removing empty process `sad8x8.$proc$/mnt/d/tushar/Downloads/RTL.ai/designs/benchmark/sad8x8.v:43$308'.
Removing empty process `sad8x8.$proc$/mnt/d/tushar/Downloads/RTL.ai/designs/benchmark/sad8x8.v:43$303'.
Removing empty process `sad8x8.$proc$/mnt/d/tushar/Downloads/RTL.ai/designs/benchmark/sad8x8.v:43$298'.
Removing empty process `sad8x8.$proc$/mnt/d/tushar/Downloads/RTL.ai/designs/benchmark/sad8x8.v:43$293'.
Removing empty process `sad8x8.$proc$/mnt/d/tushar/Downloads/RTL.ai/designs/benchmark/sad8x8.v:43$288'.
Removing empty process `sad8x8.$proc$/mnt/d/tushar/Downloads/RTL.ai/designs/benchmark/sad8x8.v:43$283'.
Removing empty process `sad8x8.$proc$/mnt/d/tushar/Downloads/RTL.ai/designs/benchmark/sad8x8.v:43$278'.
Removing empty process `sad8x8.$proc$/mnt/d/tushar/Downloads/RTL.ai/designs/benchmark/sad8x8.v:43$273'.
Removing empty process `sad8x8.$proc$/mnt/d/tushar/Downloads/RTL.ai/designs/benchmark/sad8x8.v:43$268'.
Removing empty process `sad8x8.$proc$/mnt/d/tushar/Downloads/RTL.ai/designs/benchmark/sad8x8.v:43$263'.
Removing empty process `sad8x8.$proc$/mnt/d/tushar/Downloads/RTL.ai/designs/benchmark/sad8x8.v:43$258'.
Removing empty process `sad8x8.$proc$/mnt/d/tushar/Downloads/RTL.ai/designs/benchmark/sad8x8.v:43$253'.
Removing empty process `sad8x8.$proc$/mnt/d/tushar/Downloads/RTL.ai/designs/benchmark/sad8x8.v:43$248'.
Removing empty process `sad8x8.$proc$/mnt/d/tushar/Downloads/RTL.ai/designs/benchmark/sad8x8.v:43$243'.
Removing empty process `sad8x8.$proc$/mnt/d/tushar/Downloads/RTL.ai/designs/benchmark/sad8x8.v:43$238'.
Removing empty process `sad8x8.$proc$/mnt/d/tushar/Downloads/RTL.ai/designs/benchmark/sad8x8.v:43$233'.
Removing empty process `sad8x8.$proc$/mnt/d/tushar/Downloads/RTL.ai/designs/benchmark/sad8x8.v:43$228'.
Removing empty process `sad8x8.$proc$/mnt/d/tushar/Downloads/RTL.ai/designs/benchmark/sad8x8.v:43$223'.
Removing empty process `sad8x8.$proc$/mnt/d/tushar/Downloads/RTL.ai/designs/benchmark/sad8x8.v:43$218'.
Removing empty process `sad8x8.$proc$/mnt/d/tushar/Downloads/RTL.ai/designs/benchmark/sad8x8.v:43$213'.
Removing empty process `sad8x8.$proc$/mnt/d/tushar/Downloads/RTL.ai/designs/benchmark/sad8x8.v:43$208'.
Removing empty process `sad8x8.$proc$/mnt/d/tushar/Downloads/RTL.ai/designs/benchmark/sad8x8.v:43$203'.
Removing empty process `sad8x8.$proc$/mnt/d/tushar/Downloads/RTL.ai/designs/benchmark/sad8x8.v:43$198'.
Removing empty process `sad8x8.$proc$/mnt/d/tushar/Downloads/RTL.ai/designs/benchmark/sad8x8.v:43$193'.
Removing empty process `sad8x8.$proc$/mnt/d/tushar/Downloads/RTL.ai/designs/benchmark/sad8x8.v:43$188'.
Removing empty process `sad8x8.$proc$/mnt/d/tushar/Downloads/RTL.ai/designs/benchmark/sad8x8.v:43$183'.
Removing empty process `sad8x8.$proc$/mnt/d/tushar/Downloads/RTL.ai/designs/benchmark/sad8x8.v:43$178'.
Removing empty process `sad8x8.$proc$/mnt/d/tushar/Downloads/RTL.ai/designs/benchmark/sad8x8.v:43$173'.
Removing empty process `sad8x8.$proc$/mnt/d/tushar/Downloads/RTL.ai/designs/benchmark/sad8x8.v:43$168'.
Removing empty process `sad8x8.$proc$/mnt/d/tushar/Downloads/RTL.ai/designs/benchmark/sad8x8.v:43$163'.
Removing empty process `sad8x8.$proc$/mnt/d/tushar/Downloads/RTL.ai/designs/benchmark/sad8x8.v:43$158'.
Removing empty process `sad8x8.$proc$/mnt/d/tushar/Downloads/RTL.ai/designs/benchmark/sad8x8.v:43$153'.
Removing empty process `sad8x8.$proc$/mnt/d/tushar/Downloads/RTL.ai/designs/benchmark/sad8x8.v:43$148'.
Removing empty process `sad8x8.$proc$/mnt/d/tushar/Downloads/RTL.ai/designs/benchmark/sad8x8.v:43$143'.
Removing empty process `sad8x8.$proc$/mnt/d/tushar/Downloads/RTL.ai/designs/benchmark/sad8x8.v:43$138'.
Removing empty process `sad8x8.$proc$/mnt/d/tushar/Downloads/RTL.ai/designs/benchmark/sad8x8.v:43$133'.
Removing empty process `sad8x8.$proc$/mnt/d/tushar/Downloads/RTL.ai/designs/benchmark/sad8x8.v:43$128'.
Removing empty process `sad8x8.$proc$/mnt/d/tushar/Downloads/RTL.ai/designs/benchmark/sad8x8.v:43$123'.
Removing empty process `sad8x8.$proc$/mnt/d/tushar/Downloads/RTL.ai/designs/benchmark/sad8x8.v:43$118'.
Removing empty process `sad8x8.$proc$/mnt/d/tushar/Downloads/RTL.ai/designs/benchmark/sad8x8.v:43$113'.
Removing empty process `sad8x8.$proc$/mnt/d/tushar/Downloads/RTL.ai/designs/benchmark/sad8x8.v:43$108'.
Removing empty process `sad8x8.$proc$/mnt/d/tushar/Downloads/RTL.ai/designs/benchmark/sad8x8.v:43$103'.
Removing empty process `sad8x8.$proc$/mnt/d/tushar/Downloads/RTL.ai/designs/benchmark/sad8x8.v:43$98'.
Removing empty process `sad8x8.$proc$/mnt/d/tushar/Downloads/RTL.ai/designs/benchmark/sad8x8.v:43$93'.
Removing empty process `sad8x8.$proc$/mnt/d/tushar/Downloads/RTL.ai/designs/benchmark/sad8x8.v:43$88'.
Removing empty process `sad8x8.$proc$/mnt/d/tushar/Downloads/RTL.ai/designs/benchmark/sad8x8.v:43$83'.
Removing empty process `sad8x8.$proc$/mnt/d/tushar/Downloads/RTL.ai/designs/benchmark/sad8x8.v:43$78'.
Removing empty process `sad8x8.$proc$/mnt/d/tushar/Downloads/RTL.ai/designs/benchmark/sad8x8.v:43$73'.
Removing empty process `sad8x8.$proc$/mnt/d/tushar/Downloads/RTL.ai/designs/benchmark/sad8x8.v:43$68'.
Found and cleaned up 1 empty switch in `\sad8x8.$proc$/mnt/d/tushar/Downloads/RTL.ai/designs/benchmark/sad8x8.v:56$67'.
Removing empty process `sad8x8.$proc$/mnt/d/tushar/Downloads/RTL.ai/designs/benchmark/sad8x8.v:56$67'.
Removing empty process `sad8x8.$proc$/mnt/d/tushar/Downloads/RTL.ai/designs/benchmark/sad8x8.v:50$2'.
Cleaned up 1 empty switch.

3.12. Executing OPT_EXPR pass (perform const folding).
Optimizing module sad8x8.

4. Executing FLATTEN pass (flatten design).

5. Executing OPT_CLEAN pass (remove unused cells and wires).
Finding unused cells or wires in module \sad8x8..
Removed 0 unused cells and 135 unused wires.
<suppressed ~1 debug messages>
Renaming module \sad8x8 to \gold.

6. Executing Verilog-2005 frontend: /mnt/d/tushar/Downloads/RTL.ai/runs/sad8x8_optimize_20260911T213234Z/attempt_1/sad8x8_candidate.v
Parsing SystemVerilog input from `/mnt/d/tushar/Downloads/RTL.ai/runs/sad8x8_optimize_20260911T213234Z/attempt_1/sad8x8_candidate.v' to AST representation.
Generating RTLIL representation for module `\sad8x8'.
Successfully finished Verilog frontend.

7. Executing HIERARCHY pass (managing design hierarchy).

7.1. Analyzing design hierarchy..
Top module:  \sad8x8

7.2. Analyzing design hierarchy..
Top module:  \sad8x8
Removed 0 unused modules.

8. Executing PROC pass (convert processes to netlists).

8.1. Executing PROC_CLEAN pass (remove empty switches from decision trees).
Cleaned up 0 empty switches.

8.2. Executing PROC_RMDEAD pass (remove dead branches from decision trees).
Marked 1 switch rules as full_case in process $proc$/mnt/d/tushar/Downloads/RTL.ai/runs/sad8x8_optimize_20260911T213234Z/attempt_1/sad8x8_candidate.v:92$397 in module sad8x8.
Removed a total of 0 dead cases.

8.3. Executing PROC_PRUNE pass (remove redundant assignments in processes).
Removed 2 redundant assignments.
Promoted 126 assignments to connections.

8.4. Executing PROC_INIT pass (extract init attributes).

8.5. Executing PROC_ARST pass (detect async resets in processes).

8.6. Executing PROC_ROM pass (convert switches to ROMs).
Converted 0 switches.
<suppressed ~1 debug messages>

8.7. Executing PROC_MUX pass (convert decision trees to multiplexers).
Creating decoders for process `\sad8x8.$proc$/mnt/d/tushar/Downloads/RTL.ai/runs/sad8x8_optimize_20260911T213234Z/attempt_1/sad8x8_candidate.v:84$840'.
Creating decoders for process `\sad8x8.$proc$/mnt/d/tushar/Downloads/RTL.ai/runs/sad8x8_optimize_20260911T213234Z/attempt_1/sad8x8_candidate.v:84$838'.
Creating decoders for process `\sad8x8.$proc$/mnt/d/tushar/Downloads/RTL.ai/runs/sad8x8_optimize_20260911T213234Z/attempt_1/sad8x8_candidate.v:76$836'.
Creating decoders for process `\sad8x8.$proc$/mnt/d/tushar/Downloads/RTL.ai/runs/sad8x8_optimize_20260911T213234Z/attempt_1/sad8x8_candidate.v:76$834'.
Creating decoders for process `\sad8x8.$proc$/mnt/d/tushar/Downloads/RTL.ai/runs/sad8x8_optimize_20260911T213234Z/attempt_1/sad8x8_candidate.v:76$832'.
Creating decoders for process `\sad8x8.$proc$/mnt/d/tushar/Downloads/RTL.ai/runs/sad8x8_optimize_20260911T213234Z/attempt_1/sad8x8_candidate.v:76$830'.
Creating decoders for process `\sad8x8.$proc$/mnt/d/tushar/Downloads/RTL.ai/runs/sad8x8_optimize_20260911T213234Z/attempt_1/sad8x8_candidate.v:68$828'.
Creating decoders for process `\sad8x8.$proc$/mnt/d/tushar/Downloads/RTL.ai/runs/sad8x8_optimize_20260911T213234Z/attempt_1/sad8x8_candidate.v:68$826'.
Creating decoders for process `\sad8x8.$proc$/mnt/d/tushar/Downloads/RTL.ai/runs/sad8x8_optimize_20260911T213234Z/attempt_1/sad8x8_candidate.v:68$824'.
Creating decoders for process `\sad8x8.$proc$/mnt/d/tushar/Downloads/RTL.ai/runs/sad8x8_optimize_20260911T213234Z/attempt_1/sad8x8_candidate.v:68$822'.
Creating decoders for process `\sad8x8.$proc$/mnt/d/tushar/Downloads/RTL.ai/runs/sad8x8_optimize_20260911T213234Z/attempt_1/sad8x8_candidate.v:68$820'.
Creating decoders for process `\sad8x8.$proc$/mnt/d/tushar/Downloads/RTL.ai/runs/sad8x8_optimize_20260911T213234Z/attempt_1/sad8x8_candidate.v:68$818'.
Creating decoders for process `\sad8x8.$proc$/mnt/d/tushar/Downloads/RTL.ai/runs/sad8x8_optimize_20260911T213234Z/attempt_1/sad8x8_candidate.v:68$816'.
Creating decoders for process `\sad8x8.$proc$/mnt/d/tushar/Downloads/RTL.ai/runs/sad8x8_optimize_20260911T213234Z/attempt_1/sad8x8_candidate.v:68$814'.
Creating decoders for process `\sad8x8.$proc$/mnt/d/tushar/Downloads/RTL.ai/runs/sad8x8_optimize_20260911T213234Z/attempt_1/sad8x8_candidate.v:60$812'.
Creating decoders for process `\sad8x8.$proc$/mnt/d/tushar/Downloads/RTL.ai/runs/sad8x8_optimize_20260911T213234Z/attempt_1/sad8x8_candidate.v:60$810'.
Creating decoders for process `\sad8x8.$proc$/mnt/d/tushar/Downloads/RTL.ai/runs/sad8x8_optimize_20260911T213234Z/attempt_1/sad8x8_candidate.v:60$808'.
Creating decoders for process `\sad8x8.$proc$/mnt/d/tushar/Downloads/RTL.ai/runs/sad8x8_optimize_20260911T213234Z/attempt_1/sad8x8_candidate.v:60$806'.
Creating decoders for process `\sad8x8.$proc$/mnt/d/tushar/Downloads/RTL.ai/runs/sad8x8_optimize_20260911T213234Z/attempt_1/sad8x8_candidate.v:60$804'.
Creating decoders for process `\sad8x8.$proc$/mnt/d/tushar/Downloads/RTL.ai/runs/sad8x8_optimize_20260911T213234Z/attempt_1/sad8x8_candidate.v:60$802'.
Creating decoders for process `\sad8x8.$proc$/mnt/d/tushar/Downloads/RTL.ai/runs/sad8x8_optimize_20260911T213234Z/attempt_1/sad8x8_candidate.v:60$800'.
Creating decoders for process `\sad8x8.$proc$/mnt/d/tushar/Downloads/RTL.ai/runs/sad8x8_optimize_20260911T213234Z/attempt_1/sad8x8_candidate.v:60$798'.
Creating decoders for process `\sad8x8.$proc$/mnt/d/tushar/Downloads/RTL.ai/runs/sad8x8_optimize_20260911T213234Z/attempt_1/sad8x8_candidate.v:60$796'.
Creating decoders for process `\sad8x8.$proc$/mnt/d/tushar/Downloads/RTL.ai/runs/sad8x8_optimize_20260911T213234Z/attempt_1/sad8x8_candidate.v:60$794'.
Creating decoders for process `\sad8x8.$proc$/mnt/d/tushar/Downloads/RTL.ai/runs/sad8x8_optimize_20260911T213234Z/attempt_1/sad8x8_candidate.v:60$792'.
Creating decoders for process `\sad8x8.$proc$/mnt/d/tushar/Downloads/RTL.ai/runs/sad8x8_optimize_20260911T213234Z/attempt_1/sad8x8_candidate.v:60$790'.
Creating decoders for process `\sad8x8.$proc$/mnt/d/tushar/Downloads/RTL.ai/runs/sad8x8_optimize_20260911T213234Z/attempt_1/sad8x8_candidate.v:60$788'.
Creating decoders for process `\sad8x8.$proc$/mnt/d/tushar/Downloads/RTL.ai/runs/sad8x8_optimize_20260911T213234Z/attempt_1/sad8x8_candidate.v:60$786'.
Creating decoders for process `\sad8x8.$proc$/mnt/d/tushar/Downloads/RTL.ai/runs/sad8x8_optimize_20260911T213234Z/attempt_1/sad8x8_candidate.v:60$784'.
Creating decoders for process `\sad8x8.$proc$/mnt/d/tushar/Downloads/RTL.ai/runs/sad8x8_optimize_20260911T213234Z/attempt_1/sad8x8_candidate.v:60$782'.
Creating decoders for process `\sad8x8.$proc$/mnt/d/tushar/Downloads/RTL.ai/runs/sad8x8_optimize_20260911T213234Z/attempt_1/sad8x8_candidate.v:52$780'.
Creating decoders for process `\sad8x8.$proc$/mnt/d/tushar/Downloads/RTL.ai/runs/sad8x8_optimize_20260911T213234Z/attempt_1/sad8x8_candidate.v:52$778'.
Creating decoders for process `\sad8x8.$proc$/mnt/d/tushar/Downloads/RTL.ai/runs/sad8x8_optimize_20260911T213234Z/attempt_1/sad8x8_candidate.v:52$776'.
Creating decoders for process `\sad8x8.$proc$/mnt/d/tushar/Downloads/RTL.ai/runs/sad8x8_optimize_20260911T213234Z/attempt_1/sad8x8_candidate.v:52$774'.
Creating decoders for process `\sad8x8.$proc$/mnt/d/tushar/Downloads/RTL.ai/runs/sad8x8_optimize_20260911T213234Z/attempt_1/sad8x8_candidate.v:52$772'.
Creating decoders for process `\sad8x8.$proc$/mnt/d/tushar/Downloads/RTL.ai/runs/sad8x8_optimize_20260911T213234Z/attempt_1/sad8x8_candidate.v:52$770'.
Creating decoders for process `\sad8x8.$proc$/mnt/d/tushar/Downloads/RTL.ai/runs/sad8x8_optimize_20260911T213234Z/attempt_1/sad8x8_candidate.v:52$768'.
Creating decoders for process `\sad8x8.$proc$/mnt/d/tushar/Downloads/RTL.ai/runs/sad8x8_optimize_20260911T213234Z/attempt_1/sad8x8_candidate.v:52$766'.
Creating decoders for process `\sad8x8.$proc$/mnt/d/tushar/Downloads/RTL.ai/runs/sad8x8_optimize_20260911T213234Z/attempt_1/sad8x8_candidate.v:52$764'.
Creating decoders for process `\sad8x8.$proc$/mnt/d/tushar/Downloads/RTL.ai/runs/sad8x8_optimize_20260911T213234Z/attempt_1/sad8x8_candidate.v:52$762'.
Creating decoders for process `\sad8x8.$proc$/mnt/d/tushar/Downloads/RTL.ai/runs/sad8x8_optimize_20260911T213234Z/attempt_1/sad8x8_candidate.v:52$760'.
Creating decoders for process `\sad8x8.$proc$/mnt/d/tushar/Downloads/RTL.ai/runs/sad8x8_optimize_20260911T213234Z/attempt_1/sad8x8_candidate.v:52$758'.
Creating decoders for process `\sad8x8.$proc$/mnt/d/tushar/Downloads/RTL.ai/runs/sad8x8_optimize_20260911T213234Z/attempt_1/sad8x8_candidate.v:52$756'.
Creating decoders for process `\sad8x8.$proc$/mnt/d/tushar/Downloads/RTL.ai/runs/sad8x8_optimize_20260911T213234Z/attempt_1/sad8x8_candidate.v:52$754'.
Creating decoders for process `\sad8x8.$proc$/mnt/d/tushar/Downloads/RTL.ai/runs/sad8x8_optimize_20260911T213234Z/attempt_1/sad8x8_candidate.v:52$752'.
Creating decoders for process `\sad8x8.$proc$/mnt/d/tushar/Downloads/RTL.ai/runs/sad8x8_optimize_20260911T213234Z/attempt_1/sad8x8_candidate.v:52$750'.
Creating decoders for process `\sad8x8.$proc$/mnt/d/tushar/Downloads/RTL.ai/runs/sad8x8_optimize_20260911T213234Z/attempt_1/sad8x8_candidate.v:52$748'.
Creating decoders for process `\sad8x8.$proc$/mnt/d/tushar/Downloads/RTL.ai/runs/sad8x8_optimize_20260911T213234Z/attempt_1/sad8x8_candidate.v:52$746'.
Creating decoders for process `\sad8x8.$proc$/mnt/d/tushar/Downloads/RTL.ai/runs/sad8x8_optimize_20260911T213234Z/attempt_1/sad8x8_candidate.v:52$744'.
Creating decoders for process `\sad8x8.$proc$/mnt/d/tushar/Downloads/RTL.ai/runs/sad8x8_optimize_20260911T213234Z/attempt_1/sad8x8_candidate.v:52$742'.
Creating decoders for process `\sad8x8.$proc$/mnt/d/tushar/Downloads/RTL.ai/runs/sad8x8_optimize_20260911T213234Z/attempt_1/sad8x8_candidate.v:52$740'.
Creating decoders for process `\sad8x8.$proc$/mnt/d/tushar/Downloads/RTL.ai/runs/sad8x8_optimize_20260911T213234Z/attempt_1/sad8x8_candidate.v:52$738'.
Creating decoders for process `\sad8x8.$proc$/mnt/d/tushar/Downloads/RTL.ai/runs/sad8x8_optimize_20260911T213234Z/attempt_1/sad8x8_candidate.v:52$736'.
Creating decoders for process `\sad8x8.$proc$/mnt/d/tushar/Downloads/RTL.ai/runs/sad8x8_optimize_20260911T213234Z/attempt_1/sad8x8_candidate.v:52$734'.
Creating decoders for process `\sad8x8.$proc$/mnt/d/tushar/Downloads/RTL.ai/runs/sad8x8_optimize_20260911T213234Z/attempt_1/sad8x8_candidate.v:52$732'.
Creating decoders for process `\sad8x8.$proc$/mnt/d/tushar/Downloads/RTL.ai/runs/sad8x8_optimize_20260911T213234Z/attempt_1/sad8x8_candidate.v:52$730'.
Creating decoders for process `\sad8x8.$proc$/mnt/d/tushar/Downloads/RTL.ai/runs/sad8x8_optimize_20260911T213234Z/attempt_1/sad8x8_candidate.v:52$728'.
Creating decoders for process `\sad8x8.$proc$/mnt/d/tushar/Downloads/RTL.ai/runs/sad8x8_optimize_20260911T213234Z/attempt_1/sad8x8_candidate.v:52$726'.
Creating decoders for process `\sad8x8.$proc$/mnt/d/tushar/Downloads/RTL.ai/runs/sad8x8_optimize_20260911T213234Z/attempt_1/sad8x8_candidate.v:52$724'.
Creating decoders for process `\sad8x8.$proc$/mnt/d/tushar/Downloads/RTL.ai/runs/sad8x8_optimize_20260911T213234Z/attempt_1/sad8x8_candidate.v:52$722'.
Creating decoders for process `\sad8x8.$proc$/mnt/d/tushar/Downloads/RTL.ai/runs/sad8x8_optimize_20260911T213234Z/attempt_1/sad8x8_candidate.v:52$720'.
Creating decoders for process `\sad8x8.$proc$/mnt/d/tushar/Downloads/RTL.ai/runs/sad8x8_optimize_20260911T213234Z/attempt_1/sad8x8_candidate.v:52$718'.
Creating decoders for process `\sad8x8.$proc$/mnt/d/tushar/Downloads/RTL.ai/runs/sad8x8_optimize_20260911T213234Z/attempt_1/sad8x8_candidate.v:43$713'.
Creating decoders for process `\sad8x8.$proc$/mnt/d/tushar/Downloads/RTL.ai/runs/sad8x8_optimize_20260911T213234Z/attempt_1/sad8x8_candidate.v:43$708'.
Creating decoders for process `\sad8x8.$proc$/mnt/d/tushar/Downloads/RTL.ai/runs/sad8x8_optimize_20260911T213234Z/attempt_1/sad8x8_candidate.v:43$703'.
Creating decoders for process `\sad8x8.$proc$/mnt/d/tushar/Downloads/RTL.ai/runs/sad8x8_optimize_20260911T213234Z/attempt_1/sad8x8_candidate.v:43$698'.
Creating decoders for process `\sad8x8.$proc$/mnt/d/tushar/Downloads/RTL.ai/runs/sad8x8_optimize_20260911T213234Z/attempt_1/sad8x8_candidate.v:43$693'.
Creating decoders for process `\sad8x8.$proc$/mnt/d/tushar/Downloads/RTL.ai/runs/sad8x8_optimize_20260911T213234Z/attempt_1/sad8x8_candidate.v:43$688'.
Creating decoders for process `\sad8x8.$proc$/mnt/d/tushar/Downloads/RTL.ai/runs/sad8x8_optimize_20260911T213234Z/attempt_1/sad8x8_candidate.v:43$683'.
Creating decoders for process `\sad8x8.$proc$/mnt/d/tushar/Downloads/RTL.ai/runs/sad8x8_optimize_20260911T213234Z/attempt_1/sad8x8_candidate.v:43$678'.
Creating decoders for process `\sad8x8.$proc$/mnt/d/tushar/Downloads/RTL.ai/runs/sad8x8_optimize_20260911T213234Z/attempt_1/sad8x8_candidate.v:43$673'.
Creating decoders for process `\sad8x8.$proc$/mnt/d/tushar/Downloads/RTL.ai/runs/sad8x8_optimize_20260911T213234Z/attempt_1/sad8x8_candidate.v:43$668'.
Creating decoders for process `\sad8x8.$proc$/mnt/d/tushar/Downloads/RTL.ai/runs/sad8x8_optimize_20260911T213234Z/attempt_1/sad8x8_candidate.v:43$663'.
Creating decoders for process `\sad8x8.$proc$/mnt/d/tushar/Downloads/RTL.ai/runs/sad8x8_optimize_20260911T213234Z/attempt_1/sad8x8_candidate.v:43$658'.
Creating decoders for process `\sad8x8.$proc$/mnt/d/tushar/Downloads/RTL.ai/runs/sad8x8_optimize_20260911T213234Z/attempt_1/sad8x8_candidate.v:43$653'.
Creating decoders for process `\sad8x8.$proc$/mnt/d/tushar/Downloads/RTL.ai/runs/sad8x8_optimize_20260911T213234Z/attempt_1/sad8x8_candidate.v:43$648'.
Creating decoders for process `\sad8x8.$proc$/mnt/d/tushar/Downloads/RTL.ai/runs/sad8x8_optimize_20260911T213234Z/attempt_1/sad8x8_candidate.v:43$643'.
Creating decoders for process `\sad8x8.$proc$/mnt/d/tushar/Downloads/RTL.ai/runs/sad8x8_optimize_20260911T213234Z/attempt_1/sad8x8_candidate.v:43$638'.
Creating decoders for process `\sad8x8.$proc$/mnt/d/tushar/Downloads/RTL.ai/runs/sad8x8_optimize_20260911T213234Z/attempt_1/sad8x8_candidate.v:43$633'.
Creating decoders for process `\sad8x8.$proc$/mnt/d/tushar/Downloads/RTL.ai/runs/sad8x8_optimize_20260911T213234Z/attempt_1/sad8x8_candidate.v:43$628'.
Creating decoders for process `\sad8x8.$proc$/mnt/d/tushar/Downloads/RTL.ai/runs/sad8x8_optimize_20260911T213234Z/attempt_1/sad8x8_candidate.v:43$623'.
Creating decoders for process `\sad8x8.$proc$/mnt/d/tushar/Downloads/RTL.ai/runs/sad8x8_optimize_20260911T213234Z/attempt_1/sad8x8_candidate.v:43$618'.
Creating decoders for process `\sad8x8.$proc$/mnt/d/tushar/Downloads/RTL.ai/runs/sad8x8_optimize_20260911T213234Z/attempt_1/sad8x8_candidate.v:43$613'.
Creating decoders for process `\sad8x8.$proc$/mnt/d/tushar/Downloads/RTL.ai/runs/sad8x8_optimize_20260911T213234Z/attempt_1/sad8x8_candidate.v:43$608'.
Creating decoders for process `\sad8x8.$proc$/mnt/d/tushar/Downloads/RTL.ai/runs/sad8x8_optimize_20260911T213234Z/attempt_1/sad8x8_candidate.v:43$603'.
Creating decoders for process `\sad8x8.$proc$/mnt/d/tushar/Downloads/RTL.ai/runs/sad8x8_optimize_20260911T213234Z/attempt_1/sad8x8_candidate.v:43$598'.
Creating decoders for process `\sad8x8.$proc$/mnt/d/tushar/Downloads/RTL.ai/runs/sad8x8_optimize_20260911T213234Z/attempt_1/sad8x8_candidate.v:43$593'.
Creating decoders for process `\sad8x8.$proc$/mnt/d/tushar/Downloads/RTL.ai/runs/sad8x8_optimize_20260911T213234Z/attempt_1/sad8x8_candidate.v:43$588'.
Creating decoders for process `\sad8x8.$proc$/mnt/d/tushar/Downloads/RTL.ai/runs/sad8x8_optimize_20260911T213234Z/attempt_1/sad8x8_candidate.v:43$583'.
Creating decoders for process `\sad8x8.$proc$/mnt/d/tushar/Downloads/RTL.ai/runs/sad8x8_optimize_20260911T213234Z/attempt_1/sad8x8_candidate.v:43$578'.
Creating decoders for process `\sad8x8.$proc$/mnt/d/tushar/Downloads/RTL.ai/runs/sad8x8_optimize_20260911T213234Z/attempt_1/sad8x8_candidate.v:43$573'.
Creating decoders for process `\sad8x8.$proc$/mnt/d/tushar/Downloads/RTL.ai/runs/sad8x8_optimize_20260911T213234Z/attempt_1/sad8x8_candidate.v:43$568'.
Creating decoders for process `\sad8x8.$proc$/mnt/d/tushar/Downloads/RTL.ai/runs/sad8x8_optimize_20260911T213234Z/attempt_1/sad8x8_candidate.v:43$563'.
Creating decoders for process `\sad8x8.$proc$/mnt/d/tushar/Downloads/RTL.ai/runs/sad8x8_optimize_20260911T213234Z/attempt_1/sad8x8_candidate.v:43$558'.
Creating decoders for process `\sad8x8.$proc$/mnt/d/tushar/Downloads/RTL.ai/runs/sad8x8_optimize_20260911T213234Z/attempt_1/sad8x8_candidate.v:43$553'.
Creating decoders for process `\sad8x8.$proc$/mnt/d/tushar/Downloads/RTL.ai/runs/sad8x8_optimize_20260911T213234Z/attempt_1/sad8x8_candidate.v:43$548'.
Creating decoders for process `\sad8x8.$proc$/mnt/d/tushar/Downloads/RTL.ai/runs/sad8x8_optimize_20260911T213234Z/attempt_1/sad8x8_candidate.v:43$543'.
Creating decoders for process `\sad8x8.$proc$/mnt/d/tushar/Downloads/RTL.ai/runs/sad8x8_optimize_20260911T213234Z/attempt_1/sad8x8_candidate.v:43$538'.
Creating decoders for process `\sad8x8.$proc$/mnt/d/tushar/Downloads/RTL.ai/runs/sad8x8_optimize_20260911T213234Z/attempt_1/sad8x8_candidate.v:43$533'.
Creating decoders for process `\sad8x8.$proc$/mnt/d/tushar/Downloads/RTL.ai/runs/sad8x8_optimize_20260911T213234Z/attempt_1/sad8x8_candidate.v:43$528'.
Creating decoders for process `\sad8x8.$proc$/mnt/d/tushar/Downloads/RTL.ai/runs/sad8x8_optimize_20260911T213234Z/attempt_1/sad8x8_candidate.v:43$523'.
Creating decoders for process `\sad8x8.$proc$/mnt/d/tushar/Downloads/RTL.ai/runs/sad8x8_optimize_20260911T213234Z/attempt_1/sad8x8_candidate.v:43$518'.
Creating decoders for process `\sad8x8.$proc$/mnt/d/tushar/Downloads/RTL.ai/runs/sad8x8_optimize_20260911T213234Z/attempt_1/sad8x8_candidate.v:43$513'.
Creating decoders for process `\sad8x8.$proc$/mnt/d/tushar/Downloads/RTL.ai/runs/sad8x8_optimize_20260911T213234Z/attempt_1/sad8x8_candidate.v:43$508'.
Creating decoders for process `\sad8x8.$proc$/mnt/d/tushar/Downloads/RTL.ai/runs/sad8x8_optimize_20260911T213234Z/attempt_1/sad8x8_candidate.v:43$503'.
Creating decoders for process `\sad8x8.$proc$/mnt/d/tushar/Downloads/RTL.ai/runs/sad8x8_optimize_20260911T213234Z/attempt_1/sad8x8_candidate.v:43$498'.
Creating decoders for process `\sad8x8.$proc$/mnt/d/tushar/Downloads/RTL.ai/runs/sad8x8_optimize_20260911T213234Z/attempt_1/sad8x8_candidate.v:43$493'.
Creating decoders for process `\sad8x8.$proc$/mnt/d/tushar/Downloads/RTL.ai/runs/sad8x8_optimize_20260911T213234Z/attempt_1/sad8x8_candidate.v:43$488'.
Creating decoders for process `\sad8x8.$proc$/mnt/d/tushar/Downloads/RTL.ai/runs/sad8x8_optimize_20260911T213234Z/attempt_1/sad8x8_candidate.v:43$483'.
Creating decoders for process `\sad8x8.$proc$/mnt/d/tushar/Downloads/RTL.ai/runs/sad8x8_optimize_20260911T213234Z/attempt_1/sad8x8_candidate.v:43$478'.
Creating decoders for process `\sad8x8.$proc$/mnt/d/tushar/Downloads/RTL.ai/runs/sad8x8_optimize_20260911T213234Z/attempt_1/sad8x8_candidate.v:43$473'.
Creating decoders for process `\sad8x8.$proc$/mnt/d/tushar/Downloads/RTL.ai/runs/sad8x8_optimize_20260911T213234Z/attempt_1/sad8x8_candidate.v:43$468'.
Creating decoders for process `\sad8x8.$proc$/mnt/d/tushar/Downloads/RTL.ai/runs/sad8x8_optimize_20260911T213234Z/attempt_1/sad8x8_candidate.v:43$463'.
Creating decoders for process `\sad8x8.$proc$/mnt/d/tushar/Downloads/RTL.ai/runs/sad8x8_optimize_20260911T213234Z/attempt_1/sad8x8_candidate.v:43$458'.
Creating decoders for process `\sad8x8.$proc$/mnt/d/tushar/Downloads/RTL.ai/runs/sad8x8_optimize_20260911T213234Z/attempt_1/sad8x8_candidate.v:43$453'.
Creating decoders for process `\sad8x8.$proc$/mnt/d/tushar/Downloads/RTL.ai/runs/sad8x8_optimize_20260911T213234Z/attempt_1/sad8x8_candidate.v:43$448'.
Creating decoders for process `\sad8x8.$proc$/mnt/d/tushar/Downloads/RTL.ai/runs/sad8x8_optimize_20260911T213234Z/attempt_1/sad8x8_candidate.v:43$443'.
Creating decoders for process `\sad8x8.$proc$/mnt/d/tushar/Downloads/RTL.ai/runs/sad8x8_optimize_20260911T213234Z/attempt_1/sad8x8_candidate.v:43$438'.
Creating decoders for process `\sad8x8.$proc$/mnt/d/tushar/Downloads/RTL.ai/runs/sad8x8_optimize_20260911T213234Z/attempt_1/sad8x8_candidate.v:43$433'.
Creating decoders for process `\sad8x8.$proc$/mnt/d/tushar/Downloads/RTL.ai/runs/sad8x8_optimize_20260911T213234Z/attempt_1/sad8x8_candidate.v:43$428'.
Creating decoders for process `\sad8x8.$proc$/mnt/d/tushar/Downloads/RTL.ai/runs/sad8x8_optimize_20260911T213234Z/attempt_1/sad8x8_candidate.v:43$423'.
Creating decoders for process `\sad8x8.$proc$/mnt/d/tushar/Downloads/RTL.ai/runs/sad8x8_optimize_20260911T213234Z/attempt_1/sad8x8_candidate.v:43$418'.
Creating decoders for process `\sad8x8.$proc$/mnt/d/tushar/Downloads/RTL.ai/runs/sad8x8_optimize_20260911T213234Z/attempt_1/sad8x8_candidate.v:43$413'.
Creating decoders for process `\sad8x8.$proc$/mnt/d/tushar/Downloads/RTL.ai/runs/sad8x8_optimize_20260911T213234Z/attempt_1/sad8x8_candidate.v:43$408'.
Creating decoders for process `\sad8x8.$proc$/mnt/d/tushar/Downloads/RTL.ai/runs/sad8x8_optimize_20260911T213234Z/attempt_1/sad8x8_candidate.v:43$403'.
Creating decoders for process `\sad8x8.$proc$/mnt/d/tushar/Downloads/RTL.ai/runs/sad8x8_optimize_20260911T213234Z/attempt_1/sad8x8_candidate.v:43$398'.
Creating decoders for process `\sad8x8.$proc$/mnt/d/tushar/Downloads/RTL.ai/runs/sad8x8_optimize_20260911T213234Z/attempt_1/sad8x8_candidate.v:92$397'.
     1/2: $0\sad[13:0]
     2/2: $0\valid_out[0:0]

8.8. Executing PROC_DLATCH pass (convert process syncs to latches).
No latch inferred for signal `\sad8x8.\s4[1]' from process `\sad8x8.$proc$/mnt/d/tushar/Downloads/RTL.ai/runs/sad8x8_optimize_20260911T213234Z/attempt_1/sad8x8_candidate.v:84$840'.
No latch inferred for signal `\sad8x8.\s4[0]' from process `\sad8x8.$proc$/mnt/d/tushar/Downloads/RTL.ai/runs/sad8x8_optimize_20260911T213234Z/attempt_1/sad8x8_candidate.v:84$838'.
No latch inferred for signal `\sad8x8.\s3[3]' from process `\sad8x8.$proc$/mnt/d/tushar/Downloads/RTL.ai/runs/sad8x8_optimize_20260911T213234Z/attempt_1/sad8x8_candidate.v:76$836'.
No latch inferred for signal `\sad8x8.\s3[2]' from process `\sad8x8.$proc$/mnt/d/tushar/Downloads/RTL.ai/runs/sad8x8_optimize_20260911T213234Z/attempt_1/sad8x8_candidate.v:76$834'.
No latch inferred for signal `\sad8x8.\s3[1]' from process `\sad8x8.$proc$/mnt/d/tushar/Downloads/RTL.ai/runs/sad8x8_optimize_20260911T213234Z/attempt_1/sad8x8_candidate.v:76$832'.
No latch inferred for signal `\sad8x8.\s3[0]' from process `\sad8x8.$proc$/mnt/d/tushar/Downloads/RTL.ai/runs/sad8x8_optimize_20260911T213234Z/attempt_1/sad8x8_candidate.v:76$830'.
No latch inferred for signal `\sad8x8.\s2[7]' from process `\sad8x8.$proc$/mnt/d/tushar/Downloads/RTL.ai/runs/sad8x8_optimize_20260911T213234Z/attempt_1/sad8x8_candidate.v:68$828'.
No latch inferred for signal `\sad8x8.\s2[6]' from process `\sad8x8.$proc$/mnt/d/tushar/Downloads/RTL.ai/runs/sad8x8_optimize_20260911T213234Z/attempt_1/sad8x8_candidate.v:68$826'.
No latch inferred for signal `\sad8x8.\s2[5]' from process `\sad8x8.$proc$/mnt/d/tushar/Downloads/RTL.ai/runs/sad8x8_optimize_20260911T213234Z/attempt_1/sad8x8_candidate.v:68$824'.
No latch inferred for signal `\sad8x8.\s2[4]' from process `\sad8x8.$proc$/mnt/d/tushar/Downloads/RTL.ai/runs/sad8x8_optimize_20260911T213234Z/attempt_1/sad8x8_candidate.v:68$822'.
No latch inferred for signal `\sad8x8.\s2[3]' from process `\sad8x8.$proc$/mnt/d/tushar/Downloads/RTL.ai/runs/sad8x8_optimize_20260911T213234Z/attempt_1/sad8x8_candidate.v:68$820'.
No latch inferred for signal `\sad8x8.\s2[2]' from process `\sad8x8.$proc$/mnt/d/tushar/Downloads/RTL.ai/runs/sad8x8_optimize_20260911T213234Z/attempt_1/sad8x8_candidate.v:68$818'.
No latch inferred for signal `\sad8x8.\s2[1]' from process `\sad8x8.$proc$/mnt/d/tushar/Downloads/RTL.ai/runs/sad8x8_optimize_20260911T213234Z/attempt_1/sad8x8_candidate.v:68$816'.
No latch inferred for signal `\sad8x8.\s2[0]' from process `\sad8x8.$proc$/mnt/d/tushar/Downloads/RTL.ai/runs/sad8x8_optimize_20260911T213234Z/attempt_1/sad8x8_candidate.v:68$814'.
No latch inferred for signal `\sad8x8.\s1[15]' from process `\sad8x8.$proc$/mnt/d/tushar/Downloads/RTL.ai/runs/sad8x8_optimize_20260911T213234Z/attempt_1/sad8x8_candidate.v:60$812'.
No latch inferred for signal `\sad8x8.\s1[14]' from process `\sad8x8.$proc$/mnt/d/tushar/Downloads/RTL.ai/runs/sad8x8_optimize_20260911T213234Z/attempt_1/sad8x8_candidate.v:60$810'.
No latch inferred for signal `\sad8x8.\s1[13]' from process `\sad8x8.$proc$/mnt/d/tushar/Downloads/RTL.ai/runs/sad8x8_optimize_20260911T213234Z/attempt_1/sad8x8_candidate.v:60$808'.
No latch inferred for signal `\sad8x8.\s1[12]' from process `\sad8x8.$proc$/mnt/d/tushar/Downloads/RTL.ai/runs/sad8x8_optimize_20260911T213234Z/attempt_1/sad8x8_candidate.v:60$806'.
No latch inferred for signal `\sad8x8.\s1[11]' from process `\sad8x8.$proc$/mnt/d/tushar/Downloads/RTL.ai/runs/sad8x8_optimize_20260911T213234Z/attempt_1/sad8x8_candidate.v:60$804'.
No latch inferred for signal `\sad8x8.\s1[10]' from process `\sad8x8.$proc$/mnt/d/tushar/Downloads/RTL.ai/runs/sad8x8_optimize_20260911T213234Z/attempt_1/sad8x8_candidate.v:60$802'.
No latch inferred for signal `\sad8x8.\s1[9]' from process `\sad8x8.$proc$/mnt/d/tushar/Downloads/RTL.ai/runs/sad8x8_optimize_20260911T213234Z/attempt_1/sad8x8_candidate.v:60$800'.
No latch inferred for signal `\sad8x8.\s1[8]' from process `\sad8x8.$proc$/mnt/d/tushar/Downloads/RTL.ai/runs/sad8x8_optimize_20260911T213234Z/attempt_1/sad8x8_candidate.v:60$798'.
No latch inferred for signal `\sad8x8.\s1[7]' from process `\sad8x8.$proc$/mnt/d/tushar/Downloads/RTL.ai/runs/sad8x8_optimize_20260911T213234Z/attempt_1/sad8x8_candidate.v:60$796'.
No latch inferred for signal `\sad8x8.\s1[6]' from process `\sad8x8.$proc$/mnt/d/tushar/Downloads/RTL.ai/runs/sad8x8_optimize_20260911T213234Z/attempt_1/sad8x8_candidate.v:60$794'.
No latch inferred for signal `\sad8x8.\s1[5]' from process `\sad8x8.$proc$/mnt/d/tushar/Downloads/RTL.ai/runs/sad8x8_optimize_20260911T213234Z/attempt_1/sad8x8_candidate.v:60$792'.
No latch inferred for signal `\sad8x8.\s1[4]' from process `\sad8x8.$proc$/mnt/d/tushar/Downloads/RTL.ai/runs/sad8x8_optimize_20260911T213234Z/attempt_1/sad8x8_candidate.v:60$790'.
No latch inferred for signal `\sad8x8.\s1[3]' from process `\sad8x8.$proc$/mnt/d/tushar/Downloads/RTL.ai/runs/sad8x8_optimize_20260911T213234Z/attempt_1/sad8x8_candidate.v:60$788'.
No latch inferred for signal `\sad8x8.\s1[2]' from process `\sad8x8.$proc$/mnt/d/tushar/Downloads/RTL.ai/runs/sad8x8_optimize_20260911T213234Z/attempt_1/sad8x8_candidate.v:60$786'.
No latch inferred for signal `\sad8x8.\s1[1]' from process `\sad8x8.$proc$/mnt/d/tushar/Downloads/RTL.ai/runs/sad8x8_optimize_20260911T213234Z/attempt_1/sad8x8_candidate.v:60$784'.
No latch inferred for signal `\sad8x8.\s1[0]' from process `\sad8x8.$proc$/mnt/d/tushar/Downloads/RTL.ai/runs/sad8x8_optimize_20260911T213234Z/attempt_1/sad8x8_candidate.v:60$782'.
No latch inferred for signal `\sad8x8.\s0[31]' from process `\sad8x8.$proc$/mnt/d/tushar/Downloads/RTL.ai/runs/sad8x8_optimize_20260911T213234Z/attempt_1/sad8x8_candidate.v:52$780'.
No latch inferred for signal `\sad8x8.\s0[30]' from process `\sad8x8.$proc$/mnt/d/tushar/Downloads/RTL.ai/runs/sad8x8_optimize_20260911T213234Z/attempt_1/sad8x8_candidate.v:52$778'.
No latch inferred for signal `\sad8x8.\s0[29]' from process `\sad8x8.$proc$/mnt/d/tushar/Downloads/RTL.ai/runs/sad8x8_optimize_20260911T213234Z/attempt_1/sad8x8_candidate.v:52$776'.
No latch inferred for signal `\sad8x8.\s0[28]' from process `\sad8x8.$proc$/mnt/d/tushar/Downloads/RTL.ai/runs/sad8x8_optimize_20260911T213234Z/attempt_1/sad8x8_candidate.v:52$774'.
No latch inferred for signal `\sad8x8.\s0[27]' from process `\sad8x8.$proc$/mnt/d/tushar/Downloads/RTL.ai/runs/sad8x8_optimize_20260911T213234Z/attempt_1/sad8x8_candidate.v:52$772'.
No latch inferred for signal `\sad8x8.\s0[26]' from process `\sad8x8.$proc$/mnt/d/tushar/Downloads/RTL.ai/runs/sad8x8_optimize_20260911T213234Z/attempt_1/sad8x8_candidate.v:52$770'.
No latch inferred for signal `\sad8x8.\s0[25]' from process `\sad8x8.$proc$/mnt/d/tushar/Downloads/RTL.ai/runs/sad8x8_optimize_20260911T213234Z/attempt_1/sad8x8_candidate.v:52$768'.
No latch inferred for signal `\sad8x8.\s0[24]' from process `\sad8x8.$proc$/mnt/d/tushar/Downloads/RTL.ai/runs/sad8x8_optimize_20260911T213234Z/attempt_1/sad8x8_candidate.v:52$766'.
No latch inferred for signal `\sad8x8.\s0[23]' from process `\sad8x8.$proc$/mnt/d/tushar/Downloads/RTL.ai/runs/sad8x8_optimize_20260911T213234Z/attempt_1/sad8x8_candidate.v:52$764'.
No latch inferred for signal `\sad8x8.\s0[22]' from process `\sad8x8.$proc$/mnt/d/tushar/Downloads/RTL.ai/runs/sad8x8_optimize_20260911T213234Z/attempt_1/sad8x8_candidate.v:52$762'.
No latch inferred for signal `\sad8x8.\s0[21]' from process `\sad8x8.$proc$/mnt/d/tushar/Downloads/RTL.ai/runs/sad8x8_optimize_20260911T213234Z/attempt_1/sad8x8_candidate.v:52$760'.
No latch inferred for signal `\sad8x8.\s0[20]' from process `\sad8x8.$proc$/mnt/d/tushar/Downloads/RTL.ai/runs/sad8x8_optimize_20260911T213234Z/attempt_1/sad8x8_candidate.v:52$758'.
No latch inferred for signal `\sad8x8.\s0[19]' from process `\sad8x8.$proc$/mnt/d/tushar/Downloads/RTL.ai/runs/sad8x8_optimize_20260911T213234Z/attempt_1/sad8x8_candidate.v:52$756'.
No latch inferred for signal `\sad8x8.\s0[18]' from process `\sad8x8.$proc$/mnt/d/tushar/Downloads/RTL.ai/runs/sad8x8_optimize_20260911T213234Z/attempt_1/sad8x8_candidate.v:52$754'.
No latch inferred for signal `\sad8x8.\s0[17]' from process `\sad8x8.$proc$/mnt/d/tushar/Downloads/RTL.ai/runs/sad8x8_optimize_20260911T213234Z/attempt_1/sad8x8_candidate.v:52$752'.
No latch inferred for signal `\sad8x8.\s0[16]' from process `\sad8x8.$proc$/mnt/d/tushar/Downloads/RTL.ai/runs/sad8x8_optimize_20260911T213234Z/attempt_1/sad8x8_candidate.v:52$750'.
No latch inferred for signal `\sad8x8.\s0[15]' from process `\sad8x8.$proc$/mnt/d/tushar/Downloads/RTL.ai/runs/sad8x8_optimize_20260911T213234Z/attempt_1/sad8x8_candidate.v:52$748'.
No latch inferred for signal `\sad8x8.\s0[14]' from process `\sad8x8.$proc$/mnt/d/tushar/Downloads/RTL.ai/runs/sad8x8_optimize_20260911T213234Z/attempt_1/sad8x8_candidate.v:52$746'.
No latch inferred for signal `\sad8x8.\s0[13]' from process `\sad8x8.$proc$/mnt/d/tushar/Downloads/RTL.ai/runs/sad8x8_optimize_20260911T213234Z/attempt_1/sad8x8_candidate.v:52$744'.
No latch inferred for signal `\sad8x8.\s0[12]' from process `\sad8x8.$proc$/mnt/d/tushar/Downloads/RTL.ai/runs/sad8x8_optimize_20260911T213234Z/attempt_1/sad8x8_candidate.v:52$742'.
No latch inferred for signal `\sad8x8.\s0[11]' from process `\sad8x8.$proc$/mnt/d/tushar/Downloads/RTL.ai/runs/sad8x8_optimize_20260911T213234Z/attempt_1/sad8x8_candidate.v:52$740'.
No latch inferred for signal `\sad8x8.\s0[10]' from process `\sad8x8.$proc$/mnt/d/tushar/Downloads/RTL.ai/runs/sad8x8_optimize_20260911T213234Z/attempt_1/sad8x8_candidate.v:52$738'.
No latch inferred for signal `\sad8x8.\s0[9]' from process `\sad8x8.$proc$/mnt/d/tushar/Downloads/RTL.ai/runs/sad8x8_optimize_20260911T213234Z/attempt_1/sad8x8_candidate.v:52$736'.
No latch inferred for signal `\sad8x8.\s0[8]' from process `\sad8x8.$proc$/mnt/d/tushar/Downloads/RTL.ai/runs/sad8x8_optimize_20260911T213234Z/attempt_1/sad8x8_candidate.v:52$734'.
No latch inferred for signal `\sad8x8.\s0[7]' from process `\sad8x8.$proc$/mnt/d/tushar/Downloads/RTL.ai/runs/sad8x8_optimize_20260911T213234Z/attempt_1/sad8x8_candidate.v:52$732'.
No latch inferred for signal `\sad8x8.\s0[6]' from process `\sad8x8.$proc$/mnt/d/tushar/Downloads/RTL.ai/runs/sad8x8_optimize_20260911T213234Z/attempt_1/sad8x8_candidate.v:52$730'.
No latch inferred for signal `\sad8x8.\s0[5]' from process `\sad8x8.$proc$/mnt/d/tushar/Downloads/RTL.ai/runs/sad8x8_optimize_20260911T213234Z/attempt_1/sad8x8_candidate.v:52$728'.
No latch inferred for signal `\sad8x8.\s0[4]' from process `\sad8x8.$proc$/mnt/d/tushar/Downloads/RTL.ai/runs/sad8x8_optimize_20260911T213234Z/attempt_1/sad8x8_candidate.v:52$726'.
No latch inferred for signal `\sad8x8.\s0[3]' from process `\sad8x8.$proc$/mnt/d/tushar/Downloads/RTL.ai/runs/sad8x8_optimize_20260911T213234Z/attempt_1/sad8x8_candidate.v:52$724'.
No latch inferred for signal `\sad8x8.\s0[2]' from process `\sad8x8.$proc$/mnt/d/tushar/Downloads/RTL.ai/runs/sad8x8_optimize_20260911T213234Z/attempt_1/sad8x8_candidate.v:52$722'.
No latch inferred for signal `\sad8x8.\s0[1]' from process `\sad8x8.$proc$/mnt/d/tushar/Downloads/RTL.ai/runs/sad8x8_optimize_20260911T213234Z/attempt_1/sad8x8_candidate.v:52$720'.
No latch inferred for signal `\sad8x8.\s0[0]' from process `\sad8x8.$proc$/mnt/d/tushar/Downloads/RTL.ai/runs/sad8x8_optimize_20260911T213234Z/attempt_1/sad8x8_candidate.v:52$718'.
No latch inferred for signal `\sad8x8.\ad[63]' from process `\sad8x8.$proc$/mnt/d/tushar/Downloads/RTL.ai/runs/sad8x8_optimize_20260911T213234Z/attempt_1/sad8x8_candidate.v:43$713'.
No latch inferred for signal `\sad8x8.\ad[62]' from process `\sad8x8.$proc$/mnt/d/tushar/Downloads/RTL.ai/runs/sad8x8_optimize_20260911T213234Z/attempt_1/sad8x8_candidate.v:43$708'.
No latch inferred for signal `\sad8x8.\ad[61]' from process `\sad8x8.$proc$/mnt/d/tushar/Downloads/RTL.ai/runs/sad8x8_optimize_20260911T213234Z/attempt_1/sad8x8_candidate.v:43$703'.
No latch inferred for signal `\sad8x8.\ad[60]' from process `\sad8x8.$proc$/mnt/d/tushar/Downloads/RTL.ai/runs/sad8x8_optimize_20260911T213234Z/attempt_1/sad8x8_candidate.v:43$698'.
No latch inferred for signal `\sad8x8.\ad[59]' from process `\sad8x8.$proc$/mnt/d/tushar/Downloads/RTL.ai/runs/sad8x8_optimize_20260911T213234Z/attempt_1/sad8x8_candidate.v:43$693'.
No latch inferred for signal `\sad8x8.\ad[58]' from process `\sad8x8.$proc$/mnt/d/tushar/Downloads/RTL.ai/runs/sad8x8_optimize_20260911T213234Z/attempt_1/sad8x8_candidate.v:43$688'.
No latch inferred for signal `\sad8x8.\ad[57]' from process `\sad8x8.$proc$/mnt/d/tushar/Downloads/RTL.ai/runs/sad8x8_optimize_20260911T213234Z/attempt_1/sad8x8_candidate.v:43$683'.
No latch inferred for signal `\sad8x8.\ad[56]' from process `\sad8x8.$proc$/mnt/d/tushar/Downloads/RTL.ai/runs/sad8x8_optimize_20260911T213234Z/attempt_1/sad8x8_candidate.v:43$678'.
No latch inferred for signal `\sad8x8.\ad[55]' from process `\sad8x8.$proc$/mnt/d/tushar/Downloads/RTL.ai/runs/sad8x8_optimize_20260911T213234Z/attempt_1/sad8x8_candidate.v:43$673'.
No latch inferred for signal `\sad8x8.\ad[54]' from process `\sad8x8.$proc$/mnt/d/tushar/Downloads/RTL.ai/runs/sad8x8_optimize_20260911T213234Z/attempt_1/sad8x8_candidate.v:43$668'.
No latch inferred for signal `\sad8x8.\ad[53]' from process `\sad8x8.$proc$/mnt/d/tushar/Downloads/RTL.ai/runs/sad8x8_optimize_20260911T213234Z/attempt_1/sad8x8_candidate.v:43$663'.
No latch inferred for signal `\sad8x8.\ad[52]' from process `\sad8x8.$proc$/mnt/d/tushar/Downloads/RTL.ai/runs/sad8x8_optimize_20260911T213234Z/attempt_1/sad8x8_candidate.v:43$658'.
No latch inferred for signal `\sad8x8.\ad[51]' from process `\sad8x8.$proc$/mnt/d/tushar/Downloads/RTL.ai/runs/sad8x8_optimize_20260911T213234Z/attempt_1/sad8x8_candidate.v:43$653'.
No latch inferred for signal `\sad8x8.\ad[50]' from process `\sad8x8.$proc$/mnt/d/tushar/Downloads/RTL.ai/runs/sad8x8_optimize_20260911T213234Z/attempt_1/sad8x8_candidate.v:43$648'.
No latch inferred for signal `\sad8x8.\ad[49]' from process `\sad8x8.$proc$/mnt/d/tushar/Downloads/RTL.ai/runs/sad8x8_optimize_20260911T213234Z/attempt_1/sad8x8_candidate.v:43$643'.
No latch inferred for signal `\sad8x8.\ad[48]' from process `\sad8x8.$proc$/mnt/d/tushar/Downloads/RTL.ai/runs/sad8x8_optimize_20260911T213234Z/attempt_1/sad8x8_candidate.v:43$638'.
No latch inferred for signal `\sad8x8.\ad[47]' from process `\sad8x8.$proc$/mnt/d/tushar/Downloads/RTL.ai/runs/sad8x8_optimize_20260911T213234Z/attempt_1/sad8x8_candidate.v:43$633'.
No latch inferred for signal `\sad8x8.\ad[46]' from process `\sad8x8.$proc$/mnt/d/tushar/Downloads/RTL.ai/runs/sad8x8_optimize_20260911T213234Z/attempt_1/sad8x8_candidate.v:43$628'.
No latch inferred for signal `\sad8x8.\ad[45]' from process `\sad8x8.$proc$/mnt/d/tushar/Downloads/RTL.ai/runs/sad8x8_optimize_20260911T213234Z/attempt_1/sad8x8_candidate.v:43$623'.
No latch inferred for signal `\sad8x8.\ad[44]' from process `\sad8x8.$proc$/mnt/d/tushar/Downloads/RTL.ai/runs/sad8x8_optimize_20260911T213234Z/attempt_1/sad8x8_candidate.v:43$618'.
No latch inferred for signal `\sad8x8.\ad[43]' from process `\sad8x8.$proc$/mnt/d/tushar/Downloads/RTL.ai/runs/sad8x8_optimize_20260911T213234Z/attempt_1/sad8x8_candidate.v:43$613'.
No latch inferred for signal `\sad8x8.\ad[42]' from process `\sad8x8.$proc$/mnt/d/tushar/Downloads/RTL.ai/runs/sad8x8_optimize_20260911T213234Z/attempt_1/sad8x8_candidate.v:43$608'.
No latch inferred for signal `\sad8x8.\ad[41]' from process `\sad8x8.$proc$/mnt/d/tushar/Downloads/RTL.ai/runs/sad8x8_optimize_20260911T213234Z/attempt_1/sad8x8_candidate.v:43$603'.
No latch inferred for signal `\sad8x8.\ad[40]' from process `\sad8x8.$proc$/mnt/d/tushar/Downloads/RTL.ai/runs/sad8x8_optimize_20260911T213234Z/attempt_1/sad8x8_candidate.v:43$598'.
No latch inferred for signal `\sad8x8.\ad[39]' from process `\sad8x8.$proc$/mnt/d/tushar/Downloads/RTL.ai/runs/sad8x8_optimize_20260911T213234Z/attempt_1/sad8x8_candidate.v:43$593'.
No latch inferred for signal `\sad8x8.\ad[38]' from process `\sad8x8.$proc$/mnt/d/tushar/Downloads/RTL.ai/runs/sad8x8_optimize_20260911T213234Z/attempt_1/sad8x8_candidate.v:43$588'.
No latch inferred for signal `\sad8x8.\ad[37]' from process `\sad8x8.$proc$/mnt/d/tushar/Downloads/RTL.ai/runs/sad8x8_optimize_20260911T213234Z/attempt_1/sad8x8_candidate.v:43$583'.
No latch inferred for signal `\sad8x8.\ad[36]' from process `\sad8x8.$proc$/mnt/d/tushar/Downloads/RTL.ai/runs/sad8x8_optimize_20260911T213234Z/attempt_1/sad8x8_candidate.v:43$578'.
No latch inferred for signal `\sad8x8.\ad[35]' from process `\sad8x8.$proc$/mnt/d/tushar/Downloads/RTL.ai/runs/sad8x8_optimize_20260911T213234Z/attempt_1/sad8x8_candidate.v:43$573'.
No latch inferred for signal `\sad8x8.\ad[34]' from process `\sad8x8.$proc$/mnt/d/tushar/Downloads/RTL.ai/runs/sad8x8_optimize_20260911T213234Z/attempt_1/sad8x8_candidate.v:43$568'.
No latch inferred for signal `\sad8x8.\ad[33]' from process `\sad8x8.$proc$/mnt/d/tushar/Downloads/RTL.ai/runs/sad8x8_optimize_20260911T213234Z/attempt_1/sad8x8_candidate.v:43$563'.
No latch inferred for signal `\sad8x8.\ad[32]' from process `\sad8x8.$proc$/mnt/d/tushar/Downloads/RTL.ai/runs/sad8x8_optimize_20260911T213234Z/attempt_1/sad8x8_candidate.v:43$558'.
No latch inferred for signal `\sad8x8.\ad[31]' from process `\sad8x8.$proc$/mnt/d/tushar/Downloads/RTL.ai/runs/sad8x8_optimize_20260911T213234Z/attempt_1/sad8x8_candidate.v:43$553'.
No latch inferred for signal `\sad8x8.\ad[30]' from process `\sad8x8.$proc$/mnt/d/tushar/Downloads/RTL.ai/runs/sad8x8_optimize_20260911T213234Z/attempt_1/sad8x8_candidate.v:43$548'.
No latch inferred for signal `\sad8x8.\ad[29]' from process `\sad8x8.$proc$/mnt/d/tushar/Downloads/RTL.ai/runs/sad8x8_optimize_20260911T213234Z/attempt_1/sad8x8_candidate.v:43$543'.
No latch inferred for signal `\sad8x8.\ad[28]' from process `\sad8x8.$proc$/mnt/d/tushar/Downloads/RTL.ai/runs/sad8x8_optimize_20260911T213234Z/attempt_1/sad8x8_candidate.v:43$538'.
No latch inferred for signal `\sad8x8.\ad[27]' from process `\sad8x8.$proc$/mnt/d/tushar/Downloads/RTL.ai/runs/sad8x8_optimize_20260911T213234Z/attempt_1/sad8x8_candidate.v:43$533'.
No latch inferred for signal `\sad8x8.\ad[26]' from process `\sad8x8.$proc$/mnt/d/tushar/Downloads/RTL.ai/runs/sad8x8_optimize_20260911T213234Z/attempt_1/sad8x8_candidate.v:43$528'.
No latch inferred for signal `\sad8x8.\ad[25]' from process `\sad8x8.$proc$/mnt/d/tushar/Downloads/RTL.ai/runs/sad8x8_optimize_20260911T213234Z/attempt_1/sad8x8_candidate.v:43$523'.
No latch inferred for signal `\sad8x8.\ad[24]' from process `\sad8x8.$proc$/mnt/d/tushar/Downloads/RTL.ai/runs/sad8x8_optimize_20260911T213234Z/attempt_1/sad8x8_candidate.v:43$518'.
No latch inferred for signal `\sad8x8.\ad[23]' from process `\sad8x8.$proc$/mnt/d/tushar/Downloads/RTL.ai/runs/sad8x8_optimize_20260911T213234Z/attempt_1/sad8x8_candidate.v:43$513'.
No latch inferred for signal `\sad8x8.\ad[22]' from process `\sad8x8.$proc$/mnt/d/tushar/Downloads/RTL.ai/runs/sad8x8_optimize_20260911T213234Z/attempt_1/sad8x8_candidate.v:43$508'.
No latch inferred for signal `\sad8x8.\ad[21]' from process `\sad8x8.$proc$/mnt/d/tushar/Downloads/RTL.ai/runs/sad8x8_optimize_20260911T213234Z/attempt_1/sad8x8_candidate.v:43$503'.
No latch inferred for signal `\sad8x8.\ad[20]' from process `\sad8x8.$proc$/mnt/d/tushar/Downloads/RTL.ai/runs/sad8x8_optimize_20260911T213234Z/attempt_1/sad8x8_candidate.v:43$498'.
No latch inferred for signal `\sad8x8.\ad[19]' from process `\sad8x8.$proc$/mnt/d/tushar/Downloads/RTL.ai/runs/sad8x8_optimize_20260911T213234Z/attempt_1/sad8x8_candidate.v:43$493'.
No latch inferred for signal `\sad8x8.\ad[18]' from process `\sad8x8.$proc$/mnt/d/tushar/Downloads/RTL.ai/runs/sad8x8_optimize_20260911T213234Z/attempt_1/sad8x8_candidate.v:43$488'.
No latch inferred for signal `\sad8x8.\ad[17]' from process `\sad8x8.$proc$/mnt/d/tushar/Downloads/RTL.ai/runs/sad8x8_optimize_20260911T213234Z/attempt_1/sad8x8_candidate.v:43$483'.
No latch inferred for signal `\sad8x8.\ad[16]' from process `\sad8x8.$proc$/mnt/d/tushar/Downloads/RTL.ai/runs/sad8x8_optimize_20260911T213234Z/attempt_1/sad8x8_candidate.v:43$478'.
No latch inferred for signal `\sad8x8.\ad[15]' from process `\sad8x8.$proc$/mnt/d/tushar/Downloads/RTL.ai/runs/sad8x8_optimize_20260911T213234Z/attempt_1/sad8x8_candidate.v:43$473'.
No latch inferred for signal `\sad8x8.\ad[14]' from process `\sad8x8.$proc$/mnt/d/tushar/Downloads/RTL.ai/runs/sad8x8_optimize_20260911T213234Z/attempt_1/sad8x8_candidate.v:43$468'.
No latch inferred for signal `\sad8x8.\ad[13]' from process `\sad8x8.$proc$/mnt/d/tushar/Downloads/RTL.ai/runs/sad8x8_optimize_20260911T213234Z/attempt_1/sad8x8_candidate.v:43$463'.
No latch inferred for signal `\sad8x8.\ad[12]' from process `\sad8x8.$proc$/mnt/d/tushar/Downloads/RTL.ai/runs/sad8x8_optimize_20260911T213234Z/attempt_1/sad8x8_candidate.v:43$458'.
No latch inferred for signal `\sad8x8.\ad[11]' from process `\sad8x8.$proc$/mnt/d/tushar/Downloads/RTL.ai/runs/sad8x8_optimize_20260911T213234Z/attempt_1/sad8x8_candidate.v:43$453'.
No latch inferred for signal `\sad8x8.\ad[10]' from process `\sad8x8.$proc$/mnt/d/tushar/Downloads/RTL.ai/runs/sad8x8_optimize_20260911T213234Z/attempt_1/sad8x8_candidate.v:43$448'.
No latch inferred for signal `\sad8x8.\ad[9]' from process `\sad8x8.$proc$/mnt/d/tushar/Downloads/RTL.ai/runs/sad8x8_optimize_20260911T213234Z/attempt_1/sad8x8_candidate.v:43$443'.
No latch inferred for signal `\sad8x8.\ad[8]' from process `\sad8x8.$proc$/mnt/d/tushar/Downloads/RTL.ai/runs/sad8x8_optimize_20260911T213234Z/attempt_1/sad8x8_candidate.v:43$438'.
No latch inferred for signal `\sad8x8.\ad[7]' from process `\sad8x8.$proc$/mnt/d/tushar/Downloads/RTL.ai/runs/sad8x8_optimize_20260911T213234Z/attempt_1/sad8x8_candidate.v:43$433'.
No latch inferred for signal `\sad8x8.\ad[6]' from process `\sad8x8.$proc$/mnt/d/tushar/Downloads/RTL.ai/runs/sad8x8_optimize_20260911T213234Z/attempt_1/sad8x8_candidate.v:43$428'.
No latch inferred for signal `\sad8x8.\ad[5]' from process `\sad8x8.$proc$/mnt/d/tushar/Downloads/RTL.ai/runs/sad8x8_optimize_20260911T213234Z/attempt_1/sad8x8_candidate.v:43$423'.
No latch inferred for signal `\sad8x8.\ad[4]' from process `\sad8x8.$proc$/mnt/d/tushar/Downloads/RTL.ai/runs/sad8x8_optimize_20260911T213234Z/attempt_1/sad8x8_candidate.v:43$418'.
No latch inferred for signal `\sad8x8.\ad[3]' from process `\sad8x8.$proc$/mnt/d/tushar/Downloads/RTL.ai/runs/sad8x8_optimize_20260911T213234Z/attempt_1/sad8x8_candidate.v:43$413'.
No latch inferred for signal `\sad8x8.\ad[2]' from process `\sad8x8.$proc$/mnt/d/tushar/Downloads/RTL.ai/runs/sad8x8_optimize_20260911T213234Z/attempt_1/sad8x8_candidate.v:43$408'.
No latch inferred for signal `\sad8x8.\ad[1]' from process `\sad8x8.$proc$/mnt/d/tushar/Downloads/RTL.ai/runs/sad8x8_optimize_20260911T213234Z/attempt_1/sad8x8_candidate.v:43$403'.
No latch inferred for signal `\sad8x8.\ad[0]' from process `\sad8x8.$proc$/mnt/d/tushar/Downloads/RTL.ai/runs/sad8x8_optimize_20260911T213234Z/attempt_1/sad8x8_candidate.v:43$398'.

8.9. Executing PROC_DFF pass (convert process syncs to FFs).
Creating register for signal `\sad8x8.\valid_out' using process `\sad8x8.$proc$/mnt/d/tushar/Downloads/RTL.ai/runs/sad8x8_optimize_20260911T213234Z/attempt_1/sad8x8_candidate.v:92$397'.
  created $dff cell `$procdff$848' with positive edge clock.
Creating register for signal `\sad8x8.\sad' using process `\sad8x8.$proc$/mnt/d/tushar/Downloads/RTL.ai/runs/sad8x8_optimize_20260911T213234Z/attempt_1/sad8x8_candidate.v:92$397'.
  created $dff cell `$procdff$849' with positive edge clock.

8.10. Executing PROC_MEMWR pass (convert process memory writes to cells).

8.11. Executing PROC_CLEAN pass (remove empty switches from decision trees).
Removing empty process `sad8x8.$proc$/mnt/d/tushar/Downloads/RTL.ai/runs/sad8x8_optimize_20260911T213234Z/attempt_1/sad8x8_candidate.v:84$840'.
Removing empty process `sad8x8.$proc$/mnt/d/tushar/Downloads/RTL.ai/runs/sad8x8_optimize_20260911T213234Z/attempt_1/sad8x8_candidate.v:84$838'.
Removing empty process `sad8x8.$proc$/mnt/d/tushar/Downloads/RTL.ai/runs/sad8x8_optimize_20260911T213234Z/attempt_1/sad8x8_candidate.v:76$836'.
Removing empty process `sad8x8.$proc$/mnt/d/tushar/Downloads/RTL.ai/runs/sad8x8_optimize_20260911T213234Z/attempt_1/sad8x8_candidate.v:76$834'.
Removing empty process `sad8x8.$proc$/mnt/d/tushar/Downloads/RTL.ai/runs/sad8x8_optimize_20260911T213234Z/attempt_1/sad8x8_candidate.v:76$832'.
Removing empty process `sad8x8.$proc$/mnt/d/tushar/Downloads/RTL.ai/runs/sad8x8_optimize_20260911T213234Z/attempt_1/sad8x8_candidate.v:76$830'.
Removing empty process `sad8x8.$proc$/mnt/d/tushar/Downloads/RTL.ai/runs/sad8x8_optimize_20260911T213234Z/attempt_1/sad8x8_candidate.v:68$828'.
Removing empty process `sad8x8.$proc$/mnt/d/tushar/Downloads/RTL.ai/runs/sad8x8_optimize_20260911T213234Z/attempt_1/sad8x8_candidate.v:68$826'.
Removing empty process `sad8x8.$proc$/mnt/d/tushar/Downloads/RTL.ai/runs/sad8x8_optimize_20260911T213234Z/attempt_1/sad8x8_candidate.v:68$824'.
Removing empty process `sad8x8.$proc$/mnt/d/tushar/Downloads/RTL.ai/runs/sad8x8_optimize_20260911T213234Z/attempt_1/sad8x8_candidate.v:68$822'.
Removing empty process `sad8x8.$proc$/mnt/d/tushar/Downloads/RTL.ai/runs/sad8x8_optimize_20260911T213234Z/attempt_1/sad8x8_candidate.v:68$820'.
Removing empty process `sad8x8.$proc$/mnt/d/tushar/Downloads/RTL.ai/runs/sad8x8_optimize_20260911T213234Z/attempt_1/sad8x8_candidate.v:68$818'.
Removing empty process `sad8x8.$proc$/mnt/d/tushar/Downloads/RTL.ai/runs/sad8x8_optimize_20260911T213234Z/attempt_1/sad8x8_candidate.v:68$816'.
Removing empty process `sad8x8.$proc$/mnt/d/tushar/Downloads/RTL.ai/runs/sad8x8_optimize_20260911T213234Z/attempt_1/sad8x8_candidate.v:68$814'.
Removing empty process `sad8x8.$proc$/mnt/d/tushar/Downloads/RTL.ai/runs/sad8x8_optimize_20260911T213234Z/attempt_1/sad8x8_candidate.v:60$812'.
Removing empty process `sad8x8.$proc$/mnt/d/tushar/Downloads/RTL.ai/runs/sad8x8_optimize_20260911T213234Z/attempt_1/sad8x8_candidate.v:60$810'.
Removing empty process `sad8x8.$proc$/mnt/d/tushar/Downloads/RTL.ai/runs/sad8x8_optimize_20260911T213234Z/attempt_1/sad8x8_candidate.v:60$808'.
Removing empty process `sad8x8.$proc$/mnt/d/tushar/Downloads/RTL.ai/runs/sad8x8_optimize_20260911T213234Z/attempt_1/sad8x8_candidate.v:60$806'.
Removing empty process `sad8x8.$proc$/mnt/d/tushar/Downloads/RTL.ai/runs/sad8x8_optimize_20260911T213234Z/attempt_1/sad8x8_candidate.v:60$804'.
Removing empty process `sad8x8.$proc$/mnt/d/tushar/Downloads/RTL.ai/runs/sad8x8_optimize_20260911T213234Z/attempt_1/sad8x8_candidate.v:60$802'.
Removing empty process `sad8x8.$proc$/mnt/d/tushar/Downloads/RTL.ai/runs/sad8x8_optimize_20260911T213234Z/attempt_1/sad8x8_candidate.v:60$800'.
Removing empty process `sad8x8.$proc$/mnt/d/tushar/Downloads/RTL.ai/runs/sad8x8_optimize_20260911T213234Z/attempt_1/sad8x8_candidate.v:60$798'.
Removing empty process `sad8x8.$proc$/mnt/d/tushar/Downloads/RTL.ai/runs/sad8x8_optimize_20260911T213234Z/attempt_1/sad8x8_candidate.v:60$796'.
Removing empty process `sad8x8.$proc$/mnt/d/tushar/Downloads/RTL.ai/runs/sad8x8_optimize_20260911T213234Z/attempt_1/sad8x8_candidate.v:60$794'.
Removing empty process `sad8x8.$proc$/mnt/d/tushar/Downloads/RTL.ai/runs/sad8x8_optimize_20260911T213234Z/attempt_1/sad8x8_candidate.v:60$792'.
Removing empty process `sad8x8.$proc$/mnt/d/tushar/Downloads/RTL.ai/runs/sad8x8_optimize_20260911T213234Z/attempt_1/sad8x8_candidate.v:60$790'.
Removing empty process `sad8x8.$proc$/mnt/d/tushar/Downloads/RTL.ai/runs/sad8x8_optimize_20260911T213234Z/attempt_1/sad8x8_candidate.v:60$788'.
Removing empty process `sad8x8.$proc$/mnt/d/tushar/Downloads/RTL.ai/runs/sad8x8_optimize_20260911T213234Z/attempt_1/sad8x8_candidate.v:60$786'.
Removing empty process `sad8x8.$proc$/mnt/d/tushar/Downloads/RTL.ai/runs/sad8x8_optimize_20260911T213234Z/attempt_1/sad8x8_candidate.v:60$784'.
Removing empty process `sad8x8.$proc$/mnt/d/tushar/Downloads/RTL.ai/runs/sad8x8_optimize_20260911T213234Z/attempt_1/sad8x8_candidate.v:60$782'.
Removing empty process `sad8x8.$proc$/mnt/d/tushar/Downloads/RTL.ai/runs/sad8x8_optimize_20260911T213234Z/attempt_1/sad8x8_candidate.v:52$780'.
Removing empty process `sad8x8.$proc$/mnt/d/tushar/Downloads/RTL.ai/runs/sad8x8_optimize_20260911T213234Z/attempt_1/sad8x8_candidate.v:52$778'.
Removing empty process `sad8x8.$proc$/mnt/d/tushar/Downloads/RTL.ai/runs/sad8x8_optimize_20260911T213234Z/attempt_1/sad8x8_candidate.v:52$776'.
Removing empty process `sad8x8.$proc$/mnt/d/tushar/Downloads/RTL.ai/runs/sad8x8_optimize_20260911T213234Z/attempt_1/sad8x8_candidate.v:52$774'.
Removing empty process `sad8x8.$proc$/mnt/d/tushar/Downloads/RTL.ai/runs/sad8x8_optimize_20260911T213234Z/attempt_1/sad8x8_candidate.v:52$772'.
Removing empty process `sad8x8.$proc$/mnt/d/tushar/Downloads/RTL.ai/runs/sad8x8_optimize_20260911T213234Z/attempt_1/sad8x8_candidate.v:52$770'.
Removing empty process `sad8x8.$proc$/mnt/d/tushar/Downloads/RTL.ai/runs/sad8x8_optimize_20260911T213234Z/attempt_1/sad8x8_candidate.v:52$768'.
Removing empty process `sad8x8.$proc$/mnt/d/tushar/Downloads/RTL.ai/runs/sad8x8_optimize_20260911T213234Z/attempt_1/sad8x8_candidate.v:52$766'.
Removing empty process `sad8x8.$proc$/mnt/d/tushar/Downloads/RTL.ai/runs/sad8x8_optimize_20260911T213234Z/attempt_1/sad8x8_candidate.v:52$764'.
Removing empty process `sad8x8.$proc$/mnt/d/tushar/Downloads/RTL.ai/runs/sad8x8_optimize_20260911T213234Z/attempt_1/sad8x8_candidate.v:52$762'.
Removing empty process `sad8x8.$proc$/mnt/d/tushar/Downloads/RTL.ai/runs/sad8x8_optimize_20260911T213234Z/attempt_1/sad8x8_candidate.v:52$760'.
Removing empty process `sad8x8.$proc$/mnt/d/tushar/Downloads/RTL.ai/runs/sad8x8_optimize_20260911T213234Z/attempt_1/sad8x8_candidate.v:52$758'.
Removing empty process `sad8x8.$proc$/mnt/d/tushar/Downloads/RTL.ai/runs/sad8x8_optimize_20260911T213234Z/attempt_1/sad8x8_candidate.v:52$756'.
Removing empty process `sad8x8.$proc$/mnt/d/tushar/Downloads/RTL.ai/runs/sad8x8_optimize_20260911T213234Z/attempt_1/sad8x8_candidate.v:52$754'.
Removing empty process `sad8x8.$proc$/mnt/d/tushar/Downloads/RTL.ai/runs/sad8x8_optimize_20260911T213234Z/attempt_1/sad8x8_candidate.v:52$752'.
Removing empty process `sad8x8.$proc$/mnt/d/tushar/Downloads/RTL.ai/runs/sad8x8_optimize_20260911T213234Z/attempt_1/sad8x8_candidate.v:52$750'.
Removing empty process `sad8x8.$proc$/mnt/d/tushar/Downloads/RTL.ai/runs/sad8x8_optimize_20260911T213234Z/attempt_1/sad8x8_candidate.v:52$748'.
Removing empty process `sad8x8.$proc$/mnt/d/tushar/Downloads/RTL.ai/runs/sad8x8_optimize_20260911T213234Z/attempt_1/sad8x8_candidate.v:52$746'.
Removing empty process `sad8x8.$proc$/mnt/d/tushar/Downloads/RTL.ai/runs/sad8x8_optimize_20260911T213234Z/attempt_1/sad8x8_candidate.v:52$744'.
Removing empty process `sad8x8.$proc$/mnt/d/tushar/Downloads/RTL.ai/runs/sad8x8_optimize_20260911T213234Z/attempt_1/sad8x8_candidate.v:52$742'.
Removing empty process `sad8x8.$proc$/mnt/d/tushar/Downloads/RTL.ai/runs/sad8x8_optimize_20260911T213234Z/attempt_1/sad8x8_candidate.v:52$740'.
Removing empty process `sad8x8.$proc$/mnt/d/tushar/Downloads/RTL.ai/runs/sad8x8_optimize_20260911T213234Z/attempt_1/sad8x8_candidate.v:52$738'.
Removing empty process `sad8x8.$proc$/mnt/d/tushar/Downloads/RTL.ai/runs/sad8x8_optimize_20260911T213234Z/attempt_1/sad8x8_candidate.v:52$736'.
Removing empty process `sad8x8.$proc$/mnt/d/tushar/Downloads/RTL.ai/runs/sad8x8_optimize_20260911T213234Z/attempt_1/sad8x8_candidate.v:52$734'.
Removing empty process `sad8x8.$proc$/mnt/d/tushar/Downloads/RTL.ai/runs/sad8x8_optimize_20260911T213234Z/attempt_1/sad8x8_candidate.v:52$732'.
Removing empty process `sad8x8.$proc$/mnt/d/tushar/Downloads/RTL.ai/runs/sad8x8_optimize_20260911T213234Z/attempt_1/sad8x8_candidate.v:52$730'.
Removing empty process `sad8x8.$proc$/mnt/d/tushar/Downloads/RTL.ai/runs/sad8x8_optimize_20260911T213234Z/attempt_1/sad8x8_candidate.v:52$728'.
Removing empty process `sad8x8.$proc$/mnt/d/tushar/Downloads/RTL.ai/runs/sad8x8_optimize_20260911T213234Z/attempt_1/sad8x8_candidate.v:52$726'.
Removing empty process `sad8x8.$proc$/mnt/d/tushar/Downloads/RTL.ai/runs/sad8x8_optimize_20260911T213234Z/attempt_1/sad8x8_candidate.v:52$724'.
Removing empty process `sad8x8.$proc$/mnt/d/tushar/Downloads/RTL.ai/runs/sad8x8_optimize_20260911T213234Z/attempt_1/sad8x8_candidate.v:52$722'.
Removing empty process `sad8x8.$proc$/mnt/d/tushar/Downloads/RTL.ai/runs/sad8x8_optimize_20260911T213234Z/attempt_1/sad8x8_candidate.v:52$720'.
Removing empty process `sad8x8.$proc$/mnt/d/tushar/Downloads/RTL.ai/runs/sad8x8_optimize_20260911T213234Z/attempt_1/sad8x8_candidate.v:52$718'.
Removing empty process `sad8x8.$proc$/mnt/d/tushar/Downloads/RTL.ai/runs/sad8x8_optimize_20260911T213234Z/attempt_1/sad8x8_candidate.v:43$713'.
Removing empty process `sad8x8.$proc$/mnt/d/tushar/Downloads/RTL.ai/runs/sad8x8_optimize_20260911T213234Z/attempt_1/sad8x8_candidate.v:43$708'.
Removing empty process `sad8x8.$proc$/mnt/d/tushar/Downloads/RTL.ai/runs/sad8x8_optimize_20260911T213234Z/attempt_1/sad8x8_candidate.v:43$703'.
Removing empty process `sad8x8.$proc$/mnt/d/tushar/Downloads/RTL.ai/runs/sad8x8_optimize_20260911T213234Z/attempt_1/sad8x8_candidate.v:43$698'.
Removing empty process `sad8x8.$proc$/mnt/d/tushar/Downloads/RTL.ai/runs/sad8x8_optimize_20260911T213234Z/attempt_1/sad8x8_candidate.v:43$693'.
Removing empty process `sad8x8.$proc$/mnt/d/tushar/Downloads/RTL.ai/runs/sad8x8_optimize_20260911T213234Z/attempt_1/sad8x8_candidate.v:43$688'.
Removing empty process `sad8x8.$proc$/mnt/d/tushar/Downloads/RTL.ai/runs/sad8x8_optimize_20260911T213234Z/attempt_1/sad8x8_candidate.v:43$683'.
Removing empty process `sad8x8.$proc$/mnt/d/tushar/Downloads/RTL.ai/runs/sad8x8_optimize_20260911T213234Z/attempt_1/sad8x8_candidate.v:43$678'.
Removing empty process `sad8x8.$proc$/mnt/d/tushar/Downloads/RTL.ai/runs/sad8x8_optimize_20260911T213234Z/attempt_1/sad8x8_candidate.v:43$673'.
Removing empty process `sad8x8.$proc$/mnt/d/tushar/Downloads/RTL.ai/runs/sad8x8_optimize_20260911T213234Z/attempt_1/sad8x8_candidate.v:43$668'.
Removing empty process `sad8x8.$proc$/mnt/d/tushar/Downloads/RTL.ai/runs/sad8x8_optimize_20260911T213234Z/attempt_1/sad8x8_candidate.v:43$663'.
Removing empty process `sad8x8.$proc$/mnt/d/tushar/Downloads/RTL.ai/runs/sad8x8_optimize_20260911T213234Z/attempt_1/sad8x8_candidate.v:43$658'.
Removing empty process `sad8x8.$proc$/mnt/d/tushar/Downloads/RTL.ai/runs/sad8x8_optimize_20260911T213234Z/attempt_1/sad8x8_candidate.v:43$653'.
Removing empty process `sad8x8.$proc$/mnt/d/tushar/Downloads/RTL.ai/runs/sad8x8_optimize_20260911T213234Z/attempt_1/sad8x8_candidate.v:43$648'.
Removing empty process `sad8x8.$proc$/mnt/d/tushar/Downloads/RTL.ai/runs/sad8x8_optimize_20260911T213234Z/attempt_1/sad8x8_candidate.v:43$643'.
Removing empty process `sad8x8.$proc$/mnt/d/tushar/Downloads/RTL.ai/runs/sad8x8_optimize_20260911T213234Z/attempt_1/sad8x8_candidate.v:43$638'.
Removing empty process `sad8x8.$proc$/mnt/d/tushar/Downloads/RTL.ai/runs/sad8x8_optimize_20260911T213234Z/attempt_1/sad8x8_candidate.v:43$633'.
Removing empty process `sad8x8.$proc$/mnt/d/tushar/Downloads/RTL.ai/runs/sad8x8_optimize_20260911T213234Z/attempt_1/sad8x8_candidate.v:43$628'.
Removing empty process `sad8x8.$proc$/mnt/d/tushar/Downloads/RTL.ai/runs/sad8x8_optimize_20260911T213234Z/attempt_1/sad8x8_candidate.v:43$623'.
Removing empty process `sad8x8.$proc$/mnt/d/tushar/Downloads/RTL.ai/runs/sad8x8_optimize_20260911T213234Z/attempt_1/sad8x8_candidate.v:43$618'.
Removing empty process `sad8x8.$proc$/mnt/d/tushar/Downloads/RTL.ai/runs/sad8x8_optimize_20260911T213234Z/attempt_1/sad8x8_candidate.v:43$613'.
Removing empty process `sad8x8.$proc$/mnt/d/tushar/Downloads/RTL.ai/runs/sad8x8_optimize_20260911T213234Z/attempt_1/sad8x8_candidate.v:43$608'.
Removing empty process `sad8x8.$proc$/mnt/d/tushar/Downloads/RTL.ai/runs/sad8x8_optimize_20260911T213234Z/attempt_1/sad8x8_candidate.v:43$603'.
Removing empty process `sad8x8.$proc$/mnt/d/tushar/Downloads/RTL.ai/runs/sad8x8_optimize_20260911T213234Z/attempt_1/sad8x8_candidate.v:43$598'.
Removing empty process `sad8x8.$proc$/mnt/d/tushar/Downloads/RTL.ai/runs/sad8x8_optimize_20260911T213234Z/attempt_1/sad8x8_candidate.v:43$593'.
Removing empty process `sad8x8.$proc$/mnt/d/tushar/Downloads/RTL.ai/runs/sad8x8_optimize_20260911T213234Z/attempt_1/sad8x8_candidate.v:43$588'.
Removing empty process `sad8x8.$proc$/mnt/d/tushar/Downloads/RTL.ai/runs/sad8x8_optimize_20260911T213234Z/attempt_1/sad8x8_candidate.v:43$583'.
Removing empty process `sad8x8.$proc$/mnt/d/tushar/Downloads/RTL.ai/runs/sad8x8_optimize_20260911T213234Z/attempt_1/sad8x8_candidate.v:43$578'.
Removing empty process `sad8x8.$proc$/mnt/d/tushar/Downloads/RTL.ai/runs/sad8x8_optimize_20260911T213234Z/attempt_1/sad8x8_candidate.v:43$573'.
Removing empty process `sad8x8.$proc$/mnt/d/tushar/Downloads/RTL.ai/runs/sad8x8_optimize_20260911T213234Z/attempt_1/sad8x8_candidate.v:43$568'.
Removing empty process `sad8x8.$proc$/mnt/d/tushar/Downloads/RTL.ai/runs/sad8x8_optimize_20260911T213234Z/attempt_1/sad8x8_candidate.v:43$563'.
Removing empty process `sad8x8.$proc$/mnt/d/tushar/Downloads/RTL.ai/runs/sad8x8_optimize_20260911T213234Z/attempt_1/sad8x8_candidate.v:43$558'.
Removing empty process `sad8x8.$proc$/mnt/d/tushar/Downloads/RTL.ai/runs/sad8x8_optimize_20260911T213234Z/attempt_1/sad8x8_candidate.v:43$553'.
Removing empty process `sad8x8.$proc$/mnt/d/tushar/Downloads/RTL.ai/runs/sad8x8_optimize_20260911T213234Z/attempt_1/sad8x8_candidate.v:43$548'.
Removing empty process `sad8x8.$proc$/mnt/d/tushar/Downloads/RTL.ai/runs/sad8x8_optimize_20260911T213234Z/attempt_1/sad8x8_candidate.v:43$543'.
Removing empty process `sad8x8.$proc$/mnt/d/tushar/Downloads/RTL.ai/runs/sad8x8_optimize_20260911T213234Z/attempt_1/sad8x8_candidate.v:43$538'.
Removing empty process `sad8x8.$proc$/mnt/d/tushar/Downloads/RTL.ai/runs/sad8x8_optimize_20260911T213234Z/attempt_1/sad8x8_candidate.v:43$533'.
Removing empty process `sad8x8.$proc$/mnt/d/tushar/Downloads/RTL.ai/runs/sad8x8_optimize_20260911T213234Z/attempt_1/sad8x8_candidate.v:43$528'.
Removing empty process `sad8x8.$proc$/mnt/d/tushar/Downloads/RTL.ai/runs/sad8x8_optimize_20260911T213234Z/attempt_1/sad8x8_candidate.v:43$523'.
Removing empty process `sad8x8.$proc$/mnt/d/tushar/Downloads/RTL.ai/runs/sad8x8_optimize_20260911T213234Z/attempt_1/sad8x8_candidate.v:43$518'.
Removing empty process `sad8x8.$proc$/mnt/d/tushar/Downloads/RTL.ai/runs/sad8x8_optimize_20260911T213234Z/attempt_1/sad8x8_candidate.v:43$513'.
Removing empty process `sad8x8.$proc$/mnt/d/tushar/Downloads/RTL.ai/runs/sad8x8_optimize_20260911T213234Z/attempt_1/sad8x8_candidate.v:43$508'.
Removing empty process `sad8x8.$proc$/mnt/d/tushar/Downloads/RTL.ai/runs/sad8x8_optimize_20260911T213234Z/attempt_1/sad8x8_candidate.v:43$503'.
Removing empty process `sad8x8.$proc$/mnt/d/tushar/Downloads/RTL.ai/runs/sad8x8_optimize_20260911T213234Z/attempt_1/sad8x8_candidate.v:43$498'.
Removing empty process `sad8x8.$proc$/mnt/d/tushar/Downloads/RTL.ai/runs/sad8x8_optimize_20260911T213234Z/attempt_1/sad8x8_candidate.v:43$493'.
Removing empty process `sad8x8.$proc$/mnt/d/tushar/Downloads/RTL.ai/runs/sad8x8_optimize_20260911T213234Z/attempt_1/sad8x8_candidate.v:43$488'.
Removing empty process `sad8x8.$proc$/mnt/d/tushar/Downloads/RTL.ai/runs/sad8x8_optimize_20260911T213234Z/attempt_1/sad8x8_candidate.v:43$483'.
Removing empty process `sad8x8.$proc$/mnt/d/tushar/Downloads/RTL.ai/runs/sad8x8_optimize_20260911T213234Z/attempt_1/sad8x8_candidate.v:43$478'.
Removing empty process `sad8x8.$proc$/mnt/d/tushar/Downloads/RTL.ai/runs/sad8x8_optimize_20260911T213234Z/attempt_1/sad8x8_candidate.v:43$473'.
Removing empty process `sad8x8.$proc$/mnt/d/tushar/Downloads/RTL.ai/runs/sad8x8_optimize_20260911T213234Z/attempt_1/sad8x8_candidate.v:43$468'.
Removing empty process `sad8x8.$proc$/mnt/d/tushar/Downloads/RTL.ai/runs/sad8x8_optimize_20260911T213234Z/attempt_1/sad8x8_candidate.v:43$463'.
Removing empty process `sad8x8.$proc$/mnt/d/tushar/Downloads/RTL.ai/runs/sad8x8_optimize_20260911T213234Z/attempt_1/sad8x8_candidate.v:43$458'.
Removing empty process `sad8x8.$proc$/mnt/d/tushar/Downloads/RTL.ai/runs/sad8x8_optimize_20260911T213234Z/attempt_1/sad8x8_candidate.v:43$453'.
Removing empty process `sad8x8.$proc$/mnt/d/tushar/Downloads/RTL.ai/runs/sad8x8_optimize_20260911T213234Z/attempt_1/sad8x8_candidate.v:43$448'.
Removing empty process `sad8x8.$proc$/mnt/d/tushar/Downloads/RTL.ai/runs/sad8x8_optimize_20260911T213234Z/attempt_1/sad8x8_candidate.v:43$443'.
Removing empty process `sad8x8.$proc$/mnt/d/tushar/Downloads/RTL.ai/runs/sad8x8_optimize_20260911T213234Z/attempt_1/sad8x8_candidate.v:43$438'.
Removing empty process `sad8x8.$proc$/mnt/d/tushar/Downloads/RTL.ai/runs/sad8x8_optimize_20260911T213234Z/attempt_1/sad8x8_candidate.v:43$433'.
Removing empty process `sad8x8.$proc$/mnt/d/tushar/Downloads/RTL.ai/runs/sad8x8_optimize_20260911T213234Z/attempt_1/sad8x8_candidate.v:43$428'.
Removing empty process `sad8x8.$proc$/mnt/d/tushar/Downloads/RTL.ai/runs/sad8x8_optimize_20260911T213234Z/attempt_1/sad8x8_candidate.v:43$423'.
Removing empty process `sad8x8.$proc$/mnt/d/tushar/Downloads/RTL.ai/runs/sad8x8_optimize_20260911T213234Z/attempt_1/sad8x8_candidate.v:43$418'.
Removing empty process `sad8x8.$proc$/mnt/d/tushar/Downloads/RTL.ai/runs/sad8x8_optimize_20260911T213234Z/attempt_1/sad8x8_candidate.v:43$413'.
Removing empty process `sad8x8.$proc$/mnt/d/tushar/Downloads/RTL.ai/runs/sad8x8_optimize_20260911T213234Z/attempt_1/sad8x8_candidate.v:43$408'.
Removing empty process `sad8x8.$proc$/mnt/d/tushar/Downloads/RTL.ai/runs/sad8x8_optimize_20260911T213234Z/attempt_1/sad8x8_candidate.v:43$403'.
Removing empty process `sad8x8.$proc$/mnt/d/tushar/Downloads/RTL.ai/runs/sad8x8_optimize_20260911T213234Z/attempt_1/sad8x8_candidate.v:43$398'.
Found and cleaned up 1 empty switch in `\sad8x8.$proc$/mnt/d/tushar/Downloads/RTL.ai/runs/sad8x8_optimize_20260911T213234Z/attempt_1/sad8x8_candidate.v:92$397'.
Removing empty process `sad8x8.$proc$/mnt/d/tushar/Downloads/RTL.ai/runs/sad8x8_optimize_20260911T213234Z/attempt_1/sad8x8_candidate.v:92$397'.
Cleaned up 1 empty switch.

8.12. Executing OPT_EXPR pass (perform const folding).
Optimizing module sad8x8.

9. Executing FLATTEN pass (flatten design).

10. Executing OPT_CLEAN pass (remove unused cells and wires).
Finding unused cells or wires in module \sad8x8..
Removed 0 unused cells and 257 unused wires.
<suppressed ~1 debug messages>
Renaming module \sad8x8 to \gate.

11. Executing Verilog backend.

11.1. Executing BMUXMAP pass.

11.2. Executing DEMUXMAP pass.
Dumping module `\gate'.
Dumping module `\gold'.

12. Executing JSON backend.

End of script. Logfile hash: 42d382abd5, time: 0.12s, user: 0.08s, system: 0.01s, MEM: 31.39 MB peak
Yosys 0.68+195 (git sha1 435977e97-dirty, Release, Clang /usr/bin/clang++ 21.1.8)
Time spent: 64% 4x read_verilog (0 sec), 10% 2x opt_clean (0 sec), ...
