Startpoint: rst (input port clocked by clk)
Endpoint: _9348_ (rising edge-triggered flip-flop clocked by clk)
Path Group: clk
Path Type: max

  Delay    Time   Description
---------------------------------------------------------
   0.00    0.00   clock clk (rise edge)
   0.00    0.00   clock network delay (ideal)
   1.00    1.00 v input external delay
   0.00    1.00 v rst (in)
   1.55    2.55 ^ _4957_/ZN (INV_X1)
   0.07    2.63 v _8545_/ZN (OAI21_X1)
   0.11    2.74 v _8554_/ZN (OR2_X1)
   0.06    2.80 ^ _8556_/ZN (AOI211_X1)
   0.00    2.80 ^ _9348_/D (DFF_X1)
           2.80   data arrival time

  10.00   10.00   clock clk (rise edge)
   0.00   10.00   clock network delay (ideal)
  -0.10    9.90   clock uncertainty
   0.00    9.90   clock reconvergence pessimism
           9.90 ^ _9348_/CK (DFF_X1)
  -0.04    9.86   library setup time
           9.86   data required time
---------------------------------------------------------
           9.86   data required time
          -2.80   data arrival time
---------------------------------------------------------
           7.06   slack (MET)


