
 /----------------------------------------------------------------------------\
 |  yosys -- Yosys Open SYnthesis Suite                                       |
 |  Copyright (C) 2012 - 2026  Claire Xenia Wolf <claire@yosyshq.com>         |
 |  Distributed under an ISC-like license, type "license" to see terms        |
 \----------------------------------------------------------------------------/
 Yosys 0.68+195 (git sha1 435977e97-dirty, Release, Clang /usr/bin/clang++ 21.1.8)

-- Executing script file `design_smt2.ys' --

1. Executing RTLIL frontend.
Input filename: design_prep.il

2. Executing HIERARCHY pass (managing design hierarchy).
Attribute `top' found on module `__eqcheck_top'. Setting top module to __eqcheck_top.

2.1. Analyzing design hierarchy..
Top module:  \__eqcheck_top
Used module:     \gate
Used module:         \full_adder
Used module:     \gold

2.2. Analyzing design hierarchy..
Top module:  \__eqcheck_top
Used module:     \gate
Used module:         \full_adder
Used module:     \gold
Removed 0 unused modules.
Module __eqcheck_top directly or indirectly contains formal properties -> setting "keep" attribute.

3. Executing FORMALFF pass.

4. Executing DFFUNMAP pass (unmap clock enable and synchronous reset from FFs).

5. Printing statistics.

=== __eqcheck_top ===

        +----------Local Count, excluding submodules.
        | 
       22 wires
       52 wire bits
       11 public wires
       41 public wire bits
        5 ports
       21 port bits
       14 cells
        1   $assert
        2   $assume
        3   $eq
        2   $ff
        1   $initstate
        2   $logic_and
        2   $mux
        1   $not
        2 submodules
        1   gate
        1   gold

=== full_adder ===

        +----------Local Count, excluding submodules.
        | 
        8 wires
        8 wire bits
        8 public wires
        8 public wire bits
        5 ports
        5 port bits
        5 cells
        2   $and
        1   $or
        2   $xor

=== gate ===

        +----------Local Count, excluding submodules.
        | 
       36 wires
      123 wire bits
       33 public wires
      120 public wire bits
        8 ports
       31 port bits
       28 cells
        1   $and
        3   $anyinit
        2   $anyseq
        1   $assume
        7   $eq
        2   $logic_not
        3   $mux
        1   $not
        1   $or
        2   $pmux
        2   $reduce_or
        3   $xor
        8 submodules
        8   full_adder

=== gold ===

        +----------Local Count, excluding submodules.
        | 
       31 wires
      112 wire bits
       29 public wires
      110 public wire bits
        8 ports
       31 port bits
       27 cells
        1   $add
        1   $and
        3   $anyinit
        2   $anyseq
        1   $assume
        7   $eq
        2   $logic_not
        3   $mux
        1   $not
        1   $or
        2   $pmux
        1   $reduce_or
        1   $sub
        1   $xor

=== design hierarchy ===

        +----------Count including submodules.
        | 
      109 __eqcheck_top
       28 gate
        5   full_adder
       27 gold

        +----------Count including submodules.
        | 
      153 wires
      351 wire bits
      137 public wires
      335 public wire bits
       61 ports
      123 port bits
        - memories
        - memory bits
        - processes
      109 cells
        1   $add
       18   $and
        6   $anyinit
        4   $anyseq
        1   $assert
        4   $assume
       17   $eq
        2   $ff
        1   $initstate
        2   $logic_and
        4   $logic_not
        8   $mux
        3   $not
       10   $or
        4   $pmux
        3   $reduce_or
        1   $sub
       20   $xor
        2 submodules
        1   gate
        1   gold

6. Executing SMT2 backend.

6.1. Executing BMUXMAP pass.

6.2. Executing DEMUXMAP pass.
Creating SMT-LIBv2 representation of module gold.
Creating SMT-LIBv2 representation of module full_adder.
Creating SMT-LIBv2 representation of module gate.
Creating SMT-LIBv2 representation of module __eqcheck_top.

End of script. Logfile hash: c61948a7cc, time: 0.03s, user: 0.00s, system: 0.01s, MEM: 16.12 MB peak
Yosys 0.68+195 (git sha1 435977e97-dirty, Release, Clang /usr/bin/clang++ 21.1.8)
Time spent: 60% 2x write_smt2 (0 sec), 19% 2x read_rtlil (0 sec), ...
