
 /----------------------------------------------------------------------------\
 |  yosys -- Yosys Open SYnthesis Suite                                       |
 |  Copyright (C) 2012 - 2026  Claire Xenia Wolf <claire@yosyshq.com>         |
 |  Distributed under an ISC-like license, type "license" to see terms        |
 \----------------------------------------------------------------------------/
 Yosys 0.68+195 (git sha1 435977e97-dirty, Release, Clang /usr/bin/clang++ 21.1.8)

-- Executing script file `../model/design.ys' --

1. Executing Verilog-2005 frontend: gold_gate.v
Parsing SystemVerilog input from `gold_gate.v' to AST representation.
Warning: Encountered `parallel_case' comment! Such legacy hot comments are supported by Yosys, but are not part of any formal language specification. Using the Verilog `parallel_case' attribute or the SystemVerilog `unique' or `priority' keywords is recommended!
Generating RTLIL representation for module `\full_adder'.
Generating RTLIL representation for module `\gate'.
Generating RTLIL representation for module `\gold'.
Successfully finished Verilog frontend.

2. Executing Verilog-2005 frontend: eqcheck_wrapper.v
Parsing SystemVerilog input from `eqcheck_wrapper.v' to AST representation.
Generating RTLIL representation for module `\__eqcheck_top'.
Successfully finished Verilog frontend.

3. Executing PREP pass.

3.1. Executing HIERARCHY pass (managing design hierarchy).

3.1.1. Analyzing design hierarchy..
Top module:  \__eqcheck_top
Used module:     \gate
Used module:         \full_adder
Used module:     \gold

3.1.2. Analyzing design hierarchy..
Top module:  \__eqcheck_top
Used module:     \gate
Used module:         \full_adder
Used module:     \gold
Removed 0 unused modules.
Module __eqcheck_top directly or indirectly contains formal properties -> setting "keep" attribute.

3.2. Executing PROC pass (convert processes to netlists).

3.2.1. Executing PROC_CLEAN pass (remove empty switches from decision trees).
Cleaned up 0 empty switches.

3.2.2. Executing PROC_RMDEAD pass (remove dead branches from decision trees).
Marked 1 switch rules as full_case in process $proc$eqcheck_wrapper.v:40$97 in module __eqcheck_top.
Marked 1 switch rules as full_case in process $proc$gold_gate.v:384$90 in module gold.
Marked 1 switch rules as full_case in process $proc$gold_gate.v:350$84 in module gold.
Marked 1 switch rules as full_case in process $proc$gold_gate.v:166$46 in module gate.
Marked 1 switch rules as full_case in process $proc$gold_gate.v:132$40 in module gate.
Removed a total of 0 dead cases.

3.2.3. Executing PROC_PRUNE pass (remove redundant assignments in processes).
Removed 0 redundant assignments.
Promoted 22 assignments to connections.

3.2.4. Executing PROC_INIT pass (extract init attributes).

3.2.5. Executing PROC_ARST pass (detect async resets in processes).

3.2.6. Executing PROC_ROM pass (convert switches to ROMs).
Converted 0 switches.
<suppressed ~5 debug messages>

3.2.7. Executing PROC_MUX pass (convert decision trees to multiplexers).
Creating decoders for process `\__eqcheck_top.$proc$eqcheck_wrapper.v:40$97'.
     1/2: $assert$eqcheck_wrapper.v:44$99_EN
     2/2: $assume$eqcheck_wrapper.v:42$98_EN
Creating decoders for process `\gold.$proc$gold_gate.v:384$90'.
     1/1: $1\_58_$func$gold_gate.v:384$55.$result[7:0]$95
Creating decoders for process `\gold.$proc$gold_gate.v:350$84'.
     1/1: $1\_49_$func$gold_gate.v:350$54.$result[0:0]$89
Creating decoders for process `\gold.$proc$gold_gate.v:320$62'.
Creating decoders for process `\gold.$proc$gold_gate.v:318$61'.
Creating decoders for process `\gold.$proc$gold_gate.v:316$60'.
Creating decoders for process `\gate.$proc$gold_gate.v:166$46'.
     1/1: $1\_59_$func$gold_gate.v:166$10.$result[7:0]$51
Creating decoders for process `\gate.$proc$gold_gate.v:132$40'.
     1/1: $1\_50_$func$gold_gate.v:132$9.$result[0:0]$45
Creating decoders for process `\gate.$proc$gold_gate.v:102$17'.
Creating decoders for process `\gate.$proc$gold_gate.v:100$16'.
Creating decoders for process `\gate.$proc$gold_gate.v:98$15'.

3.2.8. Executing PROC_DLATCH pass (convert process syncs to latches).
No latch inferred for signal `\gold.\_58_$func$gold_gate.v:384$53.$result' from process `\gold.$proc$gold_gate.v:384$90'.
No latch inferred for signal `\gold.\_49_$func$gold_gate.v:350$52.$result' from process `\gold.$proc$gold_gate.v:350$84'.
No latch inferred for signal `\gate.\_59_$func$gold_gate.v:166$8.$result' from process `\gate.$proc$gold_gate.v:166$46'.
No latch inferred for signal `\gate.\_50_$func$gold_gate.v:132$7.$result' from process `\gate.$proc$gold_gate.v:132$40'.

3.2.9. Executing PROC_DFF pass (convert process syncs to FFs).
Creating register for signal `\gold.\carry' using process `\gold.$proc$gold_gate.v:320$62'.
  created $dff cell `$procdff$151' with positive edge clock.
Creating register for signal `\gold.\zero' using process `\gold.$proc$gold_gate.v:318$61'.
  created $dff cell `$procdff$152' with positive edge clock.
Creating register for signal `\gold.\result' using process `\gold.$proc$gold_gate.v:316$60'.
  created $dff cell `$procdff$153' with positive edge clock.
Creating register for signal `\gate.\carry' using process `\gate.$proc$gold_gate.v:102$17'.
  created $dff cell `$procdff$154' with positive edge clock.
Creating register for signal `\gate.\zero' using process `\gate.$proc$gold_gate.v:100$16'.
  created $dff cell `$procdff$155' with positive edge clock.
Creating register for signal `\gate.\result' using process `\gate.$proc$gold_gate.v:98$15'.
  created $dff cell `$procdff$156' with positive edge clock.

3.2.10. Executing PROC_MEMWR pass (convert process memory writes to cells).

3.2.11. Executing PROC_CLEAN pass (remove empty switches from decision trees).
Found and cleaned up 1 empty switch in `\__eqcheck_top.$proc$eqcheck_wrapper.v:40$97'.
Removing empty process `__eqcheck_top.$proc$eqcheck_wrapper.v:40$97'.
Found and cleaned up 1 empty switch in `\gold.$proc$gold_gate.v:384$90'.
Removing empty process `gold.$proc$gold_gate.v:384$90'.
Found and cleaned up 1 empty switch in `\gold.$proc$gold_gate.v:350$84'.
Removing empty process `gold.$proc$gold_gate.v:350$84'.
Removing empty process `gold.$proc$gold_gate.v:320$62'.
Removing empty process `gold.$proc$gold_gate.v:318$61'.
Removing empty process `gold.$proc$gold_gate.v:316$60'.
Found and cleaned up 1 empty switch in `\gate.$proc$gold_gate.v:166$46'.
Removing empty process `gate.$proc$gold_gate.v:166$46'.
Found and cleaned up 1 empty switch in `\gate.$proc$gold_gate.v:132$40'.
Removing empty process `gate.$proc$gold_gate.v:132$40'.
Removing empty process `gate.$proc$gold_gate.v:102$17'.
Removing empty process `gate.$proc$gold_gate.v:100$16'.
Removing empty process `gate.$proc$gold_gate.v:98$15'.
Cleaned up 5 empty switches.

3.2.12. Executing OPT_EXPR pass (perform const folding).
Optimizing module __eqcheck_top.
Optimizing module gold.
Optimizing module gate.
Optimizing module full_adder.

3.3. Executing FUTURE pass.

3.4. Executing OPT_EXPR pass (perform const folding).
Optimizing module __eqcheck_top.
Optimizing module gold.
Optimizing module gate.
Optimizing module full_adder.

3.5. Executing OPT_CLEAN pass (remove unused cells and wires).
Finding unused cells or wires in module \__eqcheck_top..
Finding unused cells or wires in module \gold..
Finding unused cells or wires in module \gate..
Finding unused cells or wires in module \full_adder..
Removed 0 unused cells and 163 unused wires.
<suppressed ~4 debug messages>

3.6. Executing CHECK pass (checking for obvious problems).
Checking module __eqcheck_top...
Checking module gold...
Checking module gate...
Checking module full_adder...
Found and reported 0 problems.

3.7. Executing OPT pass (performing simple optimizations).

3.7.1. Executing OPT_EXPR pass (perform const folding).
Optimizing module __eqcheck_top.
Optimizing module gold.
Optimizing module gate.
Optimizing module full_adder.

3.7.2. Executing OPT_MERGE pass (detect identical cells).
Finding identical cells in module `\__eqcheck_top'.
Computing hashes of 12 cells of `\__eqcheck_top'.
Finding duplicate cells in `\__eqcheck_top'.
Finding identical cells in module `\gold'.
Computing hashes of 30 cells of `\gold'.
Finding duplicate cells in `\gold'.
Computing hashes of 22 cells of `\gold'.
Finding duplicate cells in `\gold'.
<suppressed ~24 debug messages>
Finding identical cells in module `\gate'.
Computing hashes of 39 cells of `\gate'.
Finding duplicate cells in `\gate'.
Computing hashes of 30 cells of `\gate'.
Finding duplicate cells in `\gate'.
<suppressed ~27 debug messages>
Finding identical cells in module `\full_adder'.
Computing hashes of 6 cells of `\full_adder'.
Finding duplicate cells in `\full_adder'.
Computing hashes of 5 cells of `\full_adder'.
Finding duplicate cells in `\full_adder'.
<suppressed ~3 debug messages>
Removed a total of 18 cells.

3.7.3. Executing OPT_MUXTREE pass (detect dead branches in mux trees).
Running muxtree optimizer on module \__eqcheck_top..
  Creating internal representation of mux trees.
  Evaluating internal representation of mux trees.
  Analyzing evaluation results.
Running muxtree optimizer on module \gold..
  Creating internal representation of mux trees.
  Evaluating internal representation of mux trees.
  Analyzing evaluation results.
Running muxtree optimizer on module \gate..
  Creating internal representation of mux trees.
  Evaluating internal representation of mux trees.
  Analyzing evaluation results.
Running muxtree optimizer on module \full_adder..
  Creating internal representation of mux trees.
  No muxes found in this module.
Removed 0 multiplexer ports.
<suppressed ~22 debug messages>

3.7.4. Executing OPT_REDUCE pass (consolidate $*mux and $reduce_* inputs).
  Optimizing cells in module \__eqcheck_top.
  Optimizing cells in module \gold.
    New ctrl vector for $pmux cell $procmux$122: { \_34_ \_33_ $auto$opt_reduce.cc:137:opt_pmux$158 \_29_ \_28_ }
  Optimizing cells in module \gold.
  Optimizing cells in module \gate.
    New ctrl vector for $pmux cell $procmux$142: { $auto$opt_reduce.cc:137:opt_pmux$162 $auto$opt_reduce.cc:137:opt_pmux$160 \_29_ \_28_ }
    New ctrl vector for $pmux cell $procmux$132: { $auto$opt_reduce.cc:137:opt_pmux$164 \_32_ \_31_ \_30_ \_29_ \_28_ \_27_ }
  Optimizing cells in module \gate.
  Optimizing cells in module \full_adder.
Performed a total of 3 changes.

3.7.5. Executing OPT_MERGE pass (detect identical cells).
Finding identical cells in module `\__eqcheck_top'.
Computing hashes of 12 cells of `\__eqcheck_top'.
Finding duplicate cells in `\__eqcheck_top'.
Finding identical cells in module `\gold'.
Computing hashes of 23 cells of `\gold'.
Finding duplicate cells in `\gold'.
Finding identical cells in module `\gate'.
Computing hashes of 33 cells of `\gate'.
Finding duplicate cells in `\gate'.
Computing hashes of 32 cells of `\gate'.
Finding duplicate cells in `\gate'.
<suppressed ~3 debug messages>
Finding identical cells in module `\full_adder'.
Computing hashes of 5 cells of `\full_adder'.
Finding duplicate cells in `\full_adder'.
Removed a total of 1 cells.

3.7.6. Executing OPT_CLEAN pass (remove unused cells and wires).
Finding unused cells or wires in module \__eqcheck_top..
Finding unused cells or wires in module \gold..
Finding unused cells or wires in module \gate..
Finding unused cells or wires in module \full_adder..
Removed 0 unused cells and 18 unused wires.
<suppressed ~3 debug messages>

3.7.7. Executing OPT_EXPR pass (perform const folding).
Optimizing module __eqcheck_top.
Optimizing module gold.
Optimizing module gate.
Optimizing module full_adder.

3.7.8. Rerunning OPT passes. (Maybe there is more to do..)

3.7.9. Executing OPT_MUXTREE pass (detect dead branches in mux trees).
Running muxtree optimizer on module \__eqcheck_top..
  Creating internal representation of mux trees.
  Evaluating internal representation of mux trees.
  Analyzing evaluation results.
Running muxtree optimizer on module \gold..
  Creating internal representation of mux trees.
  Evaluating internal representation of mux trees.
  Analyzing evaluation results.
Running muxtree optimizer on module \gate..
  Creating internal representation of mux trees.
  Evaluating internal representation of mux trees.
  Analyzing evaluation results.
Running muxtree optimizer on module \full_adder..
  Creating internal representation of mux trees.
  No muxes found in this module.
Removed 0 multiplexer ports.
<suppressed ~22 debug messages>

3.7.10. Executing OPT_REDUCE pass (consolidate $*mux and $reduce_* inputs).
  Optimizing cells in module \__eqcheck_top.
  Optimizing cells in module \gold.
  Optimizing cells in module \gate.
  Optimizing cells in module \full_adder.
Performed a total of 0 changes.

3.7.11. Executing OPT_MERGE pass (detect identical cells).
Finding identical cells in module `\__eqcheck_top'.
Computing hashes of 12 cells of `\__eqcheck_top'.
Finding duplicate cells in `\__eqcheck_top'.
Finding identical cells in module `\gold'.
Computing hashes of 23 cells of `\gold'.
Finding duplicate cells in `\gold'.
Finding identical cells in module `\gate'.
Computing hashes of 32 cells of `\gate'.
Finding duplicate cells in `\gate'.
Finding identical cells in module `\full_adder'.
Computing hashes of 5 cells of `\full_adder'.
Finding duplicate cells in `\full_adder'.
Removed a total of 0 cells.

3.7.12. Executing OPT_CLEAN pass (remove unused cells and wires).
Finding unused cells or wires in module \__eqcheck_top..
Finding unused cells or wires in module \gold..
Finding unused cells or wires in module \gate..
Finding unused cells or wires in module \full_adder..

3.7.13. Executing OPT_EXPR pass (perform const folding).
Optimizing module __eqcheck_top.
Optimizing module gold.
Optimizing module gate.
Optimizing module full_adder.

3.7.14. Finished fast OPT passes. (There is nothing left to do.)

3.8. Executing WREDUCE pass (reducing word size of cells).
Removed top 1 bits (of 3) from port B of cell gold.$eq$gold_gate.v:389$78 ($eq).
Removed top 1 bits (of 3) from port B of cell gold.$eq$gold_gate.v:390$79 ($eq).
Removed top 2 bits (of 3) from port B of cell gold.$eq$gold_gate.v:391$80 ($eq).
Removed top 1 bits (of 3) from port B of cell gate.$eq$gold_gate.v:171$33 ($eq).
Removed top 1 bits (of 3) from port B of cell gate.$eq$gold_gate.v:172$34 ($eq).
Removed top 2 bits (of 3) from port B of cell gate.$eq$gold_gate.v:173$35 ($eq).

3.9. Executing OPT_CLEAN pass (remove unused cells and wires).
Finding unused cells or wires in module \__eqcheck_top..
Finding unused cells or wires in module \gold..
Finding unused cells or wires in module \gate..
Finding unused cells or wires in module \full_adder..

3.10. Executing MEMORY_COLLECT pass (generating $mem cells).

3.11. Executing OPT pass (performing simple optimizations).

3.11.1. Executing OPT_EXPR pass (perform const folding).
Optimizing module __eqcheck_top.
Optimizing module gold.
Optimizing module gate.
Optimizing module full_adder.

3.11.2. Executing OPT_MERGE pass (detect identical cells).
Finding identical cells in module `\__eqcheck_top'.
Computing hashes of 12 cells of `\__eqcheck_top'.
Finding duplicate cells in `\__eqcheck_top'.
Finding identical cells in module `\gold'.
Computing hashes of 23 cells of `\gold'.
Finding duplicate cells in `\gold'.
Finding identical cells in module `\gate'.
Computing hashes of 32 cells of `\gate'.
Finding duplicate cells in `\gate'.
Finding identical cells in module `\full_adder'.
Computing hashes of 5 cells of `\full_adder'.
Finding duplicate cells in `\full_adder'.
Removed a total of 0 cells.

3.11.3. Executing OPT_CLEAN pass (remove unused cells and wires).
Finding unused cells or wires in module \__eqcheck_top..
Finding unused cells or wires in module \gold..
Finding unused cells or wires in module \gate..
Finding unused cells or wires in module \full_adder..

3.11.4. Finished fast OPT passes.

3.12. Executing SORT pass.

3.13. Printing statistics.

=== __eqcheck_top ===

        +----------Local Count, excluding submodules.
        | 
       19 wires
       49 wire bits
       11 public wires
       41 public wire bits
        5 ports
       21 port bits
       10 cells
        2   $check
        3   $eq
        1   $initstate
        2   $logic_and
        2   $mux
        2 submodules
        1   gate
        1   gold

=== full_adder ===

        +----------Local Count, excluding submodules.
        | 
        8 wires
        8 wire bits
        8 public wires
        8 public wire bits
        5 ports
        5 port bits
        5 cells
        2   $and
        1   $or
        2   $xor

=== gate ===

        +----------Local Count, excluding submodules.
        | 
       37 wires
      201 wire bits
       35 public wires
      199 public wire bits
        8 ports
       31 port bits
       24 cells
        1   $and
        3   $dff
        7   $eq
        2   $logic_not
        3   $mux
        1   $or
        2   $pmux
        2   $reduce_or
        3   $xor
        8 submodules
        8   full_adder

=== gold ===

        +----------Local Count, excluding submodules.
        | 
       32 wires
      190 wire bits
       31 public wires
      189 public wire bits
        8 ports
       31 port bits
       23 cells
        1   $add
        1   $and
        3   $dff
        7   $eq
        2   $logic_not
        3   $mux
        1   $or
        2   $pmux
        1   $reduce_or
        1   $sub
        1   $xor

=== design hierarchy ===

        +----------Count including submodules.
        | 
       97 __eqcheck_top
       24 gate
        5   full_adder
       23 gold

        +----------Count including submodules.
        | 
      152 wires
      504 wire bits
      141 public wires
      493 public wire bits
       61 ports
      123 port bits
        - memories
        - memory bits
        - processes
       97 cells
        1   $add
       18   $and
        2   $check
        6   $dff
       17   $eq
        1   $initstate
        2   $logic_and
        4   $logic_not
        8   $mux
       10   $or
        4   $pmux
        3   $reduce_or
        1   $sub
       20   $xor
        2 submodules
        1   gate
        1   gold

3.14. Executing CHECK pass (checking for obvious problems).
Checking module __eqcheck_top...
Checking module full_adder...
Checking module gate...
Checking module gold...
Found and reported 0 problems.

4. Executing HIERARCHY pass (managing design hierarchy).
Attribute `top' found on module `__eqcheck_top'. Setting top module to __eqcheck_top.

4.1. Analyzing design hierarchy..
Top module:  \__eqcheck_top
Used module:     \gate
Used module:         \full_adder
Used module:     \gold

4.2. Analyzing design hierarchy..
Top module:  \__eqcheck_top
Used module:     \gate
Used module:         \full_adder
Used module:     \gold
Removed 0 unused modules.
Module __eqcheck_top directly or indirectly contains formal properties -> setting "keep" attribute.

5. Executing jny backend.

6. Executing RTLIL backend.
Output filename: ../model/design.il

Warnings: 1 unique messages, 1 total
End of script. Logfile hash: 77bb6a2ea4, time: 0.08s, user: 0.02s, system: 0.01s, MEM: 19.25 MB peak
Yosys 0.68+195 (git sha1 435977e97-dirty, Release, Clang /usr/bin/clang++ 21.1.8)
Time spent: 38% 4x read_verilog (0 sec), 15% 5x opt_clean (0 sec), ...
